cargo : warning: unused imports: `Duration` and `Instant`
At line:1 char:1
+ cargo run --example test_100_orders_internal_nonce --manifest-path ap ...
+ ~~~~~~~~~~~~~~~~~~~~~~~~~~~~~~~~~~~~~~~~~~~~~~~~~~~~~~~~~~~~~~~~~~~~~
    + CategoryInfo          : NotSpecified: (warning: unused...` and `Instant`:String) [], RemoteException
    + FullyQualifiedErrorId : NativeCommandError
 
  --> api-client\src\lib.rs:40:17
   |
40 | use std::time::{Duration, Instant};
   |                 ^^^^^^^^  ^^^^^^^
   |
   = note: `#[warn(unused_imports)]` (part of `#[warn(unused)]`) on by default

warning: methods `get_next_nonce` and `clear` are never used
  --> api-client\src\lib.rs:69:8
   |
61 | impl NonceCache {
   | --------------- methods in this implementation
...
69 |     fn get_next_nonce(&mut self) -> Option<i64> {
   |        ^^^^^^^^^^^^^^
...
95 |     fn clear(&mut self) {
   |        ^^^^^
   |
   = note: `#[warn(dead_code)]` (part of `#[warn(unused)]`) on by default

warning: `api-client` (lib) generated 2 warnings (run `cargo fix --lib -p api-client` to apply 1 suggestion)
    Finished `dev` profile [unoptimized + debuginfo] target(s) in 0.17s
     Running `target\debug\examples\test_100_orders_internal_nonce.exe`
ÔòÉÔòÉÔòÉÔòÉÔòÉÔòÉÔòÉÔòÉÔòÉÔòÉÔòÉÔòÉÔòÉÔòÉÔòÉÔòÉÔòÉÔòÉÔòÉÔòÉÔòÉÔòÉÔòÉÔòÉÔòÉÔòÉÔòÉÔòÉÔòÉÔòÉÔòÉÔòÉÔòÉÔòÉÔòÉÔòÉÔòÉÔòÉÔòÉÔòÉÔòÉÔòÉÔòÉÔòÉÔòÉÔòÉÔòÉÔòÉÔòÉÔòÉÔòÉÔòÉÔòÉÔòÉÔòÉÔòÉÔòÉÔòÉÔòÉÔòÉÔòÉÔòÉÔòÉÔòÉÔòÉÔòÉÔòÉÔòÉÔòÉÔòÉÔòÉÔòÉÔòÉÔòÉÔòÉÔòÉÔòÉÔòÉÔòÉÔòÉ
­ƒÜÇ TESTING 100 ORDERS WITH INTERNAL NONCE MANAGEMENT
ÔòÉÔòÉÔòÉÔòÉÔòÉÔòÉÔòÉÔòÉÔòÉÔòÉÔòÉÔòÉÔòÉÔòÉÔòÉÔòÉÔòÉÔòÉÔòÉÔòÉÔòÉÔòÉÔòÉÔòÉÔòÉÔòÉÔòÉÔòÉÔòÉÔòÉÔòÉÔòÉÔòÉÔòÉÔòÉÔòÉÔòÉÔòÉÔòÉÔòÉÔòÉÔòÉÔòÉÔòÉÔòÉÔòÉÔòÉÔòÉÔòÉÔòÉÔòÉÔòÉÔòÉÔòÉÔòÉÔòÉÔòÉÔòÉÔòÉÔòÉÔòÉÔòÉÔòÉÔòÉÔòÉÔòÉÔòÉÔòÉÔòÉÔòÉÔòÉÔòÉÔòÉÔòÉÔòÉÔòÉÔòÉÔòÉÔòÉÔòÉ

This test sends 100 orders without providing nonces.
The client fetches nonce once for first order, then increments locally.
This helps isolate if invalid signatures are due to nonce issues.

­ƒôï Configuration:
  Base URL: https://mainnet.zklighter.elliot.ai
  Account Index: 237600
  API Key Index: 4

­ƒöä Sending 100 orders (client manages nonces internally)...
ÔöÇÔöÇÔöÇÔöÇÔöÇÔöÇÔöÇÔöÇÔöÇÔöÇÔöÇÔöÇÔöÇÔöÇÔöÇÔöÇÔöÇÔöÇÔöÇÔöÇÔöÇÔöÇÔöÇÔöÇÔöÇÔöÇÔöÇÔöÇÔöÇÔöÇÔöÇÔöÇÔöÇÔöÇÔöÇÔöÇÔöÇÔöÇÔöÇÔöÇÔöÇÔöÇÔöÇÔöÇÔöÇÔöÇÔöÇÔöÇÔöÇÔöÇÔöÇÔöÇÔöÇÔöÇÔöÇÔöÇÔöÇÔöÇÔöÇÔöÇÔöÇÔöÇÔöÇÔöÇÔöÇÔöÇÔöÇÔöÇÔöÇÔöÇÔöÇÔöÇÔöÇÔöÇÔöÇÔöÇÔöÇÔöÇÔöÇÔöÇ

[1/100] Sending order (nonce managed internally)
[DEBUG create_order] ========================================
[DEBUG create_order] Starting order creation for client_order_index: 1763069202961
[DEBUG get_next_nonce_from_cache] Fetching nonce from API
[DEBUG fetch_nonce_from_api] Requesting nonce from: https://mainnet.zklighter.elliot.ai/api/v1/nextNonce?account_index=237600&api_key_index=4
[DEBUG fetch_nonce_from_api] Received nonce: 959
[DEBUG get_next_nonce_from_cache] Fetched nonce from API: 959
[DEBUG create_order] ========================================
[DEBUG create_order] Order: client_order_index=1763069202961
[DEBUG create_order] Nonce obtained: 959
[DEBUG create_order] ÔòÉÔòÉÔòÉÔòÉÔòÉÔòÉÔòÉÔòÉÔòÉÔòÉÔòÉÔòÉÔòÉÔòÉÔòÉÔòÉÔòÉÔòÉÔòÉÔòÉÔòÉÔòÉÔòÉÔòÉÔòÉÔòÉÔòÉÔòÉÔòÉÔòÉÔòÉÔòÉÔòÉÔòÉÔòÉÔòÉÔòÉÔòÉÔòÉÔòÉ
[DEBUG create_order] STARTING SIGNATURE COMPUTATION
[DEBUG create_order] ÔòÉÔòÉÔòÉÔòÉÔòÉÔòÉÔòÉÔòÉÔòÉÔòÉÔòÉÔòÉÔòÉÔòÉÔòÉÔòÉÔòÉÔòÉÔòÉÔòÉÔòÉÔòÉÔòÉÔòÉÔòÉÔòÉÔòÉÔòÉÔòÉÔòÉÔòÉÔòÉÔòÉÔòÉÔòÉÔòÉÔòÉÔòÉÔòÉÔòÉ
[DEBUG create_order] Timestamp: now=1763069203551, expired_at=1763069802551
[DEBUG create_order] Transaction JSON (before signing): {"AccountIndex":237600,"ApiKeyIndex":4,"BaseAmount":1000,"ClientOrderIndex":1763069202961,"Expi
redAt":1763069802551,"IsAsk":0,"MarketIndex":0,"Nonce":959,"OrderExpiry":0,"Price":500000000,"ReduceOnly":0,"Sig":"","TimeInForce":0,"TriggerPrice":0,"
Type":1}
[DEBUG sign_transaction_internal] Starting signature computation
[DEBUG sign_transaction_internal] tx_type: 14
[DEBUG sign_transaction_internal] Extracted fields:
  chain_id: 304
  nonce: 959
  expired_at: 1763069802551
  account_index: 237600
  api_key_index: 4
[DEBUG sign_transaction_internal] CREATE_ORDER fields:
  market_index: 0
  client_order_index: 1763069202961
  base_amount: 1000
  price: 500000000
  is_ask: 0
  order_type: 1
  time_in_force: 0
  reduce_only: 0
  trigger_price: 0
  order_expiry: 0
[DEBUG sign_transaction_internal] Hash input elements count: 16
[DEBUG sign_transaction_internal] Hash input elements:
  [0] Element 0: 304 (u64)
  [1] Element 1: 14 (u64)
  [2] Element 2: 959 (u64)
  [3] Element 3: 1763069802551 (u64)
  [4] Element 4: 237600 (u64)
  [5] Element 5: 4 (u64)
  [6] Element 6: 0 (u64)
  [7] Element 7: 1763069202961 (u64)
  [8] Element 8: 1000 (u64)
  [9] Element 9: 500000000 (u64)
  [10] Element 10: 0 (u64)
  [11] Element 11: 1 (u64)
  [12] Element 12: 0 (u64)
  [13] Element 13: 0 (u64)
  [14] Element 14: 0 (u64)
  [15] Element 15: 0 (u64)
[DEBUG sign_transaction_internal] Computing Poseidon2 hash with 16 elements
[DEBUG sign_transaction_internal] Transaction hash (40 bytes): 69eb1c1d3d5c8ac30e389890aa926f26ffdb2ab6679bf6b7d2ffbcbff891589d31f3643fd717aadc
[DEBUG sign_transaction_internal] Transaction hash (first 8 bytes as u64): 14090175801733213033
[DEBUG sign_transaction_internal] Calling key_manager.sign() with hash: 
69eb1c1d3d5c8ac30e389890aa926f26ffdb2ab6679bf6b7d2ffbcbff891589d31f3643fd717aadc
[DEBUG signer::sign] Starting signature generation
[DEBUG signer::sign] Message hash: 69eb1c1d3d5c8ac30e389890aa926f26ffdb2ab6679bf6b7d2ffbcbff891589d31f3643fd717aadc
[DEBUG signer::sign] Generated random nonce: 150b1cce617f9168d2ecf907314c2bfe96b67693002daee8c89299711ac5eb17cdb6f29d847539b0
[DEBUG signer::sign_with_fixed_nonce] Signing with fixed nonce
[DEBUG signer::sign_with_fixed_nonce] Private key (first 16 bytes): 79699d9819553fc6eee1b5e50af049d7...
[DEBUG signer::sign_with_fixed_nonce] Calling crypto::schnorr::sign_with_nonce
[DEBUG crypto::sign_with_nonce] ========================================
[DEBUG crypto::sign_with_nonce] Starting Schnorr signature
[DEBUG crypto::sign_with_nonce] Private key length: 40
[DEBUG crypto::sign_with_nonce] Message length: 40
[DEBUG crypto::sign_with_nonce] Nonce bytes length: 40
[DEBUG crypto::sign_with_nonce] Message hash: 69eb1c1d3d5c8ac30e389890aa926f26ffdb2ab6679bf6b7d2ffbcbff891589d31f3643fd717aadc
[DEBUG crypto::sign_with_nonce] Nonce bytes: 150b1cce617f9168d2ecf907314c2bfe96b67693002daee8c89299711ac5eb17cdb6f29d847539b0
[DEBUG crypto::sign_with_nonce] Private key converted to scalar
[DEBUG crypto::sign_with_nonce] Nonce converted to scalar
[DEBUG crypto::sign_with_nonce] Message converted to Fp5Element
[DEBUG crypto::sign_with_nonce] Step 1: Computing R = nonce * G
[DEBUG crypto::sign_with_nonce] R encoded (full 40 bytes): ba80d726398941a7daacd7bdbebd022d92674794b6c2c3b60b4df2722246de29dbadbfdc9bbfacd2
[DEBUG crypto::sign_with_nonce] R Fp5 elements:
  R[0] = 12052064956377956538 (u64)
  R[1] = 3243363308586642650 (u64)
  R[2] = 13169583824789006226 (u64)
  R[3] = 3016925914156125451 (u64)
  R[4] = 15180719120103484891 (u64)
[DEBUG crypto::sign_with_nonce] Step 2: Computing challenge e = H(R || message)
[DEBUG crypto::sign_with_nonce] Pre-image prepared (10 elements):
  PreImage[0] = 12052064956377956538 (u64)
  PreImage[1] = 3243363308586642650 (u64)
  PreImage[2] = 13169583824789006226 (u64)
  PreImage[3] = 3016925914156125451 (u64)
  PreImage[4] = 15180719120103484891 (u64)
  PreImage[5] = 14090175801733213033 (u64)
  PreImage[6] = 2769593557124134926 (u64)
  PreImage[7] = 13255953422951832575 (u64)
  PreImage[8] = 11337972559459975122 (u64)
  PreImage[9] = 15900547647633945393 (u64)
[DEBUG crypto::sign_with_nonce] Challenge e computed (40 bytes): eb3035df6c18da7280ff3bd8670913e781603fc2fe9a51998e09fb873b947f264a68f119e6958818
[DEBUG crypto::sign_with_nonce] Challenge e (first 8 bytes as u64): 8275954121127047403
[DEBUG crypto::sign_with_nonce] Step 3: Computing s = nonce - e * private_key
[DEBUG crypto::sign_with_nonce] Response s computed (40 bytes): fb5cb1d3ed0f0d1a8cfeb34b5fd5ce0627b4703084da918f733705948b2702fc2acde4c71b95166c
[DEBUG crypto::sign_with_nonce] Response s (first 8 bytes as u64): 1877174133816646907
[DEBUG crypto::sign_with_nonce] Step 4: Assembling signature (s || e)
[DEBUG crypto::sign_with_nonce] Final signature: fb5cb1d3ed0f0d1a8cfeb34b5fd5ce0627b4703084da918f733705948b2702fc2acde4c71b95166ceb3035df6c18da7280ff3b
d8670913e781603fc2fe9a51998e09fb873b947f264a68f119e6958818
[DEBUG crypto::sign_with_nonce] ========================================
[DEBUG signer::sign_with_fixed_nonce] Signature from crypto: fb5cb1d3ed0f0d1a8cfeb34b5fd5ce0627b4703084da918f733705948b2702fc2acde4c71b95166ceb3035df6c
18da7280ff3bd8670913e781603fc2fe9a51998e09fb873b947f264a68f119e6958818 (length: 80)
[DEBUG signer::sign_with_fixed_nonce] Final signature: fb5cb1d3ed0f0d1a8cfeb34b5fd5ce0627b4703084da918f733705948b2702fc2acde4c71b95166ceb3035df6c18da72
80ff3bd8670913e781603fc2fe9a51998e09fb873b947f264a68f119e6958818
[DEBUG sign_transaction_internal] Signature returned (80 bytes): fb5cb1d3ed0f0d1a8cfeb34b5fd5ce0627b4703084da918f733705948b2702fc2acde4c71b95166ceb3035
df6c18da7280ff3bd8670913e781603fc2fe9a51998e09fb873b947f264a68f119e6958818
[DEBUG sign_transaction_internal] Signature s (first 40 bytes): fb5cb1d3ed0f0d1a8cfeb34b5fd5ce0627b4703084da918f733705948b2702fc2acde4c71b95166c
[DEBUG sign_transaction_internal] Signature e (last 40 bytes): eb3035df6c18da7280ff3bd8670913e781603fc2fe9a51998e09fb873b947f264a68f119e6958818
[DEBUG create_order] Signature generated: fb5cb1d3ed0f0d1a8cfeb34b5fd5ce0627b4703084da918f733705948b2702fc2acde4c71b95166ceb3035df6c18da7280ff3bd867091
3e781603fc2fe9a51998e09fb873b947f264a68f119e6958818 (length: 80)
[DEBUG create_order] Signature (base64): +1yx0+0PDRqM/rNLX9XOBie0cDCE2pGPczcFlIsnAvwqzeTHG5UWbOswNd9sGNpygP872GcJE+eBYD/C/ppRmY4J+4c7lH8mSmjxGeaViBg=
[DEBUG create_order] Final transaction JSON: {"AccountIndex":237600,"ApiKeyIndex":4,"BaseAmount":1000,"ClientOrderIndex":1763069202961,"ExpiredAt":1763
069802551,"IsAsk":0,"MarketIndex":0,"Nonce":959,"OrderExpiry":0,"Price":500000000,"ReduceOnly":0,"Sig":"+1yx0+0PDRqM/rNLX9XOBie0cDCE2pGPczcFlIsnAvwqzeT
HG5UWbOswNd9sGNpygP872GcJE+eBYD/C/ppRmY4J+4c7lH8mSmjxGeaViBg=","TimeInForce":0,"TriggerPrice":0,"Type":1}
[DEBUG create_order] Sending to: https://mainnet.zklighter.elliot.ai/api/v1/sendTx
[DEBUG create_order] Response status: 400 Bad Request, body: {"code":21120,"message":"invalid signature"}
[DEBUG create_order] ÔòÉÔòÉÔòÉÔòÉÔòÉÔòÉÔòÉÔòÉÔòÉÔòÉÔòÉÔòÉÔòÉÔòÉÔòÉÔòÉÔòÉÔòÉÔòÉÔòÉÔòÉÔòÉÔòÉÔòÉÔòÉÔòÉÔòÉÔòÉÔòÉÔòÉÔòÉÔòÉÔòÉÔòÉÔòÉÔòÉÔòÉÔòÉÔòÉÔòÉ
[DEBUG create_order] API RESPONSE RECEIVED
[DEBUG create_order] ÔòÉÔòÉÔòÉÔòÉÔòÉÔòÉÔòÉÔòÉÔòÉÔòÉÔòÉÔòÉÔòÉÔòÉÔòÉÔòÉÔòÉÔòÉÔòÉÔòÉÔòÉÔòÉÔòÉÔòÉÔòÉÔòÉÔòÉÔòÉÔòÉÔòÉÔòÉÔòÉÔòÉÔòÉÔòÉÔòÉÔòÉÔòÉÔòÉÔòÉ
[DEBUG create_order] Response code: 21120
[DEBUG create_order] Response message: invalid signature
[DEBUG create_order] Nonce used: 959
[DEBUG create_order] ÔØîÔØîÔØî INVALID SIGNATURE ERROR ÔØîÔØîÔØî (code 21120) - Nonce used: 959
[DEBUG create_order] ÔòÉÔòÉÔòÉÔòÉÔòÉÔòÉÔòÉÔòÉÔòÉÔòÉÔòÉÔòÉÔòÉÔòÉÔòÉÔòÉÔòÉÔòÉÔòÉÔòÉÔòÉÔòÉÔòÉÔòÉÔòÉÔòÉÔòÉÔòÉÔòÉÔòÉÔòÉÔòÉÔòÉÔòÉÔòÉÔòÉÔòÉÔòÉÔòÉÔòÉ
[DEBUG create_order] FAILED SIGNATURE - COMPARE WITH SUCCESSFUL ONES
[DEBUG create_order] ÔòÉÔòÉÔòÉÔòÉÔòÉÔòÉÔòÉÔòÉÔòÉÔòÉÔòÉÔòÉÔòÉÔòÉÔòÉÔòÉÔòÉÔòÉÔòÉÔòÉÔòÉÔòÉÔòÉÔòÉÔòÉÔòÉÔòÉÔòÉÔòÉÔòÉÔòÉÔòÉÔòÉÔòÉÔòÉÔòÉÔòÉÔòÉÔòÉÔòÉ
[DEBUG create_order] This could be nonce sync issue or signature computation issue
[DEBUG fetch_nonce_from_api] Requesting nonce from: https://mainnet.zklighter.elliot.ai/api/v1/nextNonce?account_index=237600&api_key_index=4
[DEBUG fetch_nonce_from_api] Received nonce: 959
[DEBUG refresh_nonce_cache] Refreshed nonce: 959
[DEBUG create_order] ========================================
  ÔØî [1] INVALID SIGNATURE (Code: 21120) - Check debug logs for nonce

[DEBUG create_order] ========================================
[2/100] Sending order (nonce managed internally)
[DEBUG create_order] Starting order creation for client_order_index: 1763069202962
[DEBUG get_next_nonce_from_cache] Fetching nonce from API
[DEBUG fetch_nonce_from_api] Requesting nonce from: https://mainnet.zklighter.elliot.ai/api/v1/nextNonce?account_index=237600&api_key_index=4
[DEBUG fetch_nonce_from_api] Received nonce: 959
[DEBUG get_next_nonce_from_cache] Fetched nonce from API: 959
[DEBUG create_order] ========================================
[DEBUG create_order] Order: client_order_index=1763069202962
[DEBUG create_order] Nonce obtained: 959
[DEBUG create_order] ÔòÉÔòÉÔòÉÔòÉÔòÉÔòÉÔòÉÔòÉÔòÉÔòÉÔòÉÔòÉÔòÉÔòÉÔòÉÔòÉÔòÉÔòÉÔòÉÔòÉÔòÉÔòÉÔòÉÔòÉÔòÉÔòÉÔòÉÔòÉÔòÉÔòÉÔòÉÔòÉÔòÉÔòÉÔòÉÔòÉÔòÉÔòÉÔòÉÔòÉ
[DEBUG create_order] STARTING SIGNATURE COMPUTATION
[DEBUG create_order] ÔòÉÔòÉÔòÉÔòÉÔòÉÔòÉÔòÉÔòÉÔòÉÔòÉÔòÉÔòÉÔòÉÔòÉÔòÉÔòÉÔòÉÔòÉÔòÉÔòÉÔòÉÔòÉÔòÉÔòÉÔòÉÔòÉÔòÉÔòÉÔòÉÔòÉÔòÉÔòÉÔòÉÔòÉÔòÉÔòÉÔòÉÔòÉÔòÉÔòÉ
[DEBUG create_order] Timestamp: now=1763069206980, expired_at=1763069805980
[DEBUG create_order] Transaction JSON (before signing): {"AccountIndex":237600,"ApiKeyIndex":4,"BaseAmount":1000,"ClientOrderIndex":1763069202962,"Expi
redAt":1763069805980,"IsAsk":0,"MarketIndex":0,"Nonce":959,"OrderExpiry":0,"Price":500000000,"ReduceOnly":0,"Sig":"","TimeInForce":0,"TriggerPrice":0,"
Type":1}
[DEBUG sign_transaction_internal] Starting signature computation
[DEBUG sign_transaction_internal] tx_type: 14
[DEBUG sign_transaction_internal] Extracted fields:
  chain_id: 304
  nonce: 959
  expired_at: 1763069805980
  account_index: 237600
  api_key_index: 4
[DEBUG sign_transaction_internal] CREATE_ORDER fields:
  market_index: 0
  client_order_index: 1763069202962
  base_amount: 1000
  price: 500000000
  is_ask: 0
  order_type: 1
  time_in_force: 0
  reduce_only: 0
  trigger_price: 0
  order_expiry: 0
[DEBUG sign_transaction_internal] Hash input elements count: 16
[DEBUG sign_transaction_internal] Hash input elements:
  [0] Element 0: 304 (u64)
  [1] Element 1: 14 (u64)
  [2] Element 2: 959 (u64)
  [3] Element 3: 1763069805980 (u64)
  [4] Element 4: 237600 (u64)
  [5] Element 5: 4 (u64)
  [6] Element 6: 0 (u64)
  [7] Element 7: 1763069202962 (u64)
  [8] Element 8: 1000 (u64)
  [9] Element 9: 500000000 (u64)
  [10] Element 10: 0 (u64)
  [11] Element 11: 1 (u64)
  [12] Element 12: 0 (u64)
  [13] Element 13: 0 (u64)
  [14] Element 14: 0 (u64)
  [15] Element 15: 0 (u64)
[DEBUG sign_transaction_internal] Computing Poseidon2 hash with 16 elements
[DEBUG sign_transaction_internal] Transaction hash (40 bytes): 85e15c643be585d8f329263a7beff87e98e0f393a175b0e978e753c8cf1d87cebbca766295558b05
[DEBUG sign_transaction_internal] Transaction hash (first 8 bytes as u64): 15602128527344591237
[DEBUG sign_transaction_internal] Calling key_manager.sign() with hash: 
85e15c643be585d8f329263a7beff87e98e0f393a175b0e978e753c8cf1d87cebbca766295558b05
[DEBUG signer::sign] Starting signature generation
[DEBUG signer::sign] Message hash: 85e15c643be585d8f329263a7beff87e98e0f393a175b0e978e753c8cf1d87cebbca766295558b05
[DEBUG signer::sign] Generated random nonce: 39340a8c5fa749d177944059ce1aedb1351fccc9a56dcd23a4d2c9647743a02dfbb23d47a1c7ec93
[DEBUG signer::sign_with_fixed_nonce] Signing with fixed nonce
[DEBUG signer::sign_with_fixed_nonce] Private key (first 16 bytes): 79699d9819553fc6eee1b5e50af049d7...
[DEBUG signer::sign_with_fixed_nonce] Calling crypto::schnorr::sign_with_nonce
[DEBUG crypto::sign_with_nonce] ========================================
[DEBUG crypto::sign_with_nonce] Starting Schnorr signature
[DEBUG crypto::sign_with_nonce] Private key length: 40
[DEBUG crypto::sign_with_nonce] Message length: 40
[DEBUG crypto::sign_with_nonce] Nonce bytes length: 40
[DEBUG crypto::sign_with_nonce] Message hash: 85e15c643be585d8f329263a7beff87e98e0f393a175b0e978e753c8cf1d87cebbca766295558b05
[DEBUG crypto::sign_with_nonce] Nonce bytes: 39340a8c5fa749d177944059ce1aedb1351fccc9a56dcd23a4d2c9647743a02dfbb23d47a1c7ec93
[DEBUG crypto::sign_with_nonce] Private key converted to scalar
[DEBUG crypto::sign_with_nonce] Nonce converted to scalar
[DEBUG crypto::sign_with_nonce] Message converted to Fp5Element
[DEBUG crypto::sign_with_nonce] Step 1: Computing R = nonce * G
[DEBUG crypto::sign_with_nonce] R encoded (full 40 bytes): 341daaf60fcd55d86a985d248ec820c5306a17c22ce66aa520e16856723984b1804361f1c7093f04
[DEBUG crypto::sign_with_nonce] R Fp5 elements:
  R[0] = 15588591153659387188 (u64)
  R[1] = 14204573737547569258 (u64)
  R[2] = 11919592443698702896 (u64)
  R[3] = 12791412004877820192 (u64)
  R[4] = 305974054037308288 (u64)
[DEBUG crypto::sign_with_nonce] Step 2: Computing challenge e = H(R || message)
[DEBUG crypto::sign_with_nonce] Pre-image prepared (10 elements):
  PreImage[0] = 15588591153659387188 (u64)
  PreImage[1] = 14204573737547569258 (u64)
  PreImage[2] = 11919592443698702896 (u64)
  PreImage[3] = 12791412004877820192 (u64)
  PreImage[4] = 305974054037308288 (u64)
  PreImage[5] = 15602128527344591237 (u64)
  PreImage[6] = 9149325955538758131 (u64)
  PreImage[7] = 16839088343570702488 (u64)
  PreImage[8] = 14881896271925471096 (u64)
  PreImage[9] = 399507092042861243 (u64)
[DEBUG crypto::sign_with_nonce] Challenge e computed (40 bytes): 614c859492fba7714d180525093f6fafa94bbbacf9fab379bc9ca8303655d1501d90256dcdada03d
[DEBUG crypto::sign_with_nonce] Challenge e (first 8 bytes as u64): 8189791054372097121
[DEBUG crypto::sign_with_nonce] Step 3: Computing s = nonce - e * private_key
[DEBUG crypto::sign_with_nonce] Response s computed (40 bytes): feca05517e71cd96d3673858067a2f72e9f1339e479061d0755299bc0be04f6f69c9627c0edd7b5a
[DEBUG crypto::sign_with_nonce] Response s (first 8 bytes as u64): 10866466263254027006
[DEBUG crypto::sign_with_nonce] Step 4: Assembling signature (s || e)
[DEBUG crypto::sign_with_nonce] Final signature: feca05517e71cd96d3673858067a2f72e9f1339e479061d0755299bc0be04f6f69c9627c0edd7b5a614c859492fba7714d1805
25093f6fafa94bbbacf9fab379bc9ca8303655d1501d90256dcdada03d
[DEBUG crypto::sign_with_nonce] ========================================
[DEBUG signer::sign_with_fixed_nonce] Signature from crypto: feca05517e71cd96d3673858067a2f72e9f1339e479061d0755299bc0be04f6f69c9627c0edd7b5a614c859492
fba7714d180525093f6fafa94bbbacf9fab379bc9ca8303655d1501d90256dcdada03d (length: 80)
[DEBUG signer::sign_with_fixed_nonce] Final signature: feca05517e71cd96d3673858067a2f72e9f1339e479061d0755299bc0be04f6f69c9627c0edd7b5a614c859492fba771
4d180525093f6fafa94bbbacf9fab379bc9ca8303655d1501d90256dcdada03d
[DEBUG sign_transaction_internal] Signature returned (80 bytes): feca05517e71cd96d3673858067a2f72e9f1339e479061d0755299bc0be04f6f69c9627c0edd7b5a614c85
9492fba7714d180525093f6fafa94bbbacf9fab379bc9ca8303655d1501d90256dcdada03d
[DEBUG sign_transaction_internal] Signature s (first 40 bytes): feca05517e71cd96d3673858067a2f72e9f1339e479061d0755299bc0be04f6f69c9627c0edd7b5a
[DEBUG sign_transaction_internal] Signature e (last 40 bytes): 614c859492fba7714d180525093f6fafa94bbbacf9fab379bc9ca8303655d1501d90256dcdada03d
[DEBUG create_order] Signature generated: feca05517e71cd96d3673858067a2f72e9f1339e479061d0755299bc0be04f6f69c9627c0edd7b5a614c859492fba7714d180525093f6
fafa94bbbacf9fab379bc9ca8303655d1501d90256dcdada03d (length: 80)
[DEBUG create_order] Signature (base64): /soFUX5xzZbTZzhYBnovcunxM55HkGHQdVKZvAvgT29pyWJ8Dt17WmFMhZSS+6dxTRgFJQk/b6+pS7us+fqzebycqDA2VdFQHZAlbc2toD0=
[DEBUG create_order] Final transaction JSON: {"AccountIndex":237600,"ApiKeyIndex":4,"BaseAmount":1000,"ClientOrderIndex":1763069202962,"ExpiredAt":1763
069805980,"IsAsk":0,"MarketIndex":0,"Nonce":959,"OrderExpiry":0,"Price":500000000,"ReduceOnly":0,"Sig":"/soFUX5xzZbTZzhYBnovcunxM55HkGHQdVKZvAvgT29pyWJ
8Dt17WmFMhZSS+6dxTRgFJQk/b6+pS7us+fqzebycqDA2VdFQHZAlbc2toD0=","TimeInForce":0,"TriggerPrice":0,"Type":1}
[DEBUG create_order] Sending to: https://mainnet.zklighter.elliot.ai/api/v1/sendTx
[DEBUG create_order] Response status: 400 Bad Request, body: {"code":21120,"message":"invalid signature"}
[DEBUG create_order] ÔòÉÔòÉÔòÉÔòÉÔòÉÔòÉÔòÉÔòÉÔòÉÔòÉÔòÉÔòÉÔòÉÔòÉÔòÉÔòÉÔòÉÔòÉÔòÉÔòÉÔòÉÔòÉÔòÉÔòÉÔòÉÔòÉÔòÉÔòÉÔòÉÔòÉÔòÉÔòÉÔòÉÔòÉÔòÉÔòÉÔòÉÔòÉÔòÉÔòÉ
[DEBUG create_order] API RESPONSE RECEIVED
[DEBUG create_order] ÔòÉÔòÉÔòÉÔòÉÔòÉÔòÉÔòÉÔòÉÔòÉÔòÉÔòÉÔòÉÔòÉÔòÉÔòÉÔòÉÔòÉÔòÉÔòÉÔòÉÔòÉÔòÉÔòÉÔòÉÔòÉÔòÉÔòÉÔòÉÔòÉÔòÉÔòÉÔòÉÔòÉÔòÉÔòÉÔòÉÔòÉÔòÉÔòÉÔòÉ
[DEBUG create_order] Response code: 21120
[DEBUG create_order] Response message: invalid signature
[DEBUG create_order] Nonce used: 959
[DEBUG create_order] ÔØîÔØîÔØî INVALID SIGNATURE ERROR ÔØîÔØîÔØî (code 21120) - Nonce used: 959
[DEBUG create_order] ÔòÉÔòÉÔòÉÔòÉÔòÉÔòÉÔòÉÔòÉÔòÉÔòÉÔòÉÔòÉÔòÉÔòÉÔòÉÔòÉÔòÉÔòÉÔòÉÔòÉÔòÉÔòÉÔòÉÔòÉÔòÉÔòÉÔòÉÔòÉÔòÉÔòÉÔòÉÔòÉÔòÉÔòÉÔòÉÔòÉÔòÉÔòÉÔòÉÔòÉ
[DEBUG create_order] FAILED SIGNATURE - COMPARE WITH SUCCESSFUL ONES
[DEBUG create_order] ÔòÉÔòÉÔòÉÔòÉÔòÉÔòÉÔòÉÔòÉÔòÉÔòÉÔòÉÔòÉÔòÉÔòÉÔòÉÔòÉÔòÉÔòÉÔòÉÔòÉÔòÉÔòÉÔòÉÔòÉÔòÉÔòÉÔòÉÔòÉÔòÉÔòÉÔòÉÔòÉÔòÉÔòÉÔòÉÔòÉÔòÉÔòÉÔòÉÔòÉ
[DEBUG create_order] This could be nonce sync issue or signature computation issue
[DEBUG fetch_nonce_from_api] Requesting nonce from: https://mainnet.zklighter.elliot.ai/api/v1/nextNonce?account_index=237600&api_key_index=4
[DEBUG fetch_nonce_from_api] Received nonce: 959
[DEBUG refresh_nonce_cache] Refreshed nonce: 959
[DEBUG create_order] ========================================
  ÔØî [2] INVALID SIGNATURE (Code: 21120) - Check debug logs for nonce

[3/100] Sending order (nonce managed internally)
[DEBUG create_order] ========================================
[DEBUG create_order] Starting order creation for client_order_index: 1763069202963
[DEBUG get_next_nonce_from_cache] Fetching nonce from API
[DEBUG fetch_nonce_from_api] Requesting nonce from: https://mainnet.zklighter.elliot.ai/api/v1/nextNonce?account_index=237600&api_key_index=4
[DEBUG fetch_nonce_from_api] Received nonce: 959
[DEBUG get_next_nonce_from_cache] Fetched nonce from API: 959
[DEBUG create_order] ========================================
[DEBUG create_order] Order: client_order_index=1763069202963
[DEBUG create_order] Nonce obtained: 959
[DEBUG create_order] ÔòÉÔòÉÔòÉÔòÉÔòÉÔòÉÔòÉÔòÉÔòÉÔòÉÔòÉÔòÉÔòÉÔòÉÔòÉÔòÉÔòÉÔòÉÔòÉÔòÉÔòÉÔòÉÔòÉÔòÉÔòÉÔòÉÔòÉÔòÉÔòÉÔòÉÔòÉÔòÉÔòÉÔòÉÔòÉÔòÉÔòÉÔòÉÔòÉÔòÉ
[DEBUG create_order] STARTING SIGNATURE COMPUTATION
[DEBUG create_order] ÔòÉÔòÉÔòÉÔòÉÔòÉÔòÉÔòÉÔòÉÔòÉÔòÉÔòÉÔòÉÔòÉÔòÉÔòÉÔòÉÔòÉÔòÉÔòÉÔòÉÔòÉÔòÉÔòÉÔòÉÔòÉÔòÉÔòÉÔòÉÔòÉÔòÉÔòÉÔòÉÔòÉÔòÉÔòÉÔòÉÔòÉÔòÉÔòÉÔòÉ
[DEBUG create_order] Timestamp: now=1763069210402, expired_at=1763069809402
[DEBUG create_order] Transaction JSON (before signing): {"AccountIndex":237600,"ApiKeyIndex":4,"BaseAmount":1000,"ClientOrderIndex":1763069202963,"Expi
redAt":1763069809402,"IsAsk":0,"MarketIndex":0,"Nonce":959,"OrderExpiry":0,"Price":500000000,"ReduceOnly":0,"Sig":"","TimeInForce":0,"TriggerPrice":0,"
Type":1}
[DEBUG sign_transaction_internal] Starting signature computation
[DEBUG sign_transaction_internal] tx_type: 14
[DEBUG sign_transaction_internal] Extracted fields:
  chain_id: 304
  nonce: 959
  expired_at: 1763069809402
  account_index: 237600
  api_key_index: 4
[DEBUG sign_transaction_internal] CREATE_ORDER fields:
  market_index: 0
  client_order_index: 1763069202963
  base_amount: 1000
  price: 500000000
  is_ask: 0
  order_type: 1
  time_in_force: 0
  reduce_only: 0
  trigger_price: 0
  order_expiry: 0
[DEBUG sign_transaction_internal] Hash input elements count: 16
[DEBUG sign_transaction_internal] Hash input elements:
  [0] Element 0: 304 (u64)
  [1] Element 1: 14 (u64)
  [2] Element 2: 959 (u64)
  [3] Element 3: 1763069809402 (u64)
  [4] Element 4: 237600 (u64)
  [5] Element 5: 4 (u64)
  [6] Element 6: 0 (u64)
  [7] Element 7: 1763069202963 (u64)
  [8] Element 8: 1000 (u64)
  [9] Element 9: 500000000 (u64)
  [10] Element 10: 0 (u64)
  [11] Element 11: 1 (u64)
  [12] Element 12: 0 (u64)
  [13] Element 13: 0 (u64)
  [14] Element 14: 0 (u64)
  [15] Element 15: 0 (u64)
[DEBUG sign_transaction_internal] Computing Poseidon2 hash with 16 elements
[DEBUG sign_transaction_internal] Transaction hash (40 bytes): 96b72e850c891ded854312e4d37db34686507a9551814c18b9eb231b046586674afc7871de18404d
[DEBUG sign_transaction_internal] Transaction hash (first 8 bytes as u64): 17085963248180574102
[DEBUG sign_transaction_internal] Calling key_manager.sign() with hash: 
96b72e850c891ded854312e4d37db34686507a9551814c18b9eb231b046586674afc7871de18404d
[DEBUG signer::sign] Starting signature generation
[DEBUG signer::sign] Message hash: 96b72e850c891ded854312e4d37db34686507a9551814c18b9eb231b046586674afc7871de18404d
[DEBUG signer::sign] Generated random nonce: 097549482cf32ed56d842682639eb36afc7dbb5dfc4f774b31f87bef44eefce46083c3aacd5e8265
[DEBUG signer::sign_with_fixed_nonce] Signing with fixed nonce
[DEBUG signer::sign_with_fixed_nonce] Private key (first 16 bytes): 79699d9819553fc6eee1b5e50af049d7...
[DEBUG signer::sign_with_fixed_nonce] Calling crypto::schnorr::sign_with_nonce
[DEBUG crypto::sign_with_nonce] ========================================
[DEBUG crypto::sign_with_nonce] Starting Schnorr signature
[DEBUG crypto::sign_with_nonce] Private key length: 40
[DEBUG crypto::sign_with_nonce] Message length: 40
[DEBUG crypto::sign_with_nonce] Nonce bytes length: 40
[DEBUG crypto::sign_with_nonce] Message hash: 96b72e850c891ded854312e4d37db34686507a9551814c18b9eb231b046586674afc7871de18404d
[DEBUG crypto::sign_with_nonce] Nonce bytes: 097549482cf32ed56d842682639eb36afc7dbb5dfc4f774b31f87bef44eefce46083c3aacd5e8265
[DEBUG crypto::sign_with_nonce] Private key converted to scalar
[DEBUG crypto::sign_with_nonce] Nonce converted to scalar
[DEBUG crypto::sign_with_nonce] Message converted to Fp5Element
[DEBUG crypto::sign_with_nonce] Step 1: Computing R = nonce * G
[DEBUG crypto::sign_with_nonce] R encoded (full 40 bytes): 7f914539fbf9cc27d675dd1cc5165fa889af35a3cc7557d0daaf7d130b204946cb5706b52504e074
[DEBUG crypto::sign_with_nonce] R Fp5 elements:
  R[0] = 2867941920121131391 (u64)
  R[1] = 12132440957008049622 (u64)
  R[2] = 15012597404634820489 (u64)
  R[3] = 5064614487898566618 (u64)
  R[4] = 8421735863180220363 (u64)
[DEBUG crypto::sign_with_nonce] Step 2: Computing challenge e = H(R || message)
[DEBUG crypto::sign_with_nonce] Pre-image prepared (10 elements):
  PreImage[0] = 2867941920121131391 (u64)
  PreImage[1] = 12132440957008049622 (u64)
  PreImage[2] = 15012597404634820489 (u64)
  PreImage[3] = 5064614487898566618 (u64)
  PreImage[4] = 8421735863180220363 (u64)
  PreImage[5] = 17085963248180574102 (u64)
  PreImage[6] = 5094553952504136581 (u64)
  PreImage[7] = 1750916542540435590 (u64)
  PreImage[8] = 7459760901095418809 (u64)
  PreImage[9] = 5566476483095493706 (u64)
[DEBUG crypto::sign_with_nonce] Challenge e computed (40 bytes): d22f246cbff0335015ad037391dc44ff577c7e74070df50c32f9d940f48d0e53d25b951ed76d724b
[DEBUG crypto::sign_with_nonce] Challenge e (first 8 bytes as u64): 5779227451790208978
[DEBUG crypto::sign_with_nonce] Step 3: Computing s = nonce - e * private_key
[DEBUG crypto::sign_with_nonce] Response s computed (40 bytes): 4878faa4b275b0758481be1cc5332cef07593d87d30fb81c15e923c9e3ae44db75551f6e269f922a
[DEBUG crypto::sign_with_nonce] Response s (first 8 bytes as u64): 8480407508471150664
[DEBUG crypto::sign_with_nonce] Step 4: Assembling signature (s || e)
[DEBUG crypto::sign_with_nonce] Final signature: 4878faa4b275b0758481be1cc5332cef07593d87d30fb81c15e923c9e3ae44db75551f6e269f922ad22f246cbff0335015ad03
7391dc44ff577c7e74070df50c32f9d940f48d0e53d25b951ed76d724b
[DEBUG crypto::sign_with_nonce] ========================================
[DEBUG signer::sign_with_fixed_nonce] Signature from crypto: 4878faa4b275b0758481be1cc5332cef07593d87d30fb81c15e923c9e3ae44db75551f6e269f922ad22f246cbf
f0335015ad037391dc44ff577c7e74070df50c32f9d940f48d0e53d25b951ed76d724b (length: 80)
[DEBUG signer::sign_with_fixed_nonce] Final signature: 4878faa4b275b0758481be1cc5332cef07593d87d30fb81c15e923c9e3ae44db75551f6e269f922ad22f246cbff03350
15ad037391dc44ff577c7e74070df50c32f9d940f48d0e53d25b951ed76d724b
[DEBUG sign_transaction_internal] Signature returned (80 bytes): 4878faa4b275b0758481be1cc5332cef07593d87d30fb81c15e923c9e3ae44db75551f6e269f922ad22f24
6cbff0335015ad037391dc44ff577c7e74070df50c32f9d940f48d0e53d25b951ed76d724b
[DEBUG sign_transaction_internal] Signature s (first 40 bytes): 4878faa4b275b0758481be1cc5332cef07593d87d30fb81c15e923c9e3ae44db75551f6e269f922a
[DEBUG sign_transaction_internal] Signature e (last 40 bytes): d22f246cbff0335015ad037391dc44ff577c7e74070df50c32f9d940f48d0e53d25b951ed76d724b
[DEBUG create_order] Signature generated: 4878faa4b275b0758481be1cc5332cef07593d87d30fb81c15e923c9e3ae44db75551f6e269f922ad22f246cbff0335015ad037391dc4
4ff577c7e74070df50c32f9d940f48d0e53d25b951ed76d724b (length: 80)
[DEBUG create_order] Signature (base64): SHj6pLJ1sHWEgb4cxTMs7wdZPYfTD7gcFekjyeOuRNt1VR9uJp+SKtIvJGy/8DNQFa0Dc5HcRP9XfH50Bw31DDL52UD0jQ5T0luVHtdtcks=
[DEBUG create_order] Final transaction JSON: {"AccountIndex":237600,"ApiKeyIndex":4,"BaseAmount":1000,"ClientOrderIndex":1763069202963,"ExpiredAt":1763
069809402,"IsAsk":0,"MarketIndex":0,"Nonce":959,"OrderExpiry":0,"Price":500000000,"ReduceOnly":0,"Sig":"SHj6pLJ1sHWEgb4cxTMs7wdZPYfTD7gcFekjyeOuRNt1VR9
uJp+SKtIvJGy/8DNQFa0Dc5HcRP9XfH50Bw31DDL52UD0jQ5T0luVHtdtcks=","TimeInForce":0,"TriggerPrice":0,"Type":1}
[DEBUG create_order] Sending to: https://mainnet.zklighter.elliot.ai/api/v1/sendTx
[DEBUG create_order] Response status: 200 OK, body: {"code":200,"message":"{\"ratelimit\": \"didn't use volume 
quota\"}","tx_hash":"96b72e850c891ded854312e4d37db34686507a9551814c18b9eb231b046586674afc7871de18404d","predicted_execution_time_ms":1763069209607}
[DEBUG create_order] ÔòÉÔòÉÔòÉÔòÉÔòÉÔòÉÔòÉÔòÉÔòÉÔòÉÔòÉÔòÉÔòÉÔòÉÔòÉÔòÉÔòÉÔòÉÔòÉÔòÉÔòÉÔòÉÔòÉÔòÉÔòÉÔòÉÔòÉÔòÉÔòÉÔòÉÔòÉÔòÉÔòÉÔòÉÔòÉÔòÉÔòÉÔòÉÔòÉÔòÉ
[DEBUG create_order] API RESPONSE RECEIVED
[DEBUG create_order] ÔòÉÔòÉÔòÉÔòÉÔòÉÔòÉÔòÉÔòÉÔòÉÔòÉÔòÉÔòÉÔòÉÔòÉÔòÉÔòÉÔòÉÔòÉÔòÉÔòÉÔòÉÔòÉÔòÉÔòÉÔòÉÔòÉÔòÉÔòÉÔòÉÔòÉÔòÉÔòÉÔòÉÔòÉÔòÉÔòÉÔòÉÔòÉÔòÉÔòÉ
[DEBUG create_order] Response code: 200
[DEBUG create_order] Response message: {"ratelimit": "didn't use volume quota"}
[DEBUG create_order] Nonce used: 959
[DEBUG create_order] Ô£àÔ£àÔ£à SUCCESS Ô£àÔ£àÔ£à - Transaction succeeded with nonce 959
[DEBUG create_order] ÔòÉÔòÉÔòÉÔòÉÔòÉÔòÉÔòÉÔòÉÔòÉÔòÉÔòÉÔòÉÔòÉÔòÉÔòÉÔòÉÔòÉÔòÉÔòÉÔòÉÔòÉÔòÉÔòÉÔòÉÔòÉÔòÉÔòÉÔòÉÔòÉÔòÉÔòÉÔòÉÔòÉÔòÉÔòÉÔòÉÔòÉÔòÉÔòÉÔòÉ
[DEBUG create_order] SUCCESSFUL SIGNATURE - SAVE THIS FOR COMPARISON
[DEBUG create_order] ÔòÉÔòÉÔòÉÔòÉÔòÉÔòÉÔòÉÔòÉÔòÉÔòÉÔòÉÔòÉÔòÉÔòÉÔòÉÔòÉÔòÉÔòÉÔòÉÔòÉÔòÉÔòÉÔòÉÔòÉÔòÉÔòÉÔòÉÔòÉÔòÉÔòÉÔòÉÔòÉÔòÉÔòÉÔòÉÔòÉÔòÉÔòÉÔòÉÔòÉ
[DEBUG create_order] ========================================
  Ô£à [3] SUCCESS

[4/100] Sending order (nonce managed internally)
[DEBUG create_order] ========================================
[DEBUG create_order] Starting order creation for client_order_index: 1763069202964
[DEBUG get_next_nonce_from_cache] Fetching nonce from API
[DEBUG fetch_nonce_from_api] Requesting nonce from: https://mainnet.zklighter.elliot.ai/api/v1/nextNonce?account_index=237600&api_key_index=4
[DEBUG fetch_nonce_from_api] Received nonce: 960
[DEBUG get_next_nonce_from_cache] Fetched nonce from API: 960
[DEBUG create_order] ========================================
[DEBUG create_order] Order: client_order_index=1763069202964
[DEBUG create_order] Nonce obtained: 960
[DEBUG create_order] ÔòÉÔòÉÔòÉÔòÉÔòÉÔòÉÔòÉÔòÉÔòÉÔòÉÔòÉÔòÉÔòÉÔòÉÔòÉÔòÉÔòÉÔòÉÔòÉÔòÉÔòÉÔòÉÔòÉÔòÉÔòÉÔòÉÔòÉÔòÉÔòÉÔòÉÔòÉÔòÉÔòÉÔòÉÔòÉÔòÉÔòÉÔòÉÔòÉÔòÉ
[DEBUG create_order] STARTING SIGNATURE COMPUTATION
[DEBUG create_order] ÔòÉÔòÉÔòÉÔòÉÔòÉÔòÉÔòÉÔòÉÔòÉÔòÉÔòÉÔòÉÔòÉÔòÉÔòÉÔòÉÔòÉÔòÉÔòÉÔòÉÔòÉÔòÉÔòÉÔòÉÔòÉÔòÉÔòÉÔòÉÔòÉÔòÉÔòÉÔòÉÔòÉÔòÉÔòÉÔòÉÔòÉÔòÉÔòÉÔòÉ
[DEBUG create_order] Timestamp: now=1763069213690, expired_at=1763069812690
[DEBUG create_order] Transaction JSON (before signing): {"AccountIndex":237600,"ApiKeyIndex":4,"BaseAmount":1000,"ClientOrderIndex":1763069202964,"Expi
redAt":1763069812690,"IsAsk":0,"MarketIndex":0,"Nonce":960,"OrderExpiry":0,"Price":500000000,"ReduceOnly":0,"Sig":"","TimeInForce":0,"TriggerPrice":0,"
Type":1}
[DEBUG sign_transaction_internal] Starting signature computation
[DEBUG sign_transaction_internal] tx_type: 14
[DEBUG sign_transaction_internal] Extracted fields:
  chain_id: 304
  nonce: 960
  expired_at: 1763069812690
  account_index: 237600
  api_key_index: 4
[DEBUG sign_transaction_internal] CREATE_ORDER fields:
  market_index: 0
  client_order_index: 1763069202964
  base_amount: 1000
  price: 500000000
  is_ask: 0
  order_type: 1
  time_in_force: 0
  reduce_only: 0
  trigger_price: 0
  order_expiry: 0
[DEBUG sign_transaction_internal] Hash input elements count: 16
[DEBUG sign_transaction_internal] Hash input elements:
  [0] Element 0: 304 (u64)
  [1] Element 1: 14 (u64)
  [2] Element 2: 960 (u64)
  [3] Element 3: 1763069812690 (u64)
  [4] Element 4: 237600 (u64)
  [5] Element 5: 4 (u64)
  [6] Element 6: 0 (u64)
  [7] Element 7: 1763069202964 (u64)
  [8] Element 8: 1000 (u64)
  [9] Element 9: 500000000 (u64)
  [10] Element 10: 0 (u64)
  [11] Element 11: 1 (u64)
  [12] Element 12: 0 (u64)
  [13] Element 13: 0 (u64)
  [14] Element 14: 0 (u64)
  [15] Element 15: 0 (u64)
[DEBUG sign_transaction_internal] Computing Poseidon2 hash with 16 elements
[DEBUG sign_transaction_internal] Transaction hash (40 bytes): 2a61ea8ef6aba13a24b0d4c6a7aa7dcfbb07271f5389501b025e0bd03e516e96a7269752110c71c7
[DEBUG sign_transaction_internal] Transaction hash (first 8 bytes as u64): 4224847000898265386
[DEBUG sign_transaction_internal] Calling key_manager.sign() with hash: 
2a61ea8ef6aba13a24b0d4c6a7aa7dcfbb07271f5389501b025e0bd03e516e96a7269752110c71c7
[DEBUG signer::sign] Starting signature generation
[DEBUG signer::sign] Message hash: 2a61ea8ef6aba13a24b0d4c6a7aa7dcfbb07271f5389501b025e0bd03e516e96a7269752110c71c7
[DEBUG signer::sign] Generated random nonce: 5bc99f76d93bd0c1d42156b3b7d27ab157b9ea0d436cc7d94d3c39b836b37f59af4ae3d3b9acdf83
[DEBUG signer::sign_with_fixed_nonce] Signing with fixed nonce
[DEBUG signer::sign_with_fixed_nonce] Private key (first 16 bytes): 79699d9819553fc6eee1b5e50af049d7...
[DEBUG signer::sign_with_fixed_nonce] Calling crypto::schnorr::sign_with_nonce
[DEBUG crypto::sign_with_nonce] ========================================
[DEBUG crypto::sign_with_nonce] Starting Schnorr signature
[DEBUG crypto::sign_with_nonce] Private key length: 40
[DEBUG crypto::sign_with_nonce] Message length: 40
[DEBUG crypto::sign_with_nonce] Nonce bytes length: 40
[DEBUG crypto::sign_with_nonce] Message hash: 2a61ea8ef6aba13a24b0d4c6a7aa7dcfbb07271f5389501b025e0bd03e516e96a7269752110c71c7
[DEBUG crypto::sign_with_nonce] Nonce bytes: 5bc99f76d93bd0c1d42156b3b7d27ab157b9ea0d436cc7d94d3c39b836b37f59af4ae3d3b9acdf83
[DEBUG crypto::sign_with_nonce] Private key converted to scalar
[DEBUG crypto::sign_with_nonce] Nonce converted to scalar
[DEBUG crypto::sign_with_nonce] Message converted to Fp5Element
[DEBUG crypto::sign_with_nonce] Step 1: Computing R = nonce * G
[DEBUG crypto::sign_with_nonce] R encoded (full 40 bytes): 10d4772c94675233dcdb32abea9d82985ad82516afe5768d9fb22fa1e732ce8311aca65ef377853b
[DEBUG crypto::sign_with_nonce] R Fp5 elements:
  R[0] = 3698132130123469840 (u64)
  R[1] = 10989519671957576668 (u64)
  R[2] = 10193587346753312858 (u64)
  R[3] = 9497584634594046623 (u64)
  R[4] = 4288966107289005073 (u64)
[DEBUG crypto::sign_with_nonce] Step 2: Computing challenge e = H(R || message)
[DEBUG crypto::sign_with_nonce] Pre-image prepared (10 elements):
  PreImage[0] = 3698132130123469840 (u64)
  PreImage[1] = 10989519671957576668 (u64)
  PreImage[2] = 10193587346753312858 (u64)
  PreImage[3] = 9497584634594046623 (u64)
  PreImage[4] = 4288966107289005073 (u64)
  PreImage[5] = 4224847000898265386 (u64)
  PreImage[6] = 14951293975512002596 (u64)
  PreImage[7] = 1968224027258849211 (u64)
  PreImage[8] = 10839690683347590658 (u64)
  PreImage[9] = 14371281154455578279 (u64)
[DEBUG crypto::sign_with_nonce] Challenge e computed (40 bytes): 7af15bfb58c3a84f85cc9e93231921b72f066eb29dd62ef9bf3e7d68980834316486fd3697004e51
[DEBUG crypto::sign_with_nonce] Challenge e (first 8 bytes as u64): 5740052512025342330
[DEBUG crypto::sign_with_nonce] Step 3: Computing s = nonce - e * private_key
[DEBUG crypto::sign_with_nonce] Response s computed (40 bytes): 2df6dacfde3ff4b41dd6b9c6b8f0f6d32cdce70d18f801b8fa817c5635f7eb845459db2453788533
[DEBUG crypto::sign_with_nonce] Response s (first 8 bytes as u64): 13039117047346951725
[DEBUG crypto::sign_with_nonce] Step 4: Assembling signature (s || e)
[DEBUG crypto::sign_with_nonce] Final signature: 2df6dacfde3ff4b41dd6b9c6b8f0f6d32cdce70d18f801b8fa817c5635f7eb845459db24537885337af15bfb58c3a84f85cc9e
93231921b72f066eb29dd62ef9bf3e7d68980834316486fd3697004e51
[DEBUG crypto::sign_with_nonce] ========================================
[DEBUG signer::sign_with_fixed_nonce] Signature from crypto: 2df6dacfde3ff4b41dd6b9c6b8f0f6d32cdce70d18f801b8fa817c5635f7eb845459db24537885337af15bfb58
c3a84f85cc9e93231921b72f066eb29dd62ef9bf3e7d68980834316486fd3697004e51 (length: 80)
[DEBUG signer::sign_with_fixed_nonce] Final signature: 2df6dacfde3ff4b41dd6b9c6b8f0f6d32cdce70d18f801b8fa817c5635f7eb845459db24537885337af15bfb58c3a84f
85cc9e93231921b72f066eb29dd62ef9bf3e7d68980834316486fd3697004e51
[DEBUG sign_transaction_internal] Signature returned (80 bytes): 2df6dacfde3ff4b41dd6b9c6b8f0f6d32cdce70d18f801b8fa817c5635f7eb845459db24537885337af15b
fb58c3a84f85cc9e93231921b72f066eb29dd62ef9bf3e7d68980834316486fd3697004e51
[DEBUG sign_transaction_internal] Signature s (first 40 bytes): 2df6dacfde3ff4b41dd6b9c6b8f0f6d32cdce70d18f801b8fa817c5635f7eb845459db2453788533
[DEBUG sign_transaction_internal] Signature e (last 40 bytes): 7af15bfb58c3a84f85cc9e93231921b72f066eb29dd62ef9bf3e7d68980834316486fd3697004e51
[DEBUG create_order] Signature generated: 2df6dacfde3ff4b41dd6b9c6b8f0f6d32cdce70d18f801b8fa817c5635f7eb845459db24537885337af15bfb58c3a84f85cc9e9323192
1b72f066eb29dd62ef9bf3e7d68980834316486fd3697004e51 (length: 80)
[DEBUG create_order] Signature (base64): Lfbaz94/9LQd1rnGuPD20yzc5w0Y+AG4+oF8VjX364RUWdskU3iFM3rxW/tYw6hPhcyekyMZIbcvBm6yndYu+b8+fWiYCDQxZIb9NpcATlE=
[DEBUG create_order] Final transaction JSON: {"AccountIndex":237600,"ApiKeyIndex":4,"BaseAmount":1000,"ClientOrderIndex":1763069202964,"ExpiredAt":1763
069812690,"IsAsk":0,"MarketIndex":0,"Nonce":960,"OrderExpiry":0,"Price":500000000,"ReduceOnly":0,"Sig":"Lfbaz94/9LQd1rnGuPD20yzc5w0Y+AG4+oF8VjX364RUWds
kU3iFM3rxW/tYw6hPhcyekyMZIbcvBm6yndYu+b8+fWiYCDQxZIb9NpcATlE=","TimeInForce":0,"TriggerPrice":0,"Type":1}
[DEBUG create_order] Sending to: https://mainnet.zklighter.elliot.ai/api/v1/sendTx
[DEBUG create_order] Response status: 200 OK, body: {"code":200,"message":"{\"ratelimit\": \"698 volume quota remained\"}","tx_hash":"2a61ea8ef6aba13a2
4b0d4c6a7aa7dcfbb07271f5389501b025e0bd03e516e96a7269752110c71c7","predicted_execution_time_ms":1763069212942,"volume_quota_remaining":698}
[DEBUG create_order] ÔòÉÔòÉÔòÉÔòÉÔòÉÔòÉÔòÉÔòÉÔòÉÔòÉÔòÉÔòÉÔòÉÔòÉÔòÉÔòÉÔòÉÔòÉÔòÉÔòÉÔòÉÔòÉÔòÉÔòÉÔòÉÔòÉÔòÉÔòÉÔòÉÔòÉÔòÉÔòÉÔòÉÔòÉÔòÉÔòÉÔòÉÔòÉÔòÉÔòÉ
[DEBUG create_order] API RESPONSE RECEIVED
[DEBUG create_order] ÔòÉÔòÉÔòÉÔòÉÔòÉÔòÉÔòÉÔòÉÔòÉÔòÉÔòÉÔòÉÔòÉÔòÉÔòÉÔòÉÔòÉÔòÉÔòÉÔòÉÔòÉÔòÉÔòÉÔòÉÔòÉÔòÉÔòÉÔòÉÔòÉÔòÉÔòÉÔòÉÔòÉÔòÉÔòÉÔòÉÔòÉÔòÉÔòÉÔòÉ
[DEBUG create_order] Response code: 200
[DEBUG create_order] Response message: {"ratelimit": "698 volume quota remained"}
[DEBUG create_order] Nonce used: 960
[DEBUG create_order] Ô£àÔ£àÔ£à SUCCESS Ô£àÔ£àÔ£à - Transaction succeeded with nonce 960
[DEBUG create_order] ÔòÉÔòÉÔòÉÔòÉÔòÉÔòÉÔòÉÔòÉÔòÉÔòÉÔòÉÔòÉÔòÉÔòÉÔòÉÔòÉÔòÉÔòÉÔòÉÔòÉÔòÉÔòÉÔòÉÔòÉÔòÉÔòÉÔòÉÔòÉÔòÉÔòÉÔòÉÔòÉÔòÉÔòÉÔòÉÔòÉÔòÉÔòÉÔòÉÔòÉ
[DEBUG create_order] SUCCESSFUL SIGNATURE - SAVE THIS FOR COMPARISON
[DEBUG create_order] ÔòÉÔòÉÔòÉÔòÉÔòÉÔòÉÔòÉÔòÉÔòÉÔòÉÔòÉÔòÉÔòÉÔòÉÔòÉÔòÉÔòÉÔòÉÔòÉÔòÉÔòÉÔòÉÔòÉÔòÉÔòÉÔòÉÔòÉÔòÉÔòÉÔòÉÔòÉÔòÉÔòÉÔòÉÔòÉÔòÉÔòÉÔòÉÔòÉÔòÉ
[DEBUG create_order] ========================================
  Ô£à [4] SUCCESS

[5/100] Sending order (nonce managed internally)
[DEBUG create_order] ========================================
[DEBUG create_order] Starting order creation for client_order_index: 1763069202965
[DEBUG get_next_nonce_from_cache] Fetching nonce from API
[DEBUG fetch_nonce_from_api] Requesting nonce from: https://mainnet.zklighter.elliot.ai/api/v1/nextNonce?account_index=237600&api_key_index=4
[DEBUG fetch_nonce_from_api] Received nonce: 961
[DEBUG get_next_nonce_from_cache] Fetched nonce from API: 961
[DEBUG create_order] ========================================
[DEBUG create_order] Order: client_order_index=1763069202965
[DEBUG create_order] Nonce obtained: 961
[DEBUG create_order] ÔòÉÔòÉÔòÉÔòÉÔòÉÔòÉÔòÉÔòÉÔòÉÔòÉÔòÉÔòÉÔòÉÔòÉÔòÉÔòÉÔòÉÔòÉÔòÉÔòÉÔòÉÔòÉÔòÉÔòÉÔòÉÔòÉÔòÉÔòÉÔòÉÔòÉÔòÉÔòÉÔòÉÔòÉÔòÉÔòÉÔòÉÔòÉÔòÉÔòÉ
[DEBUG create_order] STARTING SIGNATURE COMPUTATION
[DEBUG create_order] ÔòÉÔòÉÔòÉÔòÉÔòÉÔòÉÔòÉÔòÉÔòÉÔòÉÔòÉÔòÉÔòÉÔòÉÔòÉÔòÉÔòÉÔòÉÔòÉÔòÉÔòÉÔòÉÔòÉÔòÉÔòÉÔòÉÔòÉÔòÉÔòÉÔòÉÔòÉÔòÉÔòÉÔòÉÔòÉÔòÉÔòÉÔòÉÔòÉÔòÉ
[DEBUG create_order] Timestamp: now=1763069217023, expired_at=1763069816023
[DEBUG create_order] Transaction JSON (before signing): {"AccountIndex":237600,"ApiKeyIndex":4,"BaseAmount":1000,"ClientOrderIndex":1763069202965,"Expi
redAt":1763069816023,"IsAsk":0,"MarketIndex":0,"Nonce":961,"OrderExpiry":0,"Price":500000000,"ReduceOnly":0,"Sig":"","TimeInForce":0,"TriggerPrice":0,"
Type":1}
[DEBUG sign_transaction_internal] Starting signature computation
[DEBUG sign_transaction_internal] tx_type: 14
[DEBUG sign_transaction_internal] Extracted fields:
  chain_id: 304
  nonce: 961
  expired_at: 1763069816023
  account_index: 237600
  api_key_index: 4
[DEBUG sign_transaction_internal] CREATE_ORDER fields:
  market_index: 0
  client_order_index: 1763069202965
  base_amount: 1000
  price: 500000000
  is_ask: 0
  order_type: 1
  time_in_force: 0
  reduce_only: 0
  trigger_price: 0
  order_expiry: 0
[DEBUG sign_transaction_internal] Hash input elements count: 16
[DEBUG sign_transaction_internal] Hash input elements:
  [0] Element 0: 304 (u64)
  [1] Element 1: 14 (u64)
  [2] Element 2: 961 (u64)
  [3] Element 3: 1763069816023 (u64)
  [4] Element 4: 237600 (u64)
  [5] Element 5: 4 (u64)
  [6] Element 6: 0 (u64)
  [7] Element 7: 1763069202965 (u64)
  [8] Element 8: 1000 (u64)
  [9] Element 9: 500000000 (u64)
  [10] Element 10: 0 (u64)
  [11] Element 11: 1 (u64)
  [12] Element 12: 0 (u64)
  [13] Element 13: 0 (u64)
  [14] Element 14: 0 (u64)
  [15] Element 15: 0 (u64)
[DEBUG sign_transaction_internal] Computing Poseidon2 hash with 16 elements
[DEBUG sign_transaction_internal] Transaction hash (40 bytes): ca148de6d52500da263bc15627178668ddfc08ed9752e4271b3921331c5503e169cc02d0e953176b
[DEBUG sign_transaction_internal] Transaction hash (first 8 bytes as u64): 15708597100894557386
[DEBUG sign_transaction_internal] Calling key_manager.sign() with hash: 
ca148de6d52500da263bc15627178668ddfc08ed9752e4271b3921331c5503e169cc02d0e953176b
[DEBUG signer::sign] Starting signature generation
[DEBUG signer::sign] Message hash: ca148de6d52500da263bc15627178668ddfc08ed9752e4271b3921331c5503e169cc02d0e953176b
[DEBUG signer::sign] Generated random nonce: 736676e4685def284ea98efeeacc2332eacb2ae080d21aa05e3d98329972cefecb9b40e5bbe15e25
[DEBUG signer::sign_with_fixed_nonce] Signing with fixed nonce
[DEBUG signer::sign_with_fixed_nonce] Private key (first 16 bytes): 79699d9819553fc6eee1b5e50af049d7...
[DEBUG signer::sign_with_fixed_nonce] Calling crypto::schnorr::sign_with_nonce
[DEBUG crypto::sign_with_nonce] ========================================
[DEBUG crypto::sign_with_nonce] Starting Schnorr signature
[DEBUG crypto::sign_with_nonce] Private key length: 40
[DEBUG crypto::sign_with_nonce] Message length: 40
[DEBUG crypto::sign_with_nonce] Nonce bytes length: 40
[DEBUG crypto::sign_with_nonce] Message hash: ca148de6d52500da263bc15627178668ddfc08ed9752e4271b3921331c5503e169cc02d0e953176b
[DEBUG crypto::sign_with_nonce] Nonce bytes: 736676e4685def284ea98efeeacc2332eacb2ae080d21aa05e3d98329972cefecb9b40e5bbe15e25
[DEBUG crypto::sign_with_nonce] Private key converted to scalar
[DEBUG crypto::sign_with_nonce] Nonce converted to scalar
[DEBUG crypto::sign_with_nonce] Message converted to Fp5Element
[DEBUG crypto::sign_with_nonce] Step 1: Computing R = nonce * G
[DEBUG crypto::sign_with_nonce] R encoded (full 40 bytes): 8490ec73cc6877cfdd7493f4fd376bcdd44c492b82951f0612ec09de03b8e8bc552ca7ee5f4370d6
[DEBUG crypto::sign_with_nonce] R Fp5 elements:
  R[0] = 14949532715407151236 (u64)
  R[1] = 14801986164152825053 (u64)
  R[2] = 441235674810109140 (u64)
  R[3] = 13612332200476929042 (u64)
  R[4] = 15451924400813059157 (u64)
[DEBUG crypto::sign_with_nonce] Step 2: Computing challenge e = H(R || message)
[DEBUG crypto::sign_with_nonce] Pre-image prepared (10 elements):
  PreImage[0] = 14949532715407151236 (u64)
  PreImage[1] = 14801986164152825053 (u64)
  PreImage[2] = 441235674810109140 (u64)
  PreImage[3] = 13612332200476929042 (u64)
  PreImage[4] = 15451924400813059157 (u64)
  PreImage[5] = 15708597100894557386 (u64)
  PreImage[6] = 7531732884550400806 (u64)
  PreImage[7] = 2874513274639547613 (u64)
  PreImage[8] = 16213896663069178139 (u64)
  PreImage[9] = 7716728750204963945 (u64)
[DEBUG crypto::sign_with_nonce] Challenge e computed (40 bytes): 2d5eb9e9498cff52a110a36caac5817986ed852e188da97f805f955137534b63e624a3c091fcbc15
[DEBUG crypto::sign_with_nonce] Challenge e (first 8 bytes as u64): 5980653079253048877
[DEBUG crypto::sign_with_nonce] Step 3: Computing s = nonce - e * private_key
[DEBUG crypto::sign_with_nonce] Response s computed (40 bytes): 4e789b79cb1bc6ae6395894925dde1ce62cf8896a947e678eb7ec5c9ec9c6faccb914091e248793b
[DEBUG crypto::sign_with_nonce] Response s (first 8 bytes as u64): 12593783968720713806
[DEBUG crypto::sign_with_nonce] Step 4: Assembling signature (s || e)
[DEBUG crypto::sign_with_nonce] Final signature: 4e789b79cb1bc6ae6395894925dde1ce62cf8896a947e678eb7ec5c9ec9c6faccb914091e248793b2d5eb9e9498cff52a110a3
6caac5817986ed852e188da97f805f955137534b63e624a3c091fcbc15
[DEBUG crypto::sign_with_nonce] ========================================
[DEBUG signer::sign_with_fixed_nonce] Signature from crypto: 4e789b79cb1bc6ae6395894925dde1ce62cf8896a947e678eb7ec5c9ec9c6faccb914091e248793b2d5eb9e949
8cff52a110a36caac5817986ed852e188da97f805f955137534b63e624a3c091fcbc15 (length: 80)
[DEBUG signer::sign_with_fixed_nonce] Final signature: 4e789b79cb1bc6ae6395894925dde1ce62cf8896a947e678eb7ec5c9ec9c6faccb914091e248793b2d5eb9e9498cff52
a110a36caac5817986ed852e188da97f805f955137534b63e624a3c091fcbc15
[DEBUG sign_transaction_internal] Signature returned (80 bytes): 4e789b79cb1bc6ae6395894925dde1ce62cf8896a947e678eb7ec5c9ec9c6faccb914091e248793b2d5eb9
e9498cff52a110a36caac5817986ed852e188da97f805f955137534b63e624a3c091fcbc15
[DEBUG sign_transaction_internal] Signature s (first 40 bytes): 4e789b79cb1bc6ae6395894925dde1ce62cf8896a947e678eb7ec5c9ec9c6faccb914091e248793b
[DEBUG sign_transaction_internal] Signature e (last 40 bytes): 2d5eb9e9498cff52a110a36caac5817986ed852e188da97f805f955137534b63e624a3c091fcbc15
[DEBUG create_order] Signature generated: 4e789b79cb1bc6ae6395894925dde1ce62cf8896a947e678eb7ec5c9ec9c6faccb914091e248793b2d5eb9e9498cff52a110a36caac58
17986ed852e188da97f805f955137534b63e624a3c091fcbc15 (length: 80)
[DEBUG create_order] Signature (base64): Tnibecsbxq5jlYlJJd3hzmLPiJapR+Z4637Fyeycb6zLkUCR4kh5Oy1euelJjP9SoRCjbKrFgXmG7YUuGI2pf4BflVE3U0tj5iSjwJH8vBU=
[DEBUG create_order] Final transaction JSON: {"AccountIndex":237600,"ApiKeyIndex":4,"BaseAmount":1000,"ClientOrderIndex":1763069202965,"ExpiredAt":1763
069816023,"IsAsk":0,"MarketIndex":0,"Nonce":961,"OrderExpiry":0,"Price":500000000,"ReduceOnly":0,"Sig":"Tnibecsbxq5jlYlJJd3hzmLPiJapR+Z4637Fyeycb6zLkUC
R4kh5Oy1euelJjP9SoRCjbKrFgXmG7YUuGI2pf4BflVE3U0tj5iSjwJH8vBU=","TimeInForce":0,"TriggerPrice":0,"Type":1}
[DEBUG create_order] Sending to: https://mainnet.zklighter.elliot.ai/api/v1/sendTx
[DEBUG create_order] Response status: 200 OK, body: {"code":200,"message":"{\"ratelimit\": \"697 volume quota remained\"}","tx_hash":"ca148de6d52500da2
63bc15627178668ddfc08ed9752e4271b3921331c5503e169cc02d0e953176b","predicted_execution_time_ms":1763069216234,"volume_quota_remaining":697}
[DEBUG create_order] ÔòÉÔòÉÔòÉÔòÉÔòÉÔòÉÔòÉÔòÉÔòÉÔòÉÔòÉÔòÉÔòÉÔòÉÔòÉÔòÉÔòÉÔòÉÔòÉÔòÉÔòÉÔòÉÔòÉÔòÉÔòÉÔòÉÔòÉÔòÉÔòÉÔòÉÔòÉÔòÉÔòÉÔòÉÔòÉÔòÉÔòÉÔòÉÔòÉÔòÉ
[DEBUG create_order] API RESPONSE RECEIVED
[DEBUG create_order] ÔòÉÔòÉÔòÉÔòÉÔòÉÔòÉÔòÉÔòÉÔòÉÔòÉÔòÉÔòÉÔòÉÔòÉÔòÉÔòÉÔòÉÔòÉÔòÉÔòÉÔòÉÔòÉÔòÉÔòÉÔòÉÔòÉÔòÉÔòÉÔòÉÔòÉÔòÉÔòÉÔòÉÔòÉÔòÉÔòÉÔòÉÔòÉÔòÉÔòÉ
[DEBUG create_order] Response code: 200
[DEBUG create_order] Response message: {"ratelimit": "697 volume quota remained"}
[DEBUG create_order] Nonce used: 961
[DEBUG create_order] Ô£àÔ£àÔ£à SUCCESS Ô£àÔ£àÔ£à - Transaction succeeded with nonce 961
[DEBUG create_order] ÔòÉÔòÉÔòÉÔòÉÔòÉÔòÉÔòÉÔòÉÔòÉÔòÉÔòÉÔòÉÔòÉÔòÉÔòÉÔòÉÔòÉÔòÉÔòÉÔòÉÔòÉÔòÉÔòÉÔòÉÔòÉÔòÉÔòÉÔòÉÔòÉÔòÉÔòÉÔòÉÔòÉÔòÉÔòÉÔòÉÔòÉÔòÉÔòÉÔòÉ
[DEBUG create_order] SUCCESSFUL SIGNATURE - SAVE THIS FOR COMPARISON
[DEBUG create_order] ÔòÉÔòÉÔòÉÔòÉÔòÉÔòÉÔòÉÔòÉÔòÉÔòÉÔòÉÔòÉÔòÉÔòÉÔòÉÔòÉÔòÉÔòÉÔòÉÔòÉÔòÉÔòÉÔòÉÔòÉÔòÉÔòÉÔòÉÔòÉÔòÉÔòÉÔòÉÔòÉÔòÉÔòÉÔòÉÔòÉÔòÉÔòÉÔòÉÔòÉ
[DEBUG create_order] ========================================
  Ô£à [5] SUCCESS

[DEBUG create_order] ========================================
[DEBUG create_order] Starting order creation for client_order_index: 1763069202966
[DEBUG get_next_nonce_from_cache] Fetching nonce from API
[DEBUG fetch_nonce_from_api] Requesting nonce from: https://mainnet.zklighter.elliot.ai/api/v1/nextNonce?account_index=237600&api_key_index=4
[DEBUG fetch_nonce_from_api] Received nonce: 962
[DEBUG get_next_nonce_from_cache] Fetched nonce from API: 962
[DEBUG create_order] ========================================
[DEBUG create_order] Order: client_order_index=1763069202966
[DEBUG create_order] Nonce obtained: 962
[DEBUG create_order] ÔòÉÔòÉÔòÉÔòÉÔòÉÔòÉÔòÉÔòÉÔòÉÔòÉÔòÉÔòÉÔòÉÔòÉÔòÉÔòÉÔòÉÔòÉÔòÉÔòÉÔòÉÔòÉÔòÉÔòÉÔòÉÔòÉÔòÉÔòÉÔòÉÔòÉÔòÉÔòÉÔòÉÔòÉÔòÉÔòÉÔòÉÔòÉÔòÉÔòÉ
[DEBUG create_order] STARTING SIGNATURE COMPUTATION
[DEBUG create_order] ÔòÉÔòÉÔòÉÔòÉÔòÉÔòÉÔòÉÔòÉÔòÉÔòÉÔòÉÔòÉÔòÉÔòÉÔòÉÔòÉÔòÉÔòÉÔòÉÔòÉÔòÉÔòÉÔòÉÔòÉÔòÉÔòÉÔòÉÔòÉÔòÉÔòÉÔòÉÔòÉÔòÉÔòÉÔòÉÔòÉÔòÉÔòÉÔòÉÔòÉ
[DEBUG create_order] Timestamp: now=1763069220316, expired_at=1763069819316
[DEBUG create_order] Transaction JSON (before signing): {"AccountIndex":237600,"ApiKeyIndex":4,"BaseAmount":1000,"ClientOrderIndex":1763069202966,"Expi
redAt":1763069819316,"IsAsk":0,"MarketIndex":0,"Nonce":962,"OrderExpiry":0,"Price":500000000,"ReduceOnly":0,"Sig":"","TimeInForce":0,"TriggerPrice":0,"
Type":1}
[DEBUG sign_transaction_internal] Starting signature computation
[DEBUG sign_transaction_internal] tx_type: 14
[DEBUG sign_transaction_internal] Extracted fields:
  chain_id: 304
  nonce: 962
  expired_at: 1763069819316
  account_index: 237600
  api_key_index: 4
[DEBUG sign_transaction_internal] CREATE_ORDER fields:
  market_index: 0
  client_order_index: 1763069202966
  base_amount: 1000
  price: 500000000
  is_ask: 0
  order_type: 1
  time_in_force: 0
  reduce_only: 0
  trigger_price: 0
  order_expiry: 0
[DEBUG sign_transaction_internal] Hash input elements count: 16
[DEBUG sign_transaction_internal] Hash input elements:
  [0] Element 0: 304 (u64)
  [1] Element 1: 14 (u64)
  [2] Element 2: 962 (u64)
  [3] Element 3: 1763069819316 (u64)
  [4] Element 4: 237600 (u64)
  [5] Element 5: 4 (u64)
  [6] Element 6: 0 (u64)
  [7] Element 7: 1763069202966 (u64)
  [8] Element 8: 1000 (u64)
  [9] Element 9: 500000000 (u64)
  [10] Element 10: 0 (u64)
  [11] Element 11: 1 (u64)
  [12] Element 12: 0 (u64)
  [13] Element 13: 0 (u64)
  [14] Element 14: 0 (u64)
  [15] Element 15: 0 (u64)
[DEBUG sign_transaction_internal] Computing Poseidon2 hash with 16 elements
[DEBUG sign_transaction_internal] Transaction hash (40 bytes): f1bfbbcf177dd098ff031ac0b589d05e8900fcebb83c70a41279717fb7e989371db99702ae6bdba3
[DEBUG sign_transaction_internal] Transaction hash (first 8 bytes as u64): 11011438630143770609
[DEBUG sign_transaction_internal] Calling key_manager.sign() with hash: 
f1bfbbcf177dd098ff031ac0b589d05e8900fcebb83c70a41279717fb7e989371db99702ae6bdba3
[DEBUG signer::sign] Starting signature generation
[DEBUG signer::sign] Message hash: f1bfbbcf177dd098ff031ac0b589d05e8900fcebb83c70a41279717fb7e989371db99702ae6bdba3
[DEBUG signer::sign] Generated random nonce: 6c5e38e9fcdafe2678459dc3ee9fb2e8e6ee76e2afda846f610503f0eff2012cb656a640b03f2223
[DEBUG signer::sign_with_fixed_nonce] Signing with fixed nonce
[DEBUG signer::sign_with_fixed_nonce] Private key (first 16 bytes): 79699d9819553fc6eee1b5e50af049d7...
[DEBUG signer::sign_with_fixed_nonce] Calling crypto::schnorr::sign_with_nonce
[DEBUG crypto::sign_with_nonce] ========================================
[DEBUG crypto::sign_with_nonce] Starting Schnorr signature
[DEBUG crypto::sign_with_nonce] Private key length: 40
[DEBUG crypto::sign_with_nonce] Message length: 40
[DEBUG crypto::sign_with_nonce] Nonce bytes length: 40
[DEBUG crypto::sign_with_nonce] Message hash: f1bfbbcf177dd098ff031ac0b589d05e8900fcebb83c70a41279717fb7e989371db99702ae6bdba3
[DEBUG crypto::sign_with_nonce] Nonce bytes: 6c5e38e9fcdafe2678459dc3ee9fb2e8e6ee76e2afda846f610503f0eff2012cb656a640b03f2223
[DEBUG crypto::sign_with_nonce] Private key converted to scalar
[DEBUG crypto::sign_with_nonce] Nonce converted to scalar
[DEBUG crypto::sign_with_nonce] Message converted to Fp5Element
[DEBUG crypto::sign_with_nonce] Step 1: Computing R = nonce * G
[DEBUG crypto::sign_with_nonce] R encoded (full 40 bytes): aa0d2786e6ae4dcdd4a55909fa49084688926a8fda19954cba73631e57075922ba4f142ace1e628f
[DEBUG crypto::sign_with_nonce] R Fp5 elements:
  R[0] = 14793672656098364842 (u64)
  R[1] = 5046364720716162516 (u64)
  R[2] = 5518345344912102024 (u64)
  R[3] = 2475017540970181562 (u64)
  R[4] = 10331854365959409594 (u64)
[DEBUG crypto::sign_with_nonce] Step 2: Computing challenge e = H(R || message)
[DEBUG crypto::sign_with_nonce] Pre-image prepared (10 elements):
  PreImage[0] = 14793672656098364842 (u64)
  PreImage[1] = 5046364720716162516 (u64)
  PreImage[2] = 5518345344912102024 (u64)
  PreImage[3] = 2475017540970181562 (u64)
  PreImage[4] = 10331854365959409594 (u64)
  PreImage[5] = 11011438630143770609 (u64)
  PreImage[6] = 6832112048426058751 (u64)
  PreImage[7] = 11849037384542584969 (u64)
  PreImage[8] = 4001986718221826322 (u64)
  PreImage[9] = 11807149243193866525 (u64)
[DEBUG crypto::sign_with_nonce] Challenge e computed (40 bytes): ccd0e9fa74d4cb459c579906e7c79b7b0dce123aa8921969002119c4d5cbb6e236265b9e16da4611
[DEBUG crypto::sign_with_nonce] Challenge e (first 8 bytes as u64): 5029347007780212940
[DEBUG crypto::sign_with_nonce] Step 3: Computing s = nonce - e * private_key
[DEBUG crypto::sign_with_nonce] Response s computed (40 bytes): e2f8854aa1acbb6262edd727007fde12977263f26a8398d77a37fc183ebdcf4a2493ef2fff31a87f
[DEBUG crypto::sign_with_nonce] Response s (first 8 bytes as u64): 7114469845101836514
[DEBUG crypto::sign_with_nonce] Step 4: Assembling signature (s || e)
[DEBUG crypto::sign_with_nonce] Final signature: e2f8854aa1acbb6262edd727007fde12977263f26a8398d77a37fc183ebdcf4a2493ef2fff31a87fccd0e9fa74d4cb459c5799
06e7c79b7b0dce123aa8921969002119c4d5cbb6e236265b9e16da4611
[DEBUG crypto::sign_with_nonce] ========================================
[DEBUG signer::sign_with_fixed_nonce] Signature from crypto: e2f8854aa1acbb6262edd727007fde12977263f26a8398d77a37fc183ebdcf4a2493ef2fff31a87fccd0e9fa74
d4cb459c579906e7c79b7b0dce123aa8921969002119c4d5cbb6e236265b9e16da4611 (length: 80)
[DEBUG signer::sign_with_fixed_nonce] Final signature: e2f8854aa1acbb6262edd727007fde12977263f26a8398d77a37fc183ebdcf4a2493ef2fff31a87fccd0e9fa74d4cb45
9c579906e7c79b7b0dce123aa8921969002119c4d5cbb6e236265b9e16da4611
[DEBUG sign_transaction_internal] Signature returned (80 bytes): e2f8854aa1acbb6262edd727007fde12977263f26a8398d77a37fc183ebdcf4a2493ef2fff31a87fccd0e9
fa74d4cb459c579906e7c79b7b0dce123aa8921969002119c4d5cbb6e236265b9e16da4611
[DEBUG sign_transaction_internal] Signature s (first 40 bytes): e2f8854aa1acbb6262edd727007fde12977263f26a8398d77a37fc183ebdcf4a2493ef2fff31a87f
[DEBUG sign_transaction_internal] Signature e (last 40 bytes): ccd0e9fa74d4cb459c579906e7c79b7b0dce123aa8921969002119c4d5cbb6e236265b9e16da4611
[DEBUG create_order] Signature generated: e2f8854aa1acbb6262edd727007fde12977263f26a8398d77a37fc183ebdcf4a2493ef2fff31a87fccd0e9fa74d4cb459c579906e7c79
b7b0dce123aa8921969002119c4d5cbb6e236265b9e16da4611 (length: 80)
[DEBUG create_order] Signature (base64): 4viFSqGsu2Ji7dcnAH/eEpdyY/Jqg5jXejf8GD69z0okk+8v/zGof8zQ6fp01MtFnFeZBufHm3sNzhI6qJIZaQAhGcTVy7biNiZbnhbaRhE=
[DEBUG create_order] Final transaction JSON: {"AccountIndex":237600,"ApiKeyIndex":4,"BaseAmount":1000,"ClientOrderIndex":1763069202966,"ExpiredAt":1763
069819316,"IsAsk":0,"MarketIndex":0,"Nonce":962,"OrderExpiry":0,"Price":500000000,"ReduceOnly":0,"Sig":"4viFSqGsu2Ji7dcnAH/eEpdyY/Jqg5jXejf8GD69z0okk+8
v/zGof8zQ6fp01MtFnFeZBufHm3sNzhI6qJIZaQAhGcTVy7biNiZbnhbaRhE=","TimeInForce":0,"TriggerPrice":0,"Type":1}
[DEBUG create_order] Sending to: https://mainnet.zklighter.elliot.ai/api/v1/sendTx
[DEBUG create_order] Response status: 200 OK, body: {"code":200,"message":"{\"ratelimit\": \"696 volume quota remained\"}","tx_hash":"f1bfbbcf177dd098f
f031ac0b589d05e8900fcebb83c70a41279717fb7e989371db99702ae6bdba3","predicted_execution_time_ms":1763069219535,"volume_quota_remaining":696}
[DEBUG create_order] ÔòÉÔòÉÔòÉÔòÉÔòÉÔòÉÔòÉÔòÉÔòÉÔòÉÔòÉÔòÉÔòÉÔòÉÔòÉÔòÉÔòÉÔòÉÔòÉÔòÉÔòÉÔòÉÔòÉÔòÉÔòÉÔòÉÔòÉÔòÉÔòÉÔòÉÔòÉÔòÉÔòÉÔòÉÔòÉÔòÉÔòÉÔòÉÔòÉÔòÉ
[DEBUG create_order] API RESPONSE RECEIVED
[DEBUG create_order] ÔòÉÔòÉÔòÉÔòÉÔòÉÔòÉÔòÉÔòÉÔòÉÔòÉÔòÉÔòÉÔòÉÔòÉÔòÉÔòÉÔòÉÔòÉÔòÉÔòÉÔòÉÔòÉÔòÉÔòÉÔòÉÔòÉÔòÉÔòÉÔòÉÔòÉÔòÉÔòÉÔòÉÔòÉÔòÉÔòÉÔòÉÔòÉÔòÉÔòÉ
[DEBUG create_order] Response code: 200
[DEBUG create_order] Response message: {"ratelimit": "696 volume quota remained"}
[DEBUG create_order] Nonce used: 962
[DEBUG create_order] Ô£àÔ£àÔ£à SUCCESS Ô£àÔ£àÔ£à - Transaction succeeded with nonce 962
[DEBUG create_order] ÔòÉÔòÉÔòÉÔòÉÔòÉÔòÉÔòÉÔòÉÔòÉÔòÉÔòÉÔòÉÔòÉÔòÉÔòÉÔòÉÔòÉÔòÉÔòÉÔòÉÔòÉÔòÉÔòÉÔòÉÔòÉÔòÉÔòÉÔòÉÔòÉÔòÉÔòÉÔòÉÔòÉÔòÉÔòÉÔòÉÔòÉÔòÉÔòÉÔòÉ
[DEBUG create_order] SUCCESSFUL SIGNATURE - SAVE THIS FOR COMPARISON
[DEBUG create_order] ÔòÉÔòÉÔòÉÔòÉÔòÉÔòÉÔòÉÔòÉÔòÉÔòÉÔòÉÔòÉÔòÉÔòÉÔòÉÔòÉÔòÉÔòÉÔòÉÔòÉÔòÉÔòÉÔòÉÔòÉÔòÉÔòÉÔòÉÔòÉÔòÉÔòÉÔòÉÔòÉÔòÉÔòÉÔòÉÔòÉÔòÉÔòÉÔòÉÔòÉ
[DEBUG create_order] ========================================

[DEBUG create_order] ========================================
[DEBUG create_order] Starting order creation for client_order_index: 1763069202967
[DEBUG get_next_nonce_from_cache] Fetching nonce from API
[DEBUG fetch_nonce_from_api] Requesting nonce from: https://mainnet.zklighter.elliot.ai/api/v1/nextNonce?account_index=237600&api_key_index=4
[DEBUG fetch_nonce_from_api] Received nonce: 963
[DEBUG get_next_nonce_from_cache] Fetched nonce from API: 963
[DEBUG create_order] ========================================
[DEBUG create_order] Order: client_order_index=1763069202967
[DEBUG create_order] Nonce obtained: 963
[DEBUG create_order] ÔòÉÔòÉÔòÉÔòÉÔòÉÔòÉÔòÉÔòÉÔòÉÔòÉÔòÉÔòÉÔòÉÔòÉÔòÉÔòÉÔòÉÔòÉÔòÉÔòÉÔòÉÔòÉÔòÉÔòÉÔòÉÔòÉÔòÉÔòÉÔòÉÔòÉÔòÉÔòÉÔòÉÔòÉÔòÉÔòÉÔòÉÔòÉÔòÉÔòÉ
[DEBUG create_order] STARTING SIGNATURE COMPUTATION
[DEBUG create_order] ÔòÉÔòÉÔòÉÔòÉÔòÉÔòÉÔòÉÔòÉÔòÉÔòÉÔòÉÔòÉÔòÉÔòÉÔòÉÔòÉÔòÉÔòÉÔòÉÔòÉÔòÉÔòÉÔòÉÔòÉÔòÉÔòÉÔòÉÔòÉÔòÉÔòÉÔòÉÔòÉÔòÉÔòÉÔòÉÔòÉÔòÉÔòÉÔòÉÔòÉ
[DEBUG create_order] Timestamp: now=1763069223620, expired_at=1763069822620
[DEBUG create_order] Transaction JSON (before signing): {"AccountIndex":237600,"ApiKeyIndex":4,"BaseAmount":1000,"ClientOrderIndex":1763069202967,"Expi
redAt":1763069822620,"IsAsk":0,"MarketIndex":0,"Nonce":963,"OrderExpiry":0,"Price":500000000,"ReduceOnly":0,"Sig":"","TimeInForce":0,"TriggerPrice":0,"
Type":1}
[DEBUG sign_transaction_internal] Starting signature computation
[DEBUG sign_transaction_internal] tx_type: 14
[DEBUG sign_transaction_internal] Extracted fields:
  chain_id: 304
  nonce: 963
  expired_at: 1763069822620
  account_index: 237600
  api_key_index: 4
[DEBUG sign_transaction_internal] CREATE_ORDER fields:
  market_index: 0
  client_order_index: 1763069202967
  base_amount: 1000
  price: 500000000
  is_ask: 0
  order_type: 1
  time_in_force: 0
  reduce_only: 0
  trigger_price: 0
  order_expiry: 0
[DEBUG sign_transaction_internal] Hash input elements count: 16
[DEBUG sign_transaction_internal] Hash input elements:
  [0] Element 0: 304 (u64)
  [1] Element 1: 14 (u64)
  [2] Element 2: 963 (u64)
  [3] Element 3: 1763069822620 (u64)
  [4] Element 4: 237600 (u64)
  [5] Element 5: 4 (u64)
  [6] Element 6: 0 (u64)
  [7] Element 7: 1763069202967 (u64)
  [8] Element 8: 1000 (u64)
  [9] Element 9: 500000000 (u64)
  [10] Element 10: 0 (u64)
  [11] Element 11: 1 (u64)
  [12] Element 12: 0 (u64)
  [13] Element 13: 0 (u64)
  [14] Element 14: 0 (u64)
  [15] Element 15: 0 (u64)
[DEBUG sign_transaction_internal] Computing Poseidon2 hash with 16 elements
[DEBUG sign_transaction_internal] Transaction hash (40 bytes): e3b6402002c8a17b448683ec1ea56380d725a92fd8dd11aa3a7c9340e03ec72947667b023942caaf
[DEBUG sign_transaction_internal] Transaction hash (first 8 bytes as u64): 8908621449372153571
[DEBUG sign_transaction_internal] Calling key_manager.sign() with hash: 
e3b6402002c8a17b448683ec1ea56380d725a92fd8dd11aa3a7c9340e03ec72947667b023942caaf
[DEBUG signer::sign] Starting signature generation
[DEBUG signer::sign] Message hash: e3b6402002c8a17b448683ec1ea56380d725a92fd8dd11aa3a7c9340e03ec72947667b023942caaf
[DEBUG signer::sign] Generated random nonce: 4ade1f4ec8cefbdf723c3f0d42b2e2bbee3a21253737430fa4796b119864403353b07351999ce27d
[DEBUG signer::sign_with_fixed_nonce] Signing with fixed nonce
[DEBUG signer::sign_with_fixed_nonce] Private key (first 16 bytes): 79699d9819553fc6eee1b5e50af049d7...
[DEBUG signer::sign_with_fixed_nonce] Calling crypto::schnorr::sign_with_nonce
[DEBUG crypto::sign_with_nonce] ========================================
[DEBUG crypto::sign_with_nonce] Starting Schnorr signature
[DEBUG crypto::sign_with_nonce] Private key length: 40
[DEBUG crypto::sign_with_nonce] Message length: 40
[DEBUG crypto::sign_with_nonce] Nonce bytes length: 40
[DEBUG crypto::sign_with_nonce] Message hash: e3b6402002c8a17b448683ec1ea56380d725a92fd8dd11aa3a7c9340e03ec72947667b023942caaf
[DEBUG crypto::sign_with_nonce] Nonce bytes: 4ade1f4ec8cefbdf723c3f0d42b2e2bbee3a21253737430fa4796b119864403353b07351999ce27d
[DEBUG crypto::sign_with_nonce] Private key converted to scalar
[DEBUG crypto::sign_with_nonce] Nonce converted to scalar
[DEBUG crypto::sign_with_nonce] Message converted to Fp5Element
[DEBUG crypto::sign_with_nonce] Step 1: Computing R = nonce * G
[DEBUG crypto::sign_with_nonce] R encoded (full 40 bytes): 545c076453f72a95b94362283ec42cd27312c8d23e91d08edba91c85988b56230f3ac1b2c6b3822f
[DEBUG crypto::sign_with_nonce] R Fp5 elements:
  R[0] = 10748675398205660244 (u64)
  R[1] = 15144695418184680377 (u64)
  R[2] = 10290884847551910515 (u64)
  R[3] = 2546376126509132251 (u64)
  R[4] = 3423496332738902543 (u64)
[DEBUG crypto::sign_with_nonce] Step 2: Computing challenge e = H(R || message)
[DEBUG crypto::sign_with_nonce] Pre-image prepared (10 elements):
  PreImage[0] = 10748675398205660244 (u64)
  PreImage[1] = 15144695418184680377 (u64)
  PreImage[2] = 10290884847551910515 (u64)
  PreImage[3] = 2546376126509132251 (u64)
  PreImage[4] = 3423496332738902543 (u64)
  PreImage[5] = 8908621449372153571 (u64)
  PreImage[6] = 9251419611784775236 (u64)
  PreImage[7] = 12254819981634119127 (u64)
  PreImage[8] = 3010444008797469754 (u64)
  PreImage[9] = 12667009714555151943 (u64)
[DEBUG crypto::sign_with_nonce] Challenge e computed (40 bytes): 724e4288e9b2cde846affdd7d42c758c4da0d11879e566436b8313335ce534c4983d1b1ee7917518
[DEBUG crypto::sign_with_nonce] Challenge e (first 8 bytes as u64): 16775260903108136562
[DEBUG crypto::sign_with_nonce] Step 3: Computing s = nonce - e * private_key
[DEBUG crypto::sign_with_nonce] Response s computed (40 bytes): 7c1181a36301465250823e38ed65897b7164b39794d801b8a4e9317bc916560c7dceaf79053dc173
[DEBUG crypto::sign_with_nonce] Response s (first 8 bytes as u64): 5928427486936371580
[DEBUG crypto::sign_with_nonce] Step 4: Assembling signature (s || e)
[DEBUG crypto::sign_with_nonce] Final signature: 7c1181a36301465250823e38ed65897b7164b39794d801b8a4e9317bc916560c7dceaf79053dc173724e4288e9b2cde846affd
d7d42c758c4da0d11879e566436b8313335ce534c4983d1b1ee7917518
[DEBUG crypto::sign_with_nonce] ========================================
[DEBUG signer::sign_with_fixed_nonce] Signature from crypto: 7c1181a36301465250823e38ed65897b7164b39794d801b8a4e9317bc916560c7dceaf79053dc173724e4288e9
b2cde846affdd7d42c758c4da0d11879e566436b8313335ce534c4983d1b1ee7917518 (length: 80)
[DEBUG signer::sign_with_fixed_nonce] Final signature: 7c1181a36301465250823e38ed65897b7164b39794d801b8a4e9317bc916560c7dceaf79053dc173724e4288e9b2cde8
46affdd7d42c758c4da0d11879e566436b8313335ce534c4983d1b1ee7917518
[DEBUG sign_transaction_internal] Signature returned (80 bytes): 7c1181a36301465250823e38ed65897b7164b39794d801b8a4e9317bc916560c7dceaf79053dc173724e42
88e9b2cde846affdd7d42c758c4da0d11879e566436b8313335ce534c4983d1b1ee7917518
[DEBUG sign_transaction_internal] Signature s (first 40 bytes): 7c1181a36301465250823e38ed65897b7164b39794d801b8a4e9317bc916560c7dceaf79053dc173
[DEBUG sign_transaction_internal] Signature e (last 40 bytes): 724e4288e9b2cde846affdd7d42c758c4da0d11879e566436b8313335ce534c4983d1b1ee7917518
[DEBUG create_order] Signature generated: 7c1181a36301465250823e38ed65897b7164b39794d801b8a4e9317bc916560c7dceaf79053dc173724e4288e9b2cde846affdd7d42c7
58c4da0d11879e566436b8313335ce534c4983d1b1ee7917518 (length: 80)
[DEBUG create_order] Signature (base64): fBGBo2MBRlJQgj447WWJe3Fks5eU2AG4pOkxe8kWVgx9zq95BT3Bc3JOQojpss3oRq/919QsdYxNoNEYeeVmQ2uDEzNc5TTEmD0bHueRdRg=
[DEBUG create_order] Final transaction JSON: {"AccountIndex":237600,"ApiKeyIndex":4,"BaseAmount":1000,"ClientOrderIndex":1763069202967,"ExpiredAt":1763
069822620,"IsAsk":0,"MarketIndex":0,"Nonce":963,"OrderExpiry":0,"Price":500000000,"ReduceOnly":0,"Sig":"fBGBo2MBRlJQgj447WWJe3Fks5eU2AG4pOkxe8kWVgx9zq9
5BT3Bc3JOQojpss3oRq/919QsdYxNoNEYeeVmQ2uDEzNc5TTEmD0bHueRdRg=","TimeInForce":0,"TriggerPrice":0,"Type":1}
[DEBUG create_order] Sending to: https://mainnet.zklighter.elliot.ai/api/v1/sendTx
[DEBUG create_order] Response status: 200 OK, body: {"code":200,"message":"{\"ratelimit\": \"695 volume quota remained\"}","tx_hash":"e3b6402002c8a17b4
48683ec1ea56380d725a92fd8dd11aa3a7c9340e03ec72947667b023942caaf","predicted_execution_time_ms":1763069222845,"volume_quota_remaining":695}
[DEBUG create_order] ÔòÉÔòÉÔòÉÔòÉÔòÉÔòÉÔòÉÔòÉÔòÉÔòÉÔòÉÔòÉÔòÉÔòÉÔòÉÔòÉÔòÉÔòÉÔòÉÔòÉÔòÉÔòÉÔòÉÔòÉÔòÉÔòÉÔòÉÔòÉÔòÉÔòÉÔòÉÔòÉÔòÉÔòÉÔòÉÔòÉÔòÉÔòÉÔòÉÔòÉ
[DEBUG create_order] API RESPONSE RECEIVED
[DEBUG create_order] ÔòÉÔòÉÔòÉÔòÉÔòÉÔòÉÔòÉÔòÉÔòÉÔòÉÔòÉÔòÉÔòÉÔòÉÔòÉÔòÉÔòÉÔòÉÔòÉÔòÉÔòÉÔòÉÔòÉÔòÉÔòÉÔòÉÔòÉÔòÉÔòÉÔòÉÔòÉÔòÉÔòÉÔòÉÔòÉÔòÉÔòÉÔòÉÔòÉÔòÉ
[DEBUG create_order] Response code: 200
[DEBUG create_order] Response message: {"ratelimit": "695 volume quota remained"}
[DEBUG create_order] Nonce used: 963
[DEBUG create_order] Ô£àÔ£àÔ£à SUCCESS Ô£àÔ£àÔ£à - Transaction succeeded with nonce 963
[DEBUG create_order] ÔòÉÔòÉÔòÉÔòÉÔòÉÔòÉÔòÉÔòÉÔòÉÔòÉÔòÉÔòÉÔòÉÔòÉÔòÉÔòÉÔòÉÔòÉÔòÉÔòÉÔòÉÔòÉÔòÉÔòÉÔòÉÔòÉÔòÉÔòÉÔòÉÔòÉÔòÉÔòÉÔòÉÔòÉÔòÉÔòÉÔòÉÔòÉÔòÉÔòÉ
[DEBUG create_order] SUCCESSFUL SIGNATURE - SAVE THIS FOR COMPARISON
[DEBUG create_order] ÔòÉÔòÉÔòÉÔòÉÔòÉÔòÉÔòÉÔòÉÔòÉÔòÉÔòÉÔòÉÔòÉÔòÉÔòÉÔòÉÔòÉÔòÉÔòÉÔòÉÔòÉÔòÉÔòÉÔòÉÔòÉÔòÉÔòÉÔòÉÔòÉÔòÉÔòÉÔòÉÔòÉÔòÉÔòÉÔòÉÔòÉÔòÉÔòÉÔòÉ
[DEBUG create_order] ========================================

[DEBUG create_order] ========================================
[DEBUG create_order] Starting order creation for client_order_index: 1763069202968
[DEBUG get_next_nonce_from_cache] Fetching nonce from API
[DEBUG fetch_nonce_from_api] Requesting nonce from: https://mainnet.zklighter.elliot.ai/api/v1/nextNonce?account_index=237600&api_key_index=4
[DEBUG fetch_nonce_from_api] Received nonce: 964
[DEBUG get_next_nonce_from_cache] Fetched nonce from API: 964
[DEBUG create_order] ========================================
[DEBUG create_order] Order: client_order_index=1763069202968
[DEBUG create_order] Nonce obtained: 964
[DEBUG create_order] ÔòÉÔòÉÔòÉÔòÉÔòÉÔòÉÔòÉÔòÉÔòÉÔòÉÔòÉÔòÉÔòÉÔòÉÔòÉÔòÉÔòÉÔòÉÔòÉÔòÉÔòÉÔòÉÔòÉÔòÉÔòÉÔòÉÔòÉÔòÉÔòÉÔòÉÔòÉÔòÉÔòÉÔòÉÔòÉÔòÉÔòÉÔòÉÔòÉÔòÉ
[DEBUG create_order] STARTING SIGNATURE COMPUTATION
[DEBUG create_order] ÔòÉÔòÉÔòÉÔòÉÔòÉÔòÉÔòÉÔòÉÔòÉÔòÉÔòÉÔòÉÔòÉÔòÉÔòÉÔòÉÔòÉÔòÉÔòÉÔòÉÔòÉÔòÉÔòÉÔòÉÔòÉÔòÉÔòÉÔòÉÔòÉÔòÉÔòÉÔòÉÔòÉÔòÉÔòÉÔòÉÔòÉÔòÉÔòÉÔòÉ
[DEBUG create_order] Timestamp: now=1763069226932, expired_at=1763069825932
[DEBUG create_order] Transaction JSON (before signing): {"AccountIndex":237600,"ApiKeyIndex":4,"BaseAmount":1000,"ClientOrderIndex":1763069202968,"Expi
redAt":1763069825932,"IsAsk":0,"MarketIndex":0,"Nonce":964,"OrderExpiry":0,"Price":500000000,"ReduceOnly":0,"Sig":"","TimeInForce":0,"TriggerPrice":0,"
Type":1}
[DEBUG sign_transaction_internal] Starting signature computation
[DEBUG sign_transaction_internal] tx_type: 14
[DEBUG sign_transaction_internal] Extracted fields:
  chain_id: 304
  nonce: 964
  expired_at: 1763069825932
  account_index: 237600
  api_key_index: 4
[DEBUG sign_transaction_internal] CREATE_ORDER fields:
  market_index: 0
  client_order_index: 1763069202968
  base_amount: 1000
  price: 500000000
  is_ask: 0
  order_type: 1
  time_in_force: 0
  reduce_only: 0
  trigger_price: 0
  order_expiry: 0
[DEBUG sign_transaction_internal] Hash input elements count: 16
[DEBUG sign_transaction_internal] Hash input elements:
  [0] Element 0: 304 (u64)
  [1] Element 1: 14 (u64)
  [2] Element 2: 964 (u64)
  [3] Element 3: 1763069825932 (u64)
  [4] Element 4: 237600 (u64)
  [5] Element 5: 4 (u64)
  [6] Element 6: 0 (u64)
  [7] Element 7: 1763069202968 (u64)
  [8] Element 8: 1000 (u64)
  [9] Element 9: 500000000 (u64)
  [10] Element 10: 0 (u64)
  [11] Element 11: 1 (u64)
  [12] Element 12: 0 (u64)
  [13] Element 13: 0 (u64)
  [14] Element 14: 0 (u64)
  [15] Element 15: 0 (u64)
[DEBUG sign_transaction_internal] Computing Poseidon2 hash with 16 elements
[DEBUG sign_transaction_internal] Transaction hash (40 bytes): cbf63b5cf96b69a934c4265c52e99df5df1fb96125bd5bcc874fd1e81b268d07ae36f80f9b038f3a
[DEBUG sign_transaction_internal] Transaction hash (first 8 bytes as u64): 12207406983702902475
[DEBUG sign_transaction_internal] Calling key_manager.sign() with hash: 
cbf63b5cf96b69a934c4265c52e99df5df1fb96125bd5bcc874fd1e81b268d07ae36f80f9b038f3a
[DEBUG signer::sign] Starting signature generation
[DEBUG signer::sign] Message hash: cbf63b5cf96b69a934c4265c52e99df5df1fb96125bd5bcc874fd1e81b268d07ae36f80f9b038f3a
[DEBUG signer::sign] Generated random nonce: 5d7152501ff821862f3e0711516a25b4bf624c6cc42bc580068865fdd03e1251d1f2272f9232e5d4
[DEBUG signer::sign_with_fixed_nonce] Signing with fixed nonce
[DEBUG signer::sign_with_fixed_nonce] Private key (first 16 bytes): 79699d9819553fc6eee1b5e50af049d7...
[DEBUG signer::sign_with_fixed_nonce] Calling crypto::schnorr::sign_with_nonce
[DEBUG crypto::sign_with_nonce] ========================================
[DEBUG crypto::sign_with_nonce] Starting Schnorr signature
[DEBUG crypto::sign_with_nonce] Private key length: 40
[DEBUG crypto::sign_with_nonce] Message length: 40
[DEBUG crypto::sign_with_nonce] Nonce bytes length: 40
[DEBUG crypto::sign_with_nonce] Message hash: cbf63b5cf96b69a934c4265c52e99df5df1fb96125bd5bcc874fd1e81b268d07ae36f80f9b038f3a
[DEBUG crypto::sign_with_nonce] Nonce bytes: 5d7152501ff821862f3e0711516a25b4bf624c6cc42bc580068865fdd03e1251d1f2272f9232e5d4
[DEBUG crypto::sign_with_nonce] Private key converted to scalar
[DEBUG crypto::sign_with_nonce] Nonce converted to scalar
[DEBUG crypto::sign_with_nonce] Message converted to Fp5Element
[DEBUG crypto::sign_with_nonce] Step 1: Computing R = nonce * G
[DEBUG crypto::sign_with_nonce] R encoded (full 40 bytes): 60e820dfba9df32d62ae08d4125261c8fef37dbd4db92c4bec9e0411f96a4ea25733f7a06fd18064
[DEBUG crypto::sign_with_nonce] R Fp5 elements:
  R[0] = 3311163576980400224 (u64)
  R[1] = 14438912121146748514 (u64)
  R[2] = 5416908195362632702 (u64)
  R[3] = 11695402900292673260 (u64)
  R[4] = 7242018478183887703 (u64)
[DEBUG crypto::sign_with_nonce] Step 2: Computing challenge e = H(R || message)
[DEBUG crypto::sign_with_nonce] Pre-image prepared (10 elements):
  PreImage[0] = 3311163576980400224 (u64)
  PreImage[1] = 14438912121146748514 (u64)
  PreImage[2] = 5416908195362632702 (u64)
  PreImage[3] = 11695402900292673260 (u64)
  PreImage[4] = 7242018478183887703 (u64)
  PreImage[5] = 12207406983702902475 (u64)
  PreImage[6] = 17698558650578551860 (u64)
  PreImage[7] = 14725571374868930527 (u64)
  PreImage[8] = 544133031293702023 (u64)
  PreImage[9] = 4219595340392183470 (u64)
[DEBUG crypto::sign_with_nonce] Challenge e computed (40 bytes): 70ec7951d769fabd8a62502a66adb544cc5a3cdc4c70a838cc5615b841bce0f6dda41b9ef33de653
[DEBUG crypto::sign_with_nonce] Challenge e (first 8 bytes as u64): 13689370390851873904
[DEBUG crypto::sign_with_nonce] Step 3: Computing s = nonce - e * private_key
[DEBUG crypto::sign_with_nonce] Response s computed (40 bytes): f0e3326b2db31c4b1dcdb81cdbe918ce267ef091ee942b879fe954d375812d457b0405b9c23d2cae
[DEBUG crypto::sign_with_nonce] Response s (first 8 bytes as u64): 5412397859845891056
[DEBUG crypto::sign_with_nonce] Step 4: Assembling signature (s || e)
[DEBUG crypto::sign_with_nonce] Final signature: f0e3326b2db31c4b1dcdb81cdbe918ce267ef091ee942b879fe954d375812d457b0405b9c23d2cae70ec7951d769fabd8a6250
2a66adb544cc5a3cdc4c70a838cc5615b841bce0f6dda41b9ef33de653
[DEBUG crypto::sign_with_nonce] ========================================
[DEBUG signer::sign_with_fixed_nonce] Signature from crypto: f0e3326b2db31c4b1dcdb81cdbe918ce267ef091ee942b879fe954d375812d457b0405b9c23d2cae70ec7951d7
69fabd8a62502a66adb544cc5a3cdc4c70a838cc5615b841bce0f6dda41b9ef33de653 (length: 80)
[DEBUG signer::sign_with_fixed_nonce] Final signature: f0e3326b2db31c4b1dcdb81cdbe918ce267ef091ee942b879fe954d375812d457b0405b9c23d2cae70ec7951d769fabd
8a62502a66adb544cc5a3cdc4c70a838cc5615b841bce0f6dda41b9ef33de653
[DEBUG sign_transaction_internal] Signature returned (80 bytes): f0e3326b2db31c4b1dcdb81cdbe918ce267ef091ee942b879fe954d375812d457b0405b9c23d2cae70ec79
51d769fabd8a62502a66adb544cc5a3cdc4c70a838cc5615b841bce0f6dda41b9ef33de653
[DEBUG sign_transaction_internal] Signature s (first 40 bytes): f0e3326b2db31c4b1dcdb81cdbe918ce267ef091ee942b879fe954d375812d457b0405b9c23d2cae
[DEBUG sign_transaction_internal] Signature e (last 40 bytes): 70ec7951d769fabd8a62502a66adb544cc5a3cdc4c70a838cc5615b841bce0f6dda41b9ef33de653
[DEBUG create_order] Signature generated: f0e3326b2db31c4b1dcdb81cdbe918ce267ef091ee942b879fe954d375812d457b0405b9c23d2cae70ec7951d769fabd8a62502a66adb
544cc5a3cdc4c70a838cc5615b841bce0f6dda41b9ef33de653 (length: 80)
[DEBUG create_order] Signature (base64): 8OMyay2zHEsdzbgc2+kYziZ+8JHulCuHn+lU03WBLUV7BAW5wj0srnDseVHXafq9imJQKmattUTMWjzcTHCoOMxWFbhBvOD23aQbnvM95lM=
[DEBUG create_order] Final transaction JSON: {"AccountIndex":237600,"ApiKeyIndex":4,"BaseAmount":1000,"ClientOrderIndex":1763069202968,"ExpiredAt":1763
069825932,"IsAsk":0,"MarketIndex":0,"Nonce":964,"OrderExpiry":0,"Price":500000000,"ReduceOnly":0,"Sig":"8OMyay2zHEsdzbgc2+kYziZ+8JHulCuHn+lU03WBLUV7BAW
5wj0srnDseVHXafq9imJQKmattUTMWjzcTHCoOMxWFbhBvOD23aQbnvM95lM=","TimeInForce":0,"TriggerPrice":0,"Type":1}
[DEBUG create_order] Sending to: https://mainnet.zklighter.elliot.ai/api/v1/sendTx
[DEBUG create_order] Response status: 400 Bad Request, body: {"code":21120,"message":"invalid signature"}
[DEBUG create_order] ÔòÉÔòÉÔòÉÔòÉÔòÉÔòÉÔòÉÔòÉÔòÉÔòÉÔòÉÔòÉÔòÉÔòÉÔòÉÔòÉÔòÉÔòÉÔòÉÔòÉÔòÉÔòÉÔòÉÔòÉÔòÉÔòÉÔòÉÔòÉÔòÉÔòÉÔòÉÔòÉÔòÉÔòÉÔòÉÔòÉÔòÉÔòÉÔòÉÔòÉ
[DEBUG create_order] API RESPONSE RECEIVED
[DEBUG create_order] ÔòÉÔòÉÔòÉÔòÉÔòÉÔòÉÔòÉÔòÉÔòÉÔòÉÔòÉÔòÉÔòÉÔòÉÔòÉÔòÉÔòÉÔòÉÔòÉÔòÉÔòÉÔòÉÔòÉÔòÉÔòÉÔòÉÔòÉÔòÉÔòÉÔòÉÔòÉÔòÉÔòÉÔòÉÔòÉÔòÉÔòÉÔòÉÔòÉÔòÉ
[DEBUG create_order] Response code: 21120
[DEBUG create_order] Response message: invalid signature
[DEBUG create_order] Nonce used: 964
[DEBUG create_order] ÔØîÔØîÔØî INVALID SIGNATURE ERROR ÔØîÔØîÔØî (code 21120) - Nonce used: 964
[DEBUG create_order] ÔòÉÔòÉÔòÉÔòÉÔòÉÔòÉÔòÉÔòÉÔòÉÔòÉÔòÉÔòÉÔòÉÔòÉÔòÉÔòÉÔòÉÔòÉÔòÉÔòÉÔòÉÔòÉÔòÉÔòÉÔòÉÔòÉÔòÉÔòÉÔòÉÔòÉÔòÉÔòÉÔòÉÔòÉÔòÉÔòÉÔòÉÔòÉÔòÉÔòÉ
[DEBUG create_order] FAILED SIGNATURE - COMPARE WITH SUCCESSFUL ONES
[DEBUG create_order] ÔòÉÔòÉÔòÉÔòÉÔòÉÔòÉÔòÉÔòÉÔòÉÔòÉÔòÉÔòÉÔòÉÔòÉÔòÉÔòÉÔòÉÔòÉÔòÉÔòÉÔòÉÔòÉÔòÉÔòÉÔòÉÔòÉÔòÉÔòÉÔòÉÔòÉÔòÉÔòÉÔòÉÔòÉÔòÉÔòÉÔòÉÔòÉÔòÉÔòÉ
[DEBUG create_order] This could be nonce sync issue or signature computation issue
[DEBUG fetch_nonce_from_api] Requesting nonce from: https://mainnet.zklighter.elliot.ai/api/v1/nextNonce?account_index=237600&api_key_index=4
[DEBUG fetch_nonce_from_api] Received nonce: 964
[DEBUG refresh_nonce_cache] Refreshed nonce: 964
[DEBUG create_order] ========================================
  ÔØî [8] INVALID SIGNATURE (Code: 21120) - Check debug logs for nonce

[DEBUG create_order] ========================================
[DEBUG create_order] Starting order creation for client_order_index: 1763069202969
[DEBUG get_next_nonce_from_cache] Fetching nonce from API
[DEBUG fetch_nonce_from_api] Requesting nonce from: https://mainnet.zklighter.elliot.ai/api/v1/nextNonce?account_index=237600&api_key_index=4
[DEBUG fetch_nonce_from_api] Received nonce: 964
[DEBUG get_next_nonce_from_cache] Fetched nonce from API: 964
[DEBUG create_order] ========================================
[DEBUG create_order] Order: client_order_index=1763069202969
[DEBUG create_order] Nonce obtained: 964
[DEBUG create_order] ÔòÉÔòÉÔòÉÔòÉÔòÉÔòÉÔòÉÔòÉÔòÉÔòÉÔòÉÔòÉÔòÉÔòÉÔòÉÔòÉÔòÉÔòÉÔòÉÔòÉÔòÉÔòÉÔòÉÔòÉÔòÉÔòÉÔòÉÔòÉÔòÉÔòÉÔòÉÔòÉÔòÉÔòÉÔòÉÔòÉÔòÉÔòÉÔòÉÔòÉ
[DEBUG create_order] STARTING SIGNATURE COMPUTATION
[DEBUG create_order] ÔòÉÔòÉÔòÉÔòÉÔòÉÔòÉÔòÉÔòÉÔòÉÔòÉÔòÉÔòÉÔòÉÔòÉÔòÉÔòÉÔòÉÔòÉÔòÉÔòÉÔòÉÔòÉÔòÉÔòÉÔòÉÔòÉÔòÉÔòÉÔòÉÔòÉÔòÉÔòÉÔòÉÔòÉÔòÉÔòÉÔòÉÔòÉÔòÉÔòÉ
[DEBUG create_order] Timestamp: now=1763069230398, expired_at=1763069829398
[DEBUG create_order] Transaction JSON (before signing): {"AccountIndex":237600,"ApiKeyIndex":4,"BaseAmount":1000,"ClientOrderIndex":1763069202969,"Expi
redAt":1763069829398,"IsAsk":0,"MarketIndex":0,"Nonce":964,"OrderExpiry":0,"Price":500000000,"ReduceOnly":0,"Sig":"","TimeInForce":0,"TriggerPrice":0,"
Type":1}
[DEBUG sign_transaction_internal] Starting signature computation
[DEBUG sign_transaction_internal] tx_type: 14
[DEBUG sign_transaction_internal] Extracted fields:
  chain_id: 304
  nonce: 964
  expired_at: 1763069829398
  account_index: 237600
  api_key_index: 4
[DEBUG sign_transaction_internal] CREATE_ORDER fields:
  market_index: 0
  client_order_index: 1763069202969
  base_amount: 1000
  price: 500000000
  is_ask: 0
  order_type: 1
  time_in_force: 0
  reduce_only: 0
  trigger_price: 0
  order_expiry: 0
[DEBUG sign_transaction_internal] Hash input elements count: 16
[DEBUG sign_transaction_internal] Hash input elements:
  [0] Element 0: 304 (u64)
  [1] Element 1: 14 (u64)
  [2] Element 2: 964 (u64)
  [3] Element 3: 1763069829398 (u64)
  [4] Element 4: 237600 (u64)
  [5] Element 5: 4 (u64)
  [6] Element 6: 0 (u64)
  [7] Element 7: 1763069202969 (u64)
  [8] Element 8: 1000 (u64)
  [9] Element 9: 500000000 (u64)
  [10] Element 10: 0 (u64)
  [11] Element 11: 1 (u64)
  [12] Element 12: 0 (u64)
  [13] Element 13: 0 (u64)
  [14] Element 14: 0 (u64)
  [15] Element 15: 0 (u64)
[DEBUG sign_transaction_internal] Computing Poseidon2 hash with 16 elements
[DEBUG sign_transaction_internal] Transaction hash (40 bytes): 62fa2a132284e97da6b2c1d02cb80f1e82bddd3f81a7e58c8ecd40a8ba0f0f54112d6278f6431740
[DEBUG sign_transaction_internal] Transaction hash (first 8 bytes as u64): 9072928206199913058
[DEBUG sign_transaction_internal] Calling key_manager.sign() with hash: 
62fa2a132284e97da6b2c1d02cb80f1e82bddd3f81a7e58c8ecd40a8ba0f0f54112d6278f6431740
[DEBUG signer::sign] Starting signature generation
[DEBUG signer::sign] Message hash: 62fa2a132284e97da6b2c1d02cb80f1e82bddd3f81a7e58c8ecd40a8ba0f0f54112d6278f6431740
[DEBUG signer::sign] Generated random nonce: 6b789b6d5966666eef7c3250bd795206c2c53a0dd4cc10dbea2fa341d72acf1cfd3f924c28c6a730
[DEBUG signer::sign_with_fixed_nonce] Signing with fixed nonce
[DEBUG signer::sign_with_fixed_nonce] Private key (first 16 bytes): 79699d9819553fc6eee1b5e50af049d7...
[DEBUG signer::sign_with_fixed_nonce] Calling crypto::schnorr::sign_with_nonce
[DEBUG crypto::sign_with_nonce] ========================================
[DEBUG crypto::sign_with_nonce] Starting Schnorr signature
[DEBUG crypto::sign_with_nonce] Private key length: 40
[DEBUG crypto::sign_with_nonce] Message length: 40
[DEBUG crypto::sign_with_nonce] Nonce bytes length: 40
[DEBUG crypto::sign_with_nonce] Message hash: 62fa2a132284e97da6b2c1d02cb80f1e82bddd3f81a7e58c8ecd40a8ba0f0f54112d6278f6431740
[DEBUG crypto::sign_with_nonce] Nonce bytes: 6b789b6d5966666eef7c3250bd795206c2c53a0dd4cc10dbea2fa341d72acf1cfd3f924c28c6a730
[DEBUG crypto::sign_with_nonce] Private key converted to scalar
[DEBUG crypto::sign_with_nonce] Nonce converted to scalar
[DEBUG crypto::sign_with_nonce] Message converted to Fp5Element
[DEBUG crypto::sign_with_nonce] Step 1: Computing R = nonce * G
[DEBUG crypto::sign_with_nonce] R encoded (full 40 bytes): aac023aadd55f8bb6bb00b78dc73d440b6813d9a915c52b8fcba9b679a152b44cbefe7a7fc8b9de1
[DEBUG crypto::sign_with_nonce] R Fp5 elements:
  R[0] = 13544670289847369898 (u64)
  R[1] = 4671486104234078315 (u64)
  R[2] = 13281780031496749494 (u64)
  R[3] = 4912043571485063932 (u64)
  R[4] = 16257304147142373323 (u64)
[DEBUG crypto::sign_with_nonce] Step 2: Computing challenge e = H(R || message)
[DEBUG crypto::sign_with_nonce] Pre-image prepared (10 elements):
  PreImage[0] = 13544670289847369898 (u64)
  PreImage[1] = 4671486104234078315 (u64)
  PreImage[2] = 13281780031496749494 (u64)
  PreImage[3] = 4912043571485063932 (u64)
  PreImage[4] = 16257304147142373323 (u64)
  PreImage[5] = 9072928206199913058 (u64)
  PreImage[6] = 2166152448408924838 (u64)
  PreImage[7] = 10152705108540767618 (u64)
  PreImage[8] = 6057077318197759374 (u64)
  PreImage[9] = 4618234668752448785 (u64)
[DEBUG crypto::sign_with_nonce] Challenge e computed (40 bytes): 987348126801799f12b71e771c2f237888df86a35982700c80e6d3e3ac8714e60f0f3480069a035c
[DEBUG crypto::sign_with_nonce] Challenge e (first 8 bytes as u64): 11491217470707495832
[DEBUG crypto::sign_with_nonce] Step 3: Computing s = nonce - e * private_key
[DEBUG crypto::sign_with_nonce] Response s computed (40 bytes): 75a8a22252532e1da821182990d5073196d2db9913f4dac9c4ee4f3421d60aa508289a367ad52069
[DEBUG crypto::sign_with_nonce] Response s (first 8 bytes as u64): 2102709688262109301
[DEBUG crypto::sign_with_nonce] Step 4: Assembling signature (s || e)
[DEBUG crypto::sign_with_nonce] Final signature: 75a8a22252532e1da821182990d5073196d2db9913f4dac9c4ee4f3421d60aa508289a367ad52069987348126801799f12b71e
771c2f237888df86a35982700c80e6d3e3ac8714e60f0f3480069a035c
[DEBUG crypto::sign_with_nonce] ========================================
[DEBUG signer::sign_with_fixed_nonce] Signature from crypto: 75a8a22252532e1da821182990d5073196d2db9913f4dac9c4ee4f3421d60aa508289a367ad520699873481268
01799f12b71e771c2f237888df86a35982700c80e6d3e3ac8714e60f0f3480069a035c (length: 80)
[DEBUG signer::sign_with_fixed_nonce] Final signature: 75a8a22252532e1da821182990d5073196d2db9913f4dac9c4ee4f3421d60aa508289a367ad52069987348126801799f
12b71e771c2f237888df86a35982700c80e6d3e3ac8714e60f0f3480069a035c
[DEBUG sign_transaction_internal] Signature returned (80 bytes): 75a8a22252532e1da821182990d5073196d2db9913f4dac9c4ee4f3421d60aa508289a367ad52069987348
126801799f12b71e771c2f237888df86a35982700c80e6d3e3ac8714e60f0f3480069a035c
[DEBUG sign_transaction_internal] Signature s (first 40 bytes): 75a8a22252532e1da821182990d5073196d2db9913f4dac9c4ee4f3421d60aa508289a367ad52069
[DEBUG sign_transaction_internal] Signature e (last 40 bytes): 987348126801799f12b71e771c2f237888df86a35982700c80e6d3e3ac8714e60f0f3480069a035c
[DEBUG create_order] Signature generated: 75a8a22252532e1da821182990d5073196d2db9913f4dac9c4ee4f3421d60aa508289a367ad52069987348126801799f12b71e771c2f2
37888df86a35982700c80e6d3e3ac8714e60f0f3480069a035c (length: 80)
[DEBUG create_order] Signature (base64): daiiIlJTLh2oIRgpkNUHMZbS25kT9NrJxO5PNCHWCqUIKJo2etUgaZhzSBJoAXmfErcedxwvI3iI34ajWYJwDIDm0+OshxTmDw80gAaaA1w=
[DEBUG create_order] Final transaction JSON: {"AccountIndex":237600,"ApiKeyIndex":4,"BaseAmount":1000,"ClientOrderIndex":1763069202969,"ExpiredAt":1763
069829398,"IsAsk":0,"MarketIndex":0,"Nonce":964,"OrderExpiry":0,"Price":500000000,"ReduceOnly":0,"Sig":"daiiIlJTLh2oIRgpkNUHMZbS25kT9NrJxO5PNCHWCqUIKJo
2etUgaZhzSBJoAXmfErcedxwvI3iI34ajWYJwDIDm0+OshxTmDw80gAaaA1w=","TimeInForce":0,"TriggerPrice":0,"Type":1}
[DEBUG create_order] Sending to: https://mainnet.zklighter.elliot.ai/api/v1/sendTx
[DEBUG create_order] Response status: 200 OK, body: {"code":200,"message":"{\"ratelimit\": \"didn't use volume 
quota\"}","tx_hash":"62fa2a132284e97da6b2c1d02cb80f1e82bddd3f81a7e58c8ecd40a8ba0f0f54112d6278f6431740","predicted_execution_time_ms":1763069229615}
[DEBUG create_order] ÔòÉÔòÉÔòÉÔòÉÔòÉÔòÉÔòÉÔòÉÔòÉÔòÉÔòÉÔòÉÔòÉÔòÉÔòÉÔòÉÔòÉÔòÉÔòÉÔòÉÔòÉÔòÉÔòÉÔòÉÔòÉÔòÉÔòÉÔòÉÔòÉÔòÉÔòÉÔòÉÔòÉÔòÉÔòÉÔòÉÔòÉÔòÉÔòÉÔòÉ
[DEBUG create_order] API RESPONSE RECEIVED
[DEBUG create_order] ÔòÉÔòÉÔòÉÔòÉÔòÉÔòÉÔòÉÔòÉÔòÉÔòÉÔòÉÔòÉÔòÉÔòÉÔòÉÔòÉÔòÉÔòÉÔòÉÔòÉÔòÉÔòÉÔòÉÔòÉÔòÉÔòÉÔòÉÔòÉÔòÉÔòÉÔòÉÔòÉÔòÉÔòÉÔòÉÔòÉÔòÉÔòÉÔòÉÔòÉ
[DEBUG create_order] Response code: 200
[DEBUG create_order] Response message: {"ratelimit": "didn't use volume quota"}
[DEBUG create_order] Nonce used: 964
[DEBUG create_order] Ô£àÔ£àÔ£à SUCCESS Ô£àÔ£àÔ£à - Transaction succeeded with nonce 964
[DEBUG create_order] ÔòÉÔòÉÔòÉÔòÉÔòÉÔòÉÔòÉÔòÉÔòÉÔòÉÔòÉÔòÉÔòÉÔòÉÔòÉÔòÉÔòÉÔòÉÔòÉÔòÉÔòÉÔòÉÔòÉÔòÉÔòÉÔòÉÔòÉÔòÉÔòÉÔòÉÔòÉÔòÉÔòÉÔòÉÔòÉÔòÉÔòÉÔòÉÔòÉÔòÉ
[DEBUG create_order] SUCCESSFUL SIGNATURE - SAVE THIS FOR COMPARISON
[DEBUG create_order] ÔòÉÔòÉÔòÉÔòÉÔòÉÔòÉÔòÉÔòÉÔòÉÔòÉÔòÉÔòÉÔòÉÔòÉÔòÉÔòÉÔòÉÔòÉÔòÉÔòÉÔòÉÔòÉÔòÉÔòÉÔòÉÔòÉÔòÉÔòÉÔòÉÔòÉÔòÉÔòÉÔòÉÔòÉÔòÉÔòÉÔòÉÔòÉÔòÉÔòÉ
[DEBUG create_order] ========================================

[10/100] Sending order (nonce managed internally)
[DEBUG create_order] ========================================
[DEBUG create_order] Starting order creation for client_order_index: 1763069202970
[DEBUG get_next_nonce_from_cache] Fetching nonce from API
[DEBUG fetch_nonce_from_api] Requesting nonce from: https://mainnet.zklighter.elliot.ai/api/v1/nextNonce?account_index=237600&api_key_index=4
[DEBUG fetch_nonce_from_api] Received nonce: 965
[DEBUG get_next_nonce_from_cache] Fetched nonce from API: 965
[DEBUG create_order] ========================================
[DEBUG create_order] Order: client_order_index=1763069202970
[DEBUG create_order] Nonce obtained: 965
[DEBUG create_order] ÔòÉÔòÉÔòÉÔòÉÔòÉÔòÉÔòÉÔòÉÔòÉÔòÉÔòÉÔòÉÔòÉÔòÉÔòÉÔòÉÔòÉÔòÉÔòÉÔòÉÔòÉÔòÉÔòÉÔòÉÔòÉÔòÉÔòÉÔòÉÔòÉÔòÉÔòÉÔòÉÔòÉÔòÉÔòÉÔòÉÔòÉÔòÉÔòÉÔòÉ
[DEBUG create_order] STARTING SIGNATURE COMPUTATION
[DEBUG create_order] ÔòÉÔòÉÔòÉÔòÉÔòÉÔòÉÔòÉÔòÉÔòÉÔòÉÔòÉÔòÉÔòÉÔòÉÔòÉÔòÉÔòÉÔòÉÔòÉÔòÉÔòÉÔòÉÔòÉÔòÉÔòÉÔòÉÔòÉÔòÉÔòÉÔòÉÔòÉÔòÉÔòÉÔòÉÔòÉÔòÉÔòÉÔòÉÔòÉÔòÉ
[DEBUG create_order] Timestamp: now=1763069233700, expired_at=1763069832700
[DEBUG create_order] Transaction JSON (before signing): {"AccountIndex":237600,"ApiKeyIndex":4,"BaseAmount":1000,"ClientOrderIndex":1763069202970,"Expi
redAt":1763069832700,"IsAsk":0,"MarketIndex":0,"Nonce":965,"OrderExpiry":0,"Price":500000000,"ReduceOnly":0,"Sig":"","TimeInForce":0,"TriggerPrice":0,"
Type":1}
[DEBUG sign_transaction_internal] Starting signature computation
[DEBUG sign_transaction_internal] tx_type: 14
[DEBUG sign_transaction_internal] Extracted fields:
  chain_id: 304
  nonce: 965
  expired_at: 1763069832700
  account_index: 237600
  api_key_index: 4
[DEBUG sign_transaction_internal] CREATE_ORDER fields:
  market_index: 0
  client_order_index: 1763069202970
  base_amount: 1000
  price: 500000000
  is_ask: 0
  order_type: 1
  time_in_force: 0
  reduce_only: 0
  trigger_price: 0
  order_expiry: 0
[DEBUG sign_transaction_internal] Hash input elements count: 16
[DEBUG sign_transaction_internal] Hash input elements:
  [0] Element 0: 304 (u64)
  [1] Element 1: 14 (u64)
  [2] Element 2: 965 (u64)
  [3] Element 3: 1763069832700 (u64)
  [4] Element 4: 237600 (u64)
  [5] Element 5: 4 (u64)
  [6] Element 6: 0 (u64)
  [7] Element 7: 1763069202970 (u64)
  [8] Element 8: 1000 (u64)
  [9] Element 9: 500000000 (u64)
  [10] Element 10: 0 (u64)
  [11] Element 11: 1 (u64)
  [12] Element 12: 0 (u64)
  [13] Element 13: 0 (u64)
  [14] Element 14: 0 (u64)
  [15] Element 15: 0 (u64)
[DEBUG sign_transaction_internal] Computing Poseidon2 hash with 16 elements
[DEBUG sign_transaction_internal] Transaction hash (40 bytes): 0e1681981608571a4d8663c5199d780c0f12786bcc13243861601424a4226264210b81eb0b6b6b4d
[DEBUG sign_transaction_internal] Transaction hash (first 8 bytes as u64): 1897994661100852750
[DEBUG sign_transaction_internal] Calling key_manager.sign() with hash: 
0e1681981608571a4d8663c5199d780c0f12786bcc13243861601424a4226264210b81eb0b6b6b4d
[DEBUG signer::sign] Starting signature generation
[DEBUG signer::sign] Message hash: 0e1681981608571a4d8663c5199d780c0f12786bcc13243861601424a4226264210b81eb0b6b6b4d
[DEBUG signer::sign] Generated random nonce: 1378f87d205b82b6b3d31e3f3be297ec3c3165a42d64ca189e05b887b68488a4f06d07f3837136d1
[DEBUG signer::sign_with_fixed_nonce] Signing with fixed nonce
[DEBUG signer::sign_with_fixed_nonce] Private key (first 16 bytes): 79699d9819553fc6eee1b5e50af049d7...
[DEBUG signer::sign_with_fixed_nonce] Calling crypto::schnorr::sign_with_nonce
[DEBUG crypto::sign_with_nonce] ========================================
[DEBUG crypto::sign_with_nonce] Starting Schnorr signature
[DEBUG crypto::sign_with_nonce] Private key length: 40
[DEBUG crypto::sign_with_nonce] Message length: 40
[DEBUG crypto::sign_with_nonce] Nonce bytes length: 40
[DEBUG crypto::sign_with_nonce] Message hash: 0e1681981608571a4d8663c5199d780c0f12786bcc13243861601424a4226264210b81eb0b6b6b4d
[DEBUG crypto::sign_with_nonce] Nonce bytes: 1378f87d205b82b6b3d31e3f3be297ec3c3165a42d64ca189e05b887b68488a4f06d07f3837136d1
[DEBUG crypto::sign_with_nonce] Private key converted to scalar
[DEBUG crypto::sign_with_nonce] Nonce converted to scalar
[DEBUG crypto::sign_with_nonce] Message converted to Fp5Element
[DEBUG crypto::sign_with_nonce] Step 1: Computing R = nonce * G
[DEBUG crypto::sign_with_nonce] R encoded (full 40 bytes): 64c28bae7b4bb18a00f438a2fde7a28e2c24b0748c7d5bf8a4a3084212bd4292ea12475995a6cbf9
[DEBUG crypto::sign_with_nonce] R Fp5 elements:
  R[0] = 9993852042693296740 (u64)
  R[1] = 10278032376147276800 (u64)
  R[2] = 17896035586493391916 (u64)
  R[3] = 10539193964115305380 (u64)
  R[4] = 17999663496094487274 (u64)
[DEBUG crypto::sign_with_nonce] Step 2: Computing challenge e = H(R || message)
[DEBUG crypto::sign_with_nonce] Pre-image prepared (10 elements):
  PreImage[0] = 9993852042693296740 (u64)
  PreImage[1] = 10278032376147276800 (u64)
  PreImage[2] = 17896035586493391916 (u64)
  PreImage[3] = 10539193964115305380 (u64)
  PreImage[4] = 17999663496094487274 (u64)
  PreImage[5] = 1897994661100852750 (u64)
  PreImage[6] = 898640859671791181 (u64)
  PreImage[7] = 4045380133982835215 (u64)
  PreImage[8] = 7233382039885733985 (u64)
  PreImage[9] = 5578670262368406305 (u64)
[DEBUG crypto::sign_with_nonce] Challenge e computed (40 bytes): 336080dc3b8822a65f57994f0a4eead3eaaa590788c4a04bda3ffaf087861f1139f4c6401762cb15
[DEBUG crypto::sign_with_nonce] Challenge e (first 8 bytes as u64): 11971280550188048435
[DEBUG crypto::sign_with_nonce] Step 3: Computing s = nonce - e * private_key
[DEBUG crypto::sign_with_nonce] Response s computed (40 bytes): b39517bb59541c744dd8597fecfe60a3899e15beb5a8a016f97a6059f929007d8a419dbf6e2b84a0
[DEBUG crypto::sign_with_nonce] Response s (first 8 bytes as u64): 8366654952115246515
[DEBUG crypto::sign_with_nonce] Step 4: Assembling signature (s || e)
[DEBUG crypto::sign_with_nonce] Final signature: b39517bb59541c744dd8597fecfe60a3899e15beb5a8a016f97a6059f929007d8a419dbf6e2b84a0336080dc3b8822a65f5799
4f0a4eead3eaaa590788c4a04bda3ffaf087861f1139f4c6401762cb15
[DEBUG crypto::sign_with_nonce] ========================================
[DEBUG signer::sign_with_fixed_nonce] Signature from crypto: b39517bb59541c744dd8597fecfe60a3899e15beb5a8a016f97a6059f929007d8a419dbf6e2b84a0336080dc3b
8822a65f57994f0a4eead3eaaa590788c4a04bda3ffaf087861f1139f4c6401762cb15 (length: 80)
[DEBUG signer::sign_with_fixed_nonce] Final signature: b39517bb59541c744dd8597fecfe60a3899e15beb5a8a016f97a6059f929007d8a419dbf6e2b84a0336080dc3b8822a6
5f57994f0a4eead3eaaa590788c4a04bda3ffaf087861f1139f4c6401762cb15
[DEBUG sign_transaction_internal] Signature returned (80 bytes): b39517bb59541c744dd8597fecfe60a3899e15beb5a8a016f97a6059f929007d8a419dbf6e2b84a0336080
dc3b8822a65f57994f0a4eead3eaaa590788c4a04bda3ffaf087861f1139f4c6401762cb15
[DEBUG sign_transaction_internal] Signature s (first 40 bytes): b39517bb59541c744dd8597fecfe60a3899e15beb5a8a016f97a6059f929007d8a419dbf6e2b84a0
[DEBUG sign_transaction_internal] Signature e (last 40 bytes): 336080dc3b8822a65f57994f0a4eead3eaaa590788c4a04bda3ffaf087861f1139f4c6401762cb15
[DEBUG create_order] Signature generated: b39517bb59541c744dd8597fecfe60a3899e15beb5a8a016f97a6059f929007d8a419dbf6e2b84a0336080dc3b8822a65f57994f0a4ee
ad3eaaa590788c4a04bda3ffaf087861f1139f4c6401762cb15 (length: 80)
[DEBUG create_order] Signature (base64): s5UXu1lUHHRN2Fl/7P5go4meFb61qKAW+XpgWfkpAH2KQZ2/biuEoDNggNw7iCKmX1eZTwpO6tPqqlkHiMSgS9o/+vCHhh8ROfTGQBdiyxU=
[DEBUG create_order] Final transaction JSON: {"AccountIndex":237600,"ApiKeyIndex":4,"BaseAmount":1000,"ClientOrderIndex":1763069202970,"ExpiredAt":1763
069832700,"IsAsk":0,"MarketIndex":0,"Nonce":965,"OrderExpiry":0,"Price":500000000,"ReduceOnly":0,"Sig":"s5UXu1lUHHRN2Fl/7P5go4meFb61qKAW+XpgWfkpAH2KQZ2
/biuEoDNggNw7iCKmX1eZTwpO6tPqqlkHiMSgS9o/+vCHhh8ROfTGQBdiyxU=","TimeInForce":0,"TriggerPrice":0,"Type":1}
[DEBUG create_order] Sending to: https://mainnet.zklighter.elliot.ai/api/v1/sendTx
[DEBUG create_order] Response status: 400 Bad Request, body: {"code":21120,"message":"invalid signature"}
[DEBUG create_order] ÔòÉÔòÉÔòÉÔòÉÔòÉÔòÉÔòÉÔòÉÔòÉÔòÉÔòÉÔòÉÔòÉÔòÉÔòÉÔòÉÔòÉÔòÉÔòÉÔòÉÔòÉÔòÉÔòÉÔòÉÔòÉÔòÉÔòÉÔòÉÔòÉÔòÉÔòÉÔòÉÔòÉÔòÉÔòÉÔòÉÔòÉÔòÉÔòÉÔòÉ
[DEBUG create_order] API RESPONSE RECEIVED
[DEBUG create_order] ÔòÉÔòÉÔòÉÔòÉÔòÉÔòÉÔòÉÔòÉÔòÉÔòÉÔòÉÔòÉÔòÉÔòÉÔòÉÔòÉÔòÉÔòÉÔòÉÔòÉÔòÉÔòÉÔòÉÔòÉÔòÉÔòÉÔòÉÔòÉÔòÉÔòÉÔòÉÔòÉÔòÉÔòÉÔòÉÔòÉÔòÉÔòÉÔòÉÔòÉ
[DEBUG create_order] Response code: 21120
[DEBUG create_order] Response message: invalid signature
[DEBUG create_order] Nonce used: 965
[DEBUG create_order] ÔØîÔØîÔØî INVALID SIGNATURE ERROR ÔØîÔØîÔØî (code 21120) - Nonce used: 965
[DEBUG create_order] ÔòÉÔòÉÔòÉÔòÉÔòÉÔòÉÔòÉÔòÉÔòÉÔòÉÔòÉÔòÉÔòÉÔòÉÔòÉÔòÉÔòÉÔòÉÔòÉÔòÉÔòÉÔòÉÔòÉÔòÉÔòÉÔòÉÔòÉÔòÉÔòÉÔòÉÔòÉÔòÉÔòÉÔòÉÔòÉÔòÉÔòÉÔòÉÔòÉÔòÉ
[DEBUG create_order] FAILED SIGNATURE - COMPARE WITH SUCCESSFUL ONES
[DEBUG create_order] ÔòÉÔòÉÔòÉÔòÉÔòÉÔòÉÔòÉÔòÉÔòÉÔòÉÔòÉÔòÉÔòÉÔòÉÔòÉÔòÉÔòÉÔòÉÔòÉÔòÉÔòÉÔòÉÔòÉÔòÉÔòÉÔòÉÔòÉÔòÉÔòÉÔòÉÔòÉÔòÉÔòÉÔòÉÔòÉÔòÉÔòÉÔòÉÔòÉÔòÉ
[DEBUG create_order] This could be nonce sync issue or signature computation issue
[DEBUG fetch_nonce_from_api] Requesting nonce from: https://mainnet.zklighter.elliot.ai/api/v1/nextNonce?account_index=237600&api_key_index=4
[DEBUG fetch_nonce_from_api] Received nonce: 965
[DEBUG refresh_nonce_cache] Refreshed nonce: 965
  ÔØî [10] INVALID SIGNATURE (Code: 21120) - Check debug logs for nonce

[DEBUG create_order] ========================================
[DEBUG create_order] ========================================
[DEBUG create_order] Starting order creation for client_order_index: 1763069202971
[DEBUG get_next_nonce_from_cache] Fetching nonce from API
[DEBUG fetch_nonce_from_api] Requesting nonce from: https://mainnet.zklighter.elliot.ai/api/v1/nextNonce?account_index=237600&api_key_index=4
[DEBUG fetch_nonce_from_api] Received nonce: 965
[DEBUG get_next_nonce_from_cache] Fetched nonce from API: 965
[DEBUG create_order] ========================================
[DEBUG create_order] Order: client_order_index=1763069202971
[DEBUG create_order] Nonce obtained: 965
[DEBUG create_order] ÔòÉÔòÉÔòÉÔòÉÔòÉÔòÉÔòÉÔòÉÔòÉÔòÉÔòÉÔòÉÔòÉÔòÉÔòÉÔòÉÔòÉÔòÉÔòÉÔòÉÔòÉÔòÉÔòÉÔòÉÔòÉÔòÉÔòÉÔòÉÔòÉÔòÉÔòÉÔòÉÔòÉÔòÉÔòÉÔòÉÔòÉÔòÉÔòÉÔòÉ
[DEBUG create_order] STARTING SIGNATURE COMPUTATION
[DEBUG create_order] ÔòÉÔòÉÔòÉÔòÉÔòÉÔòÉÔòÉÔòÉÔòÉÔòÉÔòÉÔòÉÔòÉÔòÉÔòÉÔòÉÔòÉÔòÉÔòÉÔòÉÔòÉÔòÉÔòÉÔòÉÔòÉÔòÉÔòÉÔòÉÔòÉÔòÉÔòÉÔòÉÔòÉÔòÉÔòÉÔòÉÔòÉÔòÉÔòÉÔòÉ
[DEBUG create_order] Timestamp: now=1763069237127, expired_at=1763069836127
[DEBUG create_order] Transaction JSON (before signing): {"AccountIndex":237600,"ApiKeyIndex":4,"BaseAmount":1000,"ClientOrderIndex":1763069202971,"Expi
redAt":1763069836127,"IsAsk":0,"MarketIndex":0,"Nonce":965,"OrderExpiry":0,"Price":500000000,"ReduceOnly":0,"Sig":"","TimeInForce":0,"TriggerPrice":0,"
Type":1}
[DEBUG sign_transaction_internal] Starting signature computation
[DEBUG sign_transaction_internal] tx_type: 14
[DEBUG sign_transaction_internal] Extracted fields:
  chain_id: 304
  nonce: 965
  expired_at: 1763069836127
  account_index: 237600
  api_key_index: 4
[DEBUG sign_transaction_internal] CREATE_ORDER fields:
  market_index: 0
  client_order_index: 1763069202971
  base_amount: 1000
  price: 500000000
  is_ask: 0
  order_type: 1
  time_in_force: 0
  reduce_only: 0
  trigger_price: 0
  order_expiry: 0
[DEBUG sign_transaction_internal] Hash input elements count: 16
[DEBUG sign_transaction_internal] Hash input elements:
  [0] Element 0: 304 (u64)
  [1] Element 1: 14 (u64)
  [2] Element 2: 965 (u64)
  [3] Element 3: 1763069836127 (u64)
  [4] Element 4: 237600 (u64)
  [5] Element 5: 4 (u64)
  [6] Element 6: 0 (u64)
  [7] Element 7: 1763069202971 (u64)
  [8] Element 8: 1000 (u64)
  [9] Element 9: 500000000 (u64)
  [10] Element 10: 0 (u64)
  [11] Element 11: 1 (u64)
  [12] Element 12: 0 (u64)
  [13] Element 13: 0 (u64)
  [14] Element 14: 0 (u64)
  [15] Element 15: 0 (u64)
[DEBUG sign_transaction_internal] Computing Poseidon2 hash with 16 elements
[DEBUG sign_transaction_internal] Transaction hash (40 bytes): ec74a06c7f1d353f7471ec105a44d4fcc940fbd22ee47b7d8f312287de31a3b8bb25e71478966bf5
[DEBUG sign_transaction_internal] Transaction hash (first 8 bytes as u64): 4554579031275631852
[DEBUG sign_transaction_internal] Calling key_manager.sign() with hash: 
ec74a06c7f1d353f7471ec105a44d4fcc940fbd22ee47b7d8f312287de31a3b8bb25e71478966bf5
[DEBUG signer::sign] Starting signature generation
[DEBUG signer::sign] Message hash: ec74a06c7f1d353f7471ec105a44d4fcc940fbd22ee47b7d8f312287de31a3b8bb25e71478966bf5
[DEBUG signer::sign] Generated random nonce: ceec0e55253f65ccc6775d616005174b18f95091d928ebaeb88821aa81552c64d9f2aead6e538775
[DEBUG signer::sign_with_fixed_nonce] Signing with fixed nonce
[DEBUG signer::sign_with_fixed_nonce] Private key (first 16 bytes): 79699d9819553fc6eee1b5e50af049d7...
[DEBUG signer::sign_with_fixed_nonce] Calling crypto::schnorr::sign_with_nonce
[DEBUG crypto::sign_with_nonce] ========================================
[DEBUG crypto::sign_with_nonce] Starting Schnorr signature
[DEBUG crypto::sign_with_nonce] Private key length: 40
[DEBUG crypto::sign_with_nonce] Message length: 40
[DEBUG crypto::sign_with_nonce] Nonce bytes length: 40
[DEBUG crypto::sign_with_nonce] Message hash: ec74a06c7f1d353f7471ec105a44d4fcc940fbd22ee47b7d8f312287de31a3b8bb25e71478966bf5
[DEBUG crypto::sign_with_nonce] Nonce bytes: ceec0e55253f65ccc6775d616005174b18f95091d928ebaeb88821aa81552c64d9f2aead6e538775
[DEBUG crypto::sign_with_nonce] Private key converted to scalar
[DEBUG crypto::sign_with_nonce] Nonce converted to scalar
[DEBUG crypto::sign_with_nonce] Message converted to Fp5Element
[DEBUG crypto::sign_with_nonce] Step 1: Computing R = nonce * G
[DEBUG crypto::sign_with_nonce] R encoded (full 40 bytes): 89e4bab01a6687a0a775974ea88d25d32512bb896f7be5a704aac9bb83db5e24c5fde6f9358824f4
[DEBUG crypto::sign_with_nonce] R Fp5 elements:
  R[0] = 11567326432744629385 (u64)
  R[1] = 15214722670153659815 (u64)
  R[2] = 12098211692983030309 (u64)
  R[3] = 2620773392013961732 (u64)
  R[4] = 17592335809823309253 (u64)
[DEBUG crypto::sign_with_nonce] Step 2: Computing challenge e = H(R || message)
[DEBUG crypto::sign_with_nonce] Pre-image prepared (10 elements):
  PreImage[0] = 11567326432744629385 (u64)
  PreImage[1] = 15214722670153659815 (u64)
  PreImage[2] = 12098211692983030309 (u64)
  PreImage[3] = 2620773392013961732 (u64)
  PreImage[4] = 17592335809823309253 (u64)
  PreImage[5] = 4554579031275631852 (u64)
  PreImage[6] = 18218261546242175348 (u64)
  PreImage[7] = 9042071566635712713 (u64)
  PreImage[8] = 13304532556002242959 (u64)
  PreImage[9] = 17684393804291319227 (u64)
[DEBUG crypto::sign_with_nonce] Challenge e computed (40 bytes): d3bd69de50071c588fdeb79961aad8045c992eb979371bc4af3981f58277e37d7354109fec8a884b
[DEBUG crypto::sign_with_nonce] Challenge e (first 8 bytes as u64): 6348957618595806675
[DEBUG crypto::sign_with_nonce] Step 3: Computing s = nonce - e * private_key
[DEBUG crypto::sign_with_nonce] Response s computed (40 bytes): 19086ceac7a30c9ce25a18324c4c93126d2ef5fdd6327cde04d0dac5395cacf843bdce0606f3c230
[DEBUG crypto::sign_with_nonce] Response s (first 8 bytes as u64): 11244542448664053785
[DEBUG crypto::sign_with_nonce] Step 4: Assembling signature (s || e)
[DEBUG crypto::sign_with_nonce] Final signature: 19086ceac7a30c9ce25a18324c4c93126d2ef5fdd6327cde04d0dac5395cacf843bdce0606f3c230d3bd69de50071c588fdeb7
9961aad8045c992eb979371bc4af3981f58277e37d7354109fec8a884b
[DEBUG crypto::sign_with_nonce] ========================================
[DEBUG signer::sign_with_fixed_nonce] Signature from crypto: 19086ceac7a30c9ce25a18324c4c93126d2ef5fdd6327cde04d0dac5395cacf843bdce0606f3c230d3bd69de50
071c588fdeb79961aad8045c992eb979371bc4af3981f58277e37d7354109fec8a884b (length: 80)
[DEBUG signer::sign_with_fixed_nonce] Final signature: 19086ceac7a30c9ce25a18324c4c93126d2ef5fdd6327cde04d0dac5395cacf843bdce0606f3c230d3bd69de50071c58
8fdeb79961aad8045c992eb979371bc4af3981f58277e37d7354109fec8a884b
[DEBUG sign_transaction_internal] Signature returned (80 bytes): 19086ceac7a30c9ce25a18324c4c93126d2ef5fdd6327cde04d0dac5395cacf843bdce0606f3c230d3bd69
de50071c588fdeb79961aad8045c992eb979371bc4af3981f58277e37d7354109fec8a884b
[DEBUG sign_transaction_internal] Signature s (first 40 bytes): 19086ceac7a30c9ce25a18324c4c93126d2ef5fdd6327cde04d0dac5395cacf843bdce0606f3c230
[DEBUG sign_transaction_internal] Signature e (last 40 bytes): d3bd69de50071c588fdeb79961aad8045c992eb979371bc4af3981f58277e37d7354109fec8a884b
[DEBUG create_order] Signature generated: 19086ceac7a30c9ce25a18324c4c93126d2ef5fdd6327cde04d0dac5395cacf843bdce0606f3c230d3bd69de50071c588fdeb79961aad
8045c992eb979371bc4af3981f58277e37d7354109fec8a884b (length: 80)
[DEBUG create_order] Signature (base64): GQhs6sejDJziWhgyTEyTEm0u9f3WMnzeBNDaxTlcrPhDvc4GBvPCMNO9ad5QBxxYj963mWGq2ARcmS65eTcbxK85gfWCd+N9c1QQn+yKiEs=
[DEBUG create_order] Final transaction JSON: {"AccountIndex":237600,"ApiKeyIndex":4,"BaseAmount":1000,"ClientOrderIndex":1763069202971,"ExpiredAt":1763
069836127,"IsAsk":0,"MarketIndex":0,"Nonce":965,"OrderExpiry":0,"Price":500000000,"ReduceOnly":0,"Sig":"GQhs6sejDJziWhgyTEyTEm0u9f3WMnzeBNDaxTlcrPhDvc4
GBvPCMNO9ad5QBxxYj963mWGq2ARcmS65eTcbxK85gfWCd+N9c1QQn+yKiEs=","TimeInForce":0,"TriggerPrice":0,"Type":1}
[DEBUG create_order] Sending to: https://mainnet.zklighter.elliot.ai/api/v1/sendTx
[DEBUG create_order] Response status: 200 OK, body: {"code":200,"message":"{\"ratelimit\": \"694 volume quota remained\"}","tx_hash":"ec74a06c7f1d353f7
471ec105a44d4fcc940fbd22ee47b7d8f312287de31a3b8bb25e71478966bf5","predicted_execution_time_ms":1763069236346,"volume_quota_remaining":694}
[DEBUG create_order] ÔòÉÔòÉÔòÉÔòÉÔòÉÔòÉÔòÉÔòÉÔòÉÔòÉÔòÉÔòÉÔòÉÔòÉÔòÉÔòÉÔòÉÔòÉÔòÉÔòÉÔòÉÔòÉÔòÉÔòÉÔòÉÔòÉÔòÉÔòÉÔòÉÔòÉÔòÉÔòÉÔòÉÔòÉÔòÉÔòÉÔòÉÔòÉÔòÉÔòÉ
[DEBUG create_order] API RESPONSE RECEIVED
[DEBUG create_order] ÔòÉÔòÉÔòÉÔòÉÔòÉÔòÉÔòÉÔòÉÔòÉÔòÉÔòÉÔòÉÔòÉÔòÉÔòÉÔòÉÔòÉÔòÉÔòÉÔòÉÔòÉÔòÉÔòÉÔòÉÔòÉÔòÉÔòÉÔòÉÔòÉÔòÉÔòÉÔòÉÔòÉÔòÉÔòÉÔòÉÔòÉÔòÉÔòÉÔòÉ
[DEBUG create_order] Response code: 200
[DEBUG create_order] Response message: {"ratelimit": "694 volume quota remained"}
[DEBUG create_order] Nonce used: 965
[DEBUG create_order] Ô£àÔ£àÔ£à SUCCESS Ô£àÔ£àÔ£à - Transaction succeeded with nonce 965
[DEBUG create_order] ÔòÉÔòÉÔòÉÔòÉÔòÉÔòÉÔòÉÔòÉÔòÉÔòÉÔòÉÔòÉÔòÉÔòÉÔòÉÔòÉÔòÉÔòÉÔòÉÔòÉÔòÉÔòÉÔòÉÔòÉÔòÉÔòÉÔòÉÔòÉÔòÉÔòÉÔòÉÔòÉÔòÉÔòÉÔòÉÔòÉÔòÉÔòÉÔòÉÔòÉ
[DEBUG create_order] SUCCESSFUL SIGNATURE - SAVE THIS FOR COMPARISON
[DEBUG create_order] ÔòÉÔòÉÔòÉÔòÉÔòÉÔòÉÔòÉÔòÉÔòÉÔòÉÔòÉÔòÉÔòÉÔòÉÔòÉÔòÉÔòÉÔòÉÔòÉÔòÉÔòÉÔòÉÔòÉÔòÉÔòÉÔòÉÔòÉÔòÉÔòÉÔòÉÔòÉÔòÉÔòÉÔòÉÔòÉÔòÉÔòÉÔòÉÔòÉÔòÉ
[DEBUG create_order] ========================================

[DEBUG create_order] ========================================
[DEBUG create_order] Starting order creation for client_order_index: 1763069202972
[DEBUG get_next_nonce_from_cache] Fetching nonce from API
[DEBUG fetch_nonce_from_api] Requesting nonce from: https://mainnet.zklighter.elliot.ai/api/v1/nextNonce?account_index=237600&api_key_index=4
[DEBUG fetch_nonce_from_api] Received nonce: 966
[DEBUG get_next_nonce_from_cache] Fetched nonce from API: 966
[DEBUG create_order] ========================================
[DEBUG create_order] Order: client_order_index=1763069202972
[DEBUG create_order] Nonce obtained: 966
[DEBUG create_order] ÔòÉÔòÉÔòÉÔòÉÔòÉÔòÉÔòÉÔòÉÔòÉÔòÉÔòÉÔòÉÔòÉÔòÉÔòÉÔòÉÔòÉÔòÉÔòÉÔòÉÔòÉÔòÉÔòÉÔòÉÔòÉÔòÉÔòÉÔòÉÔòÉÔòÉÔòÉÔòÉÔòÉÔòÉÔòÉÔòÉÔòÉÔòÉÔòÉÔòÉ
[DEBUG create_order] STARTING SIGNATURE COMPUTATION
[DEBUG create_order] ÔòÉÔòÉÔòÉÔòÉÔòÉÔòÉÔòÉÔòÉÔòÉÔòÉÔòÉÔòÉÔòÉÔòÉÔòÉÔòÉÔòÉÔòÉÔòÉÔòÉÔòÉÔòÉÔòÉÔòÉÔòÉÔòÉÔòÉÔòÉÔòÉÔòÉÔòÉÔòÉÔòÉÔòÉÔòÉÔòÉÔòÉÔòÉÔòÉÔòÉ
[DEBUG create_order] Timestamp: now=1763069240424, expired_at=1763069839424
[DEBUG create_order] Transaction JSON (before signing): {"AccountIndex":237600,"ApiKeyIndex":4,"BaseAmount":1000,"ClientOrderIndex":1763069202972,"Expi
redAt":1763069839424,"IsAsk":0,"MarketIndex":0,"Nonce":966,"OrderExpiry":0,"Price":500000000,"ReduceOnly":0,"Sig":"","TimeInForce":0,"TriggerPrice":0,"
Type":1}
[DEBUG sign_transaction_internal] Starting signature computation
[DEBUG sign_transaction_internal] tx_type: 14
[DEBUG sign_transaction_internal] Extracted fields:
  chain_id: 304
  nonce: 966
  expired_at: 1763069839424
  account_index: 237600
  api_key_index: 4
[DEBUG sign_transaction_internal] CREATE_ORDER fields:
  market_index: 0
  client_order_index: 1763069202972
  base_amount: 1000
  price: 500000000
  is_ask: 0
  order_type: 1
  time_in_force: 0
  reduce_only: 0
  trigger_price: 0
  order_expiry: 0
[DEBUG sign_transaction_internal] Hash input elements count: 16
[DEBUG sign_transaction_internal] Hash input elements:
  [0] Element 0: 304 (u64)
  [1] Element 1: 14 (u64)
  [2] Element 2: 966 (u64)
  [3] Element 3: 1763069839424 (u64)
  [4] Element 4: 237600 (u64)
  [5] Element 5: 4 (u64)
  [6] Element 6: 0 (u64)
  [7] Element 7: 1763069202972 (u64)
  [8] Element 8: 1000 (u64)
  [9] Element 9: 500000000 (u64)
  [10] Element 10: 0 (u64)
  [11] Element 11: 1 (u64)
  [12] Element 12: 0 (u64)
  [13] Element 13: 0 (u64)
  [14] Element 14: 0 (u64)
  [15] Element 15: 0 (u64)
[DEBUG sign_transaction_internal] Computing Poseidon2 hash with 16 elements
[DEBUG sign_transaction_internal] Transaction hash (40 bytes): 3d9b9b4127af8237c45718e07e9f111501dfc7139ec2623686fe0056feab9cfb7a3296fe16689355
[DEBUG sign_transaction_internal] Transaction hash (first 8 bytes as u64): 3999952002197723965
[DEBUG sign_transaction_internal] Calling key_manager.sign() with hash: 
3d9b9b4127af8237c45718e07e9f111501dfc7139ec2623686fe0056feab9cfb7a3296fe16689355
[DEBUG signer::sign] Starting signature generation
[DEBUG signer::sign] Message hash: 3d9b9b4127af8237c45718e07e9f111501dfc7139ec2623686fe0056feab9cfb7a3296fe16689355
[DEBUG signer::sign] Generated random nonce: 9b1b67acbbdfcdb8d7b54198ab0919cca3af9a93a7e0e7d491c800a965ef8508291380977823b021
[DEBUG signer::sign_with_fixed_nonce] Signing with fixed nonce
[DEBUG signer::sign_with_fixed_nonce] Private key (first 16 bytes): 79699d9819553fc6eee1b5e50af049d7...
[DEBUG signer::sign_with_fixed_nonce] Calling crypto::schnorr::sign_with_nonce
[DEBUG crypto::sign_with_nonce] ========================================
[DEBUG crypto::sign_with_nonce] Starting Schnorr signature
[DEBUG crypto::sign_with_nonce] Private key length: 40
[DEBUG crypto::sign_with_nonce] Message length: 40
[DEBUG crypto::sign_with_nonce] Nonce bytes length: 40
[DEBUG crypto::sign_with_nonce] Message hash: 3d9b9b4127af8237c45718e07e9f111501dfc7139ec2623686fe0056feab9cfb7a3296fe16689355
[DEBUG crypto::sign_with_nonce] Nonce bytes: 9b1b67acbbdfcdb8d7b54198ab0919cca3af9a93a7e0e7d491c800a965ef8508291380977823b021
[DEBUG crypto::sign_with_nonce] Private key converted to scalar
[DEBUG crypto::sign_with_nonce] Nonce converted to scalar
[DEBUG crypto::sign_with_nonce] Message converted to Fp5Element
[DEBUG crypto::sign_with_nonce] Step 1: Computing R = nonce * G
[DEBUG crypto::sign_with_nonce] R encoded (full 40 bytes): 0b4a89cd13d2460768f0eae34b139f6f3c3d4b2f3bd859a483dad3aeafe73f880ae8ddd049617fd4
[DEBUG crypto::sign_with_nonce] R Fp5 elements:
  R[0] = 524337389129779723 (u64)
  R[1] = 8043168676174295144 (u64)
  R[2] = 11842734443855559996 (u64)
  R[3] = 9817820454429383299 (u64)
  R[4] = 15312064227747686410 (u64)
[DEBUG crypto::sign_with_nonce] Step 2: Computing challenge e = H(R || message)
[DEBUG crypto::sign_with_nonce] Pre-image prepared (10 elements):
  PreImage[0] = 524337389129779723 (u64)
  PreImage[1] = 8043168676174295144 (u64)
  PreImage[2] = 11842734443855559996 (u64)
  PreImage[3] = 9817820454429383299 (u64)
  PreImage[4] = 15312064227747686410 (u64)
  PreImage[5] = 3999952002197723965 (u64)
  PreImage[6] = 1518169916674955204 (u64)
  PreImage[7] = 3918908609958240001 (u64)
  PreImage[8] = 18130555308739722886 (u64)
  PreImage[9] = 6166386762770166394 (u64)
[DEBUG crypto::sign_with_nonce] Challenge e computed (40 bytes): 588c6c3d4c9c5d593372a1f2308b17b91bf8eb54d79a62828e8bcba6050214d694bfabaccbfade00
[DEBUG crypto::sign_with_nonce] Challenge e (first 8 bytes as u64): 6439474893471648856
[DEBUG crypto::sign_with_nonce] Step 3: Computing s = nonce - e * private_key
[DEBUG crypto::sign_with_nonce] Response s computed (40 bytes): 647dad0d405c4ef005b57a58fa87d6011fe2d39513c157f4011dafa274eb612ed62702e1c19d4630
[DEBUG crypto::sign_with_nonce] Response s (first 8 bytes as u64): 17315879047463271780
[DEBUG crypto::sign_with_nonce] Step 4: Assembling signature (s || e)
[DEBUG crypto::sign_with_nonce] Final signature: 647dad0d405c4ef005b57a58fa87d6011fe2d39513c157f4011dafa274eb612ed62702e1c19d4630588c6c3d4c9c5d593372a1
f2308b17b91bf8eb54d79a62828e8bcba6050214d694bfabaccbfade00
[DEBUG crypto::sign_with_nonce] ========================================
[DEBUG signer::sign_with_fixed_nonce] Signature from crypto: 647dad0d405c4ef005b57a58fa87d6011fe2d39513c157f4011dafa274eb612ed62702e1c19d4630588c6c3d4c
9c5d593372a1f2308b17b91bf8eb54d79a62828e8bcba6050214d694bfabaccbfade00 (length: 80)
[DEBUG signer::sign_with_fixed_nonce] Final signature: 647dad0d405c4ef005b57a58fa87d6011fe2d39513c157f4011dafa274eb612ed62702e1c19d4630588c6c3d4c9c5d59
3372a1f2308b17b91bf8eb54d79a62828e8bcba6050214d694bfabaccbfade00
[DEBUG sign_transaction_internal] Signature returned (80 bytes): 647dad0d405c4ef005b57a58fa87d6011fe2d39513c157f4011dafa274eb612ed62702e1c19d4630588c6c
3d4c9c5d593372a1f2308b17b91bf8eb54d79a62828e8bcba6050214d694bfabaccbfade00
[DEBUG sign_transaction_internal] Signature s (first 40 bytes): 647dad0d405c4ef005b57a58fa87d6011fe2d39513c157f4011dafa274eb612ed62702e1c19d4630
[DEBUG sign_transaction_internal] Signature e (last 40 bytes): 588c6c3d4c9c5d593372a1f2308b17b91bf8eb54d79a62828e8bcba6050214d694bfabaccbfade00
[DEBUG create_order] Signature generated: 647dad0d405c4ef005b57a58fa87d6011fe2d39513c157f4011dafa274eb612ed62702e1c19d4630588c6c3d4c9c5d593372a1f2308b1
7b91bf8eb54d79a62828e8bcba6050214d694bfabaccbfade00 (length: 80)
[DEBUG create_order] Signature (base64): ZH2tDUBcTvAFtXpY+ofWAR/i05UTwVf0AR2vonTrYS7WJwLhwZ1GMFiMbD1MnF1ZM3Kh8jCLF7kb+OtU15pigo6Ly6YFAhTWlL+rrMv63gA=
[DEBUG create_order] Final transaction JSON: {"AccountIndex":237600,"ApiKeyIndex":4,"BaseAmount":1000,"ClientOrderIndex":1763069202972,"ExpiredAt":1763
069839424,"IsAsk":0,"MarketIndex":0,"Nonce":966,"OrderExpiry":0,"Price":500000000,"ReduceOnly":0,"Sig":"ZH2tDUBcTvAFtXpY+ofWAR/i05UTwVf0AR2vonTrYS7WJwL
hwZ1GMFiMbD1MnF1ZM3Kh8jCLF7kb+OtU15pigo6Ly6YFAhTWlL+rrMv63gA=","TimeInForce":0,"TriggerPrice":0,"Type":1}
[DEBUG create_order] Sending to: https://mainnet.zklighter.elliot.ai/api/v1/sendTx
[DEBUG create_order] Response status: 200 OK, body: {"code":200,"message":"{\"ratelimit\": \"693 volume quota remained\"}","tx_hash":"3d9b9b4127af8237c
45718e07e9f111501dfc7139ec2623686fe0056feab9cfb7a3296fe16689355","predicted_execution_time_ms":1763069239640,"volume_quota_remaining":693}
[DEBUG create_order] ÔòÉÔòÉÔòÉÔòÉÔòÉÔòÉÔòÉÔòÉÔòÉÔòÉÔòÉÔòÉÔòÉÔòÉÔòÉÔòÉÔòÉÔòÉÔòÉÔòÉÔòÉÔòÉÔòÉÔòÉÔòÉÔòÉÔòÉÔòÉÔòÉÔòÉÔòÉÔòÉÔòÉÔòÉÔòÉÔòÉÔòÉÔòÉÔòÉÔòÉ
[DEBUG create_order] API RESPONSE RECEIVED
[DEBUG create_order] ÔòÉÔòÉÔòÉÔòÉÔòÉÔòÉÔòÉÔòÉÔòÉÔòÉÔòÉÔòÉÔòÉÔòÉÔòÉÔòÉÔòÉÔòÉÔòÉÔòÉÔòÉÔòÉÔòÉÔòÉÔòÉÔòÉÔòÉÔòÉÔòÉÔòÉÔòÉÔòÉÔòÉÔòÉÔòÉÔòÉÔòÉÔòÉÔòÉÔòÉ
[DEBUG create_order] Response code: 200
[DEBUG create_order] Response message: {"ratelimit": "693 volume quota remained"}
[DEBUG create_order] Nonce used: 966
[DEBUG create_order] Ô£àÔ£àÔ£à SUCCESS Ô£àÔ£àÔ£à - Transaction succeeded with nonce 966
[DEBUG create_order] ÔòÉÔòÉÔòÉÔòÉÔòÉÔòÉÔòÉÔòÉÔòÉÔòÉÔòÉÔòÉÔòÉÔòÉÔòÉÔòÉÔòÉÔòÉÔòÉÔòÉÔòÉÔòÉÔòÉÔòÉÔòÉÔòÉÔòÉÔòÉÔòÉÔòÉÔòÉÔòÉÔòÉÔòÉÔòÉÔòÉÔòÉÔòÉÔòÉÔòÉ
[DEBUG create_order] SUCCESSFUL SIGNATURE - SAVE THIS FOR COMPARISON
[DEBUG create_order] ÔòÉÔòÉÔòÉÔòÉÔòÉÔòÉÔòÉÔòÉÔòÉÔòÉÔòÉÔòÉÔòÉÔòÉÔòÉÔòÉÔòÉÔòÉÔòÉÔòÉÔòÉÔòÉÔòÉÔòÉÔòÉÔòÉÔòÉÔòÉÔòÉÔòÉÔòÉÔòÉÔòÉÔòÉÔòÉÔòÉÔòÉÔòÉÔòÉÔòÉ
[DEBUG create_order] ========================================

[DEBUG create_order] ========================================
[DEBUG create_order] Starting order creation for client_order_index: 1763069202973
[DEBUG get_next_nonce_from_cache] Fetching nonce from API
[DEBUG fetch_nonce_from_api] Requesting nonce from: https://mainnet.zklighter.elliot.ai/api/v1/nextNonce?account_index=237600&api_key_index=4
[DEBUG fetch_nonce_from_api] Received nonce: 967
[DEBUG get_next_nonce_from_cache] Fetched nonce from API: 967
[DEBUG create_order] ========================================
[DEBUG create_order] Order: client_order_index=1763069202973
[DEBUG create_order] Nonce obtained: 967
[DEBUG create_order] ÔòÉÔòÉÔòÉÔòÉÔòÉÔòÉÔòÉÔòÉÔòÉÔòÉÔòÉÔòÉÔòÉÔòÉÔòÉÔòÉÔòÉÔòÉÔòÉÔòÉÔòÉÔòÉÔòÉÔòÉÔòÉÔòÉÔòÉÔòÉÔòÉÔòÉÔòÉÔòÉÔòÉÔòÉÔòÉÔòÉÔòÉÔòÉÔòÉÔòÉ
[DEBUG create_order] STARTING SIGNATURE COMPUTATION
[DEBUG create_order] ÔòÉÔòÉÔòÉÔòÉÔòÉÔòÉÔòÉÔòÉÔòÉÔòÉÔòÉÔòÉÔòÉÔòÉÔòÉÔòÉÔòÉÔòÉÔòÉÔòÉÔòÉÔòÉÔòÉÔòÉÔòÉÔòÉÔòÉÔòÉÔòÉÔòÉÔòÉÔòÉÔòÉÔòÉÔòÉÔòÉÔòÉÔòÉÔòÉÔòÉ
[DEBUG create_order] Timestamp: now=1763069243716, expired_at=1763069842716
[DEBUG create_order] Transaction JSON (before signing): {"AccountIndex":237600,"ApiKeyIndex":4,"BaseAmount":1000,"ClientOrderIndex":1763069202973,"Expi
redAt":1763069842716,"IsAsk":0,"MarketIndex":0,"Nonce":967,"OrderExpiry":0,"Price":500000000,"ReduceOnly":0,"Sig":"","TimeInForce":0,"TriggerPrice":0,"
Type":1}
[DEBUG sign_transaction_internal] Starting signature computation
[DEBUG sign_transaction_internal] tx_type: 14
[DEBUG sign_transaction_internal] Extracted fields:
  chain_id: 304
  nonce: 967
  expired_at: 1763069842716
  account_index: 237600
  api_key_index: 4
[DEBUG sign_transaction_internal] CREATE_ORDER fields:
  market_index: 0
  client_order_index: 1763069202973
  base_amount: 1000
  price: 500000000
  is_ask: 0
  order_type: 1
  time_in_force: 0
  reduce_only: 0
  trigger_price: 0
  order_expiry: 0
[DEBUG sign_transaction_internal] Hash input elements count: 16
[DEBUG sign_transaction_internal] Hash input elements:
  [0] Element 0: 304 (u64)
  [1] Element 1: 14 (u64)
  [2] Element 2: 967 (u64)
  [3] Element 3: 1763069842716 (u64)
  [4] Element 4: 237600 (u64)
  [5] Element 5: 4 (u64)
  [6] Element 6: 0 (u64)
  [7] Element 7: 1763069202973 (u64)
  [8] Element 8: 1000 (u64)
  [9] Element 9: 500000000 (u64)
  [10] Element 10: 0 (u64)
  [11] Element 11: 1 (u64)
  [12] Element 12: 0 (u64)
  [13] Element 13: 0 (u64)
  [14] Element 14: 0 (u64)
  [15] Element 15: 0 (u64)
[DEBUG sign_transaction_internal] Computing Poseidon2 hash with 16 elements
[DEBUG sign_transaction_internal] Transaction hash (40 bytes): 7035f1e5e88aed2e208eaa2f256b93511f5451844244291eb5566cc30dab2a3bdf01e78e848c5bdc
[DEBUG sign_transaction_internal] Transaction hash (first 8 bytes as u64): 3381511628119946608
[DEBUG sign_transaction_internal] Calling key_manager.sign() with hash: 
7035f1e5e88aed2e208eaa2f256b93511f5451844244291eb5566cc30dab2a3bdf01e78e848c5bdc
[DEBUG signer::sign] Starting signature generation
[DEBUG signer::sign] Message hash: 7035f1e5e88aed2e208eaa2f256b93511f5451844244291eb5566cc30dab2a3bdf01e78e848c5bdc
[DEBUG signer::sign] Generated random nonce: d0bbfde2a4084a3c4b3b19c8e27400e4b2f42a4f16c439763b2e0115e925fc2ca91a68c24a73aa4f
[DEBUG signer::sign_with_fixed_nonce] Signing with fixed nonce
[DEBUG signer::sign_with_fixed_nonce] Private key (first 16 bytes): 79699d9819553fc6eee1b5e50af049d7...
[DEBUG signer::sign_with_fixed_nonce] Calling crypto::schnorr::sign_with_nonce
[DEBUG crypto::sign_with_nonce] ========================================
[DEBUG crypto::sign_with_nonce] Starting Schnorr signature
[DEBUG crypto::sign_with_nonce] Private key length: 40
[DEBUG crypto::sign_with_nonce] Message length: 40
[DEBUG crypto::sign_with_nonce] Nonce bytes length: 40
[DEBUG crypto::sign_with_nonce] Message hash: 7035f1e5e88aed2e208eaa2f256b93511f5451844244291eb5566cc30dab2a3bdf01e78e848c5bdc
[DEBUG crypto::sign_with_nonce] Nonce bytes: d0bbfde2a4084a3c4b3b19c8e27400e4b2f42a4f16c439763b2e0115e925fc2ca91a68c24a73aa4f
[DEBUG crypto::sign_with_nonce] Private key converted to scalar
[DEBUG crypto::sign_with_nonce] Nonce converted to scalar
[DEBUG crypto::sign_with_nonce] Message converted to Fp5Element
[DEBUG crypto::sign_with_nonce] Step 1: Computing R = nonce * G
[DEBUG crypto::sign_with_nonce] R encoded (full 40 bytes): 5013bb3e9ac5bf39c2e5c21b09c98bba19a76ce289b6261f9ad87927eab3a8904fcf0e441326aa5c
[DEBUG crypto::sign_with_nonce] R Fp5 elements:
  R[0] = 4161261846981710672 (u64)
  R[1] = 13442058553775023554 (u64)
  R[2] = 2244682167616317209 (u64)
  R[3] = 10423779155815028890 (u64)
  R[4] = 6677191261718237007 (u64)
[DEBUG crypto::sign_with_nonce] Step 2: Computing challenge e = H(R || message)
[DEBUG crypto::sign_with_nonce] Pre-image prepared (10 elements):
  PreImage[0] = 4161261846981710672 (u64)
  PreImage[1] = 13442058553775023554 (u64)
  PreImage[2] = 2244682167616317209 (u64)
  PreImage[3] = 10423779155815028890 (u64)
  PreImage[4] = 6677191261718237007 (u64)
  PreImage[5] = 3381511628119946608 (u64)
  PreImage[6] = 5878159746106297888 (u64)
  PreImage[7] = 2173343347661427743 (u64)
  PreImage[8] = 4263408072861177525 (u64)
  PreImage[9] = 15878439412185891295 (u64)
[DEBUG crypto::sign_with_nonce] Challenge e computed (40 bytes): e0aa384dfdad5287c21f1dc08b7607a94ecde3c8ffc31baf1f8d57a978977630373a3b2c28c7d850
[DEBUG crypto::sign_with_nonce] Challenge e (first 8 bytes as u64): 9751047446644435680
[DEBUG crypto::sign_with_nonce] Step 3: Computing s = nonce - e * private_key
[DEBUG crypto::sign_with_nonce] Response s computed (40 bytes): 7600b8b417404019ac90d7f6554c4084504f52842b28790ce9224ccd4004e599e128ec689878ea6e
[DEBUG crypto::sign_with_nonce] Response s (first 8 bytes as u64): 1819524720018063478
[DEBUG crypto::sign_with_nonce] Step 4: Assembling signature (s || e)
[DEBUG crypto::sign_with_nonce] Final signature: 7600b8b417404019ac90d7f6554c4084504f52842b28790ce9224ccd4004e599e128ec689878ea6ee0aa384dfdad5287c21f1d
c08b7607a94ecde3c8ffc31baf1f8d57a978977630373a3b2c28c7d850
[DEBUG crypto::sign_with_nonce] ========================================
[DEBUG signer::sign_with_fixed_nonce] Signature from crypto: 7600b8b417404019ac90d7f6554c4084504f52842b28790ce9224ccd4004e599e128ec689878ea6ee0aa384dfd
ad5287c21f1dc08b7607a94ecde3c8ffc31baf1f8d57a978977630373a3b2c28c7d850 (length: 80)
[DEBUG signer::sign_with_fixed_nonce] Final signature: 7600b8b417404019ac90d7f6554c4084504f52842b28790ce9224ccd4004e599e128ec689878ea6ee0aa384dfdad5287
c21f1dc08b7607a94ecde3c8ffc31baf1f8d57a978977630373a3b2c28c7d850
[DEBUG sign_transaction_internal] Signature returned (80 bytes): 7600b8b417404019ac90d7f6554c4084504f52842b28790ce9224ccd4004e599e128ec689878ea6ee0aa38
4dfdad5287c21f1dc08b7607a94ecde3c8ffc31baf1f8d57a978977630373a3b2c28c7d850
[DEBUG sign_transaction_internal] Signature s (first 40 bytes): 7600b8b417404019ac90d7f6554c4084504f52842b28790ce9224ccd4004e599e128ec689878ea6e
[DEBUG sign_transaction_internal] Signature e (last 40 bytes): e0aa384dfdad5287c21f1dc08b7607a94ecde3c8ffc31baf1f8d57a978977630373a3b2c28c7d850
[DEBUG create_order] Signature generated: 7600b8b417404019ac90d7f6554c4084504f52842b28790ce9224ccd4004e599e128ec689878ea6ee0aa384dfdad5287c21f1dc08b760
7a94ecde3c8ffc31baf1f8d57a978977630373a3b2c28c7d850 (length: 80)
[DEBUG create_order] Signature (base64): dgC4tBdAQBmskNf2VUxAhFBPUoQrKHkM6SJMzUAE5ZnhKOxomHjqbuCqOE39rVKHwh8dwIt2B6lOzePI/8Mbrx+NV6l4l3YwNzo7LCjH2FA=
[DEBUG create_order] Final transaction JSON: {"AccountIndex":237600,"ApiKeyIndex":4,"BaseAmount":1000,"ClientOrderIndex":1763069202973,"ExpiredAt":1763
069842716,"IsAsk":0,"MarketIndex":0,"Nonce":967,"OrderExpiry":0,"Price":500000000,"ReduceOnly":0,"Sig":"dgC4tBdAQBmskNf2VUxAhFBPUoQrKHkM6SJMzUAE5ZnhKOx
omHjqbuCqOE39rVKHwh8dwIt2B6lOzePI/8Mbrx+NV6l4l3YwNzo7LCjH2FA=","TimeInForce":0,"TriggerPrice":0,"Type":1}
[DEBUG create_order] Sending to: https://mainnet.zklighter.elliot.ai/api/v1/sendTx
[DEBUG create_order] Response status: 200 OK, body: {"code":200,"message":"{\"ratelimit\": \"692 volume quota remained\"}","tx_hash":"7035f1e5e88aed2e2
08eaa2f256b93511f5451844244291eb5566cc30dab2a3bdf01e78e848c5bdc","predicted_execution_time_ms":1763069242933,"volume_quota_remaining":692}
[DEBUG create_order] ÔòÉÔòÉÔòÉÔòÉÔòÉÔòÉÔòÉÔòÉÔòÉÔòÉÔòÉÔòÉÔòÉÔòÉÔòÉÔòÉÔòÉÔòÉÔòÉÔòÉÔòÉÔòÉÔòÉÔòÉÔòÉÔòÉÔòÉÔòÉÔòÉÔòÉÔòÉÔòÉÔòÉÔòÉÔòÉÔòÉÔòÉÔòÉÔòÉÔòÉ
[DEBUG create_order] API RESPONSE RECEIVED
[DEBUG create_order] ÔòÉÔòÉÔòÉÔòÉÔòÉÔòÉÔòÉÔòÉÔòÉÔòÉÔòÉÔòÉÔòÉÔòÉÔòÉÔòÉÔòÉÔòÉÔòÉÔòÉÔòÉÔòÉÔòÉÔòÉÔòÉÔòÉÔòÉÔòÉÔòÉÔòÉÔòÉÔòÉÔòÉÔòÉÔòÉÔòÉÔòÉÔòÉÔòÉÔòÉ
[DEBUG create_order] Response code: 200
[DEBUG create_order] Response message: {"ratelimit": "692 volume quota remained"}
[DEBUG create_order] Nonce used: 967
[DEBUG create_order] Ô£àÔ£àÔ£à SUCCESS Ô£àÔ£àÔ£à - Transaction succeeded with nonce 967
[DEBUG create_order] ÔòÉÔòÉÔòÉÔòÉÔòÉÔòÉÔòÉÔòÉÔòÉÔòÉÔòÉÔòÉÔòÉÔòÉÔòÉÔòÉÔòÉÔòÉÔòÉÔòÉÔòÉÔòÉÔòÉÔòÉÔòÉÔòÉÔòÉÔòÉÔòÉÔòÉÔòÉÔòÉÔòÉÔòÉÔòÉÔòÉÔòÉÔòÉÔòÉÔòÉ
[DEBUG create_order] SUCCESSFUL SIGNATURE - SAVE THIS FOR COMPARISON
[DEBUG create_order] ÔòÉÔòÉÔòÉÔòÉÔòÉÔòÉÔòÉÔòÉÔòÉÔòÉÔòÉÔòÉÔòÉÔòÉÔòÉÔòÉÔòÉÔòÉÔòÉÔòÉÔòÉÔòÉÔòÉÔòÉÔòÉÔòÉÔòÉÔòÉÔòÉÔòÉÔòÉÔòÉÔòÉÔòÉÔòÉÔòÉÔòÉÔòÉÔòÉÔòÉ
[DEBUG create_order] ========================================

[DEBUG create_order] ========================================
[DEBUG create_order] Starting order creation for client_order_index: 1763069202974
[DEBUG get_next_nonce_from_cache] Fetching nonce from API
[DEBUG fetch_nonce_from_api] Requesting nonce from: https://mainnet.zklighter.elliot.ai/api/v1/nextNonce?account_index=237600&api_key_index=4
[DEBUG fetch_nonce_from_api] Received nonce: 968
[DEBUG get_next_nonce_from_cache] Fetched nonce from API: 968
[DEBUG create_order] ========================================
[DEBUG create_order] Order: client_order_index=1763069202974
[DEBUG create_order] Nonce obtained: 968
[DEBUG create_order] ÔòÉÔòÉÔòÉÔòÉÔòÉÔòÉÔòÉÔòÉÔòÉÔòÉÔòÉÔòÉÔòÉÔòÉÔòÉÔòÉÔòÉÔòÉÔòÉÔòÉÔòÉÔòÉÔòÉÔòÉÔòÉÔòÉÔòÉÔòÉÔòÉÔòÉÔòÉÔòÉÔòÉÔòÉÔòÉÔòÉÔòÉÔòÉÔòÉÔòÉ
[DEBUG create_order] STARTING SIGNATURE COMPUTATION
[DEBUG create_order] ÔòÉÔòÉÔòÉÔòÉÔòÉÔòÉÔòÉÔòÉÔòÉÔòÉÔòÉÔòÉÔòÉÔòÉÔòÉÔòÉÔòÉÔòÉÔòÉÔòÉÔòÉÔòÉÔòÉÔòÉÔòÉÔòÉÔòÉÔòÉÔòÉÔòÉÔòÉÔòÉÔòÉÔòÉÔòÉÔòÉÔòÉÔòÉÔòÉÔòÉ
[DEBUG create_order] Timestamp: now=1763069247008, expired_at=1763069846008
[DEBUG create_order] Transaction JSON (before signing): {"AccountIndex":237600,"ApiKeyIndex":4,"BaseAmount":1000,"ClientOrderIndex":1763069202974,"Expi
redAt":1763069846008,"IsAsk":0,"MarketIndex":0,"Nonce":968,"OrderExpiry":0,"Price":500000000,"ReduceOnly":0,"Sig":"","TimeInForce":0,"TriggerPrice":0,"
Type":1}
[DEBUG sign_transaction_internal] Starting signature computation
[DEBUG sign_transaction_internal] tx_type: 14
[DEBUG sign_transaction_internal] Extracted fields:
  chain_id: 304
  nonce: 968
  expired_at: 1763069846008
  account_index: 237600
  api_key_index: 4
[DEBUG sign_transaction_internal] CREATE_ORDER fields:
  market_index: 0
  client_order_index: 1763069202974
  base_amount: 1000
  price: 500000000
  is_ask: 0
  order_type: 1
  time_in_force: 0
  reduce_only: 0
  trigger_price: 0
  order_expiry: 0
[DEBUG sign_transaction_internal] Hash input elements count: 16
[DEBUG sign_transaction_internal] Hash input elements:
  [0] Element 0: 304 (u64)
  [1] Element 1: 14 (u64)
  [2] Element 2: 968 (u64)
  [3] Element 3: 1763069846008 (u64)
  [4] Element 4: 237600 (u64)
  [5] Element 5: 4 (u64)
  [6] Element 6: 0 (u64)
  [7] Element 7: 1763069202974 (u64)
  [8] Element 8: 1000 (u64)
  [9] Element 9: 500000000 (u64)
  [10] Element 10: 0 (u64)
  [11] Element 11: 1 (u64)
  [12] Element 12: 0 (u64)
  [13] Element 13: 0 (u64)
  [14] Element 14: 0 (u64)
  [15] Element 15: 0 (u64)
[DEBUG sign_transaction_internal] Computing Poseidon2 hash with 16 elements
[DEBUG sign_transaction_internal] Transaction hash (40 bytes): b1df84790506cd0b59de9ea82eb0eaaf00105a47effb64bacdf7b0e14cf6a77a160b188416ef0cf7
[DEBUG sign_transaction_internal] Transaction hash (first 8 bytes as u64): 850342525226246065
[DEBUG sign_transaction_internal] Calling key_manager.sign() with hash: 
b1df84790506cd0b59de9ea82eb0eaaf00105a47effb64bacdf7b0e14cf6a77a160b188416ef0cf7
[DEBUG signer::sign] Starting signature generation
[DEBUG signer::sign] Message hash: b1df84790506cd0b59de9ea82eb0eaaf00105a47effb64bacdf7b0e14cf6a77a160b188416ef0cf7
[DEBUG signer::sign] Generated random nonce: bde807f0e010af81c71ad6bfbe976514a992ba342599e545fc390a752410c722a5ce71f09d65c307
[DEBUG signer::sign_with_fixed_nonce] Signing with fixed nonce
[DEBUG signer::sign_with_fixed_nonce] Private key (first 16 bytes): 79699d9819553fc6eee1b5e50af049d7...
[DEBUG signer::sign_with_fixed_nonce] Calling crypto::schnorr::sign_with_nonce
[DEBUG crypto::sign_with_nonce] ========================================
[DEBUG crypto::sign_with_nonce] Starting Schnorr signature
[DEBUG crypto::sign_with_nonce] Private key length: 40
[DEBUG crypto::sign_with_nonce] Message length: 40
[DEBUG crypto::sign_with_nonce] Nonce bytes length: 40
[DEBUG crypto::sign_with_nonce] Message hash: b1df84790506cd0b59de9ea82eb0eaaf00105a47effb64bacdf7b0e14cf6a77a160b188416ef0cf7
[DEBUG crypto::sign_with_nonce] Nonce bytes: bde807f0e010af81c71ad6bfbe976514a992ba342599e545fc390a752410c722a5ce71f09d65c307
[DEBUG crypto::sign_with_nonce] Private key converted to scalar
[DEBUG crypto::sign_with_nonce] Nonce converted to scalar
[DEBUG crypto::sign_with_nonce] Message converted to Fp5Element
[DEBUG crypto::sign_with_nonce] Step 1: Computing R = nonce * G
[DEBUG crypto::sign_with_nonce] R encoded (full 40 bytes): 25d6fa912f6e408307e0b8af7244b1a09c4ccd9921ffb9808c5eaca401d49cdabe2a1816145e76e1
[DEBUG crypto::sign_with_nonce] R Fp5 elements:
  R[0] = 9457680368069695013 (u64)
  R[1] = 11579111376311345159 (u64)
  R[2] = 9275725427325619356 (u64)
  R[3] = 15752698700157968012 (u64)
  R[4] = 16246276146148682430 (u64)
[DEBUG crypto::sign_with_nonce] Step 2: Computing challenge e = H(R || message)
[DEBUG crypto::sign_with_nonce] Pre-image prepared (10 elements):
  PreImage[0] = 9457680368069695013 (u64)
  PreImage[1] = 11579111376311345159 (u64)
  PreImage[2] = 9275725427325619356 (u64)
  PreImage[3] = 15752698700157968012 (u64)
  PreImage[4] = 16246276146148682430 (u64)
  PreImage[5] = 850342525226246065 (u64)
  PreImage[6] = 12676137815631650393 (u64)
  PreImage[7] = 13431136993838501888 (u64)
  PreImage[8] = 8838303603802306509 (u64)
  PreImage[9] = 17801866307073215254 (u64)
[DEBUG crypto::sign_with_nonce] Challenge e computed (40 bytes): 42600aff48758661eee07791f61b3769ba15000e14e595e5722a1b0e79e9c0f45e4ee4e3e48f3322
[DEBUG crypto::sign_with_nonce] Challenge e (first 8 bytes as u64): 7027433224935202882
[DEBUG crypto::sign_with_nonce] Step 3: Computing s = nonce - e * private_key
[DEBUG crypto::sign_with_nonce] Response s computed (40 bytes): 286cd3321d5f2b554ba4d5adb024e3650dba36929d4adc06be13d3c608ad7e225728971ecf6a2322
[DEBUG crypto::sign_with_nonce] Response s (first 8 bytes as u64): 6137103496233839656
[DEBUG crypto::sign_with_nonce] Step 4: Assembling signature (s || e)
[DEBUG crypto::sign_with_nonce] Final signature: 286cd3321d5f2b554ba4d5adb024e3650dba36929d4adc06be13d3c608ad7e225728971ecf6a232242600aff48758661eee077
91f61b3769ba15000e14e595e5722a1b0e79e9c0f45e4ee4e3e48f3322
[DEBUG crypto::sign_with_nonce] ========================================
[DEBUG signer::sign_with_fixed_nonce] Signature from crypto: 286cd3321d5f2b554ba4d5adb024e3650dba36929d4adc06be13d3c608ad7e225728971ecf6a232242600aff48
758661eee07791f61b3769ba15000e14e595e5722a1b0e79e9c0f45e4ee4e3e48f3322 (length: 80)
[DEBUG signer::sign_with_fixed_nonce] Final signature: 286cd3321d5f2b554ba4d5adb024e3650dba36929d4adc06be13d3c608ad7e225728971ecf6a232242600aff48758661
eee07791f61b3769ba15000e14e595e5722a1b0e79e9c0f45e4ee4e3e48f3322
[DEBUG sign_transaction_internal] Signature returned (80 bytes): 286cd3321d5f2b554ba4d5adb024e3650dba36929d4adc06be13d3c608ad7e225728971ecf6a232242600a
ff48758661eee07791f61b3769ba15000e14e595e5722a1b0e79e9c0f45e4ee4e3e48f3322
[DEBUG sign_transaction_internal] Signature s (first 40 bytes): 286cd3321d5f2b554ba4d5adb024e3650dba36929d4adc06be13d3c608ad7e225728971ecf6a2322
[DEBUG sign_transaction_internal] Signature e (last 40 bytes): 42600aff48758661eee07791f61b3769ba15000e14e595e5722a1b0e79e9c0f45e4ee4e3e48f3322
[DEBUG create_order] Signature generated: 286cd3321d5f2b554ba4d5adb024e3650dba36929d4adc06be13d3c608ad7e225728971ecf6a232242600aff48758661eee07791f61b3
769ba15000e14e595e5722a1b0e79e9c0f45e4ee4e3e48f3322 (length: 80)
[DEBUG create_order] Signature (base64): KGzTMh1fK1VLpNWtsCTjZQ26NpKdStwGvhPTxgitfiJXKJcez2ojIkJgCv9IdYZh7uB3kfYbN2m6FQAOFOWV5XIqGw556cD0Xk7k4+SPMyI=
[DEBUG create_order] Final transaction JSON: {"AccountIndex":237600,"ApiKeyIndex":4,"BaseAmount":1000,"ClientOrderIndex":1763069202974,"ExpiredAt":1763
069846008,"IsAsk":0,"MarketIndex":0,"Nonce":968,"OrderExpiry":0,"Price":500000000,"ReduceOnly":0,"Sig":"KGzTMh1fK1VLpNWtsCTjZQ26NpKdStwGvhPTxgitfiJXKJc
ez2ojIkJgCv9IdYZh7uB3kfYbN2m6FQAOFOWV5XIqGw556cD0Xk7k4+SPMyI=","TimeInForce":0,"TriggerPrice":0,"Type":1}
[DEBUG create_order] Sending to: https://mainnet.zklighter.elliot.ai/api/v1/sendTx
[DEBUG create_order] Response status: 200 OK, body: {"code":200,"message":"{\"ratelimit\": \"didn't use volume 
quota\"}","tx_hash":"b1df84790506cd0b59de9ea82eb0eaaf00105a47effb64bacdf7b0e14cf6a77a160b188416ef0cf7","predicted_execution_time_ms":1763069246216}
[DEBUG create_order] ÔòÉÔòÉÔòÉÔòÉÔòÉÔòÉÔòÉÔòÉÔòÉÔòÉÔòÉÔòÉÔòÉÔòÉÔòÉÔòÉÔòÉÔòÉÔòÉÔòÉÔòÉÔòÉÔòÉÔòÉÔòÉÔòÉÔòÉÔòÉÔòÉÔòÉÔòÉÔòÉÔòÉÔòÉÔòÉÔòÉÔòÉÔòÉÔòÉÔòÉ
[DEBUG create_order] API RESPONSE RECEIVED
[DEBUG create_order] ÔòÉÔòÉÔòÉÔòÉÔòÉÔòÉÔòÉÔòÉÔòÉÔòÉÔòÉÔòÉÔòÉÔòÉÔòÉÔòÉÔòÉÔòÉÔòÉÔòÉÔòÉÔòÉÔòÉÔòÉÔòÉÔòÉÔòÉÔòÉÔòÉÔòÉÔòÉÔòÉÔòÉÔòÉÔòÉÔòÉÔòÉÔòÉÔòÉÔòÉ
[DEBUG create_order] Response code: 200
[DEBUG create_order] Response message: {"ratelimit": "didn't use volume quota"}
[DEBUG create_order] Nonce used: 968
[DEBUG create_order] Ô£àÔ£àÔ£à SUCCESS Ô£àÔ£àÔ£à - Transaction succeeded with nonce 968
[DEBUG create_order] ÔòÉÔòÉÔòÉÔòÉÔòÉÔòÉÔòÉÔòÉÔòÉÔòÉÔòÉÔòÉÔòÉÔòÉÔòÉÔòÉÔòÉÔòÉÔòÉÔòÉÔòÉÔòÉÔòÉÔòÉÔòÉÔòÉÔòÉÔòÉÔòÉÔòÉÔòÉÔòÉÔòÉÔòÉÔòÉÔòÉÔòÉÔòÉÔòÉÔòÉ
[DEBUG create_order] SUCCESSFUL SIGNATURE - SAVE THIS FOR COMPARISON
[DEBUG create_order] ÔòÉÔòÉÔòÉÔòÉÔòÉÔòÉÔòÉÔòÉÔòÉÔòÉÔòÉÔòÉÔòÉÔòÉÔòÉÔòÉÔòÉÔòÉÔòÉÔòÉÔòÉÔòÉÔòÉÔòÉÔòÉÔòÉÔòÉÔòÉÔòÉÔòÉÔòÉÔòÉÔòÉÔòÉÔòÉÔòÉÔòÉÔòÉÔòÉÔòÉ
[DEBUG create_order] ========================================

[DEBUG create_order] ========================================
[DEBUG create_order] Starting order creation for client_order_index: 1763069202975
[DEBUG get_next_nonce_from_cache] Fetching nonce from API
[DEBUG fetch_nonce_from_api] Requesting nonce from: https://mainnet.zklighter.elliot.ai/api/v1/nextNonce?account_index=237600&api_key_index=4
[DEBUG fetch_nonce_from_api] Received nonce: 969
[DEBUG get_next_nonce_from_cache] Fetched nonce from API: 969
[DEBUG create_order] ========================================
[DEBUG create_order] Order: client_order_index=1763069202975
[DEBUG create_order] Nonce obtained: 969
[DEBUG create_order] ÔòÉÔòÉÔòÉÔòÉÔòÉÔòÉÔòÉÔòÉÔòÉÔòÉÔòÉÔòÉÔòÉÔòÉÔòÉÔòÉÔòÉÔòÉÔòÉÔòÉÔòÉÔòÉÔòÉÔòÉÔòÉÔòÉÔòÉÔòÉÔòÉÔòÉÔòÉÔòÉÔòÉÔòÉÔòÉÔòÉÔòÉÔòÉÔòÉÔòÉ
[DEBUG create_order] STARTING SIGNATURE COMPUTATION
[DEBUG create_order] ÔòÉÔòÉÔòÉÔòÉÔòÉÔòÉÔòÉÔòÉÔòÉÔòÉÔòÉÔòÉÔòÉÔòÉÔòÉÔòÉÔòÉÔòÉÔòÉÔòÉÔòÉÔòÉÔòÉÔòÉÔòÉÔòÉÔòÉÔòÉÔòÉÔòÉÔòÉÔòÉÔòÉÔòÉÔòÉÔòÉÔòÉÔòÉÔòÉÔòÉ
[DEBUG create_order] Timestamp: now=1763069250303, expired_at=1763069849303
[DEBUG create_order] Transaction JSON (before signing): {"AccountIndex":237600,"ApiKeyIndex":4,"BaseAmount":1000,"ClientOrderIndex":1763069202975,"Expi
redAt":1763069849303,"IsAsk":0,"MarketIndex":0,"Nonce":969,"OrderExpiry":0,"Price":500000000,"ReduceOnly":0,"Sig":"","TimeInForce":0,"TriggerPrice":0,"
Type":1}
[DEBUG sign_transaction_internal] Starting signature computation
[DEBUG sign_transaction_internal] tx_type: 14
[DEBUG sign_transaction_internal] Extracted fields:
  chain_id: 304
  nonce: 969
  expired_at: 1763069849303
  account_index: 237600
  api_key_index: 4
[DEBUG sign_transaction_internal] CREATE_ORDER fields:
  market_index: 0
  client_order_index: 1763069202975
  base_amount: 1000
  price: 500000000
  is_ask: 0
  order_type: 1
  time_in_force: 0
  reduce_only: 0
  trigger_price: 0
  order_expiry: 0
[DEBUG sign_transaction_internal] Hash input elements count: 16
[DEBUG sign_transaction_internal] Hash input elements:
  [0] Element 0: 304 (u64)
  [1] Element 1: 14 (u64)
  [2] Element 2: 969 (u64)
  [3] Element 3: 1763069849303 (u64)
  [4] Element 4: 237600 (u64)
  [5] Element 5: 4 (u64)
  [6] Element 6: 0 (u64)
  [7] Element 7: 1763069202975 (u64)
  [8] Element 8: 1000 (u64)
  [9] Element 9: 500000000 (u64)
  [10] Element 10: 0 (u64)
  [11] Element 11: 1 (u64)
  [12] Element 12: 0 (u64)
  [13] Element 13: 0 (u64)
  [14] Element 14: 0 (u64)
  [15] Element 15: 0 (u64)
[DEBUG sign_transaction_internal] Computing Poseidon2 hash with 16 elements
[DEBUG sign_transaction_internal] Transaction hash (40 bytes): 2bbf2a834dde74c8d0445485e9d14273df34ef43185560d0e27ece678d332fe05c5e8672754a8456
[DEBUG sign_transaction_internal] Transaction hash (first 8 bytes as u64): 14444414329378488107
[DEBUG sign_transaction_internal] Calling key_manager.sign() with hash: 
2bbf2a834dde74c8d0445485e9d14273df34ef43185560d0e27ece678d332fe05c5e8672754a8456
[DEBUG signer::sign] Starting signature generation
[DEBUG signer::sign] Message hash: 2bbf2a834dde74c8d0445485e9d14273df34ef43185560d0e27ece678d332fe05c5e8672754a8456
[DEBUG signer::sign] Generated random nonce: 32823063e211529b2b56d2989d4c0ab56b2da165da22b9621bd87f2735ab37506293d6186b93e452
[DEBUG signer::sign_with_fixed_nonce] Signing with fixed nonce
[DEBUG signer::sign_with_fixed_nonce] Private key (first 16 bytes): 79699d9819553fc6eee1b5e50af049d7...
[DEBUG signer::sign_with_fixed_nonce] Calling crypto::schnorr::sign_with_nonce
[DEBUG crypto::sign_with_nonce] ========================================
[DEBUG crypto::sign_with_nonce] Starting Schnorr signature
[DEBUG crypto::sign_with_nonce] Private key length: 40
[DEBUG crypto::sign_with_nonce] Message length: 40
[DEBUG crypto::sign_with_nonce] Nonce bytes length: 40
[DEBUG crypto::sign_with_nonce] Message hash: 2bbf2a834dde74c8d0445485e9d14273df34ef43185560d0e27ece678d332fe05c5e8672754a8456
[DEBUG crypto::sign_with_nonce] Nonce bytes: 32823063e211529b2b56d2989d4c0ab56b2da165da22b9621bd87f2735ab37506293d6186b93e452
[DEBUG crypto::sign_with_nonce] Private key converted to scalar
[DEBUG crypto::sign_with_nonce] Nonce converted to scalar
[DEBUG crypto::sign_with_nonce] Message converted to Fp5Element
[DEBUG crypto::sign_with_nonce] Step 1: Computing R = nonce * G
[DEBUG crypto::sign_with_nonce] R encoded (full 40 bytes): ad4215b66a04423915ddbb8b8b8cfa212d25e4e890d87981251024908e8acf098fb8da4d122b3c5b
[DEBUG crypto::sign_with_nonce] R Fp5 elements:
  R[0] = 4125865064992686765 (u64)
  R[1] = 2448423878401973525 (u64)
  R[2] = 9329726219968849197 (u64)
  R[3] = 706936011428728869 (u64)
  R[4] = 6574176913669666959 (u64)
[DEBUG crypto::sign_with_nonce] Step 2: Computing challenge e = H(R || message)
[DEBUG crypto::sign_with_nonce] Pre-image prepared (10 elements):
  PreImage[0] = 4125865064992686765 (u64)
  PreImage[1] = 2448423878401973525 (u64)
  PreImage[2] = 9329726219968849197 (u64)
  PreImage[3] = 706936011428728869 (u64)
  PreImage[4] = 6574176913669666959 (u64)
  PreImage[5] = 14444414329378488107 (u64)
  PreImage[6] = 8305431463719093456 (u64)
  PreImage[7] = 15015094720360559839 (u64)
  PreImage[8] = 16154187070826249954 (u64)
  PreImage[9] = 6234189652480646748 (u64)
[DEBUG crypto::sign_with_nonce] Challenge e computed (40 bytes): 0b96ba434c5143409040b1534780904f9f4e831b99ea7023cb485205ee93f65e534af066bb5c1043
[DEBUG crypto::sign_with_nonce] Challenge e (first 8 bytes as u64): 4630634229862667787
[DEBUG crypto::sign_with_nonce] Step 3: Computing s = nonce - e * private_key
[DEBUG crypto::sign_with_nonce] Response s computed (40 bytes): f9a53f6754ecb49d11011b32be0c6fabecb4429f3b892579396e51423cef279184e84d8f1b9aa322
[DEBUG crypto::sign_with_nonce] Response s (first 8 bytes as u64): 11363967607016236537
[DEBUG crypto::sign_with_nonce] Step 4: Assembling signature (s || e)
[DEBUG crypto::sign_with_nonce] Final signature: f9a53f6754ecb49d11011b32be0c6fabecb4429f3b892579396e51423cef279184e84d8f1b9aa3220b96ba434c5143409040b1
534780904f9f4e831b99ea7023cb485205ee93f65e534af066bb5c1043
[DEBUG crypto::sign_with_nonce] ========================================
[DEBUG signer::sign_with_fixed_nonce] Signature from crypto: f9a53f6754ecb49d11011b32be0c6fabecb4429f3b892579396e51423cef279184e84d8f1b9aa3220b96ba434c
5143409040b1534780904f9f4e831b99ea7023cb485205ee93f65e534af066bb5c1043 (length: 80)
[DEBUG signer::sign_with_fixed_nonce] Final signature: f9a53f6754ecb49d11011b32be0c6fabecb4429f3b892579396e51423cef279184e84d8f1b9aa3220b96ba434c514340
9040b1534780904f9f4e831b99ea7023cb485205ee93f65e534af066bb5c1043
[DEBUG sign_transaction_internal] Signature returned (80 bytes): f9a53f6754ecb49d11011b32be0c6fabecb4429f3b892579396e51423cef279184e84d8f1b9aa3220b96ba
434c5143409040b1534780904f9f4e831b99ea7023cb485205ee93f65e534af066bb5c1043
[DEBUG sign_transaction_internal] Signature s (first 40 bytes): f9a53f6754ecb49d11011b32be0c6fabecb4429f3b892579396e51423cef279184e84d8f1b9aa322
[DEBUG sign_transaction_internal] Signature e (last 40 bytes): 0b96ba434c5143409040b1534780904f9f4e831b99ea7023cb485205ee93f65e534af066bb5c1043
[DEBUG create_order] Signature generated: f9a53f6754ecb49d11011b32be0c6fabecb4429f3b892579396e51423cef279184e84d8f1b9aa3220b96ba434c5143409040b15347809
04f9f4e831b99ea7023cb485205ee93f65e534af066bb5c1043 (length: 80)
[DEBUG create_order] Signature (base64): +aU/Z1TstJ0RARsyvgxvq+y0Qp87iSV5OW5RQjzvJ5GE6E2PG5qjIguWukNMUUNAkECxU0eAkE+fToMbmepwI8tIUgXuk/ZeU0rwZrtcEEM=
[DEBUG create_order] Final transaction JSON: {"AccountIndex":237600,"ApiKeyIndex":4,"BaseAmount":1000,"ClientOrderIndex":1763069202975,"ExpiredAt":1763
069849303,"IsAsk":0,"MarketIndex":0,"Nonce":969,"OrderExpiry":0,"Price":500000000,"ReduceOnly":0,"Sig":"+aU/Z1TstJ0RARsyvgxvq+y0Qp87iSV5OW5RQjzvJ5GE6E2
PG5qjIguWukNMUUNAkECxU0eAkE+fToMbmepwI8tIUgXuk/ZeU0rwZrtcEEM=","TimeInForce":0,"TriggerPrice":0,"Type":1}
[DEBUG create_order] Sending to: https://mainnet.zklighter.elliot.ai/api/v1/sendTx
[DEBUG create_order] Response status: 200 OK, body: {"code":200,"message":"{\"ratelimit\": \"691 volume quota remained\"}","tx_hash":"2bbf2a834dde74c8d
0445485e9d14273df34ef43185560d0e27ece678d332fe05c5e8672754a8456","predicted_execution_time_ms":1763069249514,"volume_quota_remaining":691}
[DEBUG create_order] ÔòÉÔòÉÔòÉÔòÉÔòÉÔòÉÔòÉÔòÉÔòÉÔòÉÔòÉÔòÉÔòÉÔòÉÔòÉÔòÉÔòÉÔòÉÔòÉÔòÉÔòÉÔòÉÔòÉÔòÉÔòÉÔòÉÔòÉÔòÉÔòÉÔòÉÔòÉÔòÉÔòÉÔòÉÔòÉÔòÉÔòÉÔòÉÔòÉÔòÉ
[DEBUG create_order] API RESPONSE RECEIVED
[DEBUG create_order] ÔòÉÔòÉÔòÉÔòÉÔòÉÔòÉÔòÉÔòÉÔòÉÔòÉÔòÉÔòÉÔòÉÔòÉÔòÉÔòÉÔòÉÔòÉÔòÉÔòÉÔòÉÔòÉÔòÉÔòÉÔòÉÔòÉÔòÉÔòÉÔòÉÔòÉÔòÉÔòÉÔòÉÔòÉÔòÉÔòÉÔòÉÔòÉÔòÉÔòÉ
[DEBUG create_order] Response code: 200
[DEBUG create_order] Response message: {"ratelimit": "691 volume quota remained"}
[DEBUG create_order] Nonce used: 969
[DEBUG create_order] Ô£àÔ£àÔ£à SUCCESS Ô£àÔ£àÔ£à - Transaction succeeded with nonce 969
[DEBUG create_order] ÔòÉÔòÉÔòÉÔòÉÔòÉÔòÉÔòÉÔòÉÔòÉÔòÉÔòÉÔòÉÔòÉÔòÉÔòÉÔòÉÔòÉÔòÉÔòÉÔòÉÔòÉÔòÉÔòÉÔòÉÔòÉÔòÉÔòÉÔòÉÔòÉÔòÉÔòÉÔòÉÔòÉÔòÉÔòÉÔòÉÔòÉÔòÉÔòÉÔòÉ
[DEBUG create_order] SUCCESSFUL SIGNATURE - SAVE THIS FOR COMPARISON
[DEBUG create_order] ÔòÉÔòÉÔòÉÔòÉÔòÉÔòÉÔòÉÔòÉÔòÉÔòÉÔòÉÔòÉÔòÉÔòÉÔòÉÔòÉÔòÉÔòÉÔòÉÔòÉÔòÉÔòÉÔòÉÔòÉÔòÉÔòÉÔòÉÔòÉÔòÉÔòÉÔòÉÔòÉÔòÉÔòÉÔòÉÔòÉÔòÉÔòÉÔòÉÔòÉ
[DEBUG create_order] ========================================

[DEBUG create_order] ========================================
[DEBUG create_order] Starting order creation for client_order_index: 1763069202976
[DEBUG get_next_nonce_from_cache] Fetching nonce from API
[DEBUG fetch_nonce_from_api] Requesting nonce from: https://mainnet.zklighter.elliot.ai/api/v1/nextNonce?account_index=237600&api_key_index=4
[DEBUG fetch_nonce_from_api] Received nonce: 970
[DEBUG get_next_nonce_from_cache] Fetched nonce from API: 970
[DEBUG create_order] ========================================
[DEBUG create_order] Order: client_order_index=1763069202976
[DEBUG create_order] Nonce obtained: 970
[DEBUG create_order] ÔòÉÔòÉÔòÉÔòÉÔòÉÔòÉÔòÉÔòÉÔòÉÔòÉÔòÉÔòÉÔòÉÔòÉÔòÉÔòÉÔòÉÔòÉÔòÉÔòÉÔòÉÔòÉÔòÉÔòÉÔòÉÔòÉÔòÉÔòÉÔòÉÔòÉÔòÉÔòÉÔòÉÔòÉÔòÉÔòÉÔòÉÔòÉÔòÉÔòÉ
[DEBUG create_order] STARTING SIGNATURE COMPUTATION
[DEBUG create_order] ÔòÉÔòÉÔòÉÔòÉÔòÉÔòÉÔòÉÔòÉÔòÉÔòÉÔòÉÔòÉÔòÉÔòÉÔòÉÔòÉÔòÉÔòÉÔòÉÔòÉÔòÉÔòÉÔòÉÔòÉÔòÉÔòÉÔòÉÔòÉÔòÉÔòÉÔòÉÔòÉÔòÉÔòÉÔòÉÔòÉÔòÉÔòÉÔòÉÔòÉ
[DEBUG create_order] Timestamp: now=1763069253600, expired_at=1763069852600
[DEBUG create_order] Transaction JSON (before signing): {"AccountIndex":237600,"ApiKeyIndex":4,"BaseAmount":1000,"ClientOrderIndex":1763069202976,"Expi
redAt":1763069852600,"IsAsk":0,"MarketIndex":0,"Nonce":970,"OrderExpiry":0,"Price":500000000,"ReduceOnly":0,"Sig":"","TimeInForce":0,"TriggerPrice":0,"
Type":1}
[DEBUG sign_transaction_internal] Starting signature computation
[DEBUG sign_transaction_internal] tx_type: 14
[DEBUG sign_transaction_internal] Extracted fields:
  chain_id: 304
  nonce: 970
  expired_at: 1763069852600
  account_index: 237600
  api_key_index: 4
[DEBUG sign_transaction_internal] CREATE_ORDER fields:
  market_index: 0
  client_order_index: 1763069202976
  base_amount: 1000
  price: 500000000
  is_ask: 0
  order_type: 1
  time_in_force: 0
  reduce_only: 0
  trigger_price: 0
  order_expiry: 0
[DEBUG sign_transaction_internal] Hash input elements count: 16
[DEBUG sign_transaction_internal] Hash input elements:
  [0] Element 0: 304 (u64)
  [1] Element 1: 14 (u64)
  [2] Element 2: 970 (u64)
  [3] Element 3: 1763069852600 (u64)
  [4] Element 4: 237600 (u64)
  [5] Element 5: 4 (u64)
  [6] Element 6: 0 (u64)
  [7] Element 7: 1763069202976 (u64)
  [8] Element 8: 1000 (u64)
  [9] Element 9: 500000000 (u64)
  [10] Element 10: 0 (u64)
  [11] Element 11: 1 (u64)
  [12] Element 12: 0 (u64)
  [13] Element 13: 0 (u64)
  [14] Element 14: 0 (u64)
  [15] Element 15: 0 (u64)
[DEBUG sign_transaction_internal] Computing Poseidon2 hash with 16 elements
[DEBUG sign_transaction_internal] Transaction hash (40 bytes): 04359dd556d16e8f8a744778ba1ae769f41371d92a59ab3af0142210dc3435f439d1ce059dbde6f1
[DEBUG sign_transaction_internal] Transaction hash (first 8 bytes as u64): 10335428365743109380
[DEBUG sign_transaction_internal] Calling key_manager.sign() with hash: 
04359dd556d16e8f8a744778ba1ae769f41371d92a59ab3af0142210dc3435f439d1ce059dbde6f1
[DEBUG signer::sign] Starting signature generation
[DEBUG signer::sign] Message hash: 04359dd556d16e8f8a744778ba1ae769f41371d92a59ab3af0142210dc3435f439d1ce059dbde6f1
[DEBUG signer::sign] Generated random nonce: 27a5e0b285ef51460f69e146a44b660e6252223849eea291c2185608b0cc54bf6aa8b2361d7d1ec5
[DEBUG signer::sign_with_fixed_nonce] Signing with fixed nonce
[DEBUG signer::sign_with_fixed_nonce] Private key (first 16 bytes): 79699d9819553fc6eee1b5e50af049d7...
[DEBUG signer::sign_with_fixed_nonce] Calling crypto::schnorr::sign_with_nonce
[DEBUG crypto::sign_with_nonce] ========================================
[DEBUG crypto::sign_with_nonce] Starting Schnorr signature
[DEBUG crypto::sign_with_nonce] Private key length: 40
[DEBUG crypto::sign_with_nonce] Message length: 40
[DEBUG crypto::sign_with_nonce] Nonce bytes length: 40
[DEBUG crypto::sign_with_nonce] Message hash: 04359dd556d16e8f8a744778ba1ae769f41371d92a59ab3af0142210dc3435f439d1ce059dbde6f1
[DEBUG crypto::sign_with_nonce] Nonce bytes: 27a5e0b285ef51460f69e146a44b660e6252223849eea291c2185608b0cc54bf6aa8b2361d7d1ec5
[DEBUG crypto::sign_with_nonce] Private key converted to scalar
[DEBUG crypto::sign_with_nonce] Nonce converted to scalar
[DEBUG crypto::sign_with_nonce] Message converted to Fp5Element
[DEBUG crypto::sign_with_nonce] Step 1: Computing R = nonce * G
[DEBUG crypto::sign_with_nonce] R encoded (full 40 bytes): 3ae8c06e8626eac7651e90dcfd66d45cfe513377ebffa337701769bb0c3c8f488a9f9047ce52bcd9
[DEBUG crypto::sign_with_nonce] R Fp5 elements:
  R[0] = 14405368716923562042 (u64)
  R[1] = 6689084587065220709 (u64)
  R[2] = 4009329480072122878 (u64)
  R[3] = 5228463717781935984 (u64)
  R[4] = 15689506247769366410 (u64)
[DEBUG crypto::sign_with_nonce] Step 2: Computing challenge e = H(R || message)
[DEBUG crypto::sign_with_nonce] Pre-image prepared (10 elements):
  PreImage[0] = 14405368716923562042 (u64)
  PreImage[1] = 6689084587065220709 (u64)
  PreImage[2] = 4009329480072122878 (u64)
  PreImage[3] = 5228463717781935984 (u64)
  PreImage[4] = 15689506247769366410 (u64)
  PreImage[5] = 10335428365743109380 (u64)
  PreImage[6] = 7631097481786782858 (u64)
  PreImage[7] = 4227570715788907508 (u64)
  PreImage[8] = 17597029238788199664 (u64)
  PreImage[9] = 17430827889889038649 (u64)
[DEBUG crypto::sign_with_nonce] Challenge e computed (40 bytes): 1b0e5b6e9d701d750033c1f8d8fb50667537a0b1b734c7b98a468a3b881d70556d8032ef4eca780d
[DEBUG crypto::sign_with_nonce] Challenge e (first 8 bytes as u64): 8439025098225815067
[DEBUG crypto::sign_with_nonce] Step 3: Computing s = nonce - e * private_key
[DEBUG crypto::sign_with_nonce] Response s computed (40 bytes): 6325a19bdf4518bf7ef89cb1576eed75b1c9d69e6b782e2e4c10ebe0b6663bb776face6f78a27f46
[DEBUG crypto::sign_with_nonce] Response s (first 8 bytes as u64): 13769832687376344419
[DEBUG crypto::sign_with_nonce] Step 4: Assembling signature (s || e)
[DEBUG crypto::sign_with_nonce] Final signature: 6325a19bdf4518bf7ef89cb1576eed75b1c9d69e6b782e2e4c10ebe0b6663bb776face6f78a27f461b0e5b6e9d701d750033c1
f8d8fb50667537a0b1b734c7b98a468a3b881d70556d8032ef4eca780d
[DEBUG crypto::sign_with_nonce] ========================================
[DEBUG signer::sign_with_fixed_nonce] Signature from crypto: 6325a19bdf4518bf7ef89cb1576eed75b1c9d69e6b782e2e4c10ebe0b6663bb776face6f78a27f461b0e5b6e9d
701d750033c1f8d8fb50667537a0b1b734c7b98a468a3b881d70556d8032ef4eca780d (length: 80)
[DEBUG signer::sign_with_fixed_nonce] Final signature: 6325a19bdf4518bf7ef89cb1576eed75b1c9d69e6b782e2e4c10ebe0b6663bb776face6f78a27f461b0e5b6e9d701d75
0033c1f8d8fb50667537a0b1b734c7b98a468a3b881d70556d8032ef4eca780d
[DEBUG sign_transaction_internal] Signature returned (80 bytes): 6325a19bdf4518bf7ef89cb1576eed75b1c9d69e6b782e2e4c10ebe0b6663bb776face6f78a27f461b0e5b
6e9d701d750033c1f8d8fb50667537a0b1b734c7b98a468a3b881d70556d8032ef4eca780d
[DEBUG sign_transaction_internal] Signature s (first 40 bytes): 6325a19bdf4518bf7ef89cb1576eed75b1c9d69e6b782e2e4c10ebe0b6663bb776face6f78a27f46
[DEBUG sign_transaction_internal] Signature e (last 40 bytes): 1b0e5b6e9d701d750033c1f8d8fb50667537a0b1b734c7b98a468a3b881d70556d8032ef4eca780d
[DEBUG create_order] Signature generated: 6325a19bdf4518bf7ef89cb1576eed75b1c9d69e6b782e2e4c10ebe0b6663bb776face6f78a27f461b0e5b6e9d701d750033c1f8d8fb5
0667537a0b1b734c7b98a468a3b881d70556d8032ef4eca780d (length: 80)
[DEBUG create_order] Signature (base64): YyWhm99FGL9++JyxV27tdbHJ1p5reC4uTBDr4LZmO7d2+s5veKJ/RhsOW26dcB11ADPB+Nj7UGZ1N6CxtzTHuYpGijuIHXBVbYAy707KeA0=
[DEBUG create_order] Final transaction JSON: {"AccountIndex":237600,"ApiKeyIndex":4,"BaseAmount":1000,"ClientOrderIndex":1763069202976,"ExpiredAt":1763
069852600,"IsAsk":0,"MarketIndex":0,"Nonce":970,"OrderExpiry":0,"Price":500000000,"ReduceOnly":0,"Sig":"YyWhm99FGL9++JyxV27tdbHJ1p5reC4uTBDr4LZmO7d2+s5
veKJ/RhsOW26dcB11ADPB+Nj7UGZ1N6CxtzTHuYpGijuIHXBVbYAy707KeA0=","TimeInForce":0,"TriggerPrice":0,"Type":1}
[DEBUG create_order] Sending to: https://mainnet.zklighter.elliot.ai/api/v1/sendTx
[DEBUG create_order] Response status: 400 Bad Request, body: {"code":21120,"message":"invalid signature"}
[DEBUG create_order] ÔòÉÔòÉÔòÉÔòÉÔòÉÔòÉÔòÉÔòÉÔòÉÔòÉÔòÉÔòÉÔòÉÔòÉÔòÉÔòÉÔòÉÔòÉÔòÉÔòÉÔòÉÔòÉÔòÉÔòÉÔòÉÔòÉÔòÉÔòÉÔòÉÔòÉÔòÉÔòÉÔòÉÔòÉÔòÉÔòÉÔòÉÔòÉÔòÉÔòÉ
[DEBUG create_order] API RESPONSE RECEIVED
[DEBUG create_order] ÔòÉÔòÉÔòÉÔòÉÔòÉÔòÉÔòÉÔòÉÔòÉÔòÉÔòÉÔòÉÔòÉÔòÉÔòÉÔòÉÔòÉÔòÉÔòÉÔòÉÔòÉÔòÉÔòÉÔòÉÔòÉÔòÉÔòÉÔòÉÔòÉÔòÉÔòÉÔòÉÔòÉÔòÉÔòÉÔòÉÔòÉÔòÉÔòÉÔòÉ
[DEBUG create_order] Response code: 21120
[DEBUG create_order] Response message: invalid signature
[DEBUG create_order] Nonce used: 970
[DEBUG create_order] ÔØîÔØîÔØî INVALID SIGNATURE ERROR ÔØîÔØîÔØî (code 21120) - Nonce used: 970
[DEBUG create_order] ÔòÉÔòÉÔòÉÔòÉÔòÉÔòÉÔòÉÔòÉÔòÉÔòÉÔòÉÔòÉÔòÉÔòÉÔòÉÔòÉÔòÉÔòÉÔòÉÔòÉÔòÉÔòÉÔòÉÔòÉÔòÉÔòÉÔòÉÔòÉÔòÉÔòÉÔòÉÔòÉÔòÉÔòÉÔòÉÔòÉÔòÉÔòÉÔòÉÔòÉ
[DEBUG create_order] FAILED SIGNATURE - COMPARE WITH SUCCESSFUL ONES
[DEBUG create_order] ÔòÉÔòÉÔòÉÔòÉÔòÉÔòÉÔòÉÔòÉÔòÉÔòÉÔòÉÔòÉÔòÉÔòÉÔòÉÔòÉÔòÉÔòÉÔòÉÔòÉÔòÉÔòÉÔòÉÔòÉÔòÉÔòÉÔòÉÔòÉÔòÉÔòÉÔòÉÔòÉÔòÉÔòÉÔòÉÔòÉÔòÉÔòÉÔòÉÔòÉ
[DEBUG create_order] This could be nonce sync issue or signature computation issue
[DEBUG fetch_nonce_from_api] Requesting nonce from: https://mainnet.zklighter.elliot.ai/api/v1/nextNonce?account_index=237600&api_key_index=4
[DEBUG fetch_nonce_from_api] Received nonce: 970
[DEBUG refresh_nonce_cache] Refreshed nonce: 970
[DEBUG create_order] ========================================
  ÔØî [16] INVALID SIGNATURE (Code: 21120) - Check debug logs for nonce

[DEBUG create_order] ========================================
[DEBUG create_order] Starting order creation for client_order_index: 1763069202977
[DEBUG get_next_nonce_from_cache] Fetching nonce from API
[DEBUG fetch_nonce_from_api] Requesting nonce from: https://mainnet.zklighter.elliot.ai/api/v1/nextNonce?account_index=237600&api_key_index=4
[DEBUG fetch_nonce_from_api] Received nonce: 970
[DEBUG get_next_nonce_from_cache] Fetched nonce from API: 970
[DEBUG create_order] ========================================
[DEBUG create_order] Order: client_order_index=1763069202977
[DEBUG create_order] Nonce obtained: 970
[DEBUG create_order] ÔòÉÔòÉÔòÉÔòÉÔòÉÔòÉÔòÉÔòÉÔòÉÔòÉÔòÉÔòÉÔòÉÔòÉÔòÉÔòÉÔòÉÔòÉÔòÉÔòÉÔòÉÔòÉÔòÉÔòÉÔòÉÔòÉÔòÉÔòÉÔòÉÔòÉÔòÉÔòÉÔòÉÔòÉÔòÉÔòÉÔòÉÔòÉÔòÉÔòÉ
[DEBUG create_order] STARTING SIGNATURE COMPUTATION
[DEBUG create_order] ÔòÉÔòÉÔòÉÔòÉÔòÉÔòÉÔòÉÔòÉÔòÉÔòÉÔòÉÔòÉÔòÉÔòÉÔòÉÔòÉÔòÉÔòÉÔòÉÔòÉÔòÉÔòÉÔòÉÔòÉÔòÉÔòÉÔòÉÔòÉÔòÉÔòÉÔòÉÔòÉÔòÉÔòÉÔòÉÔòÉÔòÉÔòÉÔòÉÔòÉ
[DEBUG create_order] Timestamp: now=1763069257030, expired_at=1763069856030
[DEBUG create_order] Transaction JSON (before signing): {"AccountIndex":237600,"ApiKeyIndex":4,"BaseAmount":1000,"ClientOrderIndex":1763069202977,"Expi
redAt":1763069856030,"IsAsk":0,"MarketIndex":0,"Nonce":970,"OrderExpiry":0,"Price":500000000,"ReduceOnly":0,"Sig":"","TimeInForce":0,"TriggerPrice":0,"
Type":1}
[DEBUG sign_transaction_internal] Starting signature computation
[DEBUG sign_transaction_internal] tx_type: 14
[DEBUG sign_transaction_internal] Extracted fields:
  chain_id: 304
  nonce: 970
  expired_at: 1763069856030
  account_index: 237600
  api_key_index: 4
[DEBUG sign_transaction_internal] CREATE_ORDER fields:
  market_index: 0
  client_order_index: 1763069202977
  base_amount: 1000
  price: 500000000
  is_ask: 0
  order_type: 1
  time_in_force: 0
  reduce_only: 0
  trigger_price: 0
  order_expiry: 0
[DEBUG sign_transaction_internal] Hash input elements count: 16
[DEBUG sign_transaction_internal] Hash input elements:
  [0] Element 0: 304 (u64)
  [1] Element 1: 14 (u64)
  [2] Element 2: 970 (u64)
  [3] Element 3: 1763069856030 (u64)
  [4] Element 4: 237600 (u64)
  [5] Element 5: 4 (u64)
  [6] Element 6: 0 (u64)
  [7] Element 7: 1763069202977 (u64)
  [8] Element 8: 1000 (u64)
  [9] Element 9: 500000000 (u64)
  [10] Element 10: 0 (u64)
  [11] Element 11: 1 (u64)
  [12] Element 12: 0 (u64)
  [13] Element 13: 0 (u64)
  [14] Element 14: 0 (u64)
  [15] Element 15: 0 (u64)
[DEBUG sign_transaction_internal] Computing Poseidon2 hash with 16 elements
[DEBUG sign_transaction_internal] Transaction hash (40 bytes): f17a58904e11f9d72d2a4b143a587669f4cef02a3b26f293865b4e5d80000e5ad6fb7746b916c26c
[DEBUG sign_transaction_internal] Transaction hash (first 8 bytes as u64): 15562489016482298609
[DEBUG sign_transaction_internal] Calling key_manager.sign() with hash: 
f17a58904e11f9d72d2a4b143a587669f4cef02a3b26f293865b4e5d80000e5ad6fb7746b916c26c
[DEBUG signer::sign] Starting signature generation
[DEBUG signer::sign] Message hash: f17a58904e11f9d72d2a4b143a587669f4cef02a3b26f293865b4e5d80000e5ad6fb7746b916c26c
[DEBUG signer::sign] Generated random nonce: 80549d670cc9e5a4aa045e8973a4eb16406e38e278ee623e5a7f69ec6bb09ffb2a48b1f44eeb241e
[DEBUG signer::sign_with_fixed_nonce] Signing with fixed nonce
[DEBUG signer::sign_with_fixed_nonce] Private key (first 16 bytes): 79699d9819553fc6eee1b5e50af049d7...
[DEBUG signer::sign_with_fixed_nonce] Calling crypto::schnorr::sign_with_nonce
[DEBUG crypto::sign_with_nonce] ========================================
[DEBUG crypto::sign_with_nonce] Starting Schnorr signature
[DEBUG crypto::sign_with_nonce] Private key length: 40
[DEBUG crypto::sign_with_nonce] Message length: 40
[DEBUG crypto::sign_with_nonce] Nonce bytes length: 40
[DEBUG crypto::sign_with_nonce] Message hash: f17a58904e11f9d72d2a4b143a587669f4cef02a3b26f293865b4e5d80000e5ad6fb7746b916c26c
[DEBUG crypto::sign_with_nonce] Nonce bytes: 80549d670cc9e5a4aa045e8973a4eb16406e38e278ee623e5a7f69ec6bb09ffb2a48b1f44eeb241e
[DEBUG crypto::sign_with_nonce] Private key converted to scalar
[DEBUG crypto::sign_with_nonce] Nonce converted to scalar
[DEBUG crypto::sign_with_nonce] Message converted to Fp5Element
[DEBUG crypto::sign_with_nonce] Step 1: Computing R = nonce * G
[DEBUG crypto::sign_with_nonce] R encoded (full 40 bytes): 0f4796acafdbcfaa06f6fe9d47d5fa25ed9e45663b9dd6042935c795eb458dffa4dad0038ec93774
[DEBUG crypto::sign_with_nonce] R Fp5 elements:
  R[0] = 12308297854188144399 (u64)
  R[1] = 2736734227151123974 (u64)
  R[2] = 348638899612262125 (u64)
  R[3] = 18414451329520317737 (u64)
  R[4] = 8374383643905284772 (u64)
[DEBUG crypto::sign_with_nonce] Step 2: Computing challenge e = H(R || message)
[DEBUG crypto::sign_with_nonce] Pre-image prepared (10 elements):
  PreImage[0] = 12308297854188144399 (u64)
  PreImage[1] = 2736734227151123974 (u64)
  PreImage[2] = 348638899612262125 (u64)
  PreImage[3] = 18414451329520317737 (u64)
  PreImage[4] = 8374383643905284772 (u64)
  PreImage[5] = 15562489016482298609 (u64)
  PreImage[6] = 7599358427706108461 (u64)
  PreImage[7] = 10660625303504735988 (u64)
  PreImage[8] = 6489124664408693638 (u64)
  PreImage[9] = 7836851286585113558 (u64)
[DEBUG crypto::sign_with_nonce] Challenge e computed (40 bytes): 21923e74bf9710176d0009a1ad4ce9a4da499b3d8f9e1e5784cd8c746a72e58446f9192b52d6750d
[DEBUG crypto::sign_with_nonce] Challenge e (first 8 bytes as u64): 1661995111044518433
[DEBUG crypto::sign_with_nonce] Step 3: Computing s = nonce - e * private_key
[DEBUG crypto::sign_with_nonce] Response s computed (40 bytes): a9edb59e9c4b62a57da4bd57e4351a5b600dde87eb1eff5df0b9644e5884a5f1627ad8ad5627ca2a
[DEBUG crypto::sign_with_nonce] Response s (first 8 bytes as u64): 11917170700025458089
[DEBUG crypto::sign_with_nonce] Step 4: Assembling signature (s || e)
[DEBUG crypto::sign_with_nonce] Final signature: a9edb59e9c4b62a57da4bd57e4351a5b600dde87eb1eff5df0b9644e5884a5f1627ad8ad5627ca2a21923e74bf9710176d0009
a1ad4ce9a4da499b3d8f9e1e5784cd8c746a72e58446f9192b52d6750d
[DEBUG crypto::sign_with_nonce] ========================================
[DEBUG signer::sign_with_fixed_nonce] Signature from crypto: a9edb59e9c4b62a57da4bd57e4351a5b600dde87eb1eff5df0b9644e5884a5f1627ad8ad5627ca2a21923e74bf
9710176d0009a1ad4ce9a4da499b3d8f9e1e5784cd8c746a72e58446f9192b52d6750d (length: 80)
[DEBUG signer::sign_with_fixed_nonce] Final signature: a9edb59e9c4b62a57da4bd57e4351a5b600dde87eb1eff5df0b9644e5884a5f1627ad8ad5627ca2a21923e74bf971017
6d0009a1ad4ce9a4da499b3d8f9e1e5784cd8c746a72e58446f9192b52d6750d
[DEBUG sign_transaction_internal] Signature returned (80 bytes): a9edb59e9c4b62a57da4bd57e4351a5b600dde87eb1eff5df0b9644e5884a5f1627ad8ad5627ca2a21923e
74bf9710176d0009a1ad4ce9a4da499b3d8f9e1e5784cd8c746a72e58446f9192b52d6750d
[DEBUG sign_transaction_internal] Signature s (first 40 bytes): a9edb59e9c4b62a57da4bd57e4351a5b600dde87eb1eff5df0b9644e5884a5f1627ad8ad5627ca2a
[DEBUG sign_transaction_internal] Signature e (last 40 bytes): 21923e74bf9710176d0009a1ad4ce9a4da499b3d8f9e1e5784cd8c746a72e58446f9192b52d6750d
[DEBUG create_order] Signature generated: a9edb59e9c4b62a57da4bd57e4351a5b600dde87eb1eff5df0b9644e5884a5f1627ad8ad5627ca2a21923e74bf9710176d0009a1ad4ce
9a4da499b3d8f9e1e5784cd8c746a72e58446f9192b52d6750d (length: 80)
[DEBUG create_order] Signature (base64): qe21npxLYqV9pL1X5DUaW2AN3ofrHv9d8LlkTliEpfFietitVifKKiGSPnS/lxAXbQAJoa1M6aTaSZs9j54eV4TNjHRqcuWERvkZK1LWdQ0=
[DEBUG create_order] Final transaction JSON: {"AccountIndex":237600,"ApiKeyIndex":4,"BaseAmount":1000,"ClientOrderIndex":1763069202977,"ExpiredAt":1763
069856030,"IsAsk":0,"MarketIndex":0,"Nonce":970,"OrderExpiry":0,"Price":500000000,"ReduceOnly":0,"Sig":"qe21npxLYqV9pL1X5DUaW2AN3ofrHv9d8LlkTliEpfFieti
tVifKKiGSPnS/lxAXbQAJoa1M6aTaSZs9j54eV4TNjHRqcuWERvkZK1LWdQ0=","TimeInForce":0,"TriggerPrice":0,"Type":1}
[DEBUG create_order] Sending to: https://mainnet.zklighter.elliot.ai/api/v1/sendTx
[DEBUG create_order] Response status: 200 OK, body: {"code":200,"message":"{\"ratelimit\": \"690 volume quota remained\"}","tx_hash":"f17a58904e11f9d72
d2a4b143a587669f4cef02a3b26f293865b4e5d80000e5ad6fb7746b916c26c","predicted_execution_time_ms":1763069256258,"volume_quota_remaining":690}
[DEBUG create_order] ÔòÉÔòÉÔòÉÔòÉÔòÉÔòÉÔòÉÔòÉÔòÉÔòÉÔòÉÔòÉÔòÉÔòÉÔòÉÔòÉÔòÉÔòÉÔòÉÔòÉÔòÉÔòÉÔòÉÔòÉÔòÉÔòÉÔòÉÔòÉÔòÉÔòÉÔòÉÔòÉÔòÉÔòÉÔòÉÔòÉÔòÉÔòÉÔòÉÔòÉ
[DEBUG create_order] API RESPONSE RECEIVED
[DEBUG create_order] ÔòÉÔòÉÔòÉÔòÉÔòÉÔòÉÔòÉÔòÉÔòÉÔòÉÔòÉÔòÉÔòÉÔòÉÔòÉÔòÉÔòÉÔòÉÔòÉÔòÉÔòÉÔòÉÔòÉÔòÉÔòÉÔòÉÔòÉÔòÉÔòÉÔòÉÔòÉÔòÉÔòÉÔòÉÔòÉÔòÉÔòÉÔòÉÔòÉÔòÉ
[DEBUG create_order] Response code: 200
[DEBUG create_order] Response message: {"ratelimit": "690 volume quota remained"}
[DEBUG create_order] Nonce used: 970
[DEBUG create_order] Ô£àÔ£àÔ£à SUCCESS Ô£àÔ£àÔ£à - Transaction succeeded with nonce 970
[DEBUG create_order] ÔòÉÔòÉÔòÉÔòÉÔòÉÔòÉÔòÉÔòÉÔòÉÔòÉÔòÉÔòÉÔòÉÔòÉÔòÉÔòÉÔòÉÔòÉÔòÉÔòÉÔòÉÔòÉÔòÉÔòÉÔòÉÔòÉÔòÉÔòÉÔòÉÔòÉÔòÉÔòÉÔòÉÔòÉÔòÉÔòÉÔòÉÔòÉÔòÉÔòÉ
[DEBUG create_order] SUCCESSFUL SIGNATURE - SAVE THIS FOR COMPARISON
[DEBUG create_order] ÔòÉÔòÉÔòÉÔòÉÔòÉÔòÉÔòÉÔòÉÔòÉÔòÉÔòÉÔòÉÔòÉÔòÉÔòÉÔòÉÔòÉÔòÉÔòÉÔòÉÔòÉÔòÉÔòÉÔòÉÔòÉÔòÉÔòÉÔòÉÔòÉÔòÉÔòÉÔòÉÔòÉÔòÉÔòÉÔòÉÔòÉÔòÉÔòÉÔòÉ
[DEBUG create_order] ========================================

[DEBUG create_order] ========================================
[DEBUG create_order] Starting order creation for client_order_index: 1763069202978
[DEBUG get_next_nonce_from_cache] Fetching nonce from API
[DEBUG fetch_nonce_from_api] Requesting nonce from: https://mainnet.zklighter.elliot.ai/api/v1/nextNonce?account_index=237600&api_key_index=4
[DEBUG fetch_nonce_from_api] Received nonce: 971
[DEBUG get_next_nonce_from_cache] Fetched nonce from API: 971
[DEBUG create_order] ========================================
[DEBUG create_order] Order: client_order_index=1763069202978
[DEBUG create_order] Nonce obtained: 971
[DEBUG create_order] ÔòÉÔòÉÔòÉÔòÉÔòÉÔòÉÔòÉÔòÉÔòÉÔòÉÔòÉÔòÉÔòÉÔòÉÔòÉÔòÉÔòÉÔòÉÔòÉÔòÉÔòÉÔòÉÔòÉÔòÉÔòÉÔòÉÔòÉÔòÉÔòÉÔòÉÔòÉÔòÉÔòÉÔòÉÔòÉÔòÉÔòÉÔòÉÔòÉÔòÉ
[DEBUG create_order] STARTING SIGNATURE COMPUTATION
[DEBUG create_order] ÔòÉÔòÉÔòÉÔòÉÔòÉÔòÉÔòÉÔòÉÔòÉÔòÉÔòÉÔòÉÔòÉÔòÉÔòÉÔòÉÔòÉÔòÉÔòÉÔòÉÔòÉÔòÉÔòÉÔòÉÔòÉÔòÉÔòÉÔòÉÔòÉÔòÉÔòÉÔòÉÔòÉÔòÉÔòÉÔòÉÔòÉÔòÉÔòÉÔòÉ
[DEBUG create_order] Timestamp: now=1763069260343, expired_at=1763069859343
[DEBUG create_order] Transaction JSON (before signing): {"AccountIndex":237600,"ApiKeyIndex":4,"BaseAmount":1000,"ClientOrderIndex":1763069202978,"Expi
redAt":1763069859343,"IsAsk":0,"MarketIndex":0,"Nonce":971,"OrderExpiry":0,"Price":500000000,"ReduceOnly":0,"Sig":"","TimeInForce":0,"TriggerPrice":0,"
Type":1}
[DEBUG sign_transaction_internal] Starting signature computation
[DEBUG sign_transaction_internal] tx_type: 14
[DEBUG sign_transaction_internal] Extracted fields:
  chain_id: 304
  nonce: 971
  expired_at: 1763069859343
  account_index: 237600
  api_key_index: 4
[DEBUG sign_transaction_internal] CREATE_ORDER fields:
  market_index: 0
  client_order_index: 1763069202978
  base_amount: 1000
  price: 500000000
  is_ask: 0
  order_type: 1
  time_in_force: 0
  reduce_only: 0
  trigger_price: 0
  order_expiry: 0
[DEBUG sign_transaction_internal] Hash input elements count: 16
[DEBUG sign_transaction_internal] Hash input elements:
  [0] Element 0: 304 (u64)
  [1] Element 1: 14 (u64)
  [2] Element 2: 971 (u64)
  [3] Element 3: 1763069859343 (u64)
  [4] Element 4: 237600 (u64)
  [5] Element 5: 4 (u64)
  [6] Element 6: 0 (u64)
  [7] Element 7: 1763069202978 (u64)
  [8] Element 8: 1000 (u64)
  [9] Element 9: 500000000 (u64)
  [10] Element 10: 0 (u64)
  [11] Element 11: 1 (u64)
  [12] Element 12: 0 (u64)
  [13] Element 13: 0 (u64)
  [14] Element 14: 0 (u64)
  [15] Element 15: 0 (u64)
[DEBUG sign_transaction_internal] Computing Poseidon2 hash with 16 elements
[DEBUG sign_transaction_internal] Transaction hash (40 bytes): 538bd53d9e769046ba8804efae8ce753b84afc18b9241e0c8f022bfb8bdf592e366b9da154a26917
[DEBUG sign_transaction_internal] Transaction hash (first 8 bytes as u64): 5084694401315605331
[DEBUG sign_transaction_internal] Calling key_manager.sign() with hash: 
538bd53d9e769046ba8804efae8ce753b84afc18b9241e0c8f022bfb8bdf592e366b9da154a26917
[DEBUG signer::sign] Starting signature generation
[DEBUG signer::sign] Message hash: 538bd53d9e769046ba8804efae8ce753b84afc18b9241e0c8f022bfb8bdf592e366b9da154a26917
[DEBUG signer::sign] Generated random nonce: 12970e764216ab6b414abd39bf16226d9442cd0e00bc85a452d73986f1cc42aa65f5acca984f6938
[DEBUG signer::sign_with_fixed_nonce] Signing with fixed nonce
[DEBUG signer::sign_with_fixed_nonce] Private key (first 16 bytes): 79699d9819553fc6eee1b5e50af049d7...
[DEBUG signer::sign_with_fixed_nonce] Calling crypto::schnorr::sign_with_nonce
[DEBUG crypto::sign_with_nonce] ========================================
[DEBUG crypto::sign_with_nonce] Starting Schnorr signature
[DEBUG crypto::sign_with_nonce] Private key length: 40
[DEBUG crypto::sign_with_nonce] Message length: 40
[DEBUG crypto::sign_with_nonce] Nonce bytes length: 40
[DEBUG crypto::sign_with_nonce] Message hash: 538bd53d9e769046ba8804efae8ce753b84afc18b9241e0c8f022bfb8bdf592e366b9da154a26917
[DEBUG crypto::sign_with_nonce] Nonce bytes: 12970e764216ab6b414abd39bf16226d9442cd0e00bc85a452d73986f1cc42aa65f5acca984f6938
[DEBUG crypto::sign_with_nonce] Private key converted to scalar
[DEBUG crypto::sign_with_nonce] Nonce converted to scalar
[DEBUG crypto::sign_with_nonce] Message converted to Fp5Element
[DEBUG crypto::sign_with_nonce] Step 1: Computing R = nonce * G
[DEBUG crypto::sign_with_nonce] R encoded (full 40 bytes): 8a36388dfcb059d14d6641a5618bd3d9305ffffc9982b05c81592d13426147f55684ba2a3a1ba39e
[DEBUG crypto::sign_with_nonce] R Fp5 elements:
  R[0] = 15085283025601705610 (u64)
  R[1] = 15696042377816925773 (u64)
  R[2] = 6678981845276647216 (u64)
  R[3] = 17674202199056275841 (u64)
  R[4] = 11431010215835370582 (u64)
[DEBUG crypto::sign_with_nonce] Step 2: Computing challenge e = H(R || message)
[DEBUG crypto::sign_with_nonce] Pre-image prepared (10 elements):
  PreImage[0] = 15085283025601705610 (u64)
  PreImage[1] = 15696042377816925773 (u64)
  PreImage[2] = 6678981845276647216 (u64)
  PreImage[3] = 17674202199056275841 (u64)
  PreImage[4] = 11431010215835370582 (u64)
  PreImage[5] = 5084694401315605331 (u64)
  PreImage[6] = 6045955707730430138 (u64)
  PreImage[7] = 873175755163191992 (u64)
  PreImage[8] = 3339946390979281551 (u64)
  PreImage[9] = 1687058019799362358 (u64)
[DEBUG crypto::sign_with_nonce] Challenge e computed (40 bytes): b32c7fdd58a850eab60bcba749308cb0151df11c3f7d53f8142c1cd3a9066afdad41a4bde5a2ab63
[DEBUG crypto::sign_with_nonce] Challenge e (first 8 bytes as u64): 16884180102638677171
[DEBUG crypto::sign_with_nonce] Step 3: Computing s = nonce - e * private_key
[DEBUG crypto::sign_with_nonce] Response s computed (40 bytes): 0189a456c67f155e820ef682b2754e05e2862625e1d37da83705560eb143a563d82b2a8cc2d3881d
[DEBUG crypto::sign_with_nonce] Response s (first 8 bytes as u64): 6779465303910025473
[DEBUG crypto::sign_with_nonce] Step 4: Assembling signature (s || e)
[DEBUG crypto::sign_with_nonce] Final signature: 0189a456c67f155e820ef682b2754e05e2862625e1d37da83705560eb143a563d82b2a8cc2d3881db32c7fdd58a850eab60bcb
a749308cb0151df11c3f7d53f8142c1cd3a9066afdad41a4bde5a2ab63
[DEBUG crypto::sign_with_nonce] ========================================
[DEBUG signer::sign_with_fixed_nonce] Signature from crypto: 0189a456c67f155e820ef682b2754e05e2862625e1d37da83705560eb143a563d82b2a8cc2d3881db32c7fdd58
a850eab60bcba749308cb0151df11c3f7d53f8142c1cd3a9066afdad41a4bde5a2ab63 (length: 80)
[DEBUG signer::sign_with_fixed_nonce] Final signature: 0189a456c67f155e820ef682b2754e05e2862625e1d37da83705560eb143a563d82b2a8cc2d3881db32c7fdd58a850ea
b60bcba749308cb0151df11c3f7d53f8142c1cd3a9066afdad41a4bde5a2ab63
[DEBUG sign_transaction_internal] Signature returned (80 bytes): 0189a456c67f155e820ef682b2754e05e2862625e1d37da83705560eb143a563d82b2a8cc2d3881db32c7f
dd58a850eab60bcba749308cb0151df11c3f7d53f8142c1cd3a9066afdad41a4bde5a2ab63
[DEBUG sign_transaction_internal] Signature s (first 40 bytes): 0189a456c67f155e820ef682b2754e05e2862625e1d37da83705560eb143a563d82b2a8cc2d3881d
[DEBUG sign_transaction_internal] Signature e (last 40 bytes): b32c7fdd58a850eab60bcba749308cb0151df11c3f7d53f8142c1cd3a9066afdad41a4bde5a2ab63
[DEBUG create_order] Signature generated: 0189a456c67f155e820ef682b2754e05e2862625e1d37da83705560eb143a563d82b2a8cc2d3881db32c7fdd58a850eab60bcba749308
cb0151df11c3f7d53f8142c1cd3a9066afdad41a4bde5a2ab63 (length: 80)
[DEBUG create_order] Signature (base64): AYmkVsZ/FV6CDvaCsnVOBeKGJiXh032oNwVWDrFDpWPYKyqMwtOIHbMsf91YqFDqtgvLp0kwjLAVHfEcP31T+BQsHNOpBmr9rUGkveWiq2M=
[DEBUG create_order] Final transaction JSON: {"AccountIndex":237600,"ApiKeyIndex":4,"BaseAmount":1000,"ClientOrderIndex":1763069202978,"ExpiredAt":1763
069859343,"IsAsk":0,"MarketIndex":0,"Nonce":971,"OrderExpiry":0,"Price":500000000,"ReduceOnly":0,"Sig":"AYmkVsZ/FV6CDvaCsnVOBeKGJiXh032oNwVWDrFDpWPYKyq
MwtOIHbMsf91YqFDqtgvLp0kwjLAVHfEcP31T+BQsHNOpBmr9rUGkveWiq2M=","TimeInForce":0,"TriggerPrice":0,"Type":1}
[DEBUG create_order] Sending to: https://mainnet.zklighter.elliot.ai/api/v1/sendTx
[DEBUG create_order] Response status: 200 OK, body: {"code":200,"message":"{\"ratelimit\": \"689 volume quota remained\"}","tx_hash":"538bd53d9e769046b
a8804efae8ce753b84afc18b9241e0c8f022bfb8bdf592e366b9da154a26917","predicted_execution_time_ms":1763069259570,"volume_quota_remaining":689}
[DEBUG create_order] ÔòÉÔòÉÔòÉÔòÉÔòÉÔòÉÔòÉÔòÉÔòÉÔòÉÔòÉÔòÉÔòÉÔòÉÔòÉÔòÉÔòÉÔòÉÔòÉÔòÉÔòÉÔòÉÔòÉÔòÉÔòÉÔòÉÔòÉÔòÉÔòÉÔòÉÔòÉÔòÉÔòÉÔòÉÔòÉÔòÉÔòÉÔòÉÔòÉÔòÉ
[DEBUG create_order] API RESPONSE RECEIVED
[DEBUG create_order] ÔòÉÔòÉÔòÉÔòÉÔòÉÔòÉÔòÉÔòÉÔòÉÔòÉÔòÉÔòÉÔòÉÔòÉÔòÉÔòÉÔòÉÔòÉÔòÉÔòÉÔòÉÔòÉÔòÉÔòÉÔòÉÔòÉÔòÉÔòÉÔòÉÔòÉÔòÉÔòÉÔòÉÔòÉÔòÉÔòÉÔòÉÔòÉÔòÉÔòÉ
[DEBUG create_order] Response code: 200
[DEBUG create_order] Response message: {"ratelimit": "689 volume quota remained"}
[DEBUG create_order] Nonce used: 971
[DEBUG create_order] Ô£àÔ£àÔ£à SUCCESS Ô£àÔ£àÔ£à - Transaction succeeded with nonce 971
[DEBUG create_order] ÔòÉÔòÉÔòÉÔòÉÔòÉÔòÉÔòÉÔòÉÔòÉÔòÉÔòÉÔòÉÔòÉÔòÉÔòÉÔòÉÔòÉÔòÉÔòÉÔòÉÔòÉÔòÉÔòÉÔòÉÔòÉÔòÉÔòÉÔòÉÔòÉÔòÉÔòÉÔòÉÔòÉÔòÉÔòÉÔòÉÔòÉÔòÉÔòÉÔòÉ
[DEBUG create_order] SUCCESSFUL SIGNATURE - SAVE THIS FOR COMPARISON
[DEBUG create_order] ÔòÉÔòÉÔòÉÔòÉÔòÉÔòÉÔòÉÔòÉÔòÉÔòÉÔòÉÔòÉÔòÉÔòÉÔòÉÔòÉÔòÉÔòÉÔòÉÔòÉÔòÉÔòÉÔòÉÔòÉÔòÉÔòÉÔòÉÔòÉÔòÉÔòÉÔòÉÔòÉÔòÉÔòÉÔòÉÔòÉÔòÉÔòÉÔòÉÔòÉ
[DEBUG create_order] ========================================

[DEBUG create_order] ========================================
[DEBUG create_order] Starting order creation for client_order_index: 1763069202979
[DEBUG get_next_nonce_from_cache] Fetching nonce from API
[DEBUG fetch_nonce_from_api] Requesting nonce from: https://mainnet.zklighter.elliot.ai/api/v1/nextNonce?account_index=237600&api_key_index=4
[DEBUG fetch_nonce_from_api] Received nonce: 972
[DEBUG get_next_nonce_from_cache] Fetched nonce from API: 972
[DEBUG create_order] ========================================
[DEBUG create_order] Order: client_order_index=1763069202979
[DEBUG create_order] Nonce obtained: 972
[DEBUG create_order] ÔòÉÔòÉÔòÉÔòÉÔòÉÔòÉÔòÉÔòÉÔòÉÔòÉÔòÉÔòÉÔòÉÔòÉÔòÉÔòÉÔòÉÔòÉÔòÉÔòÉÔòÉÔòÉÔòÉÔòÉÔòÉÔòÉÔòÉÔòÉÔòÉÔòÉÔòÉÔòÉÔòÉÔòÉÔòÉÔòÉÔòÉÔòÉÔòÉÔòÉ
[DEBUG create_order] STARTING SIGNATURE COMPUTATION
[DEBUG create_order] ÔòÉÔòÉÔòÉÔòÉÔòÉÔòÉÔòÉÔòÉÔòÉÔòÉÔòÉÔòÉÔòÉÔòÉÔòÉÔòÉÔòÉÔòÉÔòÉÔòÉÔòÉÔòÉÔòÉÔòÉÔòÉÔòÉÔòÉÔòÉÔòÉÔòÉÔòÉÔòÉÔòÉÔòÉÔòÉÔòÉÔòÉÔòÉÔòÉÔòÉ
[DEBUG create_order] Timestamp: now=1763069263698, expired_at=1763069862698
[DEBUG create_order] Transaction JSON (before signing): {"AccountIndex":237600,"ApiKeyIndex":4,"BaseAmount":1000,"ClientOrderIndex":1763069202979,"Expi
redAt":1763069862698,"IsAsk":0,"MarketIndex":0,"Nonce":972,"OrderExpiry":0,"Price":500000000,"ReduceOnly":0,"Sig":"","TimeInForce":0,"TriggerPrice":0,"
Type":1}
[DEBUG sign_transaction_internal] Starting signature computation
[DEBUG sign_transaction_internal] tx_type: 14
[DEBUG sign_transaction_internal] Extracted fields:
  chain_id: 304
  nonce: 972
  expired_at: 1763069862698
  account_index: 237600
  api_key_index: 4
[DEBUG sign_transaction_internal] CREATE_ORDER fields:
  market_index: 0
  client_order_index: 1763069202979
  base_amount: 1000
  price: 500000000
  is_ask: 0
  order_type: 1
  time_in_force: 0
  reduce_only: 0
  trigger_price: 0
  order_expiry: 0
[DEBUG sign_transaction_internal] Hash input elements count: 16
[DEBUG sign_transaction_internal] Hash input elements:
  [0] Element 0: 304 (u64)
  [1] Element 1: 14 (u64)
  [2] Element 2: 972 (u64)
  [3] Element 3: 1763069862698 (u64)
  [4] Element 4: 237600 (u64)
  [5] Element 5: 4 (u64)
  [6] Element 6: 0 (u64)
  [7] Element 7: 1763069202979 (u64)
  [8] Element 8: 1000 (u64)
  [9] Element 9: 500000000 (u64)
  [10] Element 10: 0 (u64)
  [11] Element 11: 1 (u64)
  [12] Element 12: 0 (u64)
  [13] Element 13: 0 (u64)
  [14] Element 14: 0 (u64)
  [15] Element 15: 0 (u64)
[DEBUG sign_transaction_internal] Computing Poseidon2 hash with 16 elements
[DEBUG sign_transaction_internal] Transaction hash (40 bytes): c342fdbb36236bf9f73753474b3046762a9c3bc31df1f15a27fbb172bf22829cc86c23fb0719807f
[DEBUG sign_transaction_internal] Transaction hash (first 8 bytes as u64): 17972497455941239491
[DEBUG sign_transaction_internal] Calling key_manager.sign() with hash: 
c342fdbb36236bf9f73753474b3046762a9c3bc31df1f15a27fbb172bf22829cc86c23fb0719807f
[DEBUG signer::sign] Starting signature generation
[DEBUG signer::sign] Message hash: c342fdbb36236bf9f73753474b3046762a9c3bc31df1f15a27fbb172bf22829cc86c23fb0719807f
[DEBUG signer::sign] Generated random nonce: a67a2fa6bf298098ec7cf280a80187e69af9f4fdb04b172744d2206decec6c3aefbcf186c3b9d183
[DEBUG signer::sign_with_fixed_nonce] Signing with fixed nonce
[DEBUG signer::sign_with_fixed_nonce] Private key (first 16 bytes): 79699d9819553fc6eee1b5e50af049d7...
[DEBUG signer::sign_with_fixed_nonce] Calling crypto::schnorr::sign_with_nonce
[DEBUG crypto::sign_with_nonce] ========================================
[DEBUG crypto::sign_with_nonce] Starting Schnorr signature
[DEBUG crypto::sign_with_nonce] Private key length: 40
[DEBUG crypto::sign_with_nonce] Message length: 40
[DEBUG crypto::sign_with_nonce] Nonce bytes length: 40
[DEBUG crypto::sign_with_nonce] Message hash: c342fdbb36236bf9f73753474b3046762a9c3bc31df1f15a27fbb172bf22829cc86c23fb0719807f
[DEBUG crypto::sign_with_nonce] Nonce bytes: a67a2fa6bf298098ec7cf280a80187e69af9f4fdb04b172744d2206decec6c3aefbcf186c3b9d183
[DEBUG crypto::sign_with_nonce] Private key converted to scalar
[DEBUG crypto::sign_with_nonce] Nonce converted to scalar
[DEBUG crypto::sign_with_nonce] Message converted to Fp5Element
[DEBUG crypto::sign_with_nonce] Step 1: Computing R = nonce * G
[DEBUG crypto::sign_with_nonce] R encoded (full 40 bytes): 6e1bb473973a5993270361cc9cf8d101fd54d1e408e78c954ee9e2048179c3c5091cf7fb8aeb02a7
[DEBUG crypto::sign_with_nonce] R Fp5 elements:
  R[0] = 10617582018658311022 (u64)
  R[1] = 131159216497951527 (u64)
  R[2] = 10776242033775432957 (u64)
  R[3] = 14250367240970103118 (u64)
  R[4] = 12034440136452676617 (u64)
[DEBUG crypto::sign_with_nonce] Step 2: Computing challenge e = H(R || message)
[DEBUG crypto::sign_with_nonce] Pre-image prepared (10 elements):
  PreImage[0] = 10617582018658311022 (u64)
  PreImage[1] = 131159216497951527 (u64)
  PreImage[2] = 10776242033775432957 (u64)
  PreImage[3] = 14250367240970103118 (u64)
  PreImage[4] = 12034440136452676617 (u64)
  PreImage[5] = 17972497455941239491 (u64)
  PreImage[6] = 8522552444722558967 (u64)
  PreImage[7] = 6553284042932591658 (u64)
  PreImage[8] = 11277614622547508007 (u64)
  PreImage[9] = 9187370761904680136 (u64)
[DEBUG crypto::sign_with_nonce] Challenge e computed (40 bytes): eee177ecc0a1b35ac24771be6d34b4657c4313384f84a5e02c09f96160b78cc84a0fd7d57cc47878
[DEBUG crypto::sign_with_nonce] Challenge e (first 8 bytes as u64): 6535745334217794030
[DEBUG crypto::sign_with_nonce] Step 3: Computing s = nonce - e * private_key
[DEBUG crypto::sign_with_nonce] Response s computed (40 bytes): 13791aeba83c4c8f528bc82a323d1777380d9b2cf130a15bd662af248f01b3027d821ceada0f5962
[DEBUG crypto::sign_with_nonce] Response s (first 8 bytes as u64): 10325694741850257683
[DEBUG crypto::sign_with_nonce] Step 4: Assembling signature (s || e)
[DEBUG crypto::sign_with_nonce] Final signature: 13791aeba83c4c8f528bc82a323d1777380d9b2cf130a15bd662af248f01b3027d821ceada0f5962eee177ecc0a1b35ac24771
be6d34b4657c4313384f84a5e02c09f96160b78cc84a0fd7d57cc47878
[DEBUG crypto::sign_with_nonce] ========================================
[DEBUG signer::sign_with_fixed_nonce] Signature from crypto: 13791aeba83c4c8f528bc82a323d1777380d9b2cf130a15bd662af248f01b3027d821ceada0f5962eee177ecc0
a1b35ac24771be6d34b4657c4313384f84a5e02c09f96160b78cc84a0fd7d57cc47878 (length: 80)
[DEBUG signer::sign_with_fixed_nonce] Final signature: 13791aeba83c4c8f528bc82a323d1777380d9b2cf130a15bd662af248f01b3027d821ceada0f5962eee177ecc0a1b35a
c24771be6d34b4657c4313384f84a5e02c09f96160b78cc84a0fd7d57cc47878
[DEBUG sign_transaction_internal] Signature returned (80 bytes): 13791aeba83c4c8f528bc82a323d1777380d9b2cf130a15bd662af248f01b3027d821ceada0f5962eee177
ecc0a1b35ac24771be6d34b4657c4313384f84a5e02c09f96160b78cc84a0fd7d57cc47878
[DEBUG sign_transaction_internal] Signature s (first 40 bytes): 13791aeba83c4c8f528bc82a323d1777380d9b2cf130a15bd662af248f01b3027d821ceada0f5962
[DEBUG sign_transaction_internal] Signature e (last 40 bytes): eee177ecc0a1b35ac24771be6d34b4657c4313384f84a5e02c09f96160b78cc84a0fd7d57cc47878
[DEBUG create_order] Signature generated: 13791aeba83c4c8f528bc82a323d1777380d9b2cf130a15bd662af248f01b3027d821ceada0f5962eee177ecc0a1b35ac24771be6d34b
4657c4313384f84a5e02c09f96160b78cc84a0fd7d57cc47878 (length: 80)
[DEBUG create_order] Signature (base64): E3ka66g8TI9Si8gqMj0XdzgNmyzxMKFb1mKvJI8BswJ9ghzq2g9ZYu7hd+zAobNawkdxvm00tGV8QxM4T4Sl4CwJ+WFgt4zISg/X1XzEeHg=
[DEBUG create_order] Final transaction JSON: {"AccountIndex":237600,"ApiKeyIndex":4,"BaseAmount":1000,"ClientOrderIndex":1763069202979,"ExpiredAt":1763
069862698,"IsAsk":0,"MarketIndex":0,"Nonce":972,"OrderExpiry":0,"Price":500000000,"ReduceOnly":0,"Sig":"E3ka66g8TI9Si8gqMj0XdzgNmyzxMKFb1mKvJI8BswJ9ghz
q2g9ZYu7hd+zAobNawkdxvm00tGV8QxM4T4Sl4CwJ+WFgt4zISg/X1XzEeHg=","TimeInForce":0,"TriggerPrice":0,"Type":1}
[DEBUG create_order] Sending to: https://mainnet.zklighter.elliot.ai/api/v1/sendTx
[DEBUG create_order] Response status: 200 OK, body: {"code":200,"message":"{\"ratelimit\": \"didn't use volume 
quota\"}","tx_hash":"c342fdbb36236bf9f73753474b3046762a9c3bc31df1f15a27fbb172bf22829cc86c23fb0719807f","predicted_execution_time_ms":1763069262914}
[DEBUG create_order] ÔòÉÔòÉÔòÉÔòÉÔòÉÔòÉÔòÉÔòÉÔòÉÔòÉÔòÉÔòÉÔòÉÔòÉÔòÉÔòÉÔòÉÔòÉÔòÉÔòÉÔòÉÔòÉÔòÉÔòÉÔòÉÔòÉÔòÉÔòÉÔòÉÔòÉÔòÉÔòÉÔòÉÔòÉÔòÉÔòÉÔòÉÔòÉÔòÉÔòÉ
[DEBUG create_order] API RESPONSE RECEIVED
[DEBUG create_order] ÔòÉÔòÉÔòÉÔòÉÔòÉÔòÉÔòÉÔòÉÔòÉÔòÉÔòÉÔòÉÔòÉÔòÉÔòÉÔòÉÔòÉÔòÉÔòÉÔòÉÔòÉÔòÉÔòÉÔòÉÔòÉÔòÉÔòÉÔòÉÔòÉÔòÉÔòÉÔòÉÔòÉÔòÉÔòÉÔòÉÔòÉÔòÉÔòÉÔòÉ
[DEBUG create_order] Response code: 200
[DEBUG create_order] Response message: {"ratelimit": "didn't use volume quota"}
[DEBUG create_order] Nonce used: 972
[DEBUG create_order] Ô£àÔ£àÔ£à SUCCESS Ô£àÔ£àÔ£à - Transaction succeeded with nonce 972
[DEBUG create_order] ÔòÉÔòÉÔòÉÔòÉÔòÉÔòÉÔòÉÔòÉÔòÉÔòÉÔòÉÔòÉÔòÉÔòÉÔòÉÔòÉÔòÉÔòÉÔòÉÔòÉÔòÉÔòÉÔòÉÔòÉÔòÉÔòÉÔòÉÔòÉÔòÉÔòÉÔòÉÔòÉÔòÉÔòÉÔòÉÔòÉÔòÉÔòÉÔòÉÔòÉ
[DEBUG create_order] SUCCESSFUL SIGNATURE - SAVE THIS FOR COMPARISON
[DEBUG create_order] ÔòÉÔòÉÔòÉÔòÉÔòÉÔòÉÔòÉÔòÉÔòÉÔòÉÔòÉÔòÉÔòÉÔòÉÔòÉÔòÉÔòÉÔòÉÔòÉÔòÉÔòÉÔòÉÔòÉÔòÉÔòÉÔòÉÔòÉÔòÉÔòÉÔòÉÔòÉÔòÉÔòÉÔòÉÔòÉÔòÉÔòÉÔòÉÔòÉÔòÉ
[DEBUG create_order] ========================================

[20/100] Sending order (nonce managed internally)
[DEBUG create_order] ========================================
[DEBUG create_order] Starting order creation for client_order_index: 1763069202980
[DEBUG get_next_nonce_from_cache] Fetching nonce from API
[DEBUG fetch_nonce_from_api] Requesting nonce from: https://mainnet.zklighter.elliot.ai/api/v1/nextNonce?account_index=237600&api_key_index=4
[DEBUG fetch_nonce_from_api] Received nonce: 973
[DEBUG get_next_nonce_from_cache] Fetched nonce from API: 973
[DEBUG create_order] ========================================
[DEBUG create_order] Order: client_order_index=1763069202980
[DEBUG create_order] Nonce obtained: 973
[DEBUG create_order] ÔòÉÔòÉÔòÉÔòÉÔòÉÔòÉÔòÉÔòÉÔòÉÔòÉÔòÉÔòÉÔòÉÔòÉÔòÉÔòÉÔòÉÔòÉÔòÉÔòÉÔòÉÔòÉÔòÉÔòÉÔòÉÔòÉÔòÉÔòÉÔòÉÔòÉÔòÉÔòÉÔòÉÔòÉÔòÉÔòÉÔòÉÔòÉÔòÉÔòÉ
[DEBUG create_order] STARTING SIGNATURE COMPUTATION
[DEBUG create_order] ÔòÉÔòÉÔòÉÔòÉÔòÉÔòÉÔòÉÔòÉÔòÉÔòÉÔòÉÔòÉÔòÉÔòÉÔòÉÔòÉÔòÉÔòÉÔòÉÔòÉÔòÉÔòÉÔòÉÔòÉÔòÉÔòÉÔòÉÔòÉÔòÉÔòÉÔòÉÔòÉÔòÉÔòÉÔòÉÔòÉÔòÉÔòÉÔòÉÔòÉ
[DEBUG create_order] Timestamp: now=1763069266997, expired_at=1763069865997
[DEBUG create_order] Transaction JSON (before signing): {"AccountIndex":237600,"ApiKeyIndex":4,"BaseAmount":1000,"ClientOrderIndex":1763069202980,"Expi
redAt":1763069865997,"IsAsk":0,"MarketIndex":0,"Nonce":973,"OrderExpiry":0,"Price":500000000,"ReduceOnly":0,"Sig":"","TimeInForce":0,"TriggerPrice":0,"
Type":1}
[DEBUG sign_transaction_internal] Starting signature computation
[DEBUG sign_transaction_internal] tx_type: 14
[DEBUG sign_transaction_internal] Extracted fields:
  chain_id: 304
  nonce: 973
  expired_at: 1763069865997
  account_index: 237600
  api_key_index: 4
[DEBUG sign_transaction_internal] CREATE_ORDER fields:
  market_index: 0
  client_order_index: 1763069202980
  base_amount: 1000
  price: 500000000
  is_ask: 0
  order_type: 1
  time_in_force: 0
  reduce_only: 0
  trigger_price: 0
  order_expiry: 0
[DEBUG sign_transaction_internal] Hash input elements count: 16
[DEBUG sign_transaction_internal] Hash input elements:
  [0] Element 0: 304 (u64)
  [1] Element 1: 14 (u64)
  [2] Element 2: 973 (u64)
  [3] Element 3: 1763069865997 (u64)
  [4] Element 4: 237600 (u64)
  [5] Element 5: 4 (u64)
  [6] Element 6: 0 (u64)
  [7] Element 7: 1763069202980 (u64)
  [8] Element 8: 1000 (u64)
  [9] Element 9: 500000000 (u64)
  [10] Element 10: 0 (u64)
  [11] Element 11: 1 (u64)
  [12] Element 12: 0 (u64)
  [13] Element 13: 0 (u64)
  [14] Element 14: 0 (u64)
  [15] Element 15: 0 (u64)
[DEBUG sign_transaction_internal] Computing Poseidon2 hash with 16 elements
[DEBUG sign_transaction_internal] Transaction hash (40 bytes): be28ecfe6d1a1d7ac9af399707f3d911bf5336bdec805c26acc41590c0103bd7d30d3366210dc8b4
[DEBUG sign_transaction_internal] Transaction hash (first 8 bytes as u64): 8799218306682464446
[DEBUG sign_transaction_internal] Calling key_manager.sign() with hash: 
be28ecfe6d1a1d7ac9af399707f3d911bf5336bdec805c26acc41590c0103bd7d30d3366210dc8b4
[DEBUG signer::sign] Starting signature generation
[DEBUG signer::sign] Message hash: be28ecfe6d1a1d7ac9af399707f3d911bf5336bdec805c26acc41590c0103bd7d30d3366210dc8b4
[DEBUG signer::sign] Generated random nonce: c2e961a01f36f3cf1da3aefccb0931e6d68d0bbbfdb12edf3e89f607da404f7b18677fbd5d3efa7d
[DEBUG signer::sign_with_fixed_nonce] Signing with fixed nonce
[DEBUG signer::sign_with_fixed_nonce] Private key (first 16 bytes): 79699d9819553fc6eee1b5e50af049d7...
[DEBUG signer::sign_with_fixed_nonce] Calling crypto::schnorr::sign_with_nonce
[DEBUG crypto::sign_with_nonce] ========================================
[DEBUG crypto::sign_with_nonce] Starting Schnorr signature
[DEBUG crypto::sign_with_nonce] Private key length: 40
[DEBUG crypto::sign_with_nonce] Message length: 40
[DEBUG crypto::sign_with_nonce] Nonce bytes length: 40
[DEBUG crypto::sign_with_nonce] Message hash: be28ecfe6d1a1d7ac9af399707f3d911bf5336bdec805c26acc41590c0103bd7d30d3366210dc8b4
[DEBUG crypto::sign_with_nonce] Nonce bytes: c2e961a01f36f3cf1da3aefccb0931e6d68d0bbbfdb12edf3e89f607da404f7b18677fbd5d3efa7d
[DEBUG crypto::sign_with_nonce] Private key converted to scalar
[DEBUG crypto::sign_with_nonce] Nonce converted to scalar
[DEBUG crypto::sign_with_nonce] Message converted to Fp5Element
[DEBUG crypto::sign_with_nonce] Step 1: Computing R = nonce * G
[DEBUG crypto::sign_with_nonce] R encoded (full 40 bytes): 6e17e0ec336e10f3dbaddd683b16545ba94a9976b84f51bcd0c076a9592bc874d730089d237dd51c
[DEBUG crypto::sign_with_nonce] R Fp5 elements:
  R[0] = 17514620120140355438 (u64)
  R[1] = 6580909399913377243 (u64)
  R[2] = 13569714805926349481 (u64)
  R[3] = 8415023567836987600 (u64)
  R[4] = 2077704395013238999 (u64)
[DEBUG crypto::sign_with_nonce] Step 2: Computing challenge e = H(R || message)
[DEBUG crypto::sign_with_nonce] Pre-image prepared (10 elements):
  PreImage[0] = 17514620120140355438 (u64)
  PreImage[1] = 6580909399913377243 (u64)
  PreImage[2] = 13569714805926349481 (u64)
  PreImage[3] = 8415023567836987600 (u64)
  PreImage[4] = 2077704395013238999 (u64)
  PreImage[5] = 8799218306682464446 (u64)
  PreImage[6] = 1286326382518448073 (u64)
  PreImage[7] = 2764226025573733311 (u64)
  PreImage[8] = 15509008161017545900 (u64)
  PreImage[9] = 13026676359268863443 (u64)
[DEBUG crypto::sign_with_nonce] Challenge e computed (40 bytes): f64d54cfd48756404f0e0517c7415aa686521ed5bad7a1fe0e65bff42c56af40a8542b5678491c7d
[DEBUG crypto::sign_with_nonce] Challenge e (first 8 bytes as u64): 4636042214505729526
[DEBUG crypto::sign_with_nonce] Step 3: Computing s = nonce - e * private_key
[DEBUG crypto::sign_with_nonce] Response s computed (40 bytes): 6f5174e1feeb10398027f3e1f7a50079e964e176d74d31df92651d21f7d0a919b1cd02c75d1e8e04
[DEBUG crypto::sign_with_nonce] Response s (first 8 bytes as u64): 4112045939725980015
[DEBUG crypto::sign_with_nonce] Step 4: Assembling signature (s || e)
[DEBUG crypto::sign_with_nonce] Final signature: 6f5174e1feeb10398027f3e1f7a50079e964e176d74d31df92651d21f7d0a919b1cd02c75d1e8e04f64d54cfd48756404f0e05
17c7415aa686521ed5bad7a1fe0e65bff42c56af40a8542b5678491c7d
[DEBUG crypto::sign_with_nonce] ========================================
[DEBUG signer::sign_with_fixed_nonce] Signature from crypto: 6f5174e1feeb10398027f3e1f7a50079e964e176d74d31df92651d21f7d0a919b1cd02c75d1e8e04f64d54cfd4
8756404f0e0517c7415aa686521ed5bad7a1fe0e65bff42c56af40a8542b5678491c7d (length: 80)
[DEBUG signer::sign_with_fixed_nonce] Final signature: 6f5174e1feeb10398027f3e1f7a50079e964e176d74d31df92651d21f7d0a919b1cd02c75d1e8e04f64d54cfd4875640
4f0e0517c7415aa686521ed5bad7a1fe0e65bff42c56af40a8542b5678491c7d
[DEBUG sign_transaction_internal] Signature returned (80 bytes): 6f5174e1feeb10398027f3e1f7a50079e964e176d74d31df92651d21f7d0a919b1cd02c75d1e8e04f64d54
cfd48756404f0e0517c7415aa686521ed5bad7a1fe0e65bff42c56af40a8542b5678491c7d
[DEBUG sign_transaction_internal] Signature s (first 40 bytes): 6f5174e1feeb10398027f3e1f7a50079e964e176d74d31df92651d21f7d0a919b1cd02c75d1e8e04
[DEBUG sign_transaction_internal] Signature e (last 40 bytes): f64d54cfd48756404f0e0517c7415aa686521ed5bad7a1fe0e65bff42c56af40a8542b5678491c7d
[DEBUG create_order] Signature generated: 6f5174e1feeb10398027f3e1f7a50079e964e176d74d31df92651d21f7d0a919b1cd02c75d1e8e04f64d54cfd48756404f0e0517c7415
aa686521ed5bad7a1fe0e65bff42c56af40a8542b5678491c7d (length: 80)
[DEBUG create_order] Signature (base64): b1F04f7rEDmAJ/Ph96UAeelk4XbXTTHfkmUdIffQqRmxzQLHXR6OBPZNVM/Uh1ZATw4FF8dBWqaGUh7Vuteh/g5lv/QsVq9AqFQrVnhJHH0=
[DEBUG create_order] Final transaction JSON: {"AccountIndex":237600,"ApiKeyIndex":4,"BaseAmount":1000,"ClientOrderIndex":1763069202980,"ExpiredAt":1763
069865997,"IsAsk":0,"MarketIndex":0,"Nonce":973,"OrderExpiry":0,"Price":500000000,"ReduceOnly":0,"Sig":"b1F04f7rEDmAJ/Ph96UAeelk4XbXTTHfkmUdIffQqRmxzQL
HXR6OBPZNVM/Uh1ZATw4FF8dBWqaGUh7Vuteh/g5lv/QsVq9AqFQrVnhJHH0=","TimeInForce":0,"TriggerPrice":0,"Type":1}
[DEBUG create_order] Sending to: https://mainnet.zklighter.elliot.ai/api/v1/sendTx
[DEBUG create_order] Response status: 200 OK, body: {"code":200,"message":"{\"ratelimit\": \"688 volume quota remained\"}","tx_hash":"be28ecfe6d1a1d7ac
9af399707f3d911bf5336bdec805c26acc41590c0103bd7d30d3366210dc8b4","predicted_execution_time_ms":1763069266219,"volume_quota_remaining":688}
[DEBUG create_order] ÔòÉÔòÉÔòÉÔòÉÔòÉÔòÉÔòÉÔòÉÔòÉÔòÉÔòÉÔòÉÔòÉÔòÉÔòÉÔòÉÔòÉÔòÉÔòÉÔòÉÔòÉÔòÉÔòÉÔòÉÔòÉÔòÉÔòÉÔòÉÔòÉÔòÉÔòÉÔòÉÔòÉÔòÉÔòÉÔòÉÔòÉÔòÉÔòÉÔòÉ
[DEBUG create_order] API RESPONSE RECEIVED
[DEBUG create_order] ÔòÉÔòÉÔòÉÔòÉÔòÉÔòÉÔòÉÔòÉÔòÉÔòÉÔòÉÔòÉÔòÉÔòÉÔòÉÔòÉÔòÉÔòÉÔòÉÔòÉÔòÉÔòÉÔòÉÔòÉÔòÉÔòÉÔòÉÔòÉÔòÉÔòÉÔòÉÔòÉÔòÉÔòÉÔòÉÔòÉÔòÉÔòÉÔòÉÔòÉ
[DEBUG create_order] Response code: 200
[DEBUG create_order] Response message: {"ratelimit": "688 volume quota remained"}
[DEBUG create_order] Nonce used: 973
[DEBUG create_order] Ô£àÔ£àÔ£à SUCCESS Ô£àÔ£àÔ£à - Transaction succeeded with nonce 973
[DEBUG create_order] ÔòÉÔòÉÔòÉÔòÉÔòÉÔòÉÔòÉÔòÉÔòÉÔòÉÔòÉÔòÉÔòÉÔòÉÔòÉÔòÉÔòÉÔòÉÔòÉÔòÉÔòÉÔòÉÔòÉÔòÉÔòÉÔòÉÔòÉÔòÉÔòÉÔòÉÔòÉÔòÉÔòÉÔòÉÔòÉÔòÉÔòÉÔòÉÔòÉÔòÉ
[DEBUG create_order] SUCCESSFUL SIGNATURE - SAVE THIS FOR COMPARISON
[DEBUG create_order] ÔòÉÔòÉÔòÉÔòÉÔòÉÔòÉÔòÉÔòÉÔòÉÔòÉÔòÉÔòÉÔòÉÔòÉÔòÉÔòÉÔòÉÔòÉÔòÉÔòÉÔòÉÔòÉÔòÉÔòÉÔòÉÔòÉÔòÉÔòÉÔòÉÔòÉÔòÉÔòÉÔòÉÔòÉÔòÉÔòÉÔòÉÔòÉÔòÉÔòÉ
[DEBUG create_order] ========================================
  Ô£à [20] SUCCESS

[DEBUG create_order] ========================================
[DEBUG create_order] Starting order creation for client_order_index: 1763069202981
[DEBUG get_next_nonce_from_cache] Fetching nonce from API
[DEBUG fetch_nonce_from_api] Requesting nonce from: https://mainnet.zklighter.elliot.ai/api/v1/nextNonce?account_index=237600&api_key_index=4
[DEBUG fetch_nonce_from_api] Received nonce: 974
[DEBUG get_next_nonce_from_cache] Fetched nonce from API: 974
[DEBUG create_order] ========================================
[DEBUG create_order] Order: client_order_index=1763069202981
[DEBUG create_order] Nonce obtained: 974
[DEBUG create_order] ÔòÉÔòÉÔòÉÔòÉÔòÉÔòÉÔòÉÔòÉÔòÉÔòÉÔòÉÔòÉÔòÉÔòÉÔòÉÔòÉÔòÉÔòÉÔòÉÔòÉÔòÉÔòÉÔòÉÔòÉÔòÉÔòÉÔòÉÔòÉÔòÉÔòÉÔòÉÔòÉÔòÉÔòÉÔòÉÔòÉÔòÉÔòÉÔòÉÔòÉ
[DEBUG create_order] STARTING SIGNATURE COMPUTATION
[DEBUG create_order] ÔòÉÔòÉÔòÉÔòÉÔòÉÔòÉÔòÉÔòÉÔòÉÔòÉÔòÉÔòÉÔòÉÔòÉÔòÉÔòÉÔòÉÔòÉÔòÉÔòÉÔòÉÔòÉÔòÉÔòÉÔòÉÔòÉÔòÉÔòÉÔòÉÔòÉÔòÉÔòÉÔòÉÔòÉÔòÉÔòÉÔòÉÔòÉÔòÉÔòÉ
[DEBUG create_order] Timestamp: now=1763069270294, expired_at=1763069869294
[DEBUG create_order] Transaction JSON (before signing): {"AccountIndex":237600,"ApiKeyIndex":4,"BaseAmount":1000,"ClientOrderIndex":1763069202981,"Expi
redAt":1763069869294,"IsAsk":0,"MarketIndex":0,"Nonce":974,"OrderExpiry":0,"Price":500000000,"ReduceOnly":0,"Sig":"","TimeInForce":0,"TriggerPrice":0,"
Type":1}
[DEBUG sign_transaction_internal] Starting signature computation
[DEBUG sign_transaction_internal] tx_type: 14
[DEBUG sign_transaction_internal] Extracted fields:
  chain_id: 304
  nonce: 974
  expired_at: 1763069869294
  account_index: 237600
  api_key_index: 4
[DEBUG sign_transaction_internal] CREATE_ORDER fields:
  market_index: 0
  client_order_index: 1763069202981
  base_amount: 1000
  price: 500000000
  is_ask: 0
  order_type: 1
  time_in_force: 0
  reduce_only: 0
  trigger_price: 0
  order_expiry: 0
[DEBUG sign_transaction_internal] Hash input elements count: 16
[DEBUG sign_transaction_internal] Hash input elements:
  [0] Element 0: 304 (u64)
  [1] Element 1: 14 (u64)
  [2] Element 2: 974 (u64)
  [3] Element 3: 1763069869294 (u64)
  [4] Element 4: 237600 (u64)
  [5] Element 5: 4 (u64)
  [6] Element 6: 0 (u64)
  [7] Element 7: 1763069202981 (u64)
  [8] Element 8: 1000 (u64)
  [9] Element 9: 500000000 (u64)
  [10] Element 10: 0 (u64)
  [11] Element 11: 1 (u64)
  [12] Element 12: 0 (u64)
  [13] Element 13: 0 (u64)
  [14] Element 14: 0 (u64)
  [15] Element 15: 0 (u64)
[DEBUG sign_transaction_internal] Computing Poseidon2 hash with 16 elements
[DEBUG sign_transaction_internal] Transaction hash (40 bytes): c584de8ac9912576a2d9b39161731efbd2bf3834d9690981cb3e4472ecdb057c9a7f7767f0c193b5
[DEBUG sign_transaction_internal] Transaction hash (first 8 bytes as u64): 8513370965418083525
[DEBUG sign_transaction_internal] Calling key_manager.sign() with hash: 
c584de8ac9912576a2d9b39161731efbd2bf3834d9690981cb3e4472ecdb057c9a7f7767f0c193b5
[DEBUG signer::sign] Starting signature generation
[DEBUG signer::sign] Message hash: c584de8ac9912576a2d9b39161731efbd2bf3834d9690981cb3e4472ecdb057c9a7f7767f0c193b5
[DEBUG signer::sign] Generated random nonce: 86a6b0c761e8cc1c3b70fb1ec25aa69cefc73e6aa3236402e67dc01d716ac854bbb82a67245f0d8b
[DEBUG signer::sign_with_fixed_nonce] Signing with fixed nonce
[DEBUG signer::sign_with_fixed_nonce] Private key (first 16 bytes): 79699d9819553fc6eee1b5e50af049d7...
[DEBUG signer::sign_with_fixed_nonce] Calling crypto::schnorr::sign_with_nonce
[DEBUG crypto::sign_with_nonce] ========================================
[DEBUG crypto::sign_with_nonce] Starting Schnorr signature
[DEBUG crypto::sign_with_nonce] Private key length: 40
[DEBUG crypto::sign_with_nonce] Message length: 40
[DEBUG crypto::sign_with_nonce] Nonce bytes length: 40
[DEBUG crypto::sign_with_nonce] Message hash: c584de8ac9912576a2d9b39161731efbd2bf3834d9690981cb3e4472ecdb057c9a7f7767f0c193b5
[DEBUG crypto::sign_with_nonce] Nonce bytes: 86a6b0c761e8cc1c3b70fb1ec25aa69cefc73e6aa3236402e67dc01d716ac854bbb82a67245f0d8b
[DEBUG crypto::sign_with_nonce] Private key converted to scalar
[DEBUG crypto::sign_with_nonce] Nonce converted to scalar
[DEBUG crypto::sign_with_nonce] Message converted to Fp5Element
[DEBUG crypto::sign_with_nonce] Step 1: Computing R = nonce * G
[DEBUG crypto::sign_with_nonce] R encoded (full 40 bytes): 03adceb55c7155e30383aa9d483df774453d4c00e5bd82f07469d6b073bbc08a084378ca7cfbd668
[DEBUG crypto::sign_with_nonce] R Fp5 elements:
  R[0] = 16381123862631197955 (u64)
  R[1] = 8428272609739309827 (u64)
  R[2] = 17330623107325246789 (u64)
  R[3] = 9998197278324975988 (u64)
  R[4] = 7554501938351981320 (u64)
[DEBUG crypto::sign_with_nonce] Step 2: Computing challenge e = H(R || message)
[DEBUG crypto::sign_with_nonce] Pre-image prepared (10 elements):
  PreImage[0] = 16381123862631197955 (u64)
  PreImage[1] = 8428272609739309827 (u64)
  PreImage[2] = 17330623107325246789 (u64)
  PreImage[3] = 9998197278324975988 (u64)
  PreImage[4] = 7554501938351981320 (u64)
  PreImage[5] = 8513370965418083525 (u64)
  PreImage[6] = 18095027215714736546 (u64)
  PreImage[7] = 9298079287288053714 (u64)
  PreImage[8] = 8936790844162457291 (u64)
  PreImage[9] = 13084014580713619354 (u64)
[DEBUG crypto::sign_with_nonce] Challenge e computed (40 bytes): c7d0d9a21c6bba26cc64d6a4b467684152d462e5b715689aa2f761f528c8108ca9b38430a42bb668
[DEBUG crypto::sign_with_nonce] Challenge e (first 8 bytes as u64): 2790660689844883655
[DEBUG crypto::sign_with_nonce] Step 3: Computing s = nonce - e * private_key
[DEBUG crypto::sign_with_nonce] Response s computed (40 bytes): 2c211c006ce5463289c9be1bdd823c8f7f5cd1ad3043b16e74e958627342c649d12e1c5dfd251a24
[DEBUG crypto::sign_with_nonce] Response s (first 8 bytes as u64): 3622835202287214892
[DEBUG crypto::sign_with_nonce] Step 4: Assembling signature (s || e)
[DEBUG crypto::sign_with_nonce] Final signature: 2c211c006ce5463289c9be1bdd823c8f7f5cd1ad3043b16e74e958627342c649d12e1c5dfd251a24c7d0d9a21c6bba26cc64d6
a4b467684152d462e5b715689aa2f761f528c8108ca9b38430a42bb668
[DEBUG crypto::sign_with_nonce] ========================================
[DEBUG signer::sign_with_fixed_nonce] Signature from crypto: 2c211c006ce5463289c9be1bdd823c8f7f5cd1ad3043b16e74e958627342c649d12e1c5dfd251a24c7d0d9a21c
6bba26cc64d6a4b467684152d462e5b715689aa2f761f528c8108ca9b38430a42bb668 (length: 80)
[DEBUG signer::sign_with_fixed_nonce] Final signature: 2c211c006ce5463289c9be1bdd823c8f7f5cd1ad3043b16e74e958627342c649d12e1c5dfd251a24c7d0d9a21c6bba26
cc64d6a4b467684152d462e5b715689aa2f761f528c8108ca9b38430a42bb668
[DEBUG sign_transaction_internal] Signature returned (80 bytes): 2c211c006ce5463289c9be1bdd823c8f7f5cd1ad3043b16e74e958627342c649d12e1c5dfd251a24c7d0d9
a21c6bba26cc64d6a4b467684152d462e5b715689aa2f761f528c8108ca9b38430a42bb668
[DEBUG sign_transaction_internal] Signature s (first 40 bytes): 2c211c006ce5463289c9be1bdd823c8f7f5cd1ad3043b16e74e958627342c649d12e1c5dfd251a24
[DEBUG sign_transaction_internal] Signature e (last 40 bytes): c7d0d9a21c6bba26cc64d6a4b467684152d462e5b715689aa2f761f528c8108ca9b38430a42bb668
[DEBUG create_order] Signature generated: 2c211c006ce5463289c9be1bdd823c8f7f5cd1ad3043b16e74e958627342c649d12e1c5dfd251a24c7d0d9a21c6bba26cc64d6a4b4676
84152d462e5b715689aa2f761f528c8108ca9b38430a42bb668 (length: 80)
[DEBUG create_order] Signature (base64): LCEcAGzlRjKJyb4b3YI8j39c0a0wQ7FudOlYYnNCxknRLhxd/SUaJMfQ2aIca7omzGTWpLRnaEFS1GLltxVomqL3YfUoyBCMqbOEMKQrtmg=
[DEBUG create_order] Final transaction JSON: {"AccountIndex":237600,"ApiKeyIndex":4,"BaseAmount":1000,"ClientOrderIndex":1763069202981,"ExpiredAt":1763
069869294,"IsAsk":0,"MarketIndex":0,"Nonce":974,"OrderExpiry":0,"Price":500000000,"ReduceOnly":0,"Sig":"LCEcAGzlRjKJyb4b3YI8j39c0a0wQ7FudOlYYnNCxknRLhx
d/SUaJMfQ2aIca7omzGTWpLRnaEFS1GLltxVomqL3YfUoyBCMqbOEMKQrtmg=","TimeInForce":0,"TriggerPrice":0,"Type":1}
[DEBUG create_order] Sending to: https://mainnet.zklighter.elliot.ai/api/v1/sendTx
[DEBUG create_order] Response status: 400 Bad Request, body: {"code":21120,"message":"invalid signature"}
[DEBUG create_order] ÔòÉÔòÉÔòÉÔòÉÔòÉÔòÉÔòÉÔòÉÔòÉÔòÉÔòÉÔòÉÔòÉÔòÉÔòÉÔòÉÔòÉÔòÉÔòÉÔòÉÔòÉÔòÉÔòÉÔòÉÔòÉÔòÉÔòÉÔòÉÔòÉÔòÉÔòÉÔòÉÔòÉÔòÉÔòÉÔòÉÔòÉÔòÉÔòÉÔòÉ
[DEBUG create_order] API RESPONSE RECEIVED
[DEBUG create_order] ÔòÉÔòÉÔòÉÔòÉÔòÉÔòÉÔòÉÔòÉÔòÉÔòÉÔòÉÔòÉÔòÉÔòÉÔòÉÔòÉÔòÉÔòÉÔòÉÔòÉÔòÉÔòÉÔòÉÔòÉÔòÉÔòÉÔòÉÔòÉÔòÉÔòÉÔòÉÔòÉÔòÉÔòÉÔòÉÔòÉÔòÉÔòÉÔòÉÔòÉ
[DEBUG create_order] Response code: 21120
[DEBUG create_order] Response message: invalid signature
[DEBUG create_order] Nonce used: 974
[DEBUG create_order] ÔØîÔØîÔØî INVALID SIGNATURE ERROR ÔØîÔØîÔØî (code 21120) - Nonce used: 974
[DEBUG create_order] ÔòÉÔòÉÔòÉÔòÉÔòÉÔòÉÔòÉÔòÉÔòÉÔòÉÔòÉÔòÉÔòÉÔòÉÔòÉÔòÉÔòÉÔòÉÔòÉÔòÉÔòÉÔòÉÔòÉÔòÉÔòÉÔòÉÔòÉÔòÉÔòÉÔòÉÔòÉÔòÉÔòÉÔòÉÔòÉÔòÉÔòÉÔòÉÔòÉÔòÉ
[DEBUG create_order] FAILED SIGNATURE - COMPARE WITH SUCCESSFUL ONES
[DEBUG create_order] ÔòÉÔòÉÔòÉÔòÉÔòÉÔòÉÔòÉÔòÉÔòÉÔòÉÔòÉÔòÉÔòÉÔòÉÔòÉÔòÉÔòÉÔòÉÔòÉÔòÉÔòÉÔòÉÔòÉÔòÉÔòÉÔòÉÔòÉÔòÉÔòÉÔòÉÔòÉÔòÉÔòÉÔòÉÔòÉÔòÉÔòÉÔòÉÔòÉÔòÉ
[DEBUG create_order] This could be nonce sync issue or signature computation issue
[DEBUG fetch_nonce_from_api] Requesting nonce from: https://mainnet.zklighter.elliot.ai/api/v1/nextNonce?account_index=237600&api_key_index=4
[DEBUG fetch_nonce_from_api] Received nonce: 974
[DEBUG refresh_nonce_cache] Refreshed nonce: 974
[DEBUG create_order] ========================================
  ÔØî [21] INVALID SIGNATURE (Code: 21120) - Check debug logs for nonce

[DEBUG create_order] ========================================
[DEBUG create_order] Starting order creation for client_order_index: 1763069202982
[DEBUG get_next_nonce_from_cache] Fetching nonce from API
[DEBUG fetch_nonce_from_api] Requesting nonce from: https://mainnet.zklighter.elliot.ai/api/v1/nextNonce?account_index=237600&api_key_index=4
[DEBUG fetch_nonce_from_api] Received nonce: 974
[DEBUG get_next_nonce_from_cache] Fetched nonce from API: 974
[DEBUG create_order] ========================================
[DEBUG create_order] Order: client_order_index=1763069202982
[DEBUG create_order] Nonce obtained: 974
[DEBUG create_order] ÔòÉÔòÉÔòÉÔòÉÔòÉÔòÉÔòÉÔòÉÔòÉÔòÉÔòÉÔòÉÔòÉÔòÉÔòÉÔòÉÔòÉÔòÉÔòÉÔòÉÔòÉÔòÉÔòÉÔòÉÔòÉÔòÉÔòÉÔòÉÔòÉÔòÉÔòÉÔòÉÔòÉÔòÉÔòÉÔòÉÔòÉÔòÉÔòÉÔòÉ
[DEBUG create_order] STARTING SIGNATURE COMPUTATION
[DEBUG create_order] ÔòÉÔòÉÔòÉÔòÉÔòÉÔòÉÔòÉÔòÉÔòÉÔòÉÔòÉÔòÉÔòÉÔòÉÔòÉÔòÉÔòÉÔòÉÔòÉÔòÉÔòÉÔòÉÔòÉÔòÉÔòÉÔòÉÔòÉÔòÉÔòÉÔòÉÔòÉÔòÉÔòÉÔòÉÔòÉÔòÉÔòÉÔòÉÔòÉÔòÉ
[DEBUG create_order] Timestamp: now=1763069273718, expired_at=1763069872718
[DEBUG create_order] Transaction JSON (before signing): {"AccountIndex":237600,"ApiKeyIndex":4,"BaseAmount":1000,"ClientOrderIndex":1763069202982,"Expi
redAt":1763069872718,"IsAsk":0,"MarketIndex":0,"Nonce":974,"OrderExpiry":0,"Price":500000000,"ReduceOnly":0,"Sig":"","TimeInForce":0,"TriggerPrice":0,"
Type":1}
[DEBUG sign_transaction_internal] Starting signature computation
[DEBUG sign_transaction_internal] tx_type: 14
[DEBUG sign_transaction_internal] Extracted fields:
  chain_id: 304
  nonce: 974
  expired_at: 1763069872718
  account_index: 237600
  api_key_index: 4
[DEBUG sign_transaction_internal] CREATE_ORDER fields:
  market_index: 0
  client_order_index: 1763069202982
  base_amount: 1000
  price: 500000000
  is_ask: 0
  order_type: 1
  time_in_force: 0
  reduce_only: 0
  trigger_price: 0
  order_expiry: 0
[DEBUG sign_transaction_internal] Hash input elements count: 16
[DEBUG sign_transaction_internal] Hash input elements:
  [0] Element 0: 304 (u64)
  [1] Element 1: 14 (u64)
  [2] Element 2: 974 (u64)
  [3] Element 3: 1763069872718 (u64)
  [4] Element 4: 237600 (u64)
  [5] Element 5: 4 (u64)
  [6] Element 6: 0 (u64)
  [7] Element 7: 1763069202982 (u64)
  [8] Element 8: 1000 (u64)
  [9] Element 9: 500000000 (u64)
  [10] Element 10: 0 (u64)
  [11] Element 11: 1 (u64)
  [12] Element 12: 0 (u64)
  [13] Element 13: 0 (u64)
  [14] Element 14: 0 (u64)
  [15] Element 15: 0 (u64)
[DEBUG sign_transaction_internal] Computing Poseidon2 hash with 16 elements
[DEBUG sign_transaction_internal] Transaction hash (40 bytes): 6922406338cdbb821f6d85036b895e3dab20ce1507354534892b610efe646619f0f6e889aef7efa9
[DEBUG sign_transaction_internal] Transaction hash (first 8 bytes as u64): 9420348687642534505
[DEBUG sign_transaction_internal] Calling key_manager.sign() with hash: 
6922406338cdbb821f6d85036b895e3dab20ce1507354534892b610efe646619f0f6e889aef7efa9
[DEBUG signer::sign] Starting signature generation
[DEBUG signer::sign] Message hash: 6922406338cdbb821f6d85036b895e3dab20ce1507354534892b610efe646619f0f6e889aef7efa9
[DEBUG signer::sign] Generated random nonce: 56b2b4646720ad82adadd18b306aad45c4f90e154ac0ab23604893dd2f83bfd138f61839c6e4dc47
[DEBUG signer::sign_with_fixed_nonce] Signing with fixed nonce
[DEBUG signer::sign_with_fixed_nonce] Private key (first 16 bytes): 79699d9819553fc6eee1b5e50af049d7...
[DEBUG signer::sign_with_fixed_nonce] Calling crypto::schnorr::sign_with_nonce
[DEBUG crypto::sign_with_nonce] ========================================
[DEBUG crypto::sign_with_nonce] Starting Schnorr signature
[DEBUG crypto::sign_with_nonce] Private key length: 40
[DEBUG crypto::sign_with_nonce] Message length: 40
[DEBUG crypto::sign_with_nonce] Nonce bytes length: 40
[DEBUG crypto::sign_with_nonce] Message hash: 6922406338cdbb821f6d85036b895e3dab20ce1507354534892b610efe646619f0f6e889aef7efa9
[DEBUG crypto::sign_with_nonce] Nonce bytes: 56b2b4646720ad82adadd18b306aad45c4f90e154ac0ab23604893dd2f83bfd138f61839c6e4dc47
[DEBUG crypto::sign_with_nonce] Private key converted to scalar
[DEBUG crypto::sign_with_nonce] Nonce converted to scalar
[DEBUG crypto::sign_with_nonce] Message converted to Fp5Element
[DEBUG crypto::sign_with_nonce] Step 1: Computing R = nonce * G
[DEBUG crypto::sign_with_nonce] R encoded (full 40 bytes): c948d77b29c9f6ecaffa10e368685e9c95cf2316784c64f0b516efe018c7fc998925ed7b40ee300b
[DEBUG crypto::sign_with_nonce] R Fp5 elements:
  R[0] = 17075056217230362825 (u64)
  R[1] = 11267558117422987951 (u64)
  R[2] = 17322054145425002389 (u64)
  R[3] = 11095962491600967349 (u64)
  R[4] = 806406294023775625 (u64)
[DEBUG crypto::sign_with_nonce] Step 2: Computing challenge e = H(R || message)
[DEBUG crypto::sign_with_nonce] Pre-image prepared (10 elements):
  PreImage[0] = 17075056217230362825 (u64)
  PreImage[1] = 11267558117422987951 (u64)
  PreImage[2] = 17322054145425002389 (u64)
  PreImage[3] = 11095962491600967349 (u64)
  PreImage[4] = 806406294023775625 (u64)
  PreImage[5] = 9420348687642534505 (u64)
  PreImage[6] = 4422122976837987615 (u64)
  PreImage[7] = 3766474967912161451 (u64)
  PreImage[8] = 1830261340898405257 (u64)
  PreImage[9] = 12245278240853784304 (u64)
[DEBUG crypto::sign_with_nonce] Challenge e computed (40 bytes): 32255fc6e106c5bf169ed2e43199b002b37abc01eb67c70ffbcda9ea00a99df2496c8ecbf9381d08
[DEBUG crypto::sign_with_nonce] Challenge e (first 8 bytes as u64): 13818458598421767474
[DEBUG crypto::sign_with_nonce] Step 3: Computing s = nonce - e * private_key
[DEBUG crypto::sign_with_nonce] Response s computed (40 bytes): 9e8be6e4e059c0c889dd9ca313a9a71da11bee49d8ac1012282cec5da282ecc14e1c3f96eaeda448
[DEBUG crypto::sign_with_nonce] Response s (first 8 bytes as u64): 14465660825561893790
[DEBUG crypto::sign_with_nonce] Step 4: Assembling signature (s || e)
[DEBUG crypto::sign_with_nonce] Final signature: 9e8be6e4e059c0c889dd9ca313a9a71da11bee49d8ac1012282cec5da282ecc14e1c3f96eaeda44832255fc6e106c5bf169ed2
e43199b002b37abc01eb67c70ffbcda9ea00a99df2496c8ecbf9381d08
[DEBUG crypto::sign_with_nonce] ========================================
[DEBUG signer::sign_with_fixed_nonce] Signature from crypto: 9e8be6e4e059c0c889dd9ca313a9a71da11bee49d8ac1012282cec5da282ecc14e1c3f96eaeda44832255fc6e1
06c5bf169ed2e43199b002b37abc01eb67c70ffbcda9ea00a99df2496c8ecbf9381d08 (length: 80)
[DEBUG signer::sign_with_fixed_nonce] Final signature: 9e8be6e4e059c0c889dd9ca313a9a71da11bee49d8ac1012282cec5da282ecc14e1c3f96eaeda44832255fc6e106c5bf
169ed2e43199b002b37abc01eb67c70ffbcda9ea00a99df2496c8ecbf9381d08
[DEBUG sign_transaction_internal] Signature returned (80 bytes): 9e8be6e4e059c0c889dd9ca313a9a71da11bee49d8ac1012282cec5da282ecc14e1c3f96eaeda44832255f
c6e106c5bf169ed2e43199b002b37abc01eb67c70ffbcda9ea00a99df2496c8ecbf9381d08
[DEBUG sign_transaction_internal] Signature s (first 40 bytes): 9e8be6e4e059c0c889dd9ca313a9a71da11bee49d8ac1012282cec5da282ecc14e1c3f96eaeda448
[DEBUG sign_transaction_internal] Signature e (last 40 bytes): 32255fc6e106c5bf169ed2e43199b002b37abc01eb67c70ffbcda9ea00a99df2496c8ecbf9381d08
[DEBUG create_order] Signature generated: 9e8be6e4e059c0c889dd9ca313a9a71da11bee49d8ac1012282cec5da282ecc14e1c3f96eaeda44832255fc6e106c5bf169ed2e43199b
002b37abc01eb67c70ffbcda9ea00a99df2496c8ecbf9381d08 (length: 80)
[DEBUG create_order] Signature (base64): novm5OBZwMiJ3ZyjE6mnHaEb7knYrBASKCzsXaKC7MFOHD+W6u2kSDIlX8bhBsW/Fp7S5DGZsAKzerwB62fHD/vNqeoAqZ3ySWyOy/k4HQg=
[DEBUG create_order] Final transaction JSON: {"AccountIndex":237600,"ApiKeyIndex":4,"BaseAmount":1000,"ClientOrderIndex":1763069202982,"ExpiredAt":1763
069872718,"IsAsk":0,"MarketIndex":0,"Nonce":974,"OrderExpiry":0,"Price":500000000,"ReduceOnly":0,"Sig":"novm5OBZwMiJ3ZyjE6mnHaEb7knYrBASKCzsXaKC7MFOHD+
W6u2kSDIlX8bhBsW/Fp7S5DGZsAKzerwB62fHD/vNqeoAqZ3ySWyOy/k4HQg=","TimeInForce":0,"TriggerPrice":0,"Type":1}
[DEBUG create_order] Sending to: https://mainnet.zklighter.elliot.ai/api/v1/sendTx
[DEBUG create_order] Response status: 200 OK, body: {"code":200,"message":"{\"ratelimit\": \"687 volume quota remained\"}","tx_hash":"6922406338cdbb821
f6d85036b895e3dab20ce1507354534892b610efe646619f0f6e889aef7efa9","predicted_execution_time_ms":1763069272934,"volume_quota_remaining":687}
[DEBUG create_order] ÔòÉÔòÉÔòÉÔòÉÔòÉÔòÉÔòÉÔòÉÔòÉÔòÉÔòÉÔòÉÔòÉÔòÉÔòÉÔòÉÔòÉÔòÉÔòÉÔòÉÔòÉÔòÉÔòÉÔòÉÔòÉÔòÉÔòÉÔòÉÔòÉÔòÉÔòÉÔòÉÔòÉÔòÉÔòÉÔòÉÔòÉÔòÉÔòÉÔòÉ
[DEBUG create_order] API RESPONSE RECEIVED
[DEBUG create_order] ÔòÉÔòÉÔòÉÔòÉÔòÉÔòÉÔòÉÔòÉÔòÉÔòÉÔòÉÔòÉÔòÉÔòÉÔòÉÔòÉÔòÉÔòÉÔòÉÔòÉÔòÉÔòÉÔòÉÔòÉÔòÉÔòÉÔòÉÔòÉÔòÉÔòÉÔòÉÔòÉÔòÉÔòÉÔòÉÔòÉÔòÉÔòÉÔòÉÔòÉ
[DEBUG create_order] Response code: 200
[DEBUG create_order] Response message: {"ratelimit": "687 volume quota remained"}
[DEBUG create_order] Nonce used: 974
[DEBUG create_order] Ô£àÔ£àÔ£à SUCCESS Ô£àÔ£àÔ£à - Transaction succeeded with nonce 974
[DEBUG create_order] ÔòÉÔòÉÔòÉÔòÉÔòÉÔòÉÔòÉÔòÉÔòÉÔòÉÔòÉÔòÉÔòÉÔòÉÔòÉÔòÉÔòÉÔòÉÔòÉÔòÉÔòÉÔòÉÔòÉÔòÉÔòÉÔòÉÔòÉÔòÉÔòÉÔòÉÔòÉÔòÉÔòÉÔòÉÔòÉÔòÉÔòÉÔòÉÔòÉÔòÉ
[DEBUG create_order] SUCCESSFUL SIGNATURE - SAVE THIS FOR COMPARISON
[DEBUG create_order] ÔòÉÔòÉÔòÉÔòÉÔòÉÔòÉÔòÉÔòÉÔòÉÔòÉÔòÉÔòÉÔòÉÔòÉÔòÉÔòÉÔòÉÔòÉÔòÉÔòÉÔòÉÔòÉÔòÉÔòÉÔòÉÔòÉÔòÉÔòÉÔòÉÔòÉÔòÉÔòÉÔòÉÔòÉÔòÉÔòÉÔòÉÔòÉÔòÉÔòÉ
[DEBUG create_order] ========================================

[DEBUG create_order] ========================================
[DEBUG create_order] Starting order creation for client_order_index: 1763069202983
[DEBUG get_next_nonce_from_cache] Fetching nonce from API
[DEBUG fetch_nonce_from_api] Requesting nonce from: https://mainnet.zklighter.elliot.ai/api/v1/nextNonce?account_index=237600&api_key_index=4
[DEBUG fetch_nonce_from_api] Received nonce: 975
[DEBUG get_next_nonce_from_cache] Fetched nonce from API: 975
[DEBUG create_order] ========================================
[DEBUG create_order] Order: client_order_index=1763069202983
[DEBUG create_order] Nonce obtained: 975
[DEBUG create_order] ÔòÉÔòÉÔòÉÔòÉÔòÉÔòÉÔòÉÔòÉÔòÉÔòÉÔòÉÔòÉÔòÉÔòÉÔòÉÔòÉÔòÉÔòÉÔòÉÔòÉÔòÉÔòÉÔòÉÔòÉÔòÉÔòÉÔòÉÔòÉÔòÉÔòÉÔòÉÔòÉÔòÉÔòÉÔòÉÔòÉÔòÉÔòÉÔòÉÔòÉ
[DEBUG create_order] STARTING SIGNATURE COMPUTATION
[DEBUG create_order] ÔòÉÔòÉÔòÉÔòÉÔòÉÔòÉÔòÉÔòÉÔòÉÔòÉÔòÉÔòÉÔòÉÔòÉÔòÉÔòÉÔòÉÔòÉÔòÉÔòÉÔòÉÔòÉÔòÉÔòÉÔòÉÔòÉÔòÉÔòÉÔòÉÔòÉÔòÉÔòÉÔòÉÔòÉÔòÉÔòÉÔòÉÔòÉÔòÉÔòÉ
[DEBUG create_order] Timestamp: now=1763069277022, expired_at=1763069876022
[DEBUG create_order] Transaction JSON (before signing): {"AccountIndex":237600,"ApiKeyIndex":4,"BaseAmount":1000,"ClientOrderIndex":1763069202983,"Expi
redAt":1763069876022,"IsAsk":0,"MarketIndex":0,"Nonce":975,"OrderExpiry":0,"Price":500000000,"ReduceOnly":0,"Sig":"","TimeInForce":0,"TriggerPrice":0,"
Type":1}
[DEBUG sign_transaction_internal] Starting signature computation
[DEBUG sign_transaction_internal] tx_type: 14
[DEBUG sign_transaction_internal] Extracted fields:
  chain_id: 304
  nonce: 975
  expired_at: 1763069876022
  account_index: 237600
  api_key_index: 4
[DEBUG sign_transaction_internal] CREATE_ORDER fields:
  market_index: 0
  client_order_index: 1763069202983
  base_amount: 1000
  price: 500000000
  is_ask: 0
  order_type: 1
  time_in_force: 0
  reduce_only: 0
  trigger_price: 0
  order_expiry: 0
[DEBUG sign_transaction_internal] Hash input elements count: 16
[DEBUG sign_transaction_internal] Hash input elements:
  [0] Element 0: 304 (u64)
  [1] Element 1: 14 (u64)
  [2] Element 2: 975 (u64)
  [3] Element 3: 1763069876022 (u64)
  [4] Element 4: 237600 (u64)
  [5] Element 5: 4 (u64)
  [6] Element 6: 0 (u64)
  [7] Element 7: 1763069202983 (u64)
  [8] Element 8: 1000 (u64)
  [9] Element 9: 500000000 (u64)
  [10] Element 10: 0 (u64)
  [11] Element 11: 1 (u64)
  [12] Element 12: 0 (u64)
  [13] Element 13: 0 (u64)
  [14] Element 14: 0 (u64)
  [15] Element 15: 0 (u64)
[DEBUG sign_transaction_internal] Computing Poseidon2 hash with 16 elements
[DEBUG sign_transaction_internal] Transaction hash (40 bytes): c9a04ef7085bcd0f9c4df0b4b8c51971d1163a157127c3a3686cd90db984c15ed6157451bdcc281d
[DEBUG sign_transaction_internal] Transaction hash (first 8 bytes as u64): 1138666374861594825
[DEBUG sign_transaction_internal] Calling key_manager.sign() with hash: 
c9a04ef7085bcd0f9c4df0b4b8c51971d1163a157127c3a3686cd90db984c15ed6157451bdcc281d
[DEBUG signer::sign] Starting signature generation
[DEBUG signer::sign] Message hash: c9a04ef7085bcd0f9c4df0b4b8c51971d1163a157127c3a3686cd90db984c15ed6157451bdcc281d
[DEBUG signer::sign] Generated random nonce: 6d0a7c9e906322f10fbd5cf3f315c3b31829a19db940cff4c4e42fd259c8c6e2a51f40cd38e13bdf
[DEBUG signer::sign_with_fixed_nonce] Signing with fixed nonce
[DEBUG signer::sign_with_fixed_nonce] Private key (first 16 bytes): 79699d9819553fc6eee1b5e50af049d7...
[DEBUG signer::sign_with_fixed_nonce] Calling crypto::schnorr::sign_with_nonce
[DEBUG crypto::sign_with_nonce] ========================================
[DEBUG crypto::sign_with_nonce] Starting Schnorr signature
[DEBUG crypto::sign_with_nonce] Private key length: 40
[DEBUG crypto::sign_with_nonce] Message length: 40
[DEBUG crypto::sign_with_nonce] Nonce bytes length: 40
[DEBUG crypto::sign_with_nonce] Message hash: c9a04ef7085bcd0f9c4df0b4b8c51971d1163a157127c3a3686cd90db984c15ed6157451bdcc281d
[DEBUG crypto::sign_with_nonce] Nonce bytes: 6d0a7c9e906322f10fbd5cf3f315c3b31829a19db940cff4c4e42fd259c8c6e2a51f40cd38e13bdf
[DEBUG crypto::sign_with_nonce] Private key converted to scalar
[DEBUG crypto::sign_with_nonce] Nonce converted to scalar
[DEBUG crypto::sign_with_nonce] Message converted to Fp5Element
[DEBUG crypto::sign_with_nonce] Step 1: Computing R = nonce * G
[DEBUG crypto::sign_with_nonce] R encoded (full 40 bytes): 681e41e7336a817a3dd40cd4ac68c37c57f3042d0107765530b04ff6cd288ab5cbd461f066172919
[DEBUG crypto::sign_with_nonce] R Fp5 elements:
  R[0] = 8827453515778563688 (u64)
  R[1] = 8990144372662916157 (u64)
  R[2] = 6158117242107392855 (u64)
  R[3] = 13081312932716851248 (u64)
  R[4] = 1813006055880381643 (u64)
[DEBUG crypto::sign_with_nonce] Step 2: Computing challenge e = H(R || message)
[DEBUG crypto::sign_with_nonce] Pre-image prepared (10 elements):
  PreImage[0] = 8827453515778563688 (u64)
  PreImage[1] = 8990144372662916157 (u64)
  PreImage[2] = 6158117242107392855 (u64)
  PreImage[3] = 13081312932716851248 (u64)
  PreImage[4] = 1813006055880381643 (u64)
  PreImage[5] = 1138666374861594825 (u64)
  PreImage[6] = 8149762397803924892 (u64)
  PreImage[7] = 11800318815281747665 (u64)
  PreImage[8] = 6827884440406551656 (u64)
  PreImage[9] = 2101154339655783894 (u64)
[DEBUG crypto::sign_with_nonce] Challenge e computed (40 bytes): cd077c6f6af63af946c9b80c6a428240f1a25c2f8f46f64b107d41baad684be1dce57d7f65661033
[DEBUG crypto::sign_with_nonce] Challenge e (first 8 bytes as u64): 17958937401090639821
[DEBUG crypto::sign_with_nonce] Step 3: Computing s = nonce - e * private_key
[DEBUG crypto::sign_with_nonce] Response s computed (40 bytes): 979bb2e3d0669f7054017cc8facd1873d1c64c0fba6667726bbb1ac2a33773f1021cc69876b946ba
[DEBUG crypto::sign_with_nonce] Response s (first 8 bytes as u64): 8115318100904287127
[DEBUG crypto::sign_with_nonce] Step 4: Assembling signature (s || e)
[DEBUG crypto::sign_with_nonce] Final signature: 979bb2e3d0669f7054017cc8facd1873d1c64c0fba6667726bbb1ac2a33773f1021cc69876b946bacd077c6f6af63af946c9b8
0c6a428240f1a25c2f8f46f64b107d41baad684be1dce57d7f65661033
[DEBUG crypto::sign_with_nonce] ========================================
[DEBUG signer::sign_with_fixed_nonce] Signature from crypto: 979bb2e3d0669f7054017cc8facd1873d1c64c0fba6667726bbb1ac2a33773f1021cc69876b946bacd077c6f6a
f63af946c9b80c6a428240f1a25c2f8f46f64b107d41baad684be1dce57d7f65661033 (length: 80)
[DEBUG signer::sign_with_fixed_nonce] Final signature: 979bb2e3d0669f7054017cc8facd1873d1c64c0fba6667726bbb1ac2a33773f1021cc69876b946bacd077c6f6af63af9
46c9b80c6a428240f1a25c2f8f46f64b107d41baad684be1dce57d7f65661033
[DEBUG sign_transaction_internal] Signature returned (80 bytes): 979bb2e3d0669f7054017cc8facd1873d1c64c0fba6667726bbb1ac2a33773f1021cc69876b946bacd077c
6f6af63af946c9b80c6a428240f1a25c2f8f46f64b107d41baad684be1dce57d7f65661033
[DEBUG sign_transaction_internal] Signature s (first 40 bytes): 979bb2e3d0669f7054017cc8facd1873d1c64c0fba6667726bbb1ac2a33773f1021cc69876b946ba
[DEBUG sign_transaction_internal] Signature e (last 40 bytes): cd077c6f6af63af946c9b80c6a428240f1a25c2f8f46f64b107d41baad684be1dce57d7f65661033
[DEBUG create_order] Signature generated: 979bb2e3d0669f7054017cc8facd1873d1c64c0fba6667726bbb1ac2a33773f1021cc69876b946bacd077c6f6af63af946c9b80c6a428
240f1a25c2f8f46f64b107d41baad684be1dce57d7f65661033 (length: 80)
[DEBUG create_order] Signature (base64): l5uy49Bmn3BUAXzI+s0Yc9HGTA+6Zmdya7sawqM3c/ECHMaYdrlGus0HfG9q9jr5Rsm4DGpCgkDxolwvj0b2SxB9QbqtaEvh3OV9f2VmEDM=
[DEBUG create_order] Final transaction JSON: {"AccountIndex":237600,"ApiKeyIndex":4,"BaseAmount":1000,"ClientOrderIndex":1763069202983,"ExpiredAt":1763
069876022,"IsAsk":0,"MarketIndex":0,"Nonce":975,"OrderExpiry":0,"Price":500000000,"ReduceOnly":0,"Sig":"l5uy49Bmn3BUAXzI+s0Yc9HGTA+6Zmdya7sawqM3c/ECHMa
YdrlGus0HfG9q9jr5Rsm4DGpCgkDxolwvj0b2SxB9QbqtaEvh3OV9f2VmEDM=","TimeInForce":0,"TriggerPrice":0,"Type":1}
[DEBUG create_order] Sending to: https://mainnet.zklighter.elliot.ai/api/v1/sendTx
[DEBUG create_order] Response status: 400 Bad Request, body: {"code":21120,"message":"invalid signature"}
[DEBUG create_order] ÔòÉÔòÉÔòÉÔòÉÔòÉÔòÉÔòÉÔòÉÔòÉÔòÉÔòÉÔòÉÔòÉÔòÉÔòÉÔòÉÔòÉÔòÉÔòÉÔòÉÔòÉÔòÉÔòÉÔòÉÔòÉÔòÉÔòÉÔòÉÔòÉÔòÉÔòÉÔòÉÔòÉÔòÉÔòÉÔòÉÔòÉÔòÉÔòÉÔòÉ
[DEBUG create_order] API RESPONSE RECEIVED
[DEBUG create_order] ÔòÉÔòÉÔòÉÔòÉÔòÉÔòÉÔòÉÔòÉÔòÉÔòÉÔòÉÔòÉÔòÉÔòÉÔòÉÔòÉÔòÉÔòÉÔòÉÔòÉÔòÉÔòÉÔòÉÔòÉÔòÉÔòÉÔòÉÔòÉÔòÉÔòÉÔòÉÔòÉÔòÉÔòÉÔòÉÔòÉÔòÉÔòÉÔòÉÔòÉ
[DEBUG create_order] Response code: 21120
[DEBUG create_order] Response message: invalid signature
[DEBUG create_order] Nonce used: 975
[DEBUG create_order] ÔØîÔØîÔØî INVALID SIGNATURE ERROR ÔØîÔØîÔØî (code 21120) - Nonce used: 975
[DEBUG create_order] ÔòÉÔòÉÔòÉÔòÉÔòÉÔòÉÔòÉÔòÉÔòÉÔòÉÔòÉÔòÉÔòÉÔòÉÔòÉÔòÉÔòÉÔòÉÔòÉÔòÉÔòÉÔòÉÔòÉÔòÉÔòÉÔòÉÔòÉÔòÉÔòÉÔòÉÔòÉÔòÉÔòÉÔòÉÔòÉÔòÉÔòÉÔòÉÔòÉÔòÉ
[DEBUG create_order] FAILED SIGNATURE - COMPARE WITH SUCCESSFUL ONES
[DEBUG create_order] ÔòÉÔòÉÔòÉÔòÉÔòÉÔòÉÔòÉÔòÉÔòÉÔòÉÔòÉÔòÉÔòÉÔòÉÔòÉÔòÉÔòÉÔòÉÔòÉÔòÉÔòÉÔòÉÔòÉÔòÉÔòÉÔòÉÔòÉÔòÉÔòÉÔòÉÔòÉÔòÉÔòÉÔòÉÔòÉÔòÉÔòÉÔòÉÔòÉÔòÉ
[DEBUG create_order] This could be nonce sync issue or signature computation issue
[DEBUG fetch_nonce_from_api] Requesting nonce from: https://mainnet.zklighter.elliot.ai/api/v1/nextNonce?account_index=237600&api_key_index=4
[DEBUG fetch_nonce_from_api] Received nonce: 975
[DEBUG refresh_nonce_cache] Refreshed nonce: 975
[DEBUG create_order] ========================================
  ÔØî [23] INVALID SIGNATURE (Code: 21120) - Check debug logs for nonce

[DEBUG create_order] ========================================
[DEBUG create_order] Starting order creation for client_order_index: 1763069202984
[DEBUG get_next_nonce_from_cache] Fetching nonce from API
[DEBUG fetch_nonce_from_api] Requesting nonce from: https://mainnet.zklighter.elliot.ai/api/v1/nextNonce?account_index=237600&api_key_index=4
[DEBUG fetch_nonce_from_api] Received nonce: 975
[DEBUG get_next_nonce_from_cache] Fetched nonce from API: 975
[DEBUG create_order] ========================================
[DEBUG create_order] Order: client_order_index=1763069202984
[DEBUG create_order] Nonce obtained: 975
[DEBUG create_order] ÔòÉÔòÉÔòÉÔòÉÔòÉÔòÉÔòÉÔòÉÔòÉÔòÉÔòÉÔòÉÔòÉÔòÉÔòÉÔòÉÔòÉÔòÉÔòÉÔòÉÔòÉÔòÉÔòÉÔòÉÔòÉÔòÉÔòÉÔòÉÔòÉÔòÉÔòÉÔòÉÔòÉÔòÉÔòÉÔòÉÔòÉÔòÉÔòÉÔòÉ
[DEBUG create_order] STARTING SIGNATURE COMPUTATION
[DEBUG create_order] ÔòÉÔòÉÔòÉÔòÉÔòÉÔòÉÔòÉÔòÉÔòÉÔòÉÔòÉÔòÉÔòÉÔòÉÔòÉÔòÉÔòÉÔòÉÔòÉÔòÉÔòÉÔòÉÔòÉÔòÉÔòÉÔòÉÔòÉÔòÉÔòÉÔòÉÔòÉÔòÉÔòÉÔòÉÔòÉÔòÉÔòÉÔòÉÔòÉÔòÉ
[DEBUG create_order] Timestamp: now=1763069280422, expired_at=1763069879422
[DEBUG create_order] Transaction JSON (before signing): {"AccountIndex":237600,"ApiKeyIndex":4,"BaseAmount":1000,"ClientOrderIndex":1763069202984,"Expi
redAt":1763069879422,"IsAsk":0,"MarketIndex":0,"Nonce":975,"OrderExpiry":0,"Price":500000000,"ReduceOnly":0,"Sig":"","TimeInForce":0,"TriggerPrice":0,"
Type":1}
[DEBUG sign_transaction_internal] Starting signature computation
[DEBUG sign_transaction_internal] tx_type: 14
[DEBUG sign_transaction_internal] Extracted fields:
  chain_id: 304
  nonce: 975
  expired_at: 1763069879422
  account_index: 237600
  api_key_index: 4
[DEBUG sign_transaction_internal] CREATE_ORDER fields:
  market_index: 0
  client_order_index: 1763069202984
  base_amount: 1000
  price: 500000000
  is_ask: 0
  order_type: 1
  time_in_force: 0
  reduce_only: 0
  trigger_price: 0
  order_expiry: 0
[DEBUG sign_transaction_internal] Hash input elements count: 16
[DEBUG sign_transaction_internal] Hash input elements:
  [0] Element 0: 304 (u64)
  [1] Element 1: 14 (u64)
  [2] Element 2: 975 (u64)
  [3] Element 3: 1763069879422 (u64)
  [4] Element 4: 237600 (u64)
  [5] Element 5: 4 (u64)
  [6] Element 6: 0 (u64)
  [7] Element 7: 1763069202984 (u64)
  [8] Element 8: 1000 (u64)
  [9] Element 9: 500000000 (u64)
  [10] Element 10: 0 (u64)
  [11] Element 11: 1 (u64)
  [12] Element 12: 0 (u64)
  [13] Element 13: 0 (u64)
  [14] Element 14: 0 (u64)
  [15] Element 15: 0 (u64)
[DEBUG sign_transaction_internal] Computing Poseidon2 hash with 16 elements
[DEBUG sign_transaction_internal] Transaction hash (40 bytes): 3de72fae4d6452d400caf16e8339dbda4b8ac16271269821485d7375c2283f643d45a0fbf8f4e433
[DEBUG sign_transaction_internal] Transaction hash (first 8 bytes as u64): 15299401168928630589
[DEBUG sign_transaction_internal] Calling key_manager.sign() with hash: 
3de72fae4d6452d400caf16e8339dbda4b8ac16271269821485d7375c2283f643d45a0fbf8f4e433
[DEBUG signer::sign] Starting signature generation
[DEBUG signer::sign] Message hash: 3de72fae4d6452d400caf16e8339dbda4b8ac16271269821485d7375c2283f643d45a0fbf8f4e433
[DEBUG signer::sign] Generated random nonce: 38051ae323467bed734ae2c9e2ec24b2d2fcf2577e48be43f830756064009314e522f8121be93be3
[DEBUG signer::sign_with_fixed_nonce] Signing with fixed nonce
[DEBUG signer::sign_with_fixed_nonce] Private key (first 16 bytes): 79699d9819553fc6eee1b5e50af049d7...
[DEBUG signer::sign_with_fixed_nonce] Calling crypto::schnorr::sign_with_nonce
[DEBUG crypto::sign_with_nonce] ========================================
[DEBUG crypto::sign_with_nonce] Starting Schnorr signature
[DEBUG crypto::sign_with_nonce] Private key length: 40
[DEBUG crypto::sign_with_nonce] Message length: 40
[DEBUG crypto::sign_with_nonce] Nonce bytes length: 40
[DEBUG crypto::sign_with_nonce] Message hash: 3de72fae4d6452d400caf16e8339dbda4b8ac16271269821485d7375c2283f643d45a0fbf8f4e433
[DEBUG crypto::sign_with_nonce] Nonce bytes: 38051ae323467bed734ae2c9e2ec24b2d2fcf2577e48be43f830756064009314e522f8121be93be3
[DEBUG crypto::sign_with_nonce] Private key converted to scalar
[DEBUG crypto::sign_with_nonce] Nonce converted to scalar
[DEBUG crypto::sign_with_nonce] Message converted to Fp5Element
[DEBUG crypto::sign_with_nonce] Step 1: Computing R = nonce * G
[DEBUG crypto::sign_with_nonce] R encoded (full 40 bytes): 83b7725e906d29da3d8bd74f7b365cc2ad90470c45ef853c7a3654b826a3958674bf26c106457bdd
[DEBUG crypto::sign_with_nonce] R Fp5 elements:
  R[0] = 15720216441140721539 (u64)
  R[1] = 14005128844463803197 (u64)
  R[2] = 4361154894015991981 (u64)
  R[3] = 9697836759308842618 (u64)
  R[4] = 15959425599830146932 (u64)
[DEBUG crypto::sign_with_nonce] Step 2: Computing challenge e = H(R || message)
[DEBUG crypto::sign_with_nonce] Pre-image prepared (10 elements):
  PreImage[0] = 15720216441140721539 (u64)
  PreImage[1] = 14005128844463803197 (u64)
  PreImage[2] = 4361154894015991981 (u64)
  PreImage[3] = 9697836759308842618 (u64)
  PreImage[4] = 15959425599830146932 (u64)
  PreImage[5] = 15299401168928630589 (u64)
  PreImage[6] = 15770261756832762368 (u64)
  PreImage[7] = 2420727068141652555 (u64)
  PreImage[8] = 7223537142984826184 (u64)
  PreImage[9] = 3739382940835005757 (u64)
[DEBUG crypto::sign_with_nonce] Challenge e computed (40 bytes): d9ea316cf1fe448412e1c45dd0021420ed2208358abe3d26f92383d608a9c617d79eb6f3c334bb3f
[DEBUG crypto::sign_with_nonce] Challenge e (first 8 bytes as u64): 9531023024278596313
[DEBUG crypto::sign_with_nonce] Step 3: Computing s = nonce - e * private_key
[DEBUG crypto::sign_with_nonce] Response s computed (40 bytes): f61900b9cf701f3f24958984beecb96df3212e6e0db2eb95a274629534db2823235d3d7a50709872
[DEBUG crypto::sign_with_nonce] Response s (first 8 bytes as u64): 4548478186131823094
[DEBUG crypto::sign_with_nonce] Step 4: Assembling signature (s || e)
[DEBUG crypto::sign_with_nonce] Final signature: f61900b9cf701f3f24958984beecb96df3212e6e0db2eb95a274629534db2823235d3d7a50709872d9ea316cf1fe448412e1c4
5dd0021420ed2208358abe3d26f92383d608a9c617d79eb6f3c334bb3f
[DEBUG crypto::sign_with_nonce] ========================================
[DEBUG signer::sign_with_fixed_nonce] Signature from crypto: f61900b9cf701f3f24958984beecb96df3212e6e0db2eb95a274629534db2823235d3d7a50709872d9ea316cf1
fe448412e1c45dd0021420ed2208358abe3d26f92383d608a9c617d79eb6f3c334bb3f (length: 80)
[DEBUG signer::sign_with_fixed_nonce] Final signature: f61900b9cf701f3f24958984beecb96df3212e6e0db2eb95a274629534db2823235d3d7a50709872d9ea316cf1fe4484
12e1c45dd0021420ed2208358abe3d26f92383d608a9c617d79eb6f3c334bb3f
[DEBUG sign_transaction_internal] Signature returned (80 bytes): f61900b9cf701f3f24958984beecb96df3212e6e0db2eb95a274629534db2823235d3d7a50709872d9ea31
6cf1fe448412e1c45dd0021420ed2208358abe3d26f92383d608a9c617d79eb6f3c334bb3f
[DEBUG sign_transaction_internal] Signature s (first 40 bytes): f61900b9cf701f3f24958984beecb96df3212e6e0db2eb95a274629534db2823235d3d7a50709872
[DEBUG sign_transaction_internal] Signature e (last 40 bytes): d9ea316cf1fe448412e1c45dd0021420ed2208358abe3d26f92383d608a9c617d79eb6f3c334bb3f
[DEBUG create_order] Signature generated: f61900b9cf701f3f24958984beecb96df3212e6e0db2eb95a274629534db2823235d3d7a50709872d9ea316cf1fe448412e1c45dd0021
420ed2208358abe3d26f92383d608a9c617d79eb6f3c334bb3f (length: 80)
[DEBUG create_order] Signature (base64): 9hkAuc9wHz8klYmEvuy5bfMhLm4NsuuVonRilTTbKCMjXT16UHCYctnqMWzx/kSEEuHEXdACFCDtIgg1ir49Jvkjg9YIqcYX156288M0uz8=
[DEBUG create_order] Final transaction JSON: {"AccountIndex":237600,"ApiKeyIndex":4,"BaseAmount":1000,"ClientOrderIndex":1763069202984,"ExpiredAt":1763
069879422,"IsAsk":0,"MarketIndex":0,"Nonce":975,"OrderExpiry":0,"Price":500000000,"ReduceOnly":0,"Sig":"9hkAuc9wHz8klYmEvuy5bfMhLm4NsuuVonRilTTbKCMjXT1
6UHCYctnqMWzx/kSEEuHEXdACFCDtIgg1ir49Jvkjg9YIqcYX156288M0uz8=","TimeInForce":0,"TriggerPrice":0,"Type":1}
[DEBUG create_order] Sending to: https://mainnet.zklighter.elliot.ai/api/v1/sendTx
[DEBUG create_order] Response status: 400 Bad Request, body: {"code":21120,"message":"invalid signature"}
[DEBUG create_order] ÔòÉÔòÉÔòÉÔòÉÔòÉÔòÉÔòÉÔòÉÔòÉÔòÉÔòÉÔòÉÔòÉÔòÉÔòÉÔòÉÔòÉÔòÉÔòÉÔòÉÔòÉÔòÉÔòÉÔòÉÔòÉÔòÉÔòÉÔòÉÔòÉÔòÉÔòÉÔòÉÔòÉÔòÉÔòÉÔòÉÔòÉÔòÉÔòÉÔòÉ
[DEBUG create_order] API RESPONSE RECEIVED
[DEBUG create_order] ÔòÉÔòÉÔòÉÔòÉÔòÉÔòÉÔòÉÔòÉÔòÉÔòÉÔòÉÔòÉÔòÉÔòÉÔòÉÔòÉÔòÉÔòÉÔòÉÔòÉÔòÉÔòÉÔòÉÔòÉÔòÉÔòÉÔòÉÔòÉÔòÉÔòÉÔòÉÔòÉÔòÉÔòÉÔòÉÔòÉÔòÉÔòÉÔòÉÔòÉ
[DEBUG create_order] Response code: 21120
[DEBUG create_order] Response message: invalid signature
[DEBUG create_order] Nonce used: 975
[DEBUG create_order] ÔØîÔØîÔØî INVALID SIGNATURE ERROR ÔØîÔØîÔØî (code 21120) - Nonce used: 975
[DEBUG create_order] ÔòÉÔòÉÔòÉÔòÉÔòÉÔòÉÔòÉÔòÉÔòÉÔòÉÔòÉÔòÉÔòÉÔòÉÔòÉÔòÉÔòÉÔòÉÔòÉÔòÉÔòÉÔòÉÔòÉÔòÉÔòÉÔòÉÔòÉÔòÉÔòÉÔòÉÔòÉÔòÉÔòÉÔòÉÔòÉÔòÉÔòÉÔòÉÔòÉÔòÉ
[DEBUG create_order] FAILED SIGNATURE - COMPARE WITH SUCCESSFUL ONES
[DEBUG create_order] ÔòÉÔòÉÔòÉÔòÉÔòÉÔòÉÔòÉÔòÉÔòÉÔòÉÔòÉÔòÉÔòÉÔòÉÔòÉÔòÉÔòÉÔòÉÔòÉÔòÉÔòÉÔòÉÔòÉÔòÉÔòÉÔòÉÔòÉÔòÉÔòÉÔòÉÔòÉÔòÉÔòÉÔòÉÔòÉÔòÉÔòÉÔòÉÔòÉÔòÉ
[DEBUG create_order] This could be nonce sync issue or signature computation issue
[DEBUG fetch_nonce_from_api] Requesting nonce from: https://mainnet.zklighter.elliot.ai/api/v1/nextNonce?account_index=237600&api_key_index=4
[DEBUG fetch_nonce_from_api] Received nonce: 975
[DEBUG refresh_nonce_cache] Refreshed nonce: 975
[DEBUG create_order] ========================================
  ÔØî [24] INVALID SIGNATURE (Code: 21120) - Check debug logs for nonce

[DEBUG create_order] ========================================
[DEBUG create_order] Starting order creation for client_order_index: 1763069202985
[DEBUG get_next_nonce_from_cache] Fetching nonce from API
[DEBUG fetch_nonce_from_api] Requesting nonce from: https://mainnet.zklighter.elliot.ai/api/v1/nextNonce?account_index=237600&api_key_index=4
[DEBUG fetch_nonce_from_api] Received nonce: 975
[DEBUG get_next_nonce_from_cache] Fetched nonce from API: 975
[DEBUG create_order] ========================================
[DEBUG create_order] Order: client_order_index=1763069202985
[DEBUG create_order] Nonce obtained: 975
[DEBUG create_order] ÔòÉÔòÉÔòÉÔòÉÔòÉÔòÉÔòÉÔòÉÔòÉÔòÉÔòÉÔòÉÔòÉÔòÉÔòÉÔòÉÔòÉÔòÉÔòÉÔòÉÔòÉÔòÉÔòÉÔòÉÔòÉÔòÉÔòÉÔòÉÔòÉÔòÉÔòÉÔòÉÔòÉÔòÉÔòÉÔòÉÔòÉÔòÉÔòÉÔòÉ
[DEBUG create_order] STARTING SIGNATURE COMPUTATION
[DEBUG create_order] ÔòÉÔòÉÔòÉÔòÉÔòÉÔòÉÔòÉÔòÉÔòÉÔòÉÔòÉÔòÉÔòÉÔòÉÔòÉÔòÉÔòÉÔòÉÔòÉÔòÉÔòÉÔòÉÔòÉÔòÉÔòÉÔòÉÔòÉÔòÉÔòÉÔòÉÔòÉÔòÉÔòÉÔòÉÔòÉÔòÉÔòÉÔòÉÔòÉÔòÉ
[DEBUG create_order] Timestamp: now=1763069283828, expired_at=1763069882828
[DEBUG create_order] Transaction JSON (before signing): {"AccountIndex":237600,"ApiKeyIndex":4,"BaseAmount":1000,"ClientOrderIndex":1763069202985,"Expi
redAt":1763069882828,"IsAsk":0,"MarketIndex":0,"Nonce":975,"OrderExpiry":0,"Price":500000000,"ReduceOnly":0,"Sig":"","TimeInForce":0,"TriggerPrice":0,"
Type":1}
[DEBUG sign_transaction_internal] Starting signature computation
[DEBUG sign_transaction_internal] tx_type: 14
[DEBUG sign_transaction_internal] Extracted fields:
  chain_id: 304
  nonce: 975
  expired_at: 1763069882828
  account_index: 237600
  api_key_index: 4
[DEBUG sign_transaction_internal] CREATE_ORDER fields:
  market_index: 0
  client_order_index: 1763069202985
  base_amount: 1000
  price: 500000000
  is_ask: 0
  order_type: 1
  time_in_force: 0
  reduce_only: 0
  trigger_price: 0
  order_expiry: 0
[DEBUG sign_transaction_internal] Hash input elements count: 16
[DEBUG sign_transaction_internal] Hash input elements:
  [0] Element 0: 304 (u64)
  [1] Element 1: 14 (u64)
  [2] Element 2: 975 (u64)
  [3] Element 3: 1763069882828 (u64)
  [4] Element 4: 237600 (u64)
  [5] Element 5: 4 (u64)
  [6] Element 6: 0 (u64)
  [7] Element 7: 1763069202985 (u64)
  [8] Element 8: 1000 (u64)
  [9] Element 9: 500000000 (u64)
  [10] Element 10: 0 (u64)
  [11] Element 11: 1 (u64)
  [12] Element 12: 0 (u64)
  [13] Element 13: 0 (u64)
  [14] Element 14: 0 (u64)
  [15] Element 15: 0 (u64)
[DEBUG sign_transaction_internal] Computing Poseidon2 hash with 16 elements
[DEBUG sign_transaction_internal] Transaction hash (40 bytes): 269ea1238b3fc8b6a14a067732b46cca6d795f637ce5855e47f0ceedf304c4a125ac8c2b256fc9c9
[DEBUG sign_transaction_internal] Transaction hash (first 8 bytes as u64): 13170846977075813926
[DEBUG sign_transaction_internal] Calling key_manager.sign() with hash: 
269ea1238b3fc8b6a14a067732b46cca6d795f637ce5855e47f0ceedf304c4a125ac8c2b256fc9c9
[DEBUG signer::sign] Starting signature generation
[DEBUG signer::sign] Message hash: 269ea1238b3fc8b6a14a067732b46cca6d795f637ce5855e47f0ceedf304c4a125ac8c2b256fc9c9
[DEBUG signer::sign] Generated random nonce: 790ff7a2a30765a75799ef03cd89d86aeff17f0e6332ea85b046ac67c5e2cdc7d62e4137d2d9df07
[DEBUG signer::sign_with_fixed_nonce] Signing with fixed nonce
[DEBUG signer::sign_with_fixed_nonce] Private key (first 16 bytes): 79699d9819553fc6eee1b5e50af049d7...
[DEBUG signer::sign_with_fixed_nonce] Calling crypto::schnorr::sign_with_nonce
[DEBUG crypto::sign_with_nonce] ========================================
[DEBUG crypto::sign_with_nonce] Starting Schnorr signature
[DEBUG crypto::sign_with_nonce] Private key length: 40
[DEBUG crypto::sign_with_nonce] Message length: 40
[DEBUG crypto::sign_with_nonce] Nonce bytes length: 40
[DEBUG crypto::sign_with_nonce] Message hash: 269ea1238b3fc8b6a14a067732b46cca6d795f637ce5855e47f0ceedf304c4a125ac8c2b256fc9c9
[DEBUG crypto::sign_with_nonce] Nonce bytes: 790ff7a2a30765a75799ef03cd89d86aeff17f0e6332ea85b046ac67c5e2cdc7d62e4137d2d9df07
[DEBUG crypto::sign_with_nonce] Private key converted to scalar
[DEBUG crypto::sign_with_nonce] Nonce converted to scalar
[DEBUG crypto::sign_with_nonce] Message converted to Fp5Element
[DEBUG crypto::sign_with_nonce] Step 1: Computing R = nonce * G
[DEBUG crypto::sign_with_nonce] R encoded (full 40 bytes): 935ecb0aaa3025726cf0773c1c1aeaf1c8836999a7ad6d7fec056ccab78e03f6f336c52a770d9271
[DEBUG crypto::sign_with_nonce] R Fp5 elements:
  R[0] = 8225033801345752723 (u64)
  R[1] = 17431774016266825836 (u64)
  R[2] = 9182186150623282120 (u64)
  R[3] = 17727169478286640620 (u64)
  R[4] = 8183618278355449587 (u64)
[DEBUG crypto::sign_with_nonce] Step 2: Computing challenge e = H(R || message)
[DEBUG crypto::sign_with_nonce] Pre-image prepared (10 elements):
  PreImage[0] = 8225033801345752723 (u64)
  PreImage[1] = 17431774016266825836 (u64)
  PreImage[2] = 9182186150623282120 (u64)
  PreImage[3] = 17727169478286640620 (u64)
  PreImage[4] = 8183618278355449587 (u64)
  PreImage[5] = 13170846977075813926 (u64)
  PreImage[6] = 14586231421984459425 (u64)
  PreImage[7] = 6811102333873650029 (u64)
  PreImage[8] = 11656447181255012423 (u64)
  PreImage[9] = 14540275077377469477 (u64)
[DEBUG crypto::sign_with_nonce] Challenge e computed (40 bytes): e4da020e11939a51356c6e9dd551dc1d47575883e468de51bb5a3e3c4d270cbb3e83517e33a47042
[DEBUG crypto::sign_with_nonce] Challenge e (first 8 bytes as u64): 5880173964944399076
[DEBUG crypto::sign_with_nonce] Step 3: Computing s = nonce - e * private_key
[DEBUG crypto::sign_with_nonce] Response s computed (40 bytes): 13166497827e33c3270be2f1163bb81f63b7840819b77de4361a56765148562a8f690873352caa44
[DEBUG crypto::sign_with_nonce] Response s (first 8 bytes as u64): 14065725160558958099
[DEBUG crypto::sign_with_nonce] Step 4: Assembling signature (s || e)
[DEBUG crypto::sign_with_nonce] Final signature: 13166497827e33c3270be2f1163bb81f63b7840819b77de4361a56765148562a8f690873352caa44e4da020e11939a51356c6e
9dd551dc1d47575883e468de51bb5a3e3c4d270cbb3e83517e33a47042
[DEBUG crypto::sign_with_nonce] ========================================
[DEBUG signer::sign_with_fixed_nonce] Signature from crypto: 13166497827e33c3270be2f1163bb81f63b7840819b77de4361a56765148562a8f690873352caa44e4da020e11
939a51356c6e9dd551dc1d47575883e468de51bb5a3e3c4d270cbb3e83517e33a47042 (length: 80)
[DEBUG signer::sign_with_fixed_nonce] Final signature: 13166497827e33c3270be2f1163bb81f63b7840819b77de4361a56765148562a8f690873352caa44e4da020e11939a51
356c6e9dd551dc1d47575883e468de51bb5a3e3c4d270cbb3e83517e33a47042
[DEBUG sign_transaction_internal] Signature returned (80 bytes): 13166497827e33c3270be2f1163bb81f63b7840819b77de4361a56765148562a8f690873352caa44e4da02
0e11939a51356c6e9dd551dc1d47575883e468de51bb5a3e3c4d270cbb3e83517e33a47042
[DEBUG sign_transaction_internal] Signature s (first 40 bytes): 13166497827e33c3270be2f1163bb81f63b7840819b77de4361a56765148562a8f690873352caa44
[DEBUG sign_transaction_internal] Signature e (last 40 bytes): e4da020e11939a51356c6e9dd551dc1d47575883e468de51bb5a3e3c4d270cbb3e83517e33a47042
[DEBUG create_order] Signature generated: 13166497827e33c3270be2f1163bb81f63b7840819b77de4361a56765148562a8f690873352caa44e4da020e11939a51356c6e9dd551d
c1d47575883e468de51bb5a3e3c4d270cbb3e83517e33a47042 (length: 80)
[DEBUG create_order] Signature (base64): ExZkl4J+M8MnC+LxFju4H2O3hAgZt33kNhpWdlFIViqPaQhzNSyqROTaAg4Rk5pRNWxundVR3B1HV1iD5GjeUbtaPjxNJwy7PoNRfjOkcEI=
[DEBUG create_order] Final transaction JSON: {"AccountIndex":237600,"ApiKeyIndex":4,"BaseAmount":1000,"ClientOrderIndex":1763069202985,"ExpiredAt":1763
069882828,"IsAsk":0,"MarketIndex":0,"Nonce":975,"OrderExpiry":0,"Price":500000000,"ReduceOnly":0,"Sig":"ExZkl4J+M8MnC+LxFju4H2O3hAgZt33kNhpWdlFIViqPaQh
zNSyqROTaAg4Rk5pRNWxundVR3B1HV1iD5GjeUbtaPjxNJwy7PoNRfjOkcEI=","TimeInForce":0,"TriggerPrice":0,"Type":1}
[DEBUG create_order] Sending to: https://mainnet.zklighter.elliot.ai/api/v1/sendTx
[DEBUG create_order] Response status: 200 OK, body: {"code":200,"message":"{\"ratelimit\": \"didn't use volume 
quota\"}","tx_hash":"269ea1238b3fc8b6a14a067732b46cca6d795f637ce5855e47f0ceedf304c4a125ac8c2b256fc9c9","predicted_execution_time_ms":1763069283033}
[DEBUG create_order] ÔòÉÔòÉÔòÉÔòÉÔòÉÔòÉÔòÉÔòÉÔòÉÔòÉÔòÉÔòÉÔòÉÔòÉÔòÉÔòÉÔòÉÔòÉÔòÉÔòÉÔòÉÔòÉÔòÉÔòÉÔòÉÔòÉÔòÉÔòÉÔòÉÔòÉÔòÉÔòÉÔòÉÔòÉÔòÉÔòÉÔòÉÔòÉÔòÉÔòÉ
[DEBUG create_order] API RESPONSE RECEIVED
[DEBUG create_order] ÔòÉÔòÉÔòÉÔòÉÔòÉÔòÉÔòÉÔòÉÔòÉÔòÉÔòÉÔòÉÔòÉÔòÉÔòÉÔòÉÔòÉÔòÉÔòÉÔòÉÔòÉÔòÉÔòÉÔòÉÔòÉÔòÉÔòÉÔòÉÔòÉÔòÉÔòÉÔòÉÔòÉÔòÉÔòÉÔòÉÔòÉÔòÉÔòÉÔòÉ
[DEBUG create_order] Response code: 200
[DEBUG create_order] Response message: {"ratelimit": "didn't use volume quota"}
[DEBUG create_order] Nonce used: 975
[DEBUG create_order] Ô£àÔ£àÔ£à SUCCESS Ô£àÔ£àÔ£à - Transaction succeeded with nonce 975
[DEBUG create_order] ÔòÉÔòÉÔòÉÔòÉÔòÉÔòÉÔòÉÔòÉÔòÉÔòÉÔòÉÔòÉÔòÉÔòÉÔòÉÔòÉÔòÉÔòÉÔòÉÔòÉÔòÉÔòÉÔòÉÔòÉÔòÉÔòÉÔòÉÔòÉÔòÉÔòÉÔòÉÔòÉÔòÉÔòÉÔòÉÔòÉÔòÉÔòÉÔòÉÔòÉ
[DEBUG create_order] SUCCESSFUL SIGNATURE - SAVE THIS FOR COMPARISON
[DEBUG create_order] ÔòÉÔòÉÔòÉÔòÉÔòÉÔòÉÔòÉÔòÉÔòÉÔòÉÔòÉÔòÉÔòÉÔòÉÔòÉÔòÉÔòÉÔòÉÔòÉÔòÉÔòÉÔòÉÔòÉÔòÉÔòÉÔòÉÔòÉÔòÉÔòÉÔòÉÔòÉÔòÉÔòÉÔòÉÔòÉÔòÉÔòÉÔòÉÔòÉÔòÉ
[DEBUG create_order] ========================================

[DEBUG create_order] ========================================
[DEBUG create_order] Starting order creation for client_order_index: 1763069202986
[DEBUG get_next_nonce_from_cache] Fetching nonce from API
[DEBUG fetch_nonce_from_api] Requesting nonce from: https://mainnet.zklighter.elliot.ai/api/v1/nextNonce?account_index=237600&api_key_index=4
[DEBUG fetch_nonce_from_api] Received nonce: 976
[DEBUG get_next_nonce_from_cache] Fetched nonce from API: 976
[DEBUG create_order] ========================================
[DEBUG create_order] Order: client_order_index=1763069202986
[DEBUG create_order] Nonce obtained: 976
[DEBUG create_order] ÔòÉÔòÉÔòÉÔòÉÔòÉÔòÉÔòÉÔòÉÔòÉÔòÉÔòÉÔòÉÔòÉÔòÉÔòÉÔòÉÔòÉÔòÉÔòÉÔòÉÔòÉÔòÉÔòÉÔòÉÔòÉÔòÉÔòÉÔòÉÔòÉÔòÉÔòÉÔòÉÔòÉÔòÉÔòÉÔòÉÔòÉÔòÉÔòÉÔòÉ
[DEBUG create_order] STARTING SIGNATURE COMPUTATION
[DEBUG create_order] ÔòÉÔòÉÔòÉÔòÉÔòÉÔòÉÔòÉÔòÉÔòÉÔòÉÔòÉÔòÉÔòÉÔòÉÔòÉÔòÉÔòÉÔòÉÔòÉÔòÉÔòÉÔòÉÔòÉÔòÉÔòÉÔòÉÔòÉÔòÉÔòÉÔòÉÔòÉÔòÉÔòÉÔòÉÔòÉÔòÉÔòÉÔòÉÔòÉÔòÉ
[DEBUG create_order] Timestamp: now=1763069287090, expired_at=1763069886090
[DEBUG create_order] Transaction JSON (before signing): {"AccountIndex":237600,"ApiKeyIndex":4,"BaseAmount":1000,"ClientOrderIndex":1763069202986,"Expi
redAt":1763069886090,"IsAsk":0,"MarketIndex":0,"Nonce":976,"OrderExpiry":0,"Price":500000000,"ReduceOnly":0,"Sig":"","TimeInForce":0,"TriggerPrice":0,"
Type":1}
[DEBUG sign_transaction_internal] Starting signature computation
[DEBUG sign_transaction_internal] tx_type: 14
[DEBUG sign_transaction_internal] Extracted fields:
  chain_id: 304
  nonce: 976
  expired_at: 1763069886090
  account_index: 237600
  api_key_index: 4
[DEBUG sign_transaction_internal] CREATE_ORDER fields:
  market_index: 0
  client_order_index: 1763069202986
  base_amount: 1000
  price: 500000000
  is_ask: 0
  order_type: 1
  time_in_force: 0
  reduce_only: 0
  trigger_price: 0
  order_expiry: 0
[DEBUG sign_transaction_internal] Hash input elements count: 16
[DEBUG sign_transaction_internal] Hash input elements:
  [0] Element 0: 304 (u64)
  [1] Element 1: 14 (u64)
  [2] Element 2: 976 (u64)
  [3] Element 3: 1763069886090 (u64)
  [4] Element 4: 237600 (u64)
  [5] Element 5: 4 (u64)
  [6] Element 6: 0 (u64)
  [7] Element 7: 1763069202986 (u64)
  [8] Element 8: 1000 (u64)
  [9] Element 9: 500000000 (u64)
  [10] Element 10: 0 (u64)
  [11] Element 11: 1 (u64)
  [12] Element 12: 0 (u64)
  [13] Element 13: 0 (u64)
  [14] Element 14: 0 (u64)
  [15] Element 15: 0 (u64)
[DEBUG sign_transaction_internal] Computing Poseidon2 hash with 16 elements
[DEBUG sign_transaction_internal] Transaction hash (40 bytes): 7f1e9ccb5d7d33c14f216e64286fef1e1c1b5bd8d0d94fe4e1230b8854c8eb1ee93d1caed9b1a586
[DEBUG sign_transaction_internal] Transaction hash (first 8 bytes as u64): 13921608714933771903
[DEBUG sign_transaction_internal] Calling key_manager.sign() with hash: 
7f1e9ccb5d7d33c14f216e64286fef1e1c1b5bd8d0d94fe4e1230b8854c8eb1ee93d1caed9b1a586
[DEBUG signer::sign] Starting signature generation
[DEBUG signer::sign] Message hash: 7f1e9ccb5d7d33c14f216e64286fef1e1c1b5bd8d0d94fe4e1230b8854c8eb1ee93d1caed9b1a586
[DEBUG signer::sign] Generated random nonce: 30023dbf7d5e63e7ed08ba56c5266a5339bed055d5aacee02c0edf383be26aed8a0fd1ea5675c764
[DEBUG signer::sign_with_fixed_nonce] Signing with fixed nonce
[DEBUG signer::sign_with_fixed_nonce] Private key (first 16 bytes): 79699d9819553fc6eee1b5e50af049d7...
[DEBUG signer::sign_with_fixed_nonce] Calling crypto::schnorr::sign_with_nonce
[DEBUG crypto::sign_with_nonce] ========================================
[DEBUG crypto::sign_with_nonce] Starting Schnorr signature
[DEBUG crypto::sign_with_nonce] Private key length: 40
[DEBUG crypto::sign_with_nonce] Message length: 40
[DEBUG crypto::sign_with_nonce] Nonce bytes length: 40
[DEBUG crypto::sign_with_nonce] Message hash: 7f1e9ccb5d7d33c14f216e64286fef1e1c1b5bd8d0d94fe4e1230b8854c8eb1ee93d1caed9b1a586
[DEBUG crypto::sign_with_nonce] Nonce bytes: 30023dbf7d5e63e7ed08ba56c5266a5339bed055d5aacee02c0edf383be26aed8a0fd1ea5675c764
[DEBUG crypto::sign_with_nonce] Private key converted to scalar
[DEBUG crypto::sign_with_nonce] Nonce converted to scalar
[DEBUG crypto::sign_with_nonce] Message converted to Fp5Element
[DEBUG crypto::sign_with_nonce] Step 1: Computing R = nonce * G
[DEBUG crypto::sign_with_nonce] R encoded (full 40 bytes): acab92a6cd7337d33b19ca5ba90d161b3c6791de6a32c2b24f9ecb0c7e77011d1546b670e2ce4b31
[DEBUG crypto::sign_with_nonce] R Fp5 elements:
  R[0] = 15219760792822000556 (u64)
  R[1] = 1951762509552294203 (u64)
  R[2] = 12880913318815033148 (u64)
  R[3] = 2090083085340876367 (u64)
  R[4] = 3552160203060692501 (u64)
[DEBUG crypto::sign_with_nonce] Step 2: Computing challenge e = H(R || message)
[DEBUG crypto::sign_with_nonce] Pre-image prepared (10 elements):
  PreImage[0] = 15219760792822000556 (u64)
  PreImage[1] = 1951762509552294203 (u64)
  PreImage[2] = 12880913318815033148 (u64)
  PreImage[3] = 2090083085340876367 (u64)
  PreImage[4] = 3552160203060692501 (u64)
  PreImage[5] = 13921608714933771903 (u64)
  PreImage[6] = 2229122559845998927 (u64)
  PreImage[7] = 16451607454813985564 (u64)
  PreImage[8] = 2228094706050081761 (u64)
  PreImage[9] = 9702356520726707689 (u64)
[DEBUG crypto::sign_with_nonce] Challenge e computed (40 bytes): a07943f7a79e70da71634543d9fd352f4807dd0ae8265fb7ff34b4a35a84e29613bb58866545f437
[DEBUG crypto::sign_with_nonce] Challenge e (first 8 bytes as u64): 15740255141905004960
[DEBUG crypto::sign_with_nonce] Step 3: Computing s = nonce - e * private_key
[DEBUG crypto::sign_with_nonce] Response s computed (40 bytes): b4d253c0505f35340c4a5678254d3da4ea51ad682f52e2eade27c58a925f011f198f1b5469221e26
[DEBUG crypto::sign_with_nonce] Response s (first 8 bytes as u64): 3762017864166658740
[DEBUG crypto::sign_with_nonce] Step 4: Assembling signature (s || e)
[DEBUG crypto::sign_with_nonce] Final signature: b4d253c0505f35340c4a5678254d3da4ea51ad682f52e2eade27c58a925f011f198f1b5469221e26a07943f7a79e70da716345
43d9fd352f4807dd0ae8265fb7ff34b4a35a84e29613bb58866545f437
[DEBUG crypto::sign_with_nonce] ========================================
[DEBUG signer::sign_with_fixed_nonce] Signature from crypto: b4d253c0505f35340c4a5678254d3da4ea51ad682f52e2eade27c58a925f011f198f1b5469221e26a07943f7a7
9e70da71634543d9fd352f4807dd0ae8265fb7ff34b4a35a84e29613bb58866545f437 (length: 80)
[DEBUG signer::sign_with_fixed_nonce] Final signature: b4d253c0505f35340c4a5678254d3da4ea51ad682f52e2eade27c58a925f011f198f1b5469221e26a07943f7a79e70da
71634543d9fd352f4807dd0ae8265fb7ff34b4a35a84e29613bb58866545f437
[DEBUG sign_transaction_internal] Signature returned (80 bytes): b4d253c0505f35340c4a5678254d3da4ea51ad682f52e2eade27c58a925f011f198f1b5469221e26a07943
f7a79e70da71634543d9fd352f4807dd0ae8265fb7ff34b4a35a84e29613bb58866545f437
[DEBUG sign_transaction_internal] Signature s (first 40 bytes): b4d253c0505f35340c4a5678254d3da4ea51ad682f52e2eade27c58a925f011f198f1b5469221e26
[DEBUG sign_transaction_internal] Signature e (last 40 bytes): a07943f7a79e70da71634543d9fd352f4807dd0ae8265fb7ff34b4a35a84e29613bb58866545f437
[DEBUG create_order] Signature generated: b4d253c0505f35340c4a5678254d3da4ea51ad682f52e2eade27c58a925f011f198f1b5469221e26a07943f7a79e70da71634543d9fd3
52f4807dd0ae8265fb7ff34b4a35a84e29613bb58866545f437 (length: 80)
[DEBUG create_order] Signature (base64): tNJTwFBfNTQMSlZ4JU09pOpRrWgvUuLq3ifFipJfAR8ZjxtUaSIeJqB5Q/ennnDacWNFQ9n9NS9IB90K6CZft/80tKNahOKWE7tYhmVF9Dc=
[DEBUG create_order] Final transaction JSON: {"AccountIndex":237600,"ApiKeyIndex":4,"BaseAmount":1000,"ClientOrderIndex":1763069202986,"ExpiredAt":1763
069886090,"IsAsk":0,"MarketIndex":0,"Nonce":976,"OrderExpiry":0,"Price":500000000,"ReduceOnly":0,"Sig":"tNJTwFBfNTQMSlZ4JU09pOpRrWgvUuLq3ifFipJfAR8Zjxt
UaSIeJqB5Q/ennnDacWNFQ9n9NS9IB90K6CZft/80tKNahOKWE7tYhmVF9Dc=","TimeInForce":0,"TriggerPrice":0,"Type":1}
[DEBUG create_order] Sending to: https://mainnet.zklighter.elliot.ai/api/v1/sendTx
[DEBUG create_order] Response status: 200 OK, body: {"code":200,"message":"{\"ratelimit\": \"686 volume quota remained\"}","tx_hash":"7f1e9ccb5d7d33c14
f216e64286fef1e1c1b5bd8d0d94fe4e1230b8854c8eb1ee93d1caed9b1a586","predicted_execution_time_ms":1763069286306,"volume_quota_remaining":686}
[DEBUG create_order] ÔòÉÔòÉÔòÉÔòÉÔòÉÔòÉÔòÉÔòÉÔòÉÔòÉÔòÉÔòÉÔòÉÔòÉÔòÉÔòÉÔòÉÔòÉÔòÉÔòÉÔòÉÔòÉÔòÉÔòÉÔòÉÔòÉÔòÉÔòÉÔòÉÔòÉÔòÉÔòÉÔòÉÔòÉÔòÉÔòÉÔòÉÔòÉÔòÉÔòÉ
[DEBUG create_order] API RESPONSE RECEIVED
[DEBUG create_order] ÔòÉÔòÉÔòÉÔòÉÔòÉÔòÉÔòÉÔòÉÔòÉÔòÉÔòÉÔòÉÔòÉÔòÉÔòÉÔòÉÔòÉÔòÉÔòÉÔòÉÔòÉÔòÉÔòÉÔòÉÔòÉÔòÉÔòÉÔòÉÔòÉÔòÉÔòÉÔòÉÔòÉÔòÉÔòÉÔòÉÔòÉÔòÉÔòÉÔòÉ
[DEBUG create_order] Response code: 200
[DEBUG create_order] Response message: {"ratelimit": "686 volume quota remained"}
[DEBUG create_order] Nonce used: 976
[DEBUG create_order] Ô£àÔ£àÔ£à SUCCESS Ô£àÔ£àÔ£à - Transaction succeeded with nonce 976
[DEBUG create_order] ÔòÉÔòÉÔòÉÔòÉÔòÉÔòÉÔòÉÔòÉÔòÉÔòÉÔòÉÔòÉÔòÉÔòÉÔòÉÔòÉÔòÉÔòÉÔòÉÔòÉÔòÉÔòÉÔòÉÔòÉÔòÉÔòÉÔòÉÔòÉÔòÉÔòÉÔòÉÔòÉÔòÉÔòÉÔòÉÔòÉÔòÉÔòÉÔòÉÔòÉ
[DEBUG create_order] SUCCESSFUL SIGNATURE - SAVE THIS FOR COMPARISON
[DEBUG create_order] ÔòÉÔòÉÔòÉÔòÉÔòÉÔòÉÔòÉÔòÉÔòÉÔòÉÔòÉÔòÉÔòÉÔòÉÔòÉÔòÉÔòÉÔòÉÔòÉÔòÉÔòÉÔòÉÔòÉÔòÉÔòÉÔòÉÔòÉÔòÉÔòÉÔòÉÔòÉÔòÉÔòÉÔòÉÔòÉÔòÉÔòÉÔòÉÔòÉÔòÉ
[DEBUG create_order] ========================================

[DEBUG create_order] ========================================
[DEBUG create_order] Starting order creation for client_order_index: 1763069202987
[DEBUG get_next_nonce_from_cache] Fetching nonce from API
[DEBUG fetch_nonce_from_api] Requesting nonce from: https://mainnet.zklighter.elliot.ai/api/v1/nextNonce?account_index=237600&api_key_index=4
[DEBUG fetch_nonce_from_api] Received nonce: 977
[DEBUG get_next_nonce_from_cache] Fetched nonce from API: 977
[DEBUG create_order] ========================================
[DEBUG create_order] Order: client_order_index=1763069202987
[DEBUG create_order] Nonce obtained: 977
[DEBUG create_order] ÔòÉÔòÉÔòÉÔòÉÔòÉÔòÉÔòÉÔòÉÔòÉÔòÉÔòÉÔòÉÔòÉÔòÉÔòÉÔòÉÔòÉÔòÉÔòÉÔòÉÔòÉÔòÉÔòÉÔòÉÔòÉÔòÉÔòÉÔòÉÔòÉÔòÉÔòÉÔòÉÔòÉÔòÉÔòÉÔòÉÔòÉÔòÉÔòÉÔòÉ
[DEBUG create_order] STARTING SIGNATURE COMPUTATION
[DEBUG create_order] ÔòÉÔòÉÔòÉÔòÉÔòÉÔòÉÔòÉÔòÉÔòÉÔòÉÔòÉÔòÉÔòÉÔòÉÔòÉÔòÉÔòÉÔòÉÔòÉÔòÉÔòÉÔòÉÔòÉÔòÉÔòÉÔòÉÔòÉÔòÉÔòÉÔòÉÔòÉÔòÉÔòÉÔòÉÔòÉÔòÉÔòÉÔòÉÔòÉÔòÉ
[DEBUG create_order] Timestamp: now=1763069290353, expired_at=1763069889353
[DEBUG create_order] Transaction JSON (before signing): {"AccountIndex":237600,"ApiKeyIndex":4,"BaseAmount":1000,"ClientOrderIndex":1763069202987,"Expi
redAt":1763069889353,"IsAsk":0,"MarketIndex":0,"Nonce":977,"OrderExpiry":0,"Price":500000000,"ReduceOnly":0,"Sig":"","TimeInForce":0,"TriggerPrice":0,"
Type":1}
[DEBUG sign_transaction_internal] Starting signature computation
[DEBUG sign_transaction_internal] tx_type: 14
[DEBUG sign_transaction_internal] Extracted fields:
  chain_id: 304
  nonce: 977
  expired_at: 1763069889353
  account_index: 237600
  api_key_index: 4
[DEBUG sign_transaction_internal] CREATE_ORDER fields:
  market_index: 0
  client_order_index: 1763069202987
  base_amount: 1000
  price: 500000000
  is_ask: 0
  order_type: 1
  time_in_force: 0
  reduce_only: 0
  trigger_price: 0
  order_expiry: 0
[DEBUG sign_transaction_internal] Hash input elements count: 16
[DEBUG sign_transaction_internal] Hash input elements:
  [0] Element 0: 304 (u64)
  [1] Element 1: 14 (u64)
  [2] Element 2: 977 (u64)
  [3] Element 3: 1763069889353 (u64)
  [4] Element 4: 237600 (u64)
  [5] Element 5: 4 (u64)
  [6] Element 6: 0 (u64)
  [7] Element 7: 1763069202987 (u64)
  [8] Element 8: 1000 (u64)
  [9] Element 9: 500000000 (u64)
  [10] Element 10: 0 (u64)
  [11] Element 11: 1 (u64)
  [12] Element 12: 0 (u64)
  [13] Element 13: 0 (u64)
  [14] Element 14: 0 (u64)
  [15] Element 15: 0 (u64)
[DEBUG sign_transaction_internal] Computing Poseidon2 hash with 16 elements
[DEBUG sign_transaction_internal] Transaction hash (40 bytes): 6c7a524f9d98258f004b86e63a66935534bc54d8a602b113049f08916632543958d3ec81580eb58f
[DEBUG sign_transaction_internal] Transaction hash (first 8 bytes as u64): 10314818322970081900
[DEBUG sign_transaction_internal] Calling key_manager.sign() with hash: 
6c7a524f9d98258f004b86e63a66935534bc54d8a602b113049f08916632543958d3ec81580eb58f
[DEBUG signer::sign] Starting signature generation
[DEBUG signer::sign] Message hash: 6c7a524f9d98258f004b86e63a66935534bc54d8a602b113049f08916632543958d3ec81580eb58f
[DEBUG signer::sign] Generated random nonce: e6119822bc4982b343b772b81f77fb8fa86cefee7e215829d6d50dc4f65df1a9fb60dd0337cc7b56
[DEBUG signer::sign_with_fixed_nonce] Signing with fixed nonce
[DEBUG signer::sign_with_fixed_nonce] Private key (first 16 bytes): 79699d9819553fc6eee1b5e50af049d7...
[DEBUG signer::sign_with_fixed_nonce] Calling crypto::schnorr::sign_with_nonce
[DEBUG crypto::sign_with_nonce] ========================================
[DEBUG crypto::sign_with_nonce] Starting Schnorr signature
[DEBUG crypto::sign_with_nonce] Private key length: 40
[DEBUG crypto::sign_with_nonce] Message length: 40
[DEBUG crypto::sign_with_nonce] Nonce bytes length: 40
[DEBUG crypto::sign_with_nonce] Message hash: 6c7a524f9d98258f004b86e63a66935534bc54d8a602b113049f08916632543958d3ec81580eb58f
[DEBUG crypto::sign_with_nonce] Nonce bytes: e6119822bc4982b343b772b81f77fb8fa86cefee7e215829d6d50dc4f65df1a9fb60dd0337cc7b56
[DEBUG crypto::sign_with_nonce] Private key converted to scalar
[DEBUG crypto::sign_with_nonce] Nonce converted to scalar
[DEBUG crypto::sign_with_nonce] Message converted to Fp5Element
[DEBUG crypto::sign_with_nonce] Step 1: Computing R = nonce * G
[DEBUG crypto::sign_with_nonce] R encoded (full 40 bytes): 4e6b7ac81868c507abec2c0830030b3a9fcb505ce1565963753aa70ab43e4dc603d3022b91a7ee36
[DEBUG crypto::sign_with_nonce] R Fp5 elements:
  R[0] = 559968184329464654 (u64)
  R[1] = 4182440183774112939 (u64)
  R[2] = 7158848608598543263 (u64)
  R[3] = 14289146135710218869 (u64)
  R[4] = 3958285364438946563 (u64)
[DEBUG crypto::sign_with_nonce] Step 2: Computing challenge e = H(R || message)
[DEBUG crypto::sign_with_nonce] Pre-image prepared (10 elements):
  PreImage[0] = 559968184329464654 (u64)
  PreImage[1] = 4182440183774112939 (u64)
  PreImage[2] = 7158848608598543263 (u64)
  PreImage[3] = 14289146135710218869 (u64)
  PreImage[4] = 3958285364438946563 (u64)
  PreImage[5] = 10314818322970081900 (u64)
  PreImage[6] = 6166384717962038016 (u64)
  PreImage[7] = 1418918273215675444 (u64)
  PreImage[8] = 4130982174306901764 (u64)
  PreImage[9] = 10355198691508015960 (u64)
[DEBUG crypto::sign_with_nonce] Challenge e computed (40 bytes): b8ff749d9bc8d17db90837949f73d268803c4376f46e2bb5632285b67c4e8b027806034a5feac228
[DEBUG crypto::sign_with_nonce] Challenge e (first 8 bytes as u64): 9066248095560695736
[DEBUG crypto::sign_with_nonce] Step 3: Computing s = nonce - e * private_key
[DEBUG crypto::sign_with_nonce] Response s computed (40 bytes): 2c75eaa1fa1f595f80149aa77744116b4fa3542e24fc4f5812c97bc7e08ccfe15636b00fb5ed1f6b
[DEBUG crypto::sign_with_nonce] Response s (first 8 bytes as u64): 6870557867849184556
[DEBUG crypto::sign_with_nonce] Step 4: Assembling signature (s || e)
[DEBUG crypto::sign_with_nonce] Final signature: 2c75eaa1fa1f595f80149aa77744116b4fa3542e24fc4f5812c97bc7e08ccfe15636b00fb5ed1f6bb8ff749d9bc8d17db90837
949f73d268803c4376f46e2bb5632285b67c4e8b027806034a5feac228
[DEBUG crypto::sign_with_nonce] ========================================
[DEBUG signer::sign_with_fixed_nonce] Signature from crypto: 2c75eaa1fa1f595f80149aa77744116b4fa3542e24fc4f5812c97bc7e08ccfe15636b00fb5ed1f6bb8ff749d9b
c8d17db90837949f73d268803c4376f46e2bb5632285b67c4e8b027806034a5feac228 (length: 80)
[DEBUG signer::sign_with_fixed_nonce] Final signature: 2c75eaa1fa1f595f80149aa77744116b4fa3542e24fc4f5812c97bc7e08ccfe15636b00fb5ed1f6bb8ff749d9bc8d17d
b90837949f73d268803c4376f46e2bb5632285b67c4e8b027806034a5feac228
[DEBUG sign_transaction_internal] Signature returned (80 bytes): 2c75eaa1fa1f595f80149aa77744116b4fa3542e24fc4f5812c97bc7e08ccfe15636b00fb5ed1f6bb8ff74
9d9bc8d17db90837949f73d268803c4376f46e2bb5632285b67c4e8b027806034a5feac228
[DEBUG sign_transaction_internal] Signature s (first 40 bytes): 2c75eaa1fa1f595f80149aa77744116b4fa3542e24fc4f5812c97bc7e08ccfe15636b00fb5ed1f6b
[DEBUG sign_transaction_internal] Signature e (last 40 bytes): b8ff749d9bc8d17db90837949f73d268803c4376f46e2bb5632285b67c4e8b027806034a5feac228
[DEBUG create_order] Signature generated: 2c75eaa1fa1f595f80149aa77744116b4fa3542e24fc4f5812c97bc7e08ccfe15636b00fb5ed1f6bb8ff749d9bc8d17db90837949f73d
268803c4376f46e2bb5632285b67c4e8b027806034a5feac228 (length: 80)
[DEBUG create_order] Signature (base64): LHXqofofWV+AFJqnd0QRa0+jVC4k/E9YEsl7x+CMz+FWNrAPte0fa7j/dJ2byNF9uQg3lJ9z0miAPEN29G4rtWMihbZ8TosCeAYDSl/qwig=
[DEBUG create_order] Final transaction JSON: {"AccountIndex":237600,"ApiKeyIndex":4,"BaseAmount":1000,"ClientOrderIndex":1763069202987,"ExpiredAt":1763
069889353,"IsAsk":0,"MarketIndex":0,"Nonce":977,"OrderExpiry":0,"Price":500000000,"ReduceOnly":0,"Sig":"LHXqofofWV+AFJqnd0QRa0+jVC4k/E9YEsl7x+CMz+FWNrA
Pte0fa7j/dJ2byNF9uQg3lJ9z0miAPEN29G4rtWMihbZ8TosCeAYDSl/qwig=","TimeInForce":0,"TriggerPrice":0,"Type":1}
[DEBUG create_order] Sending to: https://mainnet.zklighter.elliot.ai/api/v1/sendTx
[DEBUG create_order] Response status: 200 OK, body: {"code":200,"message":"{\"ratelimit\": \"685 volume quota remained\"}","tx_hash":"6c7a524f9d98258f0
04b86e63a66935534bc54d8a602b113049f08916632543958d3ec81580eb58f","predicted_execution_time_ms":1763069289569,"volume_quota_remaining":685}
[DEBUG create_order] ÔòÉÔòÉÔòÉÔòÉÔòÉÔòÉÔòÉÔòÉÔòÉÔòÉÔòÉÔòÉÔòÉÔòÉÔòÉÔòÉÔòÉÔòÉÔòÉÔòÉÔòÉÔòÉÔòÉÔòÉÔòÉÔòÉÔòÉÔòÉÔòÉÔòÉÔòÉÔòÉÔòÉÔòÉÔòÉÔòÉÔòÉÔòÉÔòÉÔòÉ
[DEBUG create_order] API RESPONSE RECEIVED
[DEBUG create_order] ÔòÉÔòÉÔòÉÔòÉÔòÉÔòÉÔòÉÔòÉÔòÉÔòÉÔòÉÔòÉÔòÉÔòÉÔòÉÔòÉÔòÉÔòÉÔòÉÔòÉÔòÉÔòÉÔòÉÔòÉÔòÉÔòÉÔòÉÔòÉÔòÉÔòÉÔòÉÔòÉÔòÉÔòÉÔòÉÔòÉÔòÉÔòÉÔòÉÔòÉ
[DEBUG create_order] Response code: 200
[DEBUG create_order] Response message: {"ratelimit": "685 volume quota remained"}
[DEBUG create_order] Nonce used: 977
[DEBUG create_order] Ô£àÔ£àÔ£à SUCCESS Ô£àÔ£àÔ£à - Transaction succeeded with nonce 977
[DEBUG create_order] ÔòÉÔòÉÔòÉÔòÉÔòÉÔòÉÔòÉÔòÉÔòÉÔòÉÔòÉÔòÉÔòÉÔòÉÔòÉÔòÉÔòÉÔòÉÔòÉÔòÉÔòÉÔòÉÔòÉÔòÉÔòÉÔòÉÔòÉÔòÉÔòÉÔòÉÔòÉÔòÉÔòÉÔòÉÔòÉÔòÉÔòÉÔòÉÔòÉÔòÉ
[DEBUG create_order] SUCCESSFUL SIGNATURE - SAVE THIS FOR COMPARISON
[DEBUG create_order] ÔòÉÔòÉÔòÉÔòÉÔòÉÔòÉÔòÉÔòÉÔòÉÔòÉÔòÉÔòÉÔòÉÔòÉÔòÉÔòÉÔòÉÔòÉÔòÉÔòÉÔòÉÔòÉÔòÉÔòÉÔòÉÔòÉÔòÉÔòÉÔòÉÔòÉÔòÉÔòÉÔòÉÔòÉÔòÉÔòÉÔòÉÔòÉÔòÉÔòÉ
[DEBUG create_order] ========================================

[DEBUG create_order] ========================================
[DEBUG create_order] Starting order creation for client_order_index: 1763069202988
[DEBUG get_next_nonce_from_cache] Fetching nonce from API
[DEBUG fetch_nonce_from_api] Requesting nonce from: https://mainnet.zklighter.elliot.ai/api/v1/nextNonce?account_index=237600&api_key_index=4
[DEBUG fetch_nonce_from_api] Received nonce: 978
[DEBUG get_next_nonce_from_cache] Fetched nonce from API: 978
[DEBUG create_order] ========================================
[DEBUG create_order] Order: client_order_index=1763069202988
[DEBUG create_order] Nonce obtained: 978
[DEBUG create_order] ÔòÉÔòÉÔòÉÔòÉÔòÉÔòÉÔòÉÔòÉÔòÉÔòÉÔòÉÔòÉÔòÉÔòÉÔòÉÔòÉÔòÉÔòÉÔòÉÔòÉÔòÉÔòÉÔòÉÔòÉÔòÉÔòÉÔòÉÔòÉÔòÉÔòÉÔòÉÔòÉÔòÉÔòÉÔòÉÔòÉÔòÉÔòÉÔòÉÔòÉ
[DEBUG create_order] STARTING SIGNATURE COMPUTATION
[DEBUG create_order] ÔòÉÔòÉÔòÉÔòÉÔòÉÔòÉÔòÉÔòÉÔòÉÔòÉÔòÉÔòÉÔòÉÔòÉÔòÉÔòÉÔòÉÔòÉÔòÉÔòÉÔòÉÔòÉÔòÉÔòÉÔòÉÔòÉÔòÉÔòÉÔòÉÔòÉÔòÉÔòÉÔòÉÔòÉÔòÉÔòÉÔòÉÔòÉÔòÉÔòÉ
[DEBUG create_order] Timestamp: now=1763069293624, expired_at=1763069892624
[DEBUG create_order] Transaction JSON (before signing): {"AccountIndex":237600,"ApiKeyIndex":4,"BaseAmount":1000,"ClientOrderIndex":1763069202988,"Expi
redAt":1763069892624,"IsAsk":0,"MarketIndex":0,"Nonce":978,"OrderExpiry":0,"Price":500000000,"ReduceOnly":0,"Sig":"","TimeInForce":0,"TriggerPrice":0,"
Type":1}
[DEBUG sign_transaction_internal] Starting signature computation
[DEBUG sign_transaction_internal] tx_type: 14
[DEBUG sign_transaction_internal] Extracted fields:
  chain_id: 304
  nonce: 978
  expired_at: 1763069892624
  account_index: 237600
  api_key_index: 4
[DEBUG sign_transaction_internal] CREATE_ORDER fields:
  market_index: 0
  client_order_index: 1763069202988
  base_amount: 1000
  price: 500000000
  is_ask: 0
  order_type: 1
  time_in_force: 0
  reduce_only: 0
  trigger_price: 0
  order_expiry: 0
[DEBUG sign_transaction_internal] Hash input elements count: 16
[DEBUG sign_transaction_internal] Hash input elements:
  [0] Element 0: 304 (u64)
  [1] Element 1: 14 (u64)
  [2] Element 2: 978 (u64)
  [3] Element 3: 1763069892624 (u64)
  [4] Element 4: 237600 (u64)
  [5] Element 5: 4 (u64)
  [6] Element 6: 0 (u64)
  [7] Element 7: 1763069202988 (u64)
  [8] Element 8: 1000 (u64)
  [9] Element 9: 500000000 (u64)
  [10] Element 10: 0 (u64)
  [11] Element 11: 1 (u64)
  [12] Element 12: 0 (u64)
  [13] Element 13: 0 (u64)
  [14] Element 14: 0 (u64)
  [15] Element 15: 0 (u64)
[DEBUG sign_transaction_internal] Computing Poseidon2 hash with 16 elements
[DEBUG sign_transaction_internal] Transaction hash (40 bytes): 11fd7b2be8663804835c099584f3b0b7a8029f9b3e8c7640d9e689ca8d8ca5878197c08bcb2c4209
[DEBUG sign_transaction_internal] Transaction hash (first 8 bytes as u64): 304106122195500305
[DEBUG sign_transaction_internal] Calling key_manager.sign() with hash: 
11fd7b2be8663804835c099584f3b0b7a8029f9b3e8c7640d9e689ca8d8ca5878197c08bcb2c4209
[DEBUG signer::sign] Starting signature generation
[DEBUG signer::sign] Message hash: 11fd7b2be8663804835c099584f3b0b7a8029f9b3e8c7640d9e689ca8d8ca5878197c08bcb2c4209
[DEBUG signer::sign] Generated random nonce: d0da83c8b0978e7f4af5ccbd4a6f0b4392d7cf3ae326eca0c0b82dabbb1e74d6df60fc90d77fee1e
[DEBUG signer::sign_with_fixed_nonce] Signing with fixed nonce
[DEBUG signer::sign_with_fixed_nonce] Private key (first 16 bytes): 79699d9819553fc6eee1b5e50af049d7...
[DEBUG signer::sign_with_fixed_nonce] Calling crypto::schnorr::sign_with_nonce
[DEBUG crypto::sign_with_nonce] ========================================
[DEBUG crypto::sign_with_nonce] Starting Schnorr signature
[DEBUG crypto::sign_with_nonce] Private key length: 40
[DEBUG crypto::sign_with_nonce] Message length: 40
[DEBUG crypto::sign_with_nonce] Nonce bytes length: 40
[DEBUG crypto::sign_with_nonce] Message hash: 11fd7b2be8663804835c099584f3b0b7a8029f9b3e8c7640d9e689ca8d8ca5878197c08bcb2c4209
[DEBUG crypto::sign_with_nonce] Nonce bytes: d0da83c8b0978e7f4af5ccbd4a6f0b4392d7cf3ae326eca0c0b82dabbb1e74d6df60fc90d77fee1e
[DEBUG crypto::sign_with_nonce] Private key converted to scalar
[DEBUG crypto::sign_with_nonce] Nonce converted to scalar
[DEBUG crypto::sign_with_nonce] Message converted to Fp5Element
[DEBUG crypto::sign_with_nonce] Step 1: Computing R = nonce * G
[DEBUG crypto::sign_with_nonce] R encoded (full 40 bytes): 6df128e62aeeac1bf6c5f425bf88977c6dcbabfb1ae79283ff38840787775e0e0bb22b9290ad8399
[DEBUG crypto::sign_with_nonce] R Fp5 elements:
  R[0] = 1994230603035767149 (u64)
  R[1] = 8977794736743302646 (u64)
  R[2] = 9480894268645821293 (u64)
  R[3] = 1035396386172188927 (u64)
  R[4] = 11061875946191303179 (u64)
[DEBUG crypto::sign_with_nonce] Step 2: Computing challenge e = H(R || message)
[DEBUG crypto::sign_with_nonce] Pre-image prepared (10 elements):
  PreImage[0] = 1994230603035767149 (u64)
  PreImage[1] = 8977794736743302646 (u64)
  PreImage[2] = 9480894268645821293 (u64)
  PreImage[3] = 1035396386172188927 (u64)
  PreImage[4] = 11061875946191303179 (u64)
  PreImage[5] = 304106122195500305 (u64)
  PreImage[6] = 13236347055603539075 (u64)
  PreImage[7] = 4645054266205995688 (u64)
  PreImage[8] = 9774373106893842137 (u64)
  PreImage[9] = 667144947538892673 (u64)
[DEBUG crypto::sign_with_nonce] Challenge e computed (40 bytes): e3d27bf19f13044812c0855ac5d8c3832d2fffbb2abba299fba8e43ba7c79ba0df424ad95b518a65
[DEBUG crypto::sign_with_nonce] Challenge e (first 8 bytes as u64): 5189294248309805795
[DEBUG crypto::sign_with_nonce] Step 3: Computing s = nonce - e * private_key
[DEBUG crypto::sign_with_nonce] Response s computed (40 bytes): 911064775a3ee4d1a94920a8f00cefbed65375a2367c507e834d155255efe26bfaf9722806fc271c
[DEBUG crypto::sign_with_nonce] Response s (first 8 bytes as u64): 15124282006887993489
[DEBUG crypto::sign_with_nonce] Step 4: Assembling signature (s || e)
[DEBUG crypto::sign_with_nonce] Final signature: 911064775a3ee4d1a94920a8f00cefbed65375a2367c507e834d155255efe26bfaf9722806fc271ce3d27bf19f13044812c085
5ac5d8c3832d2fffbb2abba299fba8e43ba7c79ba0df424ad95b518a65
[DEBUG crypto::sign_with_nonce] ========================================
[DEBUG signer::sign_with_fixed_nonce] Signature from crypto: 911064775a3ee4d1a94920a8f00cefbed65375a2367c507e834d155255efe26bfaf9722806fc271ce3d27bf19f
13044812c0855ac5d8c3832d2fffbb2abba299fba8e43ba7c79ba0df424ad95b518a65 (length: 80)
[DEBUG signer::sign_with_fixed_nonce] Final signature: 911064775a3ee4d1a94920a8f00cefbed65375a2367c507e834d155255efe26bfaf9722806fc271ce3d27bf19f130448
12c0855ac5d8c3832d2fffbb2abba299fba8e43ba7c79ba0df424ad95b518a65
[DEBUG sign_transaction_internal] Signature returned (80 bytes): 911064775a3ee4d1a94920a8f00cefbed65375a2367c507e834d155255efe26bfaf9722806fc271ce3d27b
f19f13044812c0855ac5d8c3832d2fffbb2abba299fba8e43ba7c79ba0df424ad95b518a65
[DEBUG sign_transaction_internal] Signature s (first 40 bytes): 911064775a3ee4d1a94920a8f00cefbed65375a2367c507e834d155255efe26bfaf9722806fc271c
[DEBUG sign_transaction_internal] Signature e (last 40 bytes): e3d27bf19f13044812c0855ac5d8c3832d2fffbb2abba299fba8e43ba7c79ba0df424ad95b518a65
[DEBUG create_order] Signature generated: 911064775a3ee4d1a94920a8f00cefbed65375a2367c507e834d155255efe26bfaf9722806fc271ce3d27bf19f13044812c0855ac5d8c
3832d2fffbb2abba299fba8e43ba7c79ba0df424ad95b518a65 (length: 80)
[DEBUG create_order] Signature (base64): kRBkd1o+5NGpSSCo8AzvvtZTdaI2fFB+g00VUlXv4mv6+XIoBvwnHOPSe/GfEwRIEsCFWsXYw4MtL/+7Kruimfuo5Dunx5ug30JK2VtRimU=
[DEBUG create_order] Final transaction JSON: {"AccountIndex":237600,"ApiKeyIndex":4,"BaseAmount":1000,"ClientOrderIndex":1763069202988,"ExpiredAt":1763
069892624,"IsAsk":0,"MarketIndex":0,"Nonce":978,"OrderExpiry":0,"Price":500000000,"ReduceOnly":0,"Sig":"kRBkd1o+5NGpSSCo8AzvvtZTdaI2fFB+g00VUlXv4mv6+XI
oBvwnHOPSe/GfEwRIEsCFWsXYw4MtL/+7Kruimfuo5Dunx5ug30JK2VtRimU=","TimeInForce":0,"TriggerPrice":0,"Type":1}
[DEBUG create_order] Sending to: https://mainnet.zklighter.elliot.ai/api/v1/sendTx
[DEBUG create_order] Response status: 200 OK, body: {"code":200,"message":"{\"ratelimit\": \"684 volume quota remained\"}","tx_hash":"11fd7b2be86638048
35c099584f3b0b7a8029f9b3e8c7640d9e689ca8d8ca5878197c08bcb2c4209","predicted_execution_time_ms":1763069292846,"volume_quota_remaining":684}
[DEBUG create_order] ÔòÉÔòÉÔòÉÔòÉÔòÉÔòÉÔòÉÔòÉÔòÉÔòÉÔòÉÔòÉÔòÉÔòÉÔòÉÔòÉÔòÉÔòÉÔòÉÔòÉÔòÉÔòÉÔòÉÔòÉÔòÉÔòÉÔòÉÔòÉÔòÉÔòÉÔòÉÔòÉÔòÉÔòÉÔòÉÔòÉÔòÉÔòÉÔòÉÔòÉ
[DEBUG create_order] API RESPONSE RECEIVED
[DEBUG create_order] ÔòÉÔòÉÔòÉÔòÉÔòÉÔòÉÔòÉÔòÉÔòÉÔòÉÔòÉÔòÉÔòÉÔòÉÔòÉÔòÉÔòÉÔòÉÔòÉÔòÉÔòÉÔòÉÔòÉÔòÉÔòÉÔòÉÔòÉÔòÉÔòÉÔòÉÔòÉÔòÉÔòÉÔòÉÔòÉÔòÉÔòÉÔòÉÔòÉÔòÉ
[DEBUG create_order] Response code: 200
[DEBUG create_order] Response message: {"ratelimit": "684 volume quota remained"}
[DEBUG create_order] Nonce used: 978
[DEBUG create_order] Ô£àÔ£àÔ£à SUCCESS Ô£àÔ£àÔ£à - Transaction succeeded with nonce 978
[DEBUG create_order] ÔòÉÔòÉÔòÉÔòÉÔòÉÔòÉÔòÉÔòÉÔòÉÔòÉÔòÉÔòÉÔòÉÔòÉÔòÉÔòÉÔòÉÔòÉÔòÉÔòÉÔòÉÔòÉÔòÉÔòÉÔòÉÔòÉÔòÉÔòÉÔòÉÔòÉÔòÉÔòÉÔòÉÔòÉÔòÉÔòÉÔòÉÔòÉÔòÉÔòÉ
[DEBUG create_order] SUCCESSFUL SIGNATURE - SAVE THIS FOR COMPARISON
[DEBUG create_order] ÔòÉÔòÉÔòÉÔòÉÔòÉÔòÉÔòÉÔòÉÔòÉÔòÉÔòÉÔòÉÔòÉÔòÉÔòÉÔòÉÔòÉÔòÉÔòÉÔòÉÔòÉÔòÉÔòÉÔòÉÔòÉÔòÉÔòÉÔòÉÔòÉÔòÉÔòÉÔòÉÔòÉÔòÉÔòÉÔòÉÔòÉÔòÉÔòÉÔòÉ
[DEBUG create_order] ========================================

[DEBUG create_order] ========================================
[DEBUG create_order] Starting order creation for client_order_index: 1763069202989
[DEBUG get_next_nonce_from_cache] Fetching nonce from API
[DEBUG fetch_nonce_from_api] Requesting nonce from: https://mainnet.zklighter.elliot.ai/api/v1/nextNonce?account_index=237600&api_key_index=4
[DEBUG fetch_nonce_from_api] Received nonce: 979
[DEBUG get_next_nonce_from_cache] Fetched nonce from API: 979
[DEBUG create_order] ========================================
[DEBUG create_order] Order: client_order_index=1763069202989
[DEBUG create_order] Nonce obtained: 979
[DEBUG create_order] ÔòÉÔòÉÔòÉÔòÉÔòÉÔòÉÔòÉÔòÉÔòÉÔòÉÔòÉÔòÉÔòÉÔòÉÔòÉÔòÉÔòÉÔòÉÔòÉÔòÉÔòÉÔòÉÔòÉÔòÉÔòÉÔòÉÔòÉÔòÉÔòÉÔòÉÔòÉÔòÉÔòÉÔòÉÔòÉÔòÉÔòÉÔòÉÔòÉÔòÉ
[DEBUG create_order] STARTING SIGNATURE COMPUTATION
[DEBUG create_order] ÔòÉÔòÉÔòÉÔòÉÔòÉÔòÉÔòÉÔòÉÔòÉÔòÉÔòÉÔòÉÔòÉÔòÉÔòÉÔòÉÔòÉÔòÉÔòÉÔòÉÔòÉÔòÉÔòÉÔòÉÔòÉÔòÉÔòÉÔòÉÔòÉÔòÉÔòÉÔòÉÔòÉÔòÉÔòÉÔòÉÔòÉÔòÉÔòÉÔòÉ
[DEBUG create_order] Timestamp: now=1763069296897, expired_at=1763069895897
[DEBUG create_order] Transaction JSON (before signing): {"AccountIndex":237600,"ApiKeyIndex":4,"BaseAmount":1000,"ClientOrderIndex":1763069202989,"Expi
redAt":1763069895897,"IsAsk":0,"MarketIndex":0,"Nonce":979,"OrderExpiry":0,"Price":500000000,"ReduceOnly":0,"Sig":"","TimeInForce":0,"TriggerPrice":0,"
Type":1}
[DEBUG sign_transaction_internal] Starting signature computation
[DEBUG sign_transaction_internal] tx_type: 14
[DEBUG sign_transaction_internal] Extracted fields:
  chain_id: 304
  nonce: 979
  expired_at: 1763069895897
  account_index: 237600
  api_key_index: 4
[DEBUG sign_transaction_internal] CREATE_ORDER fields:
  market_index: 0
  client_order_index: 1763069202989
  base_amount: 1000
  price: 500000000
  is_ask: 0
  order_type: 1
  time_in_force: 0
  reduce_only: 0
  trigger_price: 0
  order_expiry: 0
[DEBUG sign_transaction_internal] Hash input elements count: 16
[DEBUG sign_transaction_internal] Hash input elements:
  [0] Element 0: 304 (u64)
  [1] Element 1: 14 (u64)
  [2] Element 2: 979 (u64)
  [3] Element 3: 1763069895897 (u64)
  [4] Element 4: 237600 (u64)
  [5] Element 5: 4 (u64)
  [6] Element 6: 0 (u64)
  [7] Element 7: 1763069202989 (u64)
  [8] Element 8: 1000 (u64)
  [9] Element 9: 500000000 (u64)
  [10] Element 10: 0 (u64)
  [11] Element 11: 1 (u64)
  [12] Element 12: 0 (u64)
  [13] Element 13: 0 (u64)
  [14] Element 14: 0 (u64)
  [15] Element 15: 0 (u64)
[DEBUG sign_transaction_internal] Computing Poseidon2 hash with 16 elements
[DEBUG sign_transaction_internal] Transaction hash (40 bytes): c507aeea8d4efcd8014dab279e0488dcfda0ddbbcd0c3986172d53e02498bba6efce8aac4a1bb24a
[DEBUG sign_transaction_internal] Transaction hash (first 8 bytes as u64): 15635458377758148549
[DEBUG sign_transaction_internal] Calling key_manager.sign() with hash: 
c507aeea8d4efcd8014dab279e0488dcfda0ddbbcd0c3986172d53e02498bba6efce8aac4a1bb24a
[DEBUG signer::sign] Starting signature generation
[DEBUG signer::sign] Message hash: c507aeea8d4efcd8014dab279e0488dcfda0ddbbcd0c3986172d53e02498bba6efce8aac4a1bb24a
[DEBUG signer::sign] Generated random nonce: 1497ea7568d293841880727507dc0f43261b0cdb60c8959cabe80c8b590c9c72cc7e2d8659a833cc
[DEBUG signer::sign_with_fixed_nonce] Signing with fixed nonce
[DEBUG signer::sign_with_fixed_nonce] Private key (first 16 bytes): 79699d9819553fc6eee1b5e50af049d7...
[DEBUG signer::sign_with_fixed_nonce] Calling crypto::schnorr::sign_with_nonce
[DEBUG crypto::sign_with_nonce] ========================================
[DEBUG crypto::sign_with_nonce] Starting Schnorr signature
[DEBUG crypto::sign_with_nonce] Private key length: 40
[DEBUG crypto::sign_with_nonce] Message length: 40
[DEBUG crypto::sign_with_nonce] Nonce bytes length: 40
[DEBUG crypto::sign_with_nonce] Message hash: c507aeea8d4efcd8014dab279e0488dcfda0ddbbcd0c3986172d53e02498bba6efce8aac4a1bb24a
[DEBUG crypto::sign_with_nonce] Nonce bytes: 1497ea7568d293841880727507dc0f43261b0cdb60c8959cabe80c8b590c9c72cc7e2d8659a833cc
[DEBUG crypto::sign_with_nonce] Private key converted to scalar
[DEBUG crypto::sign_with_nonce] Nonce converted to scalar
[DEBUG crypto::sign_with_nonce] Message converted to Fp5Element
[DEBUG crypto::sign_with_nonce] Step 1: Computing R = nonce * G
[DEBUG crypto::sign_with_nonce] R encoded (full 40 bytes): 6d18bda76e2d817bc71cb678fd9ea766f0e4ddf5c180837cff8353b6745e7e7a1c95fae670ca86c6
[DEBUG crypto::sign_with_nonce] R Fp5 elements:
  R[0] = 8899444291944650861 (u64)
  R[1] = 7397055724468444359 (u64)
  R[2] = 8972156453194163440 (u64)
  R[3] = 8826596175060894719 (u64)
  R[4] = 14305343852649288988 (u64)
[DEBUG crypto::sign_with_nonce] Step 2: Computing challenge e = H(R || message)
[DEBUG crypto::sign_with_nonce] Pre-image prepared (10 elements):
  PreImage[0] = 8899444291944650861 (u64)
  PreImage[1] = 7397055724468444359 (u64)
  PreImage[2] = 8972156453194163440 (u64)
  PreImage[3] = 8826596175060894719 (u64)
  PreImage[4] = 14305343852649288988 (u64)
  PreImage[5] = 15635458377758148549 (u64)
  PreImage[6] = 15890956362493676801 (u64)
  PreImage[7] = 9671775752514543869 (u64)
  PreImage[8] = 12014363715090722071 (u64)
  PreImage[9] = 5382394512197471983 (u64)
[DEBUG crypto::sign_with_nonce] Challenge e computed (40 bytes): 3b3a24ba3b7c666afc114475653cb4a4726967ea57a1295955575948417c9057434d551fd761bd21
[DEBUG crypto::sign_with_nonce] Challenge e (first 8 bytes as u64): 7666952011612699195
[DEBUG crypto::sign_with_nonce] Step 3: Computing s = nonce - e * private_key
[DEBUG crypto::sign_with_nonce] Response s computed (40 bytes): e2450373f69ac5454eaeda4fb20b1f6493e128a8e1850630d5192f57f752525531bea0b409ccadb7
[DEBUG crypto::sign_with_nonce] Response s (first 8 bytes as u64): 5027594942311253474
[DEBUG crypto::sign_with_nonce] Step 4: Assembling signature (s || e)
[DEBUG crypto::sign_with_nonce] Final signature: e2450373f69ac5454eaeda4fb20b1f6493e128a8e1850630d5192f57f752525531bea0b409ccadb73b3a24ba3b7c666afc1144
75653cb4a4726967ea57a1295955575948417c9057434d551fd761bd21
[DEBUG crypto::sign_with_nonce] ========================================
[DEBUG signer::sign_with_fixed_nonce] Signature from crypto: e2450373f69ac5454eaeda4fb20b1f6493e128a8e1850630d5192f57f752525531bea0b409ccadb73b3a24ba3b
7c666afc114475653cb4a4726967ea57a1295955575948417c9057434d551fd761bd21 (length: 80)
[DEBUG signer::sign_with_fixed_nonce] Final signature: e2450373f69ac5454eaeda4fb20b1f6493e128a8e1850630d5192f57f752525531bea0b409ccadb73b3a24ba3b7c666a
fc114475653cb4a4726967ea57a1295955575948417c9057434d551fd761bd21
[DEBUG sign_transaction_internal] Signature returned (80 bytes): e2450373f69ac5454eaeda4fb20b1f6493e128a8e1850630d5192f57f752525531bea0b409ccadb73b3a24
ba3b7c666afc114475653cb4a4726967ea57a1295955575948417c9057434d551fd761bd21
[DEBUG sign_transaction_internal] Signature s (first 40 bytes): e2450373f69ac5454eaeda4fb20b1f6493e128a8e1850630d5192f57f752525531bea0b409ccadb7
[DEBUG sign_transaction_internal] Signature e (last 40 bytes): 3b3a24ba3b7c666afc114475653cb4a4726967ea57a1295955575948417c9057434d551fd761bd21
[DEBUG create_order] Signature generated: e2450373f69ac5454eaeda4fb20b1f6493e128a8e1850630d5192f57f752525531bea0b409ccadb73b3a24ba3b7c666afc114475653cb
4a4726967ea57a1295955575948417c9057434d551fd761bd21 (length: 80)
[DEBUG create_order] Signature (base64): 4kUDc/aaxUVOrtpPsgsfZJPhKKjhhQYw1RkvV/dSUlUxvqC0Ccyttzs6JLo7fGZq/BFEdWU8tKRyaWfqV6EpWVVXWUhBfJBXQ01VH9dhvSE=
[DEBUG create_order] Final transaction JSON: {"AccountIndex":237600,"ApiKeyIndex":4,"BaseAmount":1000,"ClientOrderIndex":1763069202989,"ExpiredAt":1763
069895897,"IsAsk":0,"MarketIndex":0,"Nonce":979,"OrderExpiry":0,"Price":500000000,"ReduceOnly":0,"Sig":"4kUDc/aaxUVOrtpPsgsfZJPhKKjhhQYw1RkvV/dSUlUxvqC
0Ccyttzs6JLo7fGZq/BFEdWU8tKRyaWfqV6EpWVVXWUhBfJBXQ01VH9dhvSE=","TimeInForce":0,"TriggerPrice":0,"Type":1}
[DEBUG create_order] Sending to: https://mainnet.zklighter.elliot.ai/api/v1/sendTx
[DEBUG create_order] Response status: 400 Bad Request, body: {"code":21120,"message":"invalid signature"}
[DEBUG create_order] ÔòÉÔòÉÔòÉÔòÉÔòÉÔòÉÔòÉÔòÉÔòÉÔòÉÔòÉÔòÉÔòÉÔòÉÔòÉÔòÉÔòÉÔòÉÔòÉÔòÉÔòÉÔòÉÔòÉÔòÉÔòÉÔòÉÔòÉÔòÉÔòÉÔòÉÔòÉÔòÉÔòÉÔòÉÔòÉÔòÉÔòÉÔòÉÔòÉÔòÉ
[DEBUG create_order] API RESPONSE RECEIVED
[DEBUG create_order] ÔòÉÔòÉÔòÉÔòÉÔòÉÔòÉÔòÉÔòÉÔòÉÔòÉÔòÉÔòÉÔòÉÔòÉÔòÉÔòÉÔòÉÔòÉÔòÉÔòÉÔòÉÔòÉÔòÉÔòÉÔòÉÔòÉÔòÉÔòÉÔòÉÔòÉÔòÉÔòÉÔòÉÔòÉÔòÉÔòÉÔòÉÔòÉÔòÉÔòÉ
[DEBUG create_order] Response code: 21120
[DEBUG create_order] Response message: invalid signature
[DEBUG create_order] Nonce used: 979
[DEBUG create_order] ÔØîÔØîÔØî INVALID SIGNATURE ERROR ÔØîÔØîÔØî (code 21120) - Nonce used: 979
[DEBUG create_order] ÔòÉÔòÉÔòÉÔòÉÔòÉÔòÉÔòÉÔòÉÔòÉÔòÉÔòÉÔòÉÔòÉÔòÉÔòÉÔòÉÔòÉÔòÉÔòÉÔòÉÔòÉÔòÉÔòÉÔòÉÔòÉÔòÉÔòÉÔòÉÔòÉÔòÉÔòÉÔòÉÔòÉÔòÉÔòÉÔòÉÔòÉÔòÉÔòÉÔòÉ
[DEBUG create_order] FAILED SIGNATURE - COMPARE WITH SUCCESSFUL ONES
[DEBUG create_order] ÔòÉÔòÉÔòÉÔòÉÔòÉÔòÉÔòÉÔòÉÔòÉÔòÉÔòÉÔòÉÔòÉÔòÉÔòÉÔòÉÔòÉÔòÉÔòÉÔòÉÔòÉÔòÉÔòÉÔòÉÔòÉÔòÉÔòÉÔòÉÔòÉÔòÉÔòÉÔòÉÔòÉÔòÉÔòÉÔòÉÔòÉÔòÉÔòÉÔòÉ
[DEBUG create_order] This could be nonce sync issue or signature computation issue
[DEBUG fetch_nonce_from_api] Requesting nonce from: https://mainnet.zklighter.elliot.ai/api/v1/nextNonce?account_index=237600&api_key_index=4
[DEBUG fetch_nonce_from_api] Received nonce: 979
[DEBUG refresh_nonce_cache] Refreshed nonce: 979
[DEBUG create_order] ========================================
  ÔØî [29] INVALID SIGNATURE (Code: 21120) - Check debug logs for nonce

[30/100] Sending order (nonce managed internally)
[DEBUG create_order] ========================================
[DEBUG create_order] Starting order creation for client_order_index: 1763069202990
[DEBUG get_next_nonce_from_cache] Fetching nonce from API
[DEBUG fetch_nonce_from_api] Requesting nonce from: https://mainnet.zklighter.elliot.ai/api/v1/nextNonce?account_index=237600&api_key_index=4
[DEBUG fetch_nonce_from_api] Received nonce: 979
[DEBUG get_next_nonce_from_cache] Fetched nonce from API: 979
[DEBUG create_order] ========================================
[DEBUG create_order] Order: client_order_index=1763069202990
[DEBUG create_order] Nonce obtained: 979
[DEBUG create_order] ÔòÉÔòÉÔòÉÔòÉÔòÉÔòÉÔòÉÔòÉÔòÉÔòÉÔòÉÔòÉÔòÉÔòÉÔòÉÔòÉÔòÉÔòÉÔòÉÔòÉÔòÉÔòÉÔòÉÔòÉÔòÉÔòÉÔòÉÔòÉÔòÉÔòÉÔòÉÔòÉÔòÉÔòÉÔòÉÔòÉÔòÉÔòÉÔòÉÔòÉ
[DEBUG create_order] STARTING SIGNATURE COMPUTATION
[DEBUG create_order] ÔòÉÔòÉÔòÉÔòÉÔòÉÔòÉÔòÉÔòÉÔòÉÔòÉÔòÉÔòÉÔòÉÔòÉÔòÉÔòÉÔòÉÔòÉÔòÉÔòÉÔòÉÔòÉÔòÉÔòÉÔòÉÔòÉÔòÉÔòÉÔòÉÔòÉÔòÉÔòÉÔòÉÔòÉÔòÉÔòÉÔòÉÔòÉÔòÉÔòÉ
[DEBUG create_order] Timestamp: now=1763069300292, expired_at=1763069899292
[DEBUG create_order] Transaction JSON (before signing): {"AccountIndex":237600,"ApiKeyIndex":4,"BaseAmount":1000,"ClientOrderIndex":1763069202990,"Expi
redAt":1763069899292,"IsAsk":0,"MarketIndex":0,"Nonce":979,"OrderExpiry":0,"Price":500000000,"ReduceOnly":0,"Sig":"","TimeInForce":0,"TriggerPrice":0,"
Type":1}
[DEBUG sign_transaction_internal] Starting signature computation
[DEBUG sign_transaction_internal] tx_type: 14
[DEBUG sign_transaction_internal] Extracted fields:
  chain_id: 304
  nonce: 979
  expired_at: 1763069899292
  account_index: 237600
  api_key_index: 4
[DEBUG sign_transaction_internal] CREATE_ORDER fields:
  market_index: 0
  client_order_index: 1763069202990
  base_amount: 1000
  price: 500000000
  is_ask: 0
  order_type: 1
  time_in_force: 0
  reduce_only: 0
  trigger_price: 0
  order_expiry: 0
[DEBUG sign_transaction_internal] Hash input elements count: 16
[DEBUG sign_transaction_internal] Hash input elements:
  [0] Element 0: 304 (u64)
  [1] Element 1: 14 (u64)
  [2] Element 2: 979 (u64)
  [3] Element 3: 1763069899292 (u64)
  [4] Element 4: 237600 (u64)
  [5] Element 5: 4 (u64)
  [6] Element 6: 0 (u64)
  [7] Element 7: 1763069202990 (u64)
  [8] Element 8: 1000 (u64)
  [9] Element 9: 500000000 (u64)
  [10] Element 10: 0 (u64)
  [11] Element 11: 1 (u64)
  [12] Element 12: 0 (u64)
  [13] Element 13: 0 (u64)
  [14] Element 14: 0 (u64)
  [15] Element 15: 0 (u64)
[DEBUG sign_transaction_internal] Computing Poseidon2 hash with 16 elements
[DEBUG sign_transaction_internal] Transaction hash (40 bytes): 256bc907d1aef57abbfb1131c3daf5a55e3fd5ec97a552fbe78c709d0af3e437bc44e6b99871065c
[DEBUG sign_transaction_internal] Transaction hash (first 8 bytes as u64): 8860180054723357477
[DEBUG sign_transaction_internal] Calling key_manager.sign() with hash: 
256bc907d1aef57abbfb1131c3daf5a55e3fd5ec97a552fbe78c709d0af3e437bc44e6b99871065c
[DEBUG signer::sign] Starting signature generation
[DEBUG signer::sign] Message hash: 256bc907d1aef57abbfb1131c3daf5a55e3fd5ec97a552fbe78c709d0af3e437bc44e6b99871065c
[DEBUG signer::sign] Generated random nonce: cdc783ffbed4412601700598a586fbbd0da8c09a02b45b82d63478ceafbd8c69c08d895e0e783279
[DEBUG signer::sign_with_fixed_nonce] Signing with fixed nonce
[DEBUG signer::sign_with_fixed_nonce] Private key (first 16 bytes): 79699d9819553fc6eee1b5e50af049d7...
[DEBUG signer::sign_with_fixed_nonce] Calling crypto::schnorr::sign_with_nonce
[DEBUG crypto::sign_with_nonce] ========================================
[DEBUG crypto::sign_with_nonce] Starting Schnorr signature
[DEBUG crypto::sign_with_nonce] Private key length: 40
[DEBUG crypto::sign_with_nonce] Message length: 40
[DEBUG crypto::sign_with_nonce] Nonce bytes length: 40
[DEBUG crypto::sign_with_nonce] Message hash: 256bc907d1aef57abbfb1131c3daf5a55e3fd5ec97a552fbe78c709d0af3e437bc44e6b99871065c
[DEBUG crypto::sign_with_nonce] Nonce bytes: cdc783ffbed4412601700598a586fbbd0da8c09a02b45b82d63478ceafbd8c69c08d895e0e783279
[DEBUG crypto::sign_with_nonce] Private key converted to scalar
[DEBUG crypto::sign_with_nonce] Nonce converted to scalar
[DEBUG crypto::sign_with_nonce] Message converted to Fp5Element
[DEBUG crypto::sign_with_nonce] Step 1: Computing R = nonce * G
[DEBUG crypto::sign_with_nonce] R encoded (full 40 bytes): c1510780e602e9b4dfeabccea0cec211f4afb986871f235cc4f59fefeaa96f8a3e38e3640fdd438c
[DEBUG crypto::sign_with_nonce] R Fp5 elements:
  R[0] = 13035953785414308289 (u64)
  R[1] = 1279812434185218783 (u64)
  R[2] = 6639184942615605236 (u64)
  R[3] = 9975378526156617156 (u64)
  R[4] = 10107165046936385598 (u64)
[DEBUG crypto::sign_with_nonce] Step 2: Computing challenge e = H(R || message)
[DEBUG crypto::sign_with_nonce] Pre-image prepared (10 elements):
  PreImage[0] = 13035953785414308289 (u64)
  PreImage[1] = 1279812434185218783 (u64)
  PreImage[2] = 6639184942615605236 (u64)
  PreImage[3] = 9975378526156617156 (u64)
  PreImage[4] = 10107165046936385598 (u64)
  PreImage[5] = 8860180054723357477 (u64)
  PreImage[6] = 11958704917428960187 (u64)
  PreImage[7] = 18109719123542228830 (u64)
  PreImage[8] = 4027611193692687591 (u64)
  PreImage[9] = 6631112402117477564 (u64)
[DEBUG crypto::sign_with_nonce] Challenge e computed (40 bytes): cd7ac0ea76b6216c2ba8563791e1b83215025fb51ac434617067f63e7d2e8a3395e2a5572fde6240
[DEBUG crypto::sign_with_nonce] Challenge e (first 8 bytes as u64): 7791709452188547789
[DEBUG crypto::sign_with_nonce] Step 3: Computing s = nonce - e * private_key
[DEBUG crypto::sign_with_nonce] Response s computed (40 bytes): b7bc03777d3ce1e90c78b31cde45fcf71a30dfab2af98cffb0ebd381a96fdc64439c1b816141615a
[DEBUG crypto::sign_with_nonce] Response s (first 8 bytes as u64): 16852817790162418871
[DEBUG crypto::sign_with_nonce] Step 4: Assembling signature (s || e)
[DEBUG crypto::sign_with_nonce] Final signature: b7bc03777d3ce1e90c78b31cde45fcf71a30dfab2af98cffb0ebd381a96fdc64439c1b816141615acd7ac0ea76b6216c2ba856
3791e1b83215025fb51ac434617067f63e7d2e8a3395e2a5572fde6240
[DEBUG crypto::sign_with_nonce] ========================================
[DEBUG signer::sign_with_fixed_nonce] Signature from crypto: b7bc03777d3ce1e90c78b31cde45fcf71a30dfab2af98cffb0ebd381a96fdc64439c1b816141615acd7ac0ea76
b6216c2ba8563791e1b83215025fb51ac434617067f63e7d2e8a3395e2a5572fde6240 (length: 80)
[DEBUG signer::sign_with_fixed_nonce] Final signature: b7bc03777d3ce1e90c78b31cde45fcf71a30dfab2af98cffb0ebd381a96fdc64439c1b816141615acd7ac0ea76b6216c
2ba8563791e1b83215025fb51ac434617067f63e7d2e8a3395e2a5572fde6240
[DEBUG sign_transaction_internal] Signature returned (80 bytes): b7bc03777d3ce1e90c78b31cde45fcf71a30dfab2af98cffb0ebd381a96fdc64439c1b816141615acd7ac0
ea76b6216c2ba8563791e1b83215025fb51ac434617067f63e7d2e8a3395e2a5572fde6240
[DEBUG sign_transaction_internal] Signature s (first 40 bytes): b7bc03777d3ce1e90c78b31cde45fcf71a30dfab2af98cffb0ebd381a96fdc64439c1b816141615a
[DEBUG sign_transaction_internal] Signature e (last 40 bytes): cd7ac0ea76b6216c2ba8563791e1b83215025fb51ac434617067f63e7d2e8a3395e2a5572fde6240
[DEBUG create_order] Signature generated: b7bc03777d3ce1e90c78b31cde45fcf71a30dfab2af98cffb0ebd381a96fdc64439c1b816141615acd7ac0ea76b6216c2ba8563791e1b
83215025fb51ac434617067f63e7d2e8a3395e2a5572fde6240 (length: 80)
[DEBUG create_order] Signature (base64): t7wDd3084ekMeLMc3kX89xow36sq+Yz/sOvTgalv3GRDnBuBYUFhWs16wOp2tiFsK6hWN5HhuDIVAl+1GsQ0YXBn9j59LoozleKlVy/eYkA=
[DEBUG create_order] Final transaction JSON: {"AccountIndex":237600,"ApiKeyIndex":4,"BaseAmount":1000,"ClientOrderIndex":1763069202990,"ExpiredAt":1763
069899292,"IsAsk":0,"MarketIndex":0,"Nonce":979,"OrderExpiry":0,"Price":500000000,"ReduceOnly":0,"Sig":"t7wDd3084ekMeLMc3kX89xow36sq+Yz/sOvTgalv3GRDnBu
BYUFhWs16wOp2tiFsK6hWN5HhuDIVAl+1GsQ0YXBn9j59LoozleKlVy/eYkA=","TimeInForce":0,"TriggerPrice":0,"Type":1}
[DEBUG create_order] Sending to: https://mainnet.zklighter.elliot.ai/api/v1/sendTx
[DEBUG create_order] Response status: 200 OK, body: {"code":200,"message":"{\"ratelimit\": \"didn't use volume 
quota\"}","tx_hash":"256bc907d1aef57abbfb1131c3daf5a55e3fd5ec97a552fbe78c709d0af3e437bc44e6b99871065c","predicted_execution_time_ms":1763069299498}
[DEBUG create_order] ÔòÉÔòÉÔòÉÔòÉÔòÉÔòÉÔòÉÔòÉÔòÉÔòÉÔòÉÔòÉÔòÉÔòÉÔòÉÔòÉÔòÉÔòÉÔòÉÔòÉÔòÉÔòÉÔòÉÔòÉÔòÉÔòÉÔòÉÔòÉÔòÉÔòÉÔòÉÔòÉÔòÉÔòÉÔòÉÔòÉÔòÉÔòÉÔòÉÔòÉ
[DEBUG create_order] API RESPONSE RECEIVED
[DEBUG create_order] ÔòÉÔòÉÔòÉÔòÉÔòÉÔòÉÔòÉÔòÉÔòÉÔòÉÔòÉÔòÉÔòÉÔòÉÔòÉÔòÉÔòÉÔòÉÔòÉÔòÉÔòÉÔòÉÔòÉÔòÉÔòÉÔòÉÔòÉÔòÉÔòÉÔòÉÔòÉÔòÉÔòÉÔòÉÔòÉÔòÉÔòÉÔòÉÔòÉÔòÉ
[DEBUG create_order] Response code: 200
[DEBUG create_order] Response message: {"ratelimit": "didn't use volume quota"}
[DEBUG create_order] Nonce used: 979
[DEBUG create_order] Ô£àÔ£àÔ£à SUCCESS Ô£àÔ£àÔ£à - Transaction succeeded with nonce 979
[DEBUG create_order] ÔòÉÔòÉÔòÉÔòÉÔòÉÔòÉÔòÉÔòÉÔòÉÔòÉÔòÉÔòÉÔòÉÔòÉÔòÉÔòÉÔòÉÔòÉÔòÉÔòÉÔòÉÔòÉÔòÉÔòÉÔòÉÔòÉÔòÉÔòÉÔòÉÔòÉÔòÉÔòÉÔòÉÔòÉÔòÉÔòÉÔòÉÔòÉÔòÉÔòÉ
[DEBUG create_order] SUCCESSFUL SIGNATURE - SAVE THIS FOR COMPARISON
[DEBUG create_order] ÔòÉÔòÉÔòÉÔòÉÔòÉÔòÉÔòÉÔòÉÔòÉÔòÉÔòÉÔòÉÔòÉÔòÉÔòÉÔòÉÔòÉÔòÉÔòÉÔòÉÔòÉÔòÉÔòÉÔòÉÔòÉÔòÉÔòÉÔòÉÔòÉÔòÉÔòÉÔòÉÔòÉÔòÉÔòÉÔòÉÔòÉÔòÉÔòÉÔòÉ
[DEBUG create_order] ========================================
  Ô£à [30] SUCCESS

[DEBUG create_order] ========================================
[DEBUG create_order] Starting order creation for client_order_index: 1763069202991
[DEBUG get_next_nonce_from_cache] Fetching nonce from API
[DEBUG fetch_nonce_from_api] Requesting nonce from: https://mainnet.zklighter.elliot.ai/api/v1/nextNonce?account_index=237600&api_key_index=4
[DEBUG fetch_nonce_from_api] Received nonce: 980
[DEBUG get_next_nonce_from_cache] Fetched nonce from API: 980
[DEBUG create_order] ========================================
[DEBUG create_order] Order: client_order_index=1763069202991
[DEBUG create_order] Nonce obtained: 980
[DEBUG create_order] ÔòÉÔòÉÔòÉÔòÉÔòÉÔòÉÔòÉÔòÉÔòÉÔòÉÔòÉÔòÉÔòÉÔòÉÔòÉÔòÉÔòÉÔòÉÔòÉÔòÉÔòÉÔòÉÔòÉÔòÉÔòÉÔòÉÔòÉÔòÉÔòÉÔòÉÔòÉÔòÉÔòÉÔòÉÔòÉÔòÉÔòÉÔòÉÔòÉÔòÉ
[DEBUG create_order] STARTING SIGNATURE COMPUTATION
[DEBUG create_order] ÔòÉÔòÉÔòÉÔòÉÔòÉÔòÉÔòÉÔòÉÔòÉÔòÉÔòÉÔòÉÔòÉÔòÉÔòÉÔòÉÔòÉÔòÉÔòÉÔòÉÔòÉÔòÉÔòÉÔòÉÔòÉÔòÉÔòÉÔòÉÔòÉÔòÉÔòÉÔòÉÔòÉÔòÉÔòÉÔòÉÔòÉÔòÉÔòÉÔòÉ
[DEBUG create_order] Timestamp: now=1763069303563, expired_at=1763069902563
[DEBUG create_order] Transaction JSON (before signing): {"AccountIndex":237600,"ApiKeyIndex":4,"BaseAmount":1000,"ClientOrderIndex":1763069202991,"Expi
redAt":1763069902563,"IsAsk":0,"MarketIndex":0,"Nonce":980,"OrderExpiry":0,"Price":500000000,"ReduceOnly":0,"Sig":"","TimeInForce":0,"TriggerPrice":0,"
Type":1}
[DEBUG sign_transaction_internal] Starting signature computation
[DEBUG sign_transaction_internal] tx_type: 14
[DEBUG sign_transaction_internal] Extracted fields:
  chain_id: 304
  nonce: 980
  expired_at: 1763069902563
  account_index: 237600
  api_key_index: 4
[DEBUG sign_transaction_internal] CREATE_ORDER fields:
  market_index: 0
  client_order_index: 1763069202991
  base_amount: 1000
  price: 500000000
  is_ask: 0
  order_type: 1
  time_in_force: 0
  reduce_only: 0
  trigger_price: 0
  order_expiry: 0
[DEBUG sign_transaction_internal] Hash input elements count: 16
[DEBUG sign_transaction_internal] Hash input elements:
  [0] Element 0: 304 (u64)
  [1] Element 1: 14 (u64)
  [2] Element 2: 980 (u64)
  [3] Element 3: 1763069902563 (u64)
  [4] Element 4: 237600 (u64)
  [5] Element 5: 4 (u64)
  [6] Element 6: 0 (u64)
  [7] Element 7: 1763069202991 (u64)
  [8] Element 8: 1000 (u64)
  [9] Element 9: 500000000 (u64)
  [10] Element 10: 0 (u64)
  [11] Element 11: 1 (u64)
  [12] Element 12: 0 (u64)
  [13] Element 13: 0 (u64)
  [14] Element 14: 0 (u64)
  [15] Element 15: 0 (u64)
[DEBUG sign_transaction_internal] Computing Poseidon2 hash with 16 elements
[DEBUG sign_transaction_internal] Transaction hash (40 bytes): e3e8d4bfc5a02d8b9c97834e5964c2c855d916b689c58e1d1ad8ab1639d966adaccc8d327ac16932
[DEBUG sign_transaction_internal] Transaction hash (first 8 bytes as u64): 10028848716411365603
[DEBUG sign_transaction_internal] Calling key_manager.sign() with hash: 
e3e8d4bfc5a02d8b9c97834e5964c2c855d916b689c58e1d1ad8ab1639d966adaccc8d327ac16932
[DEBUG signer::sign] Starting signature generation
[DEBUG signer::sign] Message hash: e3e8d4bfc5a02d8b9c97834e5964c2c855d916b689c58e1d1ad8ab1639d966adaccc8d327ac16932
[DEBUG signer::sign] Generated random nonce: 1229ad8be05a0c0003b24cbd09b8ffe66004e295e5abb85defd3fabbf4a40f15c780a8bf087a47dc
[DEBUG signer::sign_with_fixed_nonce] Signing with fixed nonce
[DEBUG signer::sign_with_fixed_nonce] Private key (first 16 bytes): 79699d9819553fc6eee1b5e50af049d7...
[DEBUG signer::sign_with_fixed_nonce] Calling crypto::schnorr::sign_with_nonce
[DEBUG crypto::sign_with_nonce] ========================================
[DEBUG crypto::sign_with_nonce] Starting Schnorr signature
[DEBUG crypto::sign_with_nonce] Private key length: 40
[DEBUG crypto::sign_with_nonce] Message length: 40
[DEBUG crypto::sign_with_nonce] Nonce bytes length: 40
[DEBUG crypto::sign_with_nonce] Message hash: e3e8d4bfc5a02d8b9c97834e5964c2c855d916b689c58e1d1ad8ab1639d966adaccc8d327ac16932
[DEBUG crypto::sign_with_nonce] Nonce bytes: 1229ad8be05a0c0003b24cbd09b8ffe66004e295e5abb85defd3fabbf4a40f15c780a8bf087a47dc
[DEBUG crypto::sign_with_nonce] Private key converted to scalar
[DEBUG crypto::sign_with_nonce] Nonce converted to scalar
[DEBUG crypto::sign_with_nonce] Message converted to Fp5Element
[DEBUG crypto::sign_with_nonce] Step 1: Computing R = nonce * G
[DEBUG crypto::sign_with_nonce] R encoded (full 40 bytes): 26fb927ee798e5aff97a0d1d8372ccb63ad306f2d9dd4e5a1039f48cad152934ad8b7476fc364933
[DEBUG crypto::sign_with_nonce] R Fp5 elements:
  R[0] = 12674704846332558118 (u64)
  R[1] = 13172028917605563129 (u64)
  R[2] = 6507382439735120698 (u64)
  R[3] = 3758559199155730704 (u64)
  R[4] = 3695545427181210541 (u64)
[DEBUG crypto::sign_with_nonce] Step 2: Computing challenge e = H(R || message)
[DEBUG crypto::sign_with_nonce] Pre-image prepared (10 elements):
  PreImage[0] = 12674704846332558118 (u64)
  PreImage[1] = 13172028917605563129 (u64)
  PreImage[2] = 6507382439735120698 (u64)
  PreImage[3] = 3758559199155730704 (u64)
  PreImage[4] = 3695545427181210541 (u64)
  PreImage[5] = 10028848716411365603 (u64)
  PreImage[6] = 14466235287799568284 (u64)
  PreImage[7] = 2129856869048965461 (u64)
  PreImage[8] = 12494913055402743834 (u64)
  PreImage[9] = 3632647305029340332 (u64)
[DEBUG crypto::sign_with_nonce] Challenge e computed (40 bytes): 6ffd00b789e16af86c9333ac7666e26aa1745a579c78ec78bdfbd6e6cabbf50b45fb3369989e6724
[DEBUG crypto::sign_with_nonce] Challenge e (first 8 bytes as u64): 17900367650534522223
[DEBUG crypto::sign_with_nonce] Step 3: Computing s = nonce - e * private_key
[DEBUG crypto::sign_with_nonce] Response s computed (40 bytes): ad128ed919123a0684b2455d0e0104d478ed19c0ffcda021ff52147b03f59944385675b9a11e12b7
[DEBUG crypto::sign_with_nonce] Response s (first 8 bytes as u64): 448691015110234797
[DEBUG crypto::sign_with_nonce] Step 4: Assembling signature (s || e)
[DEBUG crypto::sign_with_nonce] Final signature: ad128ed919123a0684b2455d0e0104d478ed19c0ffcda021ff52147b03f59944385675b9a11e12b76ffd00b789e16af86c9333
ac7666e26aa1745a579c78ec78bdfbd6e6cabbf50b45fb3369989e6724
[DEBUG crypto::sign_with_nonce] ========================================
[DEBUG signer::sign_with_fixed_nonce] Signature from crypto: ad128ed919123a0684b2455d0e0104d478ed19c0ffcda021ff52147b03f59944385675b9a11e12b76ffd00b789
e16af86c9333ac7666e26aa1745a579c78ec78bdfbd6e6cabbf50b45fb3369989e6724 (length: 80)
[DEBUG signer::sign_with_fixed_nonce] Final signature: ad128ed919123a0684b2455d0e0104d478ed19c0ffcda021ff52147b03f59944385675b9a11e12b76ffd00b789e16af8
6c9333ac7666e26aa1745a579c78ec78bdfbd6e6cabbf50b45fb3369989e6724
[DEBUG sign_transaction_internal] Signature returned (80 bytes): ad128ed919123a0684b2455d0e0104d478ed19c0ffcda021ff52147b03f59944385675b9a11e12b76ffd00
b789e16af86c9333ac7666e26aa1745a579c78ec78bdfbd6e6cabbf50b45fb3369989e6724
[DEBUG sign_transaction_internal] Signature s (first 40 bytes): ad128ed919123a0684b2455d0e0104d478ed19c0ffcda021ff52147b03f59944385675b9a11e12b7
[DEBUG sign_transaction_internal] Signature e (last 40 bytes): 6ffd00b789e16af86c9333ac7666e26aa1745a579c78ec78bdfbd6e6cabbf50b45fb3369989e6724
[DEBUG create_order] Signature generated: ad128ed919123a0684b2455d0e0104d478ed19c0ffcda021ff52147b03f59944385675b9a11e12b76ffd00b789e16af86c9333ac7666e
26aa1745a579c78ec78bdfbd6e6cabbf50b45fb3369989e6724 (length: 80)
[DEBUG create_order] Signature (base64): rRKO2RkSOgaEskVdDgEE1HjtGcD/zaAh/1IUewP1mUQ4VnW5oR4St2/9ALeJ4Wr4bJMzrHZm4mqhdFpXnHjseL371ubKu/ULRfszaZieZyQ=
[DEBUG create_order] Final transaction JSON: {"AccountIndex":237600,"ApiKeyIndex":4,"BaseAmount":1000,"ClientOrderIndex":1763069202991,"ExpiredAt":1763
069902563,"IsAsk":0,"MarketIndex":0,"Nonce":980,"OrderExpiry":0,"Price":500000000,"ReduceOnly":0,"Sig":"rRKO2RkSOgaEskVdDgEE1HjtGcD/zaAh/1IUewP1mUQ4VnW
5oR4St2/9ALeJ4Wr4bJMzrHZm4mqhdFpXnHjseL371ubKu/ULRfszaZieZyQ=","TimeInForce":0,"TriggerPrice":0,"Type":1}
[DEBUG create_order] Sending to: https://mainnet.zklighter.elliot.ai/api/v1/sendTx
[DEBUG create_order] Response status: 400 Bad Request, body: {"code":21120,"message":"invalid signature"}
[DEBUG create_order] ÔòÉÔòÉÔòÉÔòÉÔòÉÔòÉÔòÉÔòÉÔòÉÔòÉÔòÉÔòÉÔòÉÔòÉÔòÉÔòÉÔòÉÔòÉÔòÉÔòÉÔòÉÔòÉÔòÉÔòÉÔòÉÔòÉÔòÉÔòÉÔòÉÔòÉÔòÉÔòÉÔòÉÔòÉÔòÉÔòÉÔòÉÔòÉÔòÉÔòÉ
[DEBUG create_order] API RESPONSE RECEIVED
[DEBUG create_order] ÔòÉÔòÉÔòÉÔòÉÔòÉÔòÉÔòÉÔòÉÔòÉÔòÉÔòÉÔòÉÔòÉÔòÉÔòÉÔòÉÔòÉÔòÉÔòÉÔòÉÔòÉÔòÉÔòÉÔòÉÔòÉÔòÉÔòÉÔòÉÔòÉÔòÉÔòÉÔòÉÔòÉÔòÉÔòÉÔòÉÔòÉÔòÉÔòÉÔòÉ
[DEBUG create_order] Response code: 21120
[DEBUG create_order] Response message: invalid signature
[DEBUG create_order] Nonce used: 980
[DEBUG create_order] ÔØîÔØîÔØî INVALID SIGNATURE ERROR ÔØîÔØîÔØî (code 21120) - Nonce used: 980
[DEBUG create_order] ÔòÉÔòÉÔòÉÔòÉÔòÉÔòÉÔòÉÔòÉÔòÉÔòÉÔòÉÔòÉÔòÉÔòÉÔòÉÔòÉÔòÉÔòÉÔòÉÔòÉÔòÉÔòÉÔòÉÔòÉÔòÉÔòÉÔòÉÔòÉÔòÉÔòÉÔòÉÔòÉÔòÉÔòÉÔòÉÔòÉÔòÉÔòÉÔòÉÔòÉ
[DEBUG create_order] FAILED SIGNATURE - COMPARE WITH SUCCESSFUL ONES
[DEBUG create_order] ÔòÉÔòÉÔòÉÔòÉÔòÉÔòÉÔòÉÔòÉÔòÉÔòÉÔòÉÔòÉÔòÉÔòÉÔòÉÔòÉÔòÉÔòÉÔòÉÔòÉÔòÉÔòÉÔòÉÔòÉÔòÉÔòÉÔòÉÔòÉÔòÉÔòÉÔòÉÔòÉÔòÉÔòÉÔòÉÔòÉÔòÉÔòÉÔòÉÔòÉ
[DEBUG create_order] This could be nonce sync issue or signature computation issue
[DEBUG fetch_nonce_from_api] Requesting nonce from: https://mainnet.zklighter.elliot.ai/api/v1/nextNonce?account_index=237600&api_key_index=4
[DEBUG fetch_nonce_from_api] Received nonce: 980
[DEBUG refresh_nonce_cache] Refreshed nonce: 980
[DEBUG create_order] ========================================
  ÔØî [31] INVALID SIGNATURE (Code: 21120) - Check debug logs for nonce

[DEBUG create_order] ========================================
[DEBUG create_order] Starting order creation for client_order_index: 1763069202992
[DEBUG get_next_nonce_from_cache] Fetching nonce from API
[DEBUG fetch_nonce_from_api] Requesting nonce from: https://mainnet.zklighter.elliot.ai/api/v1/nextNonce?account_index=237600&api_key_index=4
[DEBUG fetch_nonce_from_api] Received nonce: 980
[DEBUG get_next_nonce_from_cache] Fetched nonce from API: 980
[DEBUG create_order] ========================================
[DEBUG create_order] Order: client_order_index=1763069202992
[DEBUG create_order] Nonce obtained: 980
[DEBUG create_order] ÔòÉÔòÉÔòÉÔòÉÔòÉÔòÉÔòÉÔòÉÔòÉÔòÉÔòÉÔòÉÔòÉÔòÉÔòÉÔòÉÔòÉÔòÉÔòÉÔòÉÔòÉÔòÉÔòÉÔòÉÔòÉÔòÉÔòÉÔòÉÔòÉÔòÉÔòÉÔòÉÔòÉÔòÉÔòÉÔòÉÔòÉÔòÉÔòÉÔòÉ
[DEBUG create_order] STARTING SIGNATURE COMPUTATION
[DEBUG create_order] ÔòÉÔòÉÔòÉÔòÉÔòÉÔòÉÔòÉÔòÉÔòÉÔòÉÔòÉÔòÉÔòÉÔòÉÔòÉÔòÉÔòÉÔòÉÔòÉÔòÉÔòÉÔòÉÔòÉÔòÉÔòÉÔòÉÔòÉÔòÉÔòÉÔòÉÔòÉÔòÉÔòÉÔòÉÔòÉÔòÉÔòÉÔòÉÔòÉÔòÉ
[DEBUG create_order] Timestamp: now=1763069306943, expired_at=1763069905943
[DEBUG create_order] Transaction JSON (before signing): {"AccountIndex":237600,"ApiKeyIndex":4,"BaseAmount":1000,"ClientOrderIndex":1763069202992,"Expi
redAt":1763069905943,"IsAsk":0,"MarketIndex":0,"Nonce":980,"OrderExpiry":0,"Price":500000000,"ReduceOnly":0,"Sig":"","TimeInForce":0,"TriggerPrice":0,"
Type":1}
[DEBUG sign_transaction_internal] Starting signature computation
[DEBUG sign_transaction_internal] tx_type: 14
[DEBUG sign_transaction_internal] Extracted fields:
  chain_id: 304
  nonce: 980
  expired_at: 1763069905943
  account_index: 237600
  api_key_index: 4
[DEBUG sign_transaction_internal] CREATE_ORDER fields:
  market_index: 0
  client_order_index: 1763069202992
  base_amount: 1000
  price: 500000000
  is_ask: 0
  order_type: 1
  time_in_force: 0
  reduce_only: 0
  trigger_price: 0
  order_expiry: 0
[DEBUG sign_transaction_internal] Hash input elements count: 16
[DEBUG sign_transaction_internal] Hash input elements:
  [0] Element 0: 304 (u64)
  [1] Element 1: 14 (u64)
  [2] Element 2: 980 (u64)
  [3] Element 3: 1763069905943 (u64)
  [4] Element 4: 237600 (u64)
  [5] Element 5: 4 (u64)
  [6] Element 6: 0 (u64)
  [7] Element 7: 1763069202992 (u64)
  [8] Element 8: 1000 (u64)
  [9] Element 9: 500000000 (u64)
  [10] Element 10: 0 (u64)
  [11] Element 11: 1 (u64)
  [12] Element 12: 0 (u64)
  [13] Element 13: 0 (u64)
  [14] Element 14: 0 (u64)
  [15] Element 15: 0 (u64)
[DEBUG sign_transaction_internal] Computing Poseidon2 hash with 16 elements
[DEBUG sign_transaction_internal] Transaction hash (40 bytes): 1b6b030a8765c9844656c367ac702d9eddda1c47048ca06d47bf2ca7c1c352ddd6646dae062abf30
[DEBUG sign_transaction_internal] Transaction hash (first 8 bytes as u64): 9568290513988315931
[DEBUG sign_transaction_internal] Calling key_manager.sign() with hash: 
1b6b030a8765c9844656c367ac702d9eddda1c47048ca06d47bf2ca7c1c352ddd6646dae062abf30
[DEBUG signer::sign] Starting signature generation
[DEBUG signer::sign] Message hash: 1b6b030a8765c9844656c367ac702d9eddda1c47048ca06d47bf2ca7c1c352ddd6646dae062abf30
[DEBUG signer::sign] Generated random nonce: 713b77f094b0799f1a5c0cf1d99a3f15dc0b047214000762f158b0f2bcb676d4a12433f8d8c8bb69
[DEBUG signer::sign_with_fixed_nonce] Signing with fixed nonce
[DEBUG signer::sign_with_fixed_nonce] Private key (first 16 bytes): 79699d9819553fc6eee1b5e50af049d7...
[DEBUG signer::sign_with_fixed_nonce] Calling crypto::schnorr::sign_with_nonce
[DEBUG crypto::sign_with_nonce] ========================================
[DEBUG crypto::sign_with_nonce] Starting Schnorr signature
[DEBUG crypto::sign_with_nonce] Private key length: 40
[DEBUG crypto::sign_with_nonce] Message length: 40
[DEBUG crypto::sign_with_nonce] Nonce bytes length: 40
[DEBUG crypto::sign_with_nonce] Message hash: 1b6b030a8765c9844656c367ac702d9eddda1c47048ca06d47bf2ca7c1c352ddd6646dae062abf30
[DEBUG crypto::sign_with_nonce] Nonce bytes: 713b77f094b0799f1a5c0cf1d99a3f15dc0b047214000762f158b0f2bcb676d4a12433f8d8c8bb69
[DEBUG crypto::sign_with_nonce] Private key converted to scalar
[DEBUG crypto::sign_with_nonce] Nonce converted to scalar
[DEBUG crypto::sign_with_nonce] Message converted to Fp5Element
[DEBUG crypto::sign_with_nonce] Step 1: Computing R = nonce * G
[DEBUG crypto::sign_with_nonce] R encoded (full 40 bytes): 79557cb6d0d6dca595dc405cecea98ac672d89cf40a90f5be0cb8a3729048006786ee79b71dc2526
[DEBUG crypto::sign_with_nonce] R Fp5 elements:
  R[0] = 11951663703037597049 (u64)
  R[1] = 12436948671864560789 (u64)
  R[2] = 6561649277926976871 (u64)
  R[3] = 468378936318544864 (u64)
  R[4] = 2748845528084606584 (u64)
[DEBUG crypto::sign_with_nonce] Step 2: Computing challenge e = H(R || message)
[DEBUG crypto::sign_with_nonce] Pre-image prepared (10 elements):
  PreImage[0] = 11951663703037597049 (u64)
  PreImage[1] = 12436948671864560789 (u64)
  PreImage[2] = 6561649277926976871 (u64)
  PreImage[3] = 468378936318544864 (u64)
  PreImage[4] = 2748845528084606584 (u64)
  PreImage[5] = 9568290513988315931 (u64)
  PreImage[6] = 11397890117722134086 (u64)
  PreImage[7] = 7899467696408681181 (u64)
  PreImage[8] = 15948024466973179719 (u64)
  PreImage[9] = 3512572442556851414 (u64)
[DEBUG crypto::sign_with_nonce] Challenge e computed (40 bytes): a65a41b2e267153e876edfebdfbf0e1c12cb349a2bfda26b33d0fc977b0f35f01e5c382fdc5ac617
[DEBUG crypto::sign_with_nonce] Challenge e (first 8 bytes as u64): 4473596028213353126
[DEBUG crypto::sign_with_nonce] Step 3: Computing s = nonce - e * private_key
[DEBUG crypto::sign_with_nonce] Response s computed (40 bytes): dd27703881ea04e9faee2894bd1e2b6492bb05de9871de6964a9a74190f550c679bfe5357b48701a
[DEBUG crypto::sign_with_nonce] Response s (first 8 bytes as u64): 16790803151462606813
[DEBUG crypto::sign_with_nonce] Step 4: Assembling signature (s || e)
[DEBUG crypto::sign_with_nonce] Final signature: dd27703881ea04e9faee2894bd1e2b6492bb05de9871de6964a9a74190f550c679bfe5357b48701aa65a41b2e267153e876edf
ebdfbf0e1c12cb349a2bfda26b33d0fc977b0f35f01e5c382fdc5ac617
[DEBUG crypto::sign_with_nonce] ========================================
[DEBUG signer::sign_with_fixed_nonce] Signature from crypto: dd27703881ea04e9faee2894bd1e2b6492bb05de9871de6964a9a74190f550c679bfe5357b48701aa65a41b2e2
67153e876edfebdfbf0e1c12cb349a2bfda26b33d0fc977b0f35f01e5c382fdc5ac617 (length: 80)
[DEBUG signer::sign_with_fixed_nonce] Final signature: dd27703881ea04e9faee2894bd1e2b6492bb05de9871de6964a9a74190f550c679bfe5357b48701aa65a41b2e267153e
876edfebdfbf0e1c12cb349a2bfda26b33d0fc977b0f35f01e5c382fdc5ac617
[DEBUG sign_transaction_internal] Signature returned (80 bytes): dd27703881ea04e9faee2894bd1e2b6492bb05de9871de6964a9a74190f550c679bfe5357b48701aa65a41
b2e267153e876edfebdfbf0e1c12cb349a2bfda26b33d0fc977b0f35f01e5c382fdc5ac617
[DEBUG sign_transaction_internal] Signature s (first 40 bytes): dd27703881ea04e9faee2894bd1e2b6492bb05de9871de6964a9a74190f550c679bfe5357b48701a
[DEBUG sign_transaction_internal] Signature e (last 40 bytes): a65a41b2e267153e876edfebdfbf0e1c12cb349a2bfda26b33d0fc977b0f35f01e5c382fdc5ac617
[DEBUG create_order] Signature generated: dd27703881ea04e9faee2894bd1e2b6492bb05de9871de6964a9a74190f550c679bfe5357b48701aa65a41b2e267153e876edfebdfbf0
e1c12cb349a2bfda26b33d0fc977b0f35f01e5c382fdc5ac617 (length: 80)
[DEBUG create_order] Signature (base64): 3SdwOIHqBOn67iiUvR4rZJK7Bd6Ycd5pZKmnQZD1UMZ5v+U1e0hwGqZaQbLiZxU+h27f69+/DhwSyzSaK/2iazPQ/Jd7DzXwHlw4L9xaxhc=
[DEBUG create_order] Final transaction JSON: {"AccountIndex":237600,"ApiKeyIndex":4,"BaseAmount":1000,"ClientOrderIndex":1763069202992,"ExpiredAt":1763
069905943,"IsAsk":0,"MarketIndex":0,"Nonce":980,"OrderExpiry":0,"Price":500000000,"ReduceOnly":0,"Sig":"3SdwOIHqBOn67iiUvR4rZJK7Bd6Ycd5pZKmnQZD1UMZ5v+U
1e0hwGqZaQbLiZxU+h27f69+/DhwSyzSaK/2iazPQ/Jd7DzXwHlw4L9xaxhc=","TimeInForce":0,"TriggerPrice":0,"Type":1}
[DEBUG create_order] Sending to: https://mainnet.zklighter.elliot.ai/api/v1/sendTx
[DEBUG create_order] Response status: 200 OK, body: {"code":200,"message":"{\"ratelimit\": \"683 volume quota remained\"}","tx_hash":"1b6b030a8765c9844
656c367ac702d9eddda1c47048ca06d47bf2ca7c1c352ddd6646dae062abf30","predicted_execution_time_ms":1763069306156,"volume_quota_remaining":683}
[DEBUG create_order] ÔòÉÔòÉÔòÉÔòÉÔòÉÔòÉÔòÉÔòÉÔòÉÔòÉÔòÉÔòÉÔòÉÔòÉÔòÉÔòÉÔòÉÔòÉÔòÉÔòÉÔòÉÔòÉÔòÉÔòÉÔòÉÔòÉÔòÉÔòÉÔòÉÔòÉÔòÉÔòÉÔòÉÔòÉÔòÉÔòÉÔòÉÔòÉÔòÉÔòÉ
[DEBUG create_order] API RESPONSE RECEIVED
[DEBUG create_order] ÔòÉÔòÉÔòÉÔòÉÔòÉÔòÉÔòÉÔòÉÔòÉÔòÉÔòÉÔòÉÔòÉÔòÉÔòÉÔòÉÔòÉÔòÉÔòÉÔòÉÔòÉÔòÉÔòÉÔòÉÔòÉÔòÉÔòÉÔòÉÔòÉÔòÉÔòÉÔòÉÔòÉÔòÉÔòÉÔòÉÔòÉÔòÉÔòÉÔòÉ
[DEBUG create_order] Response code: 200
[DEBUG create_order] Response message: {"ratelimit": "683 volume quota remained"}
[DEBUG create_order] Nonce used: 980
[DEBUG create_order] Ô£àÔ£àÔ£à SUCCESS Ô£àÔ£àÔ£à - Transaction succeeded with nonce 980
[DEBUG create_order] ÔòÉÔòÉÔòÉÔòÉÔòÉÔòÉÔòÉÔòÉÔòÉÔòÉÔòÉÔòÉÔòÉÔòÉÔòÉÔòÉÔòÉÔòÉÔòÉÔòÉÔòÉÔòÉÔòÉÔòÉÔòÉÔòÉÔòÉÔòÉÔòÉÔòÉÔòÉÔòÉÔòÉÔòÉÔòÉÔòÉÔòÉÔòÉÔòÉÔòÉ
[DEBUG create_order] SUCCESSFUL SIGNATURE - SAVE THIS FOR COMPARISON
[DEBUG create_order] ÔòÉÔòÉÔòÉÔòÉÔòÉÔòÉÔòÉÔòÉÔòÉÔòÉÔòÉÔòÉÔòÉÔòÉÔòÉÔòÉÔòÉÔòÉÔòÉÔòÉÔòÉÔòÉÔòÉÔòÉÔòÉÔòÉÔòÉÔòÉÔòÉÔòÉÔòÉÔòÉÔòÉÔòÉÔòÉÔòÉÔòÉÔòÉÔòÉÔòÉ
[DEBUG create_order] ========================================

[DEBUG create_order] ========================================
[DEBUG create_order] Starting order creation for client_order_index: 1763069202993
[DEBUG get_next_nonce_from_cache] Fetching nonce from API
[DEBUG fetch_nonce_from_api] Requesting nonce from: https://mainnet.zklighter.elliot.ai/api/v1/nextNonce?account_index=237600&api_key_index=4
[DEBUG fetch_nonce_from_api] Received nonce: 981
[DEBUG get_next_nonce_from_cache] Fetched nonce from API: 981
[DEBUG create_order] ========================================
[DEBUG create_order] Order: client_order_index=1763069202993
[DEBUG create_order] Nonce obtained: 981
[DEBUG create_order] ÔòÉÔòÉÔòÉÔòÉÔòÉÔòÉÔòÉÔòÉÔòÉÔòÉÔòÉÔòÉÔòÉÔòÉÔòÉÔòÉÔòÉÔòÉÔòÉÔòÉÔòÉÔòÉÔòÉÔòÉÔòÉÔòÉÔòÉÔòÉÔòÉÔòÉÔòÉÔòÉÔòÉÔòÉÔòÉÔòÉÔòÉÔòÉÔòÉÔòÉ
[DEBUG create_order] STARTING SIGNATURE COMPUTATION
[DEBUG create_order] ÔòÉÔòÉÔòÉÔòÉÔòÉÔòÉÔòÉÔòÉÔòÉÔòÉÔòÉÔòÉÔòÉÔòÉÔòÉÔòÉÔòÉÔòÉÔòÉÔòÉÔòÉÔòÉÔòÉÔòÉÔòÉÔòÉÔòÉÔòÉÔòÉÔòÉÔòÉÔòÉÔòÉÔòÉÔòÉÔòÉÔòÉÔòÉÔòÉÔòÉ
[DEBUG create_order] Timestamp: now=1763069310210, expired_at=1763069909210
[DEBUG create_order] Transaction JSON (before signing): {"AccountIndex":237600,"ApiKeyIndex":4,"BaseAmount":1000,"ClientOrderIndex":1763069202993,"Expi
redAt":1763069909210,"IsAsk":0,"MarketIndex":0,"Nonce":981,"OrderExpiry":0,"Price":500000000,"ReduceOnly":0,"Sig":"","TimeInForce":0,"TriggerPrice":0,"
Type":1}
[DEBUG sign_transaction_internal] Starting signature computation
[DEBUG sign_transaction_internal] tx_type: 14
[DEBUG sign_transaction_internal] Extracted fields:
  chain_id: 304
  nonce: 981
  expired_at: 1763069909210
  account_index: 237600
  api_key_index: 4
[DEBUG sign_transaction_internal] CREATE_ORDER fields:
  market_index: 0
  client_order_index: 1763069202993
  base_amount: 1000
  price: 500000000
  is_ask: 0
  order_type: 1
  time_in_force: 0
  reduce_only: 0
  trigger_price: 0
  order_expiry: 0
[DEBUG sign_transaction_internal] Hash input elements count: 16
[DEBUG sign_transaction_internal] Hash input elements:
  [0] Element 0: 304 (u64)
  [1] Element 1: 14 (u64)
  [2] Element 2: 981 (u64)
  [3] Element 3: 1763069909210 (u64)
  [4] Element 4: 237600 (u64)
  [5] Element 5: 4 (u64)
  [6] Element 6: 0 (u64)
  [7] Element 7: 1763069202993 (u64)
  [8] Element 8: 1000 (u64)
  [9] Element 9: 500000000 (u64)
  [10] Element 10: 0 (u64)
  [11] Element 11: 1 (u64)
  [12] Element 12: 0 (u64)
  [13] Element 13: 0 (u64)
  [14] Element 14: 0 (u64)
  [15] Element 15: 0 (u64)
[DEBUG sign_transaction_internal] Computing Poseidon2 hash with 16 elements
[DEBUG sign_transaction_internal] Transaction hash (40 bytes): 8941461c74877e5dc9f0d535284dfe0add0c0fef9769293ad7b044c4878075419f8549dd2eb14d7a
[DEBUG sign_transaction_internal] Transaction hash (first 8 bytes as u64): 6736971025353163145
[DEBUG sign_transaction_internal] Calling key_manager.sign() with hash: 
8941461c74877e5dc9f0d535284dfe0add0c0fef9769293ad7b044c4878075419f8549dd2eb14d7a
[DEBUG signer::sign] Starting signature generation
[DEBUG signer::sign] Message hash: 8941461c74877e5dc9f0d535284dfe0add0c0fef9769293ad7b044c4878075419f8549dd2eb14d7a
[DEBUG signer::sign] Generated random nonce: a13049a7c7e73754baedc219c4541faa2e6894611c5e5389b2db926fcef56abaf05bf16af776a6ac
[DEBUG signer::sign_with_fixed_nonce] Signing with fixed nonce
[DEBUG signer::sign_with_fixed_nonce] Private key (first 16 bytes): 79699d9819553fc6eee1b5e50af049d7...
[DEBUG signer::sign_with_fixed_nonce] Calling crypto::schnorr::sign_with_nonce
[DEBUG crypto::sign_with_nonce] ========================================
[DEBUG crypto::sign_with_nonce] Starting Schnorr signature
[DEBUG crypto::sign_with_nonce] Private key length: 40
[DEBUG crypto::sign_with_nonce] Message length: 40
[DEBUG crypto::sign_with_nonce] Nonce bytes length: 40
[DEBUG crypto::sign_with_nonce] Message hash: 8941461c74877e5dc9f0d535284dfe0add0c0fef9769293ad7b044c4878075419f8549dd2eb14d7a
[DEBUG crypto::sign_with_nonce] Nonce bytes: a13049a7c7e73754baedc219c4541faa2e6894611c5e5389b2db926fcef56abaf05bf16af776a6ac
[DEBUG crypto::sign_with_nonce] Private key converted to scalar
[DEBUG crypto::sign_with_nonce] Nonce converted to scalar
[DEBUG crypto::sign_with_nonce] Message converted to Fp5Element
[DEBUG crypto::sign_with_nonce] Step 1: Computing R = nonce * G
[DEBUG crypto::sign_with_nonce] R encoded (full 40 bytes): f3abfed6a1727efa700fbb2cca76bcd534f097e3f1e8deda93d53c07d1959db90417eb00abbbdb38
[DEBUG crypto::sign_with_nonce] R Fp5 elements:
  R[0] = 18049990395969842163 (u64)
  R[1] = 15401315436406181744 (u64)
  R[2] = 15771299070701203508 (u64)
  R[3] = 13375011193362371987 (u64)
  R[4] = 4097074629152806660 (u64)
[DEBUG crypto::sign_with_nonce] Step 2: Computing challenge e = H(R || message)
[DEBUG crypto::sign_with_nonce] Pre-image prepared (10 elements):
  PreImage[0] = 18049990395969842163 (u64)
  PreImage[1] = 15401315436406181744 (u64)
  PreImage[2] = 15771299070701203508 (u64)
  PreImage[3] = 13375011193362371987 (u64)
  PreImage[4] = 4097074629152806660 (u64)
  PreImage[5] = 6736971025353163145 (u64)
  PreImage[6] = 792155419561029833 (u64)
  PreImage[7] = 4190997029516676317 (u64)
  PreImage[8] = 4716817505342238935 (u64)
  PreImage[9] = 8812894860673123743 (u64)
[DEBUG crypto::sign_with_nonce] Challenge e computed (40 bytes): a2502dfecac1b8ca1b9e04707e994221642e257ec1896a14f9f9ccc6b718af021bdebb71d1f80570
[DEBUG crypto::sign_with_nonce] Challenge e (first 8 bytes as u64): 14607638468968140962
[DEBUG crypto::sign_with_nonce] Step 3: Computing s = nonce - e * private_key
[DEBUG crypto::sign_with_nonce] Response s computed (40 bytes): e47893b9d5191ff14b2c3b1fc87118ab22baca272f137b52aaf0b8dd2dd3288f797df1aac07f8874
[DEBUG crypto::sign_with_nonce] Response s (first 8 bytes as u64): 17374634293150841060
[DEBUG crypto::sign_with_nonce] Step 4: Assembling signature (s || e)
[DEBUG crypto::sign_with_nonce] Final signature: e47893b9d5191ff14b2c3b1fc87118ab22baca272f137b52aaf0b8dd2dd3288f797df1aac07f8874a2502dfecac1b8ca1b9e04
707e994221642e257ec1896a14f9f9ccc6b718af021bdebb71d1f80570
[DEBUG crypto::sign_with_nonce] ========================================
[DEBUG signer::sign_with_fixed_nonce] Signature from crypto: e47893b9d5191ff14b2c3b1fc87118ab22baca272f137b52aaf0b8dd2dd3288f797df1aac07f8874a2502dfeca
c1b8ca1b9e04707e994221642e257ec1896a14f9f9ccc6b718af021bdebb71d1f80570 (length: 80)
[DEBUG signer::sign_with_fixed_nonce] Final signature: e47893b9d5191ff14b2c3b1fc87118ab22baca272f137b52aaf0b8dd2dd3288f797df1aac07f8874a2502dfecac1b8ca
1b9e04707e994221642e257ec1896a14f9f9ccc6b718af021bdebb71d1f80570
[DEBUG sign_transaction_internal] Signature returned (80 bytes): e47893b9d5191ff14b2c3b1fc87118ab22baca272f137b52aaf0b8dd2dd3288f797df1aac07f8874a2502d
fecac1b8ca1b9e04707e994221642e257ec1896a14f9f9ccc6b718af021bdebb71d1f80570
[DEBUG sign_transaction_internal] Signature s (first 40 bytes): e47893b9d5191ff14b2c3b1fc87118ab22baca272f137b52aaf0b8dd2dd3288f797df1aac07f8874
[DEBUG sign_transaction_internal] Signature e (last 40 bytes): a2502dfecac1b8ca1b9e04707e994221642e257ec1896a14f9f9ccc6b718af021bdebb71d1f80570
[DEBUG create_order] Signature generated: e47893b9d5191ff14b2c3b1fc87118ab22baca272f137b52aaf0b8dd2dd3288f797df1aac07f8874a2502dfecac1b8ca1b9e04707e994
221642e257ec1896a14f9f9ccc6b718af021bdebb71d1f80570 (length: 80)
[DEBUG create_order] Signature (base64): 5HiTudUZH/FLLDsfyHEYqyK6yicvE3tSqvC43S3TKI95ffGqwH+IdKJQLf7KwbjKG54EcH6ZQiFkLiV+wYlqFPn5zMa3GK8CG967cdH4BXA=
[DEBUG create_order] Final transaction JSON: {"AccountIndex":237600,"ApiKeyIndex":4,"BaseAmount":1000,"ClientOrderIndex":1763069202993,"ExpiredAt":1763
069909210,"IsAsk":0,"MarketIndex":0,"Nonce":981,"OrderExpiry":0,"Price":500000000,"ReduceOnly":0,"Sig":"5HiTudUZH/FLLDsfyHEYqyK6yicvE3tSqvC43S3TKI95ffG
qwH+IdKJQLf7KwbjKG54EcH6ZQiFkLiV+wYlqFPn5zMa3GK8CG967cdH4BXA=","TimeInForce":0,"TriggerPrice":0,"Type":1}
[DEBUG create_order] Sending to: https://mainnet.zklighter.elliot.ai/api/v1/sendTx
[DEBUG create_order] Response status: 400 Bad Request, body: {"code":21120,"message":"invalid signature"}
[DEBUG create_order] ÔòÉÔòÉÔòÉÔòÉÔòÉÔòÉÔòÉÔòÉÔòÉÔòÉÔòÉÔòÉÔòÉÔòÉÔòÉÔòÉÔòÉÔòÉÔòÉÔòÉÔòÉÔòÉÔòÉÔòÉÔòÉÔòÉÔòÉÔòÉÔòÉÔòÉÔòÉÔòÉÔòÉÔòÉÔòÉÔòÉÔòÉÔòÉÔòÉÔòÉ
[DEBUG create_order] API RESPONSE RECEIVED
[DEBUG create_order] ÔòÉÔòÉÔòÉÔòÉÔòÉÔòÉÔòÉÔòÉÔòÉÔòÉÔòÉÔòÉÔòÉÔòÉÔòÉÔòÉÔòÉÔòÉÔòÉÔòÉÔòÉÔòÉÔòÉÔòÉÔòÉÔòÉÔòÉÔòÉÔòÉÔòÉÔòÉÔòÉÔòÉÔòÉÔòÉÔòÉÔòÉÔòÉÔòÉÔòÉ
[DEBUG create_order] Response code: 21120
[DEBUG create_order] Response message: invalid signature
[DEBUG create_order] Nonce used: 981
[DEBUG create_order] ÔØîÔØîÔØî INVALID SIGNATURE ERROR ÔØîÔØîÔØî (code 21120) - Nonce used: 981
[DEBUG create_order] ÔòÉÔòÉÔòÉÔòÉÔòÉÔòÉÔòÉÔòÉÔòÉÔòÉÔòÉÔòÉÔòÉÔòÉÔòÉÔòÉÔòÉÔòÉÔòÉÔòÉÔòÉÔòÉÔòÉÔòÉÔòÉÔòÉÔòÉÔòÉÔòÉÔòÉÔòÉÔòÉÔòÉÔòÉÔòÉÔòÉÔòÉÔòÉÔòÉÔòÉ
[DEBUG create_order] FAILED SIGNATURE - COMPARE WITH SUCCESSFUL ONES
[DEBUG create_order] ÔòÉÔòÉÔòÉÔòÉÔòÉÔòÉÔòÉÔòÉÔòÉÔòÉÔòÉÔòÉÔòÉÔòÉÔòÉÔòÉÔòÉÔòÉÔòÉÔòÉÔòÉÔòÉÔòÉÔòÉÔòÉÔòÉÔòÉÔòÉÔòÉÔòÉÔòÉÔòÉÔòÉÔòÉÔòÉÔòÉÔòÉÔòÉÔòÉÔòÉ
[DEBUG create_order] This could be nonce sync issue or signature computation issue
[DEBUG fetch_nonce_from_api] Requesting nonce from: https://mainnet.zklighter.elliot.ai/api/v1/nextNonce?account_index=237600&api_key_index=4
[DEBUG fetch_nonce_from_api] Received nonce: 981
[DEBUG refresh_nonce_cache] Refreshed nonce: 981
[DEBUG create_order] ========================================
  ÔØî [33] INVALID SIGNATURE (Code: 21120) - Check debug logs for nonce

[DEBUG create_order] ========================================
[DEBUG create_order] Starting order creation for client_order_index: 1763069202994
[DEBUG get_next_nonce_from_cache] Fetching nonce from API
[DEBUG fetch_nonce_from_api] Requesting nonce from: https://mainnet.zklighter.elliot.ai/api/v1/nextNonce?account_index=237600&api_key_index=4
[DEBUG fetch_nonce_from_api] Received nonce: 981
[DEBUG get_next_nonce_from_cache] Fetched nonce from API: 981
[DEBUG create_order] ========================================
[DEBUG create_order] Order: client_order_index=1763069202994
[DEBUG create_order] Nonce obtained: 981
[DEBUG create_order] ÔòÉÔòÉÔòÉÔòÉÔòÉÔòÉÔòÉÔòÉÔòÉÔòÉÔòÉÔòÉÔòÉÔòÉÔòÉÔòÉÔòÉÔòÉÔòÉÔòÉÔòÉÔòÉÔòÉÔòÉÔòÉÔòÉÔòÉÔòÉÔòÉÔòÉÔòÉÔòÉÔòÉÔòÉÔòÉÔòÉÔòÉÔòÉÔòÉÔòÉ
[DEBUG create_order] STARTING SIGNATURE COMPUTATION
[DEBUG create_order] ÔòÉÔòÉÔòÉÔòÉÔòÉÔòÉÔòÉÔòÉÔòÉÔòÉÔòÉÔòÉÔòÉÔòÉÔòÉÔòÉÔòÉÔòÉÔòÉÔòÉÔòÉÔòÉÔòÉÔòÉÔòÉÔòÉÔòÉÔòÉÔòÉÔòÉÔòÉÔòÉÔòÉÔòÉÔòÉÔòÉÔòÉÔòÉÔòÉÔòÉ
[DEBUG create_order] Timestamp: now=1763069313587, expired_at=1763069912587
[DEBUG create_order] Transaction JSON (before signing): {"AccountIndex":237600,"ApiKeyIndex":4,"BaseAmount":1000,"ClientOrderIndex":1763069202994,"Expi
redAt":1763069912587,"IsAsk":0,"MarketIndex":0,"Nonce":981,"OrderExpiry":0,"Price":500000000,"ReduceOnly":0,"Sig":"","TimeInForce":0,"TriggerPrice":0,"
Type":1}
[DEBUG sign_transaction_internal] Starting signature computation
[DEBUG sign_transaction_internal] tx_type: 14
[DEBUG sign_transaction_internal] Extracted fields:
  chain_id: 304
  nonce: 981
  expired_at: 1763069912587
  account_index: 237600
  api_key_index: 4
[DEBUG sign_transaction_internal] CREATE_ORDER fields:
  market_index: 0
  client_order_index: 1763069202994
  base_amount: 1000
  price: 500000000
  is_ask: 0
  order_type: 1
  time_in_force: 0
  reduce_only: 0
  trigger_price: 0
  order_expiry: 0
[DEBUG sign_transaction_internal] Hash input elements count: 16
[DEBUG sign_transaction_internal] Hash input elements:
  [0] Element 0: 304 (u64)
  [1] Element 1: 14 (u64)
  [2] Element 2: 981 (u64)
  [3] Element 3: 1763069912587 (u64)
  [4] Element 4: 237600 (u64)
  [5] Element 5: 4 (u64)
  [6] Element 6: 0 (u64)
  [7] Element 7: 1763069202994 (u64)
  [8] Element 8: 1000 (u64)
  [9] Element 9: 500000000 (u64)
  [10] Element 10: 0 (u64)
  [11] Element 11: 1 (u64)
  [12] Element 12: 0 (u64)
  [13] Element 13: 0 (u64)
  [14] Element 14: 0 (u64)
  [15] Element 15: 0 (u64)
[DEBUG sign_transaction_internal] Computing Poseidon2 hash with 16 elements
[DEBUG sign_transaction_internal] Transaction hash (40 bytes): 415afc544efeeb901ab1c91102928e2ee3f60273afd38fba313665bd5b5fb7b2711d50985294784f
[DEBUG sign_transaction_internal] Transaction hash (first 8 bytes as u64): 10442719773375355457
[DEBUG sign_transaction_internal] Calling key_manager.sign() with hash: 
415afc544efeeb901ab1c91102928e2ee3f60273afd38fba313665bd5b5fb7b2711d50985294784f
[DEBUG signer::sign] Starting signature generation
[DEBUG signer::sign] Message hash: 415afc544efeeb901ab1c91102928e2ee3f60273afd38fba313665bd5b5fb7b2711d50985294784f
[DEBUG signer::sign] Generated random nonce: b0309add7e8643e38592fb129ab351a2a5223e17749367299d420f95e1e36155b397b85c8d7e1de4
[DEBUG signer::sign_with_fixed_nonce] Signing with fixed nonce
[DEBUG signer::sign_with_fixed_nonce] Private key (first 16 bytes): 79699d9819553fc6eee1b5e50af049d7...
[DEBUG signer::sign_with_fixed_nonce] Calling crypto::schnorr::sign_with_nonce
[DEBUG crypto::sign_with_nonce] ========================================
[DEBUG crypto::sign_with_nonce] Starting Schnorr signature
[DEBUG crypto::sign_with_nonce] Private key length: 40
[DEBUG crypto::sign_with_nonce] Message length: 40
[DEBUG crypto::sign_with_nonce] Nonce bytes length: 40
[DEBUG crypto::sign_with_nonce] Message hash: 415afc544efeeb901ab1c91102928e2ee3f60273afd38fba313665bd5b5fb7b2711d50985294784f
[DEBUG crypto::sign_with_nonce] Nonce bytes: b0309add7e8643e38592fb129ab351a2a5223e17749367299d420f95e1e36155b397b85c8d7e1de4
[DEBUG crypto::sign_with_nonce] Private key converted to scalar
[DEBUG crypto::sign_with_nonce] Nonce converted to scalar
[DEBUG crypto::sign_with_nonce] Message converted to Fp5Element
[DEBUG crypto::sign_with_nonce] Step 1: Computing R = nonce * G
[DEBUG crypto::sign_with_nonce] R encoded (full 40 bytes): 4c4ae4566807148e87438e236b57c761aa49814ee00a6561a02dbd3240df24968f3cf320ee6ef008
[DEBUG crypto::sign_with_nonce] R Fp5 elements:
  R[0] = 10237815997635775052 (u64)
  R[1] = 7045696259714073479 (u64)
  R[2] = 7018027552832833962 (u64)
  R[3] = 10819017671672933792 (u64)
  R[4] = 644136715748064399 (u64)
[DEBUG crypto::sign_with_nonce] Step 2: Computing challenge e = H(R || message)
[DEBUG crypto::sign_with_nonce] Pre-image prepared (10 elements):
  PreImage[0] = 10237815997635775052 (u64)
  PreImage[1] = 7045696259714073479 (u64)
  PreImage[2] = 7018027552832833962 (u64)
  PreImage[3] = 10819017671672933792 (u64)
  PreImage[4] = 644136715748064399 (u64)
  PreImage[5] = 10442719773375355457 (u64)
  PreImage[6] = 3354779310023618842 (u64)
  PreImage[7] = 13443196163226531555 (u64)
  PreImage[8] = 12877866507113412145 (u64)
  PreImage[9] = 5726490008665202033 (u64)
[DEBUG crypto::sign_with_nonce] Challenge e computed (40 bytes): 2686d1dc166e9932ba2f1fcac07c4d1e938cc9fb01a5a1123422a6282f6f3f8d20ceb02080d92a49
[DEBUG crypto::sign_with_nonce] Challenge e (first 8 bytes as u64): 3646066417806181926
[DEBUG crypto::sign_with_nonce] Step 3: Computing s = nonce - e * private_key
[DEBUG crypto::sign_with_nonce] Response s computed (40 bytes): b3f4136b46d90d29cb866b45747e0f482d768a6dba1d134f5be862eefda5ba73bbf20e0ef964a5d7
[DEBUG crypto::sign_with_nonce] Response s (first 8 bytes as u64): 2958259426719691955
[DEBUG crypto::sign_with_nonce] Step 4: Assembling signature (s || e)
[DEBUG crypto::sign_with_nonce] Final signature: b3f4136b46d90d29cb866b45747e0f482d768a6dba1d134f5be862eefda5ba73bbf20e0ef964a5d72686d1dc166e9932ba2f1f
cac07c4d1e938cc9fb01a5a1123422a6282f6f3f8d20ceb02080d92a49
[DEBUG crypto::sign_with_nonce] ========================================
[DEBUG signer::sign_with_fixed_nonce] Signature from crypto: b3f4136b46d90d29cb866b45747e0f482d768a6dba1d134f5be862eefda5ba73bbf20e0ef964a5d72686d1dc16
6e9932ba2f1fcac07c4d1e938cc9fb01a5a1123422a6282f6f3f8d20ceb02080d92a49 (length: 80)
[DEBUG signer::sign_with_fixed_nonce] Final signature: b3f4136b46d90d29cb866b45747e0f482d768a6dba1d134f5be862eefda5ba73bbf20e0ef964a5d72686d1dc166e9932
ba2f1fcac07c4d1e938cc9fb01a5a1123422a6282f6f3f8d20ceb02080d92a49
[DEBUG sign_transaction_internal] Signature returned (80 bytes): b3f4136b46d90d29cb866b45747e0f482d768a6dba1d134f5be862eefda5ba73bbf20e0ef964a5d72686d1
dc166e9932ba2f1fcac07c4d1e938cc9fb01a5a1123422a6282f6f3f8d20ceb02080d92a49
[DEBUG sign_transaction_internal] Signature s (first 40 bytes): b3f4136b46d90d29cb866b45747e0f482d768a6dba1d134f5be862eefda5ba73bbf20e0ef964a5d7
[DEBUG sign_transaction_internal] Signature e (last 40 bytes): 2686d1dc166e9932ba2f1fcac07c4d1e938cc9fb01a5a1123422a6282f6f3f8d20ceb02080d92a49
[DEBUG create_order] Signature generated: b3f4136b46d90d29cb866b45747e0f482d768a6dba1d134f5be862eefda5ba73bbf20e0ef964a5d72686d1dc166e9932ba2f1fcac07c4
d1e938cc9fb01a5a1123422a6282f6f3f8d20ceb02080d92a49 (length: 80)
[DEBUG create_order] Signature (base64): s/QTa0bZDSnLhmtFdH4PSC12im26HRNPW+hi7v2lunO78g4O+WSl1yaG0dwWbpkyui8fysB8TR6TjMn7AaWhEjQipigvbz+NIM6wIIDZKkk=
[DEBUG create_order] Final transaction JSON: {"AccountIndex":237600,"ApiKeyIndex":4,"BaseAmount":1000,"ClientOrderIndex":1763069202994,"ExpiredAt":1763
069912587,"IsAsk":0,"MarketIndex":0,"Nonce":981,"OrderExpiry":0,"Price":500000000,"ReduceOnly":0,"Sig":"s/QTa0bZDSnLhmtFdH4PSC12im26HRNPW+hi7v2lunO78g4
O+WSl1yaG0dwWbpkyui8fysB8TR6TjMn7AaWhEjQipigvbz+NIM6wIIDZKkk=","TimeInForce":0,"TriggerPrice":0,"Type":1}
[DEBUG create_order] Sending to: https://mainnet.zklighter.elliot.ai/api/v1/sendTx
[DEBUG create_order] Response status: 400 Bad Request, body: {"code":21120,"message":"invalid signature"}
[DEBUG create_order] ÔòÉÔòÉÔòÉÔòÉÔòÉÔòÉÔòÉÔòÉÔòÉÔòÉÔòÉÔòÉÔòÉÔòÉÔòÉÔòÉÔòÉÔòÉÔòÉÔòÉÔòÉÔòÉÔòÉÔòÉÔòÉÔòÉÔòÉÔòÉÔòÉÔòÉÔòÉÔòÉÔòÉÔòÉÔòÉÔòÉÔòÉÔòÉÔòÉÔòÉ
[DEBUG create_order] API RESPONSE RECEIVED
[DEBUG create_order] ÔòÉÔòÉÔòÉÔòÉÔòÉÔòÉÔòÉÔòÉÔòÉÔòÉÔòÉÔòÉÔòÉÔòÉÔòÉÔòÉÔòÉÔòÉÔòÉÔòÉÔòÉÔòÉÔòÉÔòÉÔòÉÔòÉÔòÉÔòÉÔòÉÔòÉÔòÉÔòÉÔòÉÔòÉÔòÉÔòÉÔòÉÔòÉÔòÉÔòÉ
[DEBUG create_order] Response code: 21120
[DEBUG create_order] Response message: invalid signature
[DEBUG create_order] Nonce used: 981
[DEBUG create_order] ÔØîÔØîÔØî INVALID SIGNATURE ERROR ÔØîÔØîÔØî (code 21120) - Nonce used: 981
[DEBUG create_order] ÔòÉÔòÉÔòÉÔòÉÔòÉÔòÉÔòÉÔòÉÔòÉÔòÉÔòÉÔòÉÔòÉÔòÉÔòÉÔòÉÔòÉÔòÉÔòÉÔòÉÔòÉÔòÉÔòÉÔòÉÔòÉÔòÉÔòÉÔòÉÔòÉÔòÉÔòÉÔòÉÔòÉÔòÉÔòÉÔòÉÔòÉÔòÉÔòÉÔòÉ
[DEBUG create_order] FAILED SIGNATURE - COMPARE WITH SUCCESSFUL ONES
[DEBUG create_order] ÔòÉÔòÉÔòÉÔòÉÔòÉÔòÉÔòÉÔòÉÔòÉÔòÉÔòÉÔòÉÔòÉÔòÉÔòÉÔòÉÔòÉÔòÉÔòÉÔòÉÔòÉÔòÉÔòÉÔòÉÔòÉÔòÉÔòÉÔòÉÔòÉÔòÉÔòÉÔòÉÔòÉÔòÉÔòÉÔòÉÔòÉÔòÉÔòÉÔòÉ
[DEBUG create_order] This could be nonce sync issue or signature computation issue
[DEBUG fetch_nonce_from_api] Requesting nonce from: https://mainnet.zklighter.elliot.ai/api/v1/nextNonce?account_index=237600&api_key_index=4
[DEBUG fetch_nonce_from_api] Received nonce: 981
[DEBUG refresh_nonce_cache] Refreshed nonce: 981
[DEBUG create_order] ========================================
  ÔØî [34] INVALID SIGNATURE (Code: 21120) - Check debug logs for nonce

[DEBUG create_order] ========================================
[DEBUG create_order] Starting order creation for client_order_index: 1763069202995
[DEBUG get_next_nonce_from_cache] Fetching nonce from API
[DEBUG fetch_nonce_from_api] Requesting nonce from: https://mainnet.zklighter.elliot.ai/api/v1/nextNonce?account_index=237600&api_key_index=4
[DEBUG fetch_nonce_from_api] Received nonce: 981
[DEBUG get_next_nonce_from_cache] Fetched nonce from API: 981
[DEBUG create_order] ========================================
[DEBUG create_order] Order: client_order_index=1763069202995
[DEBUG create_order] Nonce obtained: 981
[DEBUG create_order] ÔòÉÔòÉÔòÉÔòÉÔòÉÔòÉÔòÉÔòÉÔòÉÔòÉÔòÉÔòÉÔòÉÔòÉÔòÉÔòÉÔòÉÔòÉÔòÉÔòÉÔòÉÔòÉÔòÉÔòÉÔòÉÔòÉÔòÉÔòÉÔòÉÔòÉÔòÉÔòÉÔòÉÔòÉÔòÉÔòÉÔòÉÔòÉÔòÉÔòÉ
[DEBUG create_order] STARTING SIGNATURE COMPUTATION
[DEBUG create_order] ÔòÉÔòÉÔòÉÔòÉÔòÉÔòÉÔòÉÔòÉÔòÉÔòÉÔòÉÔòÉÔòÉÔòÉÔòÉÔòÉÔòÉÔòÉÔòÉÔòÉÔòÉÔòÉÔòÉÔòÉÔòÉÔòÉÔòÉÔòÉÔòÉÔòÉÔòÉÔòÉÔòÉÔòÉÔòÉÔòÉÔòÉÔòÉÔòÉÔòÉ
[DEBUG create_order] Timestamp: now=1763069316970, expired_at=1763069915970
[DEBUG create_order] Transaction JSON (before signing): {"AccountIndex":237600,"ApiKeyIndex":4,"BaseAmount":1000,"ClientOrderIndex":1763069202995,"Expi
redAt":1763069915970,"IsAsk":0,"MarketIndex":0,"Nonce":981,"OrderExpiry":0,"Price":500000000,"ReduceOnly":0,"Sig":"","TimeInForce":0,"TriggerPrice":0,"
Type":1}
[DEBUG sign_transaction_internal] Starting signature computation
[DEBUG sign_transaction_internal] tx_type: 14
[DEBUG sign_transaction_internal] Extracted fields:
  chain_id: 304
  nonce: 981
  expired_at: 1763069915970
  account_index: 237600
  api_key_index: 4
[DEBUG sign_transaction_internal] CREATE_ORDER fields:
  market_index: 0
  client_order_index: 1763069202995
  base_amount: 1000
  price: 500000000
  is_ask: 0
  order_type: 1
  time_in_force: 0
  reduce_only: 0
  trigger_price: 0
  order_expiry: 0
[DEBUG sign_transaction_internal] Hash input elements count: 16
[DEBUG sign_transaction_internal] Hash input elements:
  [0] Element 0: 304 (u64)
  [1] Element 1: 14 (u64)
  [2] Element 2: 981 (u64)
  [3] Element 3: 1763069915970 (u64)
  [4] Element 4: 237600 (u64)
  [5] Element 5: 4 (u64)
  [6] Element 6: 0 (u64)
  [7] Element 7: 1763069202995 (u64)
  [8] Element 8: 1000 (u64)
  [9] Element 9: 500000000 (u64)
  [10] Element 10: 0 (u64)
  [11] Element 11: 1 (u64)
  [12] Element 12: 0 (u64)
  [13] Element 13: 0 (u64)
  [14] Element 14: 0 (u64)
  [15] Element 15: 0 (u64)
[DEBUG sign_transaction_internal] Computing Poseidon2 hash with 16 elements
[DEBUG sign_transaction_internal] Transaction hash (40 bytes): f7c8538265be0d1793e6c68829d4849c003f669950b2613a419997348d531bee52f025bf61134281
[DEBUG sign_transaction_internal] Transaction hash (first 8 bytes as u64): 1661193180757084407
[DEBUG sign_transaction_internal] Calling key_manager.sign() with hash: 
f7c8538265be0d1793e6c68829d4849c003f669950b2613a419997348d531bee52f025bf61134281
[DEBUG signer::sign] Starting signature generation
[DEBUG signer::sign] Message hash: f7c8538265be0d1793e6c68829d4849c003f669950b2613a419997348d531bee52f025bf61134281
[DEBUG signer::sign] Generated random nonce: 83b272e293503b1b3d23e1c1b52e848434a3b4507343c7c2be9ca14c939c139d8551d9c9a4305f11
[DEBUG signer::sign_with_fixed_nonce] Signing with fixed nonce
[DEBUG signer::sign_with_fixed_nonce] Private key (first 16 bytes): 79699d9819553fc6eee1b5e50af049d7...
[DEBUG signer::sign_with_fixed_nonce] Calling crypto::schnorr::sign_with_nonce
[DEBUG crypto::sign_with_nonce] ========================================
[DEBUG crypto::sign_with_nonce] Starting Schnorr signature
[DEBUG crypto::sign_with_nonce] Private key length: 40
[DEBUG crypto::sign_with_nonce] Message length: 40
[DEBUG crypto::sign_with_nonce] Nonce bytes length: 40
[DEBUG crypto::sign_with_nonce] Message hash: f7c8538265be0d1793e6c68829d4849c003f669950b2613a419997348d531bee52f025bf61134281
[DEBUG crypto::sign_with_nonce] Nonce bytes: 83b272e293503b1b3d23e1c1b52e848434a3b4507343c7c2be9ca14c939c139d8551d9c9a4305f11
[DEBUG crypto::sign_with_nonce] Private key converted to scalar
[DEBUG crypto::sign_with_nonce] Nonce converted to scalar
[DEBUG crypto::sign_with_nonce] Message converted to Fp5Element
[DEBUG crypto::sign_with_nonce] Step 1: Computing R = nonce * G
[DEBUG crypto::sign_with_nonce] R encoded (full 40 bytes): 6922f42030cc19b641b31c1b3798b62fb0d1070c14e8e7e79618bfdb55087ee0d53442db98cf8ed6
[DEBUG crypto::sign_with_nonce] R Fp5 elements:
  R[0] = 13121743496404017769 (u64)
  R[1] = 3438102727989441345 (u64)
  R[2] = 16710580115180343728 (u64)
  R[3] = 16176376076413376662 (u64)
  R[4] = 15460522826230019285 (u64)
[DEBUG crypto::sign_with_nonce] Step 2: Computing challenge e = H(R || message)
[DEBUG crypto::sign_with_nonce] Pre-image prepared (10 elements):
  PreImage[0] = 13121743496404017769 (u64)
  PreImage[1] = 3438102727989441345 (u64)
  PreImage[2] = 16710580115180343728 (u64)
  PreImage[3] = 16176376076413376662 (u64)
  PreImage[4] = 15460522826230019285 (u64)
  PreImage[5] = 1661193180757084407 (u64)
  PreImage[6] = 11278372641696048787 (u64)
  PreImage[7] = 4206839586181496576 (u64)
  PreImage[8] = 17157399071335881025 (u64)
  PreImage[9] = 9314028289895297106 (u64)
[DEBUG crypto::sign_with_nonce] Challenge e computed (40 bytes): 54460daf0cf34b72cb476f1ddd7b9d6e84c64a04f92c779b39168a49664c075084069bab88407a64
[DEBUG crypto::sign_with_nonce] Challenge e (first 8 bytes as u64): 8235943579379123796
[DEBUG crypto::sign_with_nonce] Step 3: Computing s = nonce - e * private_key
[DEBUG crypto::sign_with_nonce] Response s computed (40 bytes): adb58cb82c05ef74756a39d62f22ddb5cf0704638587202343315e76b05ac4ca10054bbf0e525a42
[DEBUG crypto::sign_with_nonce] Response s (first 8 bytes as u64): 8425959117466416557
[DEBUG crypto::sign_with_nonce] Step 4: Assembling signature (s || e)
[DEBUG crypto::sign_with_nonce] Final signature: adb58cb82c05ef74756a39d62f22ddb5cf0704638587202343315e76b05ac4ca10054bbf0e525a4254460daf0cf34b72cb476f
1ddd7b9d6e84c64a04f92c779b39168a49664c075084069bab88407a64
[DEBUG crypto::sign_with_nonce] ========================================
[DEBUG signer::sign_with_fixed_nonce] Signature from crypto: adb58cb82c05ef74756a39d62f22ddb5cf0704638587202343315e76b05ac4ca10054bbf0e525a4254460daf0c
f34b72cb476f1ddd7b9d6e84c64a04f92c779b39168a49664c075084069bab88407a64 (length: 80)
[DEBUG signer::sign_with_fixed_nonce] Final signature: adb58cb82c05ef74756a39d62f22ddb5cf0704638587202343315e76b05ac4ca10054bbf0e525a4254460daf0cf34b72
cb476f1ddd7b9d6e84c64a04f92c779b39168a49664c075084069bab88407a64
[DEBUG sign_transaction_internal] Signature returned (80 bytes): adb58cb82c05ef74756a39d62f22ddb5cf0704638587202343315e76b05ac4ca10054bbf0e525a4254460d
af0cf34b72cb476f1ddd7b9d6e84c64a04f92c779b39168a49664c075084069bab88407a64
[DEBUG sign_transaction_internal] Signature s (first 40 bytes): adb58cb82c05ef74756a39d62f22ddb5cf0704638587202343315e76b05ac4ca10054bbf0e525a42
[DEBUG sign_transaction_internal] Signature e (last 40 bytes): 54460daf0cf34b72cb476f1ddd7b9d6e84c64a04f92c779b39168a49664c075084069bab88407a64
[DEBUG create_order] Signature generated: adb58cb82c05ef74756a39d62f22ddb5cf0704638587202343315e76b05ac4ca10054bbf0e525a4254460daf0cf34b72cb476f1ddd7b9
d6e84c64a04f92c779b39168a49664c075084069bab88407a64 (length: 80)
[DEBUG create_order] Signature (base64): rbWMuCwF73R1ajnWLyLdtc8HBGOFhyAjQzFedrBaxMoQBUu/DlJaQlRGDa8M80tyy0dvHd17nW6ExkoE+Sx3mzkWiklmTAdQhAabq4hAemQ=
[DEBUG create_order] Final transaction JSON: {"AccountIndex":237600,"ApiKeyIndex":4,"BaseAmount":1000,"ClientOrderIndex":1763069202995,"ExpiredAt":1763
069915970,"IsAsk":0,"MarketIndex":0,"Nonce":981,"OrderExpiry":0,"Price":500000000,"ReduceOnly":0,"Sig":"rbWMuCwF73R1ajnWLyLdtc8HBGOFhyAjQzFedrBaxMoQBUu
/DlJaQlRGDa8M80tyy0dvHd17nW6ExkoE+Sx3mzkWiklmTAdQhAabq4hAemQ=","TimeInForce":0,"TriggerPrice":0,"Type":1}
[DEBUG create_order] Sending to: https://mainnet.zklighter.elliot.ai/api/v1/sendTx
[DEBUG create_order] Response status: 200 OK, body: {"code":200,"message":"{\"ratelimit\": \"didn't use volume 
quota\"}","tx_hash":"f7c8538265be0d1793e6c68829d4849c003f669950b2613a419997348d531bee52f025bf61134281","predicted_execution_time_ms":1763069316176}
[DEBUG create_order] ÔòÉÔòÉÔòÉÔòÉÔòÉÔòÉÔòÉÔòÉÔòÉÔòÉÔòÉÔòÉÔòÉÔòÉÔòÉÔòÉÔòÉÔòÉÔòÉÔòÉÔòÉÔòÉÔòÉÔòÉÔòÉÔòÉÔòÉÔòÉÔòÉÔòÉÔòÉÔòÉÔòÉÔòÉÔòÉÔòÉÔòÉÔòÉÔòÉÔòÉ
[DEBUG create_order] API RESPONSE RECEIVED
[DEBUG create_order] ÔòÉÔòÉÔòÉÔòÉÔòÉÔòÉÔòÉÔòÉÔòÉÔòÉÔòÉÔòÉÔòÉÔòÉÔòÉÔòÉÔòÉÔòÉÔòÉÔòÉÔòÉÔòÉÔòÉÔòÉÔòÉÔòÉÔòÉÔòÉÔòÉÔòÉÔòÉÔòÉÔòÉÔòÉÔòÉÔòÉÔòÉÔòÉÔòÉÔòÉ
[DEBUG create_order] Response code: 200
[DEBUG create_order] Response message: {"ratelimit": "didn't use volume quota"}
[DEBUG create_order] Nonce used: 981
[DEBUG create_order] Ô£àÔ£àÔ£à SUCCESS Ô£àÔ£àÔ£à - Transaction succeeded with nonce 981
[DEBUG create_order] ÔòÉÔòÉÔòÉÔòÉÔòÉÔòÉÔòÉÔòÉÔòÉÔòÉÔòÉÔòÉÔòÉÔòÉÔòÉÔòÉÔòÉÔòÉÔòÉÔòÉÔòÉÔòÉÔòÉÔòÉÔòÉÔòÉÔòÉÔòÉÔòÉÔòÉÔòÉÔòÉÔòÉÔòÉÔòÉÔòÉÔòÉÔòÉÔòÉÔòÉ
[DEBUG create_order] SUCCESSFUL SIGNATURE - SAVE THIS FOR COMPARISON
[DEBUG create_order] ÔòÉÔòÉÔòÉÔòÉÔòÉÔòÉÔòÉÔòÉÔòÉÔòÉÔòÉÔòÉÔòÉÔòÉÔòÉÔòÉÔòÉÔòÉÔòÉÔòÉÔòÉÔòÉÔòÉÔòÉÔòÉÔòÉÔòÉÔòÉÔòÉÔòÉÔòÉÔòÉÔòÉÔòÉÔòÉÔòÉÔòÉÔòÉÔòÉÔòÉ
[DEBUG create_order] ========================================

[DEBUG create_order] ========================================
[DEBUG create_order] Starting order creation for client_order_index: 1763069202996
[DEBUG get_next_nonce_from_cache] Fetching nonce from API
[DEBUG fetch_nonce_from_api] Requesting nonce from: https://mainnet.zklighter.elliot.ai/api/v1/nextNonce?account_index=237600&api_key_index=4
[DEBUG fetch_nonce_from_api] Received nonce: 982
[DEBUG get_next_nonce_from_cache] Fetched nonce from API: 982
[DEBUG create_order] ========================================
[DEBUG create_order] Order: client_order_index=1763069202996
[DEBUG create_order] Nonce obtained: 982
[DEBUG create_order] ÔòÉÔòÉÔòÉÔòÉÔòÉÔòÉÔòÉÔòÉÔòÉÔòÉÔòÉÔòÉÔòÉÔòÉÔòÉÔòÉÔòÉÔòÉÔòÉÔòÉÔòÉÔòÉÔòÉÔòÉÔòÉÔòÉÔòÉÔòÉÔòÉÔòÉÔòÉÔòÉÔòÉÔòÉÔòÉÔòÉÔòÉÔòÉÔòÉÔòÉ
[DEBUG create_order] STARTING SIGNATURE COMPUTATION
[DEBUG create_order] ÔòÉÔòÉÔòÉÔòÉÔòÉÔòÉÔòÉÔòÉÔòÉÔòÉÔòÉÔòÉÔòÉÔòÉÔòÉÔòÉÔòÉÔòÉÔòÉÔòÉÔòÉÔòÉÔòÉÔòÉÔòÉÔòÉÔòÉÔòÉÔòÉÔòÉÔòÉÔòÉÔòÉÔòÉÔòÉÔòÉÔòÉÔòÉÔòÉÔòÉ
[DEBUG create_order] Timestamp: now=1763069320248, expired_at=1763069919248
[DEBUG create_order] Transaction JSON (before signing): {"AccountIndex":237600,"ApiKeyIndex":4,"BaseAmount":1000,"ClientOrderIndex":1763069202996,"Expi
redAt":1763069919248,"IsAsk":0,"MarketIndex":0,"Nonce":982,"OrderExpiry":0,"Price":500000000,"ReduceOnly":0,"Sig":"","TimeInForce":0,"TriggerPrice":0,"
Type":1}
[DEBUG sign_transaction_internal] Starting signature computation
[DEBUG sign_transaction_internal] tx_type: 14
[DEBUG sign_transaction_internal] Extracted fields:
  chain_id: 304
  nonce: 982
  expired_at: 1763069919248
  account_index: 237600
  api_key_index: 4
[DEBUG sign_transaction_internal] CREATE_ORDER fields:
  market_index: 0
  client_order_index: 1763069202996
  base_amount: 1000
  price: 500000000
  is_ask: 0
  order_type: 1
  time_in_force: 0
  reduce_only: 0
  trigger_price: 0
  order_expiry: 0
[DEBUG sign_transaction_internal] Hash input elements count: 16
[DEBUG sign_transaction_internal] Hash input elements:
  [0] Element 0: 304 (u64)
  [1] Element 1: 14 (u64)
  [2] Element 2: 982 (u64)
  [3] Element 3: 1763069919248 (u64)
  [4] Element 4: 237600 (u64)
  [5] Element 5: 4 (u64)
  [6] Element 6: 0 (u64)
  [7] Element 7: 1763069202996 (u64)
  [8] Element 8: 1000 (u64)
  [9] Element 9: 500000000 (u64)
  [10] Element 10: 0 (u64)
  [11] Element 11: 1 (u64)
  [12] Element 12: 0 (u64)
  [13] Element 13: 0 (u64)
  [14] Element 14: 0 (u64)
  [15] Element 15: 0 (u64)
[DEBUG sign_transaction_internal] Computing Poseidon2 hash with 16 elements
[DEBUG sign_transaction_internal] Transaction hash (40 bytes): 2dc51cfcf0ab87d321b689887f8fa1027d9c2df8027998c6d0c955f162da7d295f7999719d28ccb8
[DEBUG sign_transaction_internal] Transaction hash (first 8 bytes as u64): 15242340515368977709
[DEBUG sign_transaction_internal] Calling key_manager.sign() with hash: 
2dc51cfcf0ab87d321b689887f8fa1027d9c2df8027998c6d0c955f162da7d295f7999719d28ccb8
[DEBUG signer::sign] Starting signature generation
[DEBUG signer::sign] Message hash: 2dc51cfcf0ab87d321b689887f8fa1027d9c2df8027998c6d0c955f162da7d295f7999719d28ccb8
[DEBUG signer::sign] Generated random nonce: 112403456ca5c3145c2b40c5160a70bbba617c0c070e47d9655ba7481afa89fe3113077a0fe335c9
[DEBUG signer::sign_with_fixed_nonce] Signing with fixed nonce
[DEBUG signer::sign_with_fixed_nonce] Private key (first 16 bytes): 79699d9819553fc6eee1b5e50af049d7...
[DEBUG signer::sign_with_fixed_nonce] Calling crypto::schnorr::sign_with_nonce
[DEBUG crypto::sign_with_nonce] ========================================
[DEBUG crypto::sign_with_nonce] Starting Schnorr signature
[DEBUG crypto::sign_with_nonce] Private key length: 40
[DEBUG crypto::sign_with_nonce] Message length: 40
[DEBUG crypto::sign_with_nonce] Nonce bytes length: 40
[DEBUG crypto::sign_with_nonce] Message hash: 2dc51cfcf0ab87d321b689887f8fa1027d9c2df8027998c6d0c955f162da7d295f7999719d28ccb8
[DEBUG crypto::sign_with_nonce] Nonce bytes: 112403456ca5c3145c2b40c5160a70bbba617c0c070e47d9655ba7481afa89fe3113077a0fe335c9
[DEBUG crypto::sign_with_nonce] Private key converted to scalar
[DEBUG crypto::sign_with_nonce] Nonce converted to scalar
[DEBUG crypto::sign_with_nonce] Message converted to Fp5Element
[DEBUG crypto::sign_with_nonce] Step 1: Computing R = nonce * G
[DEBUG crypto::sign_with_nonce] R encoded (full 40 bytes): cefc2ff174d0f2773af0aa6038ba880d1cb8332ab657ec097143fbebd216552b55c4f6ac04c3e740
[DEBUG crypto::sign_with_nonce] R Fp5 elements:
  R[0] = 8643199835558640846 (u64)
  R[1] = 975234070628462650 (u64)
  R[2] = 715042880748763164 (u64)
  R[3] = 3122427011809362801 (u64)
  R[4] = 4676921162896688213 (u64)
[DEBUG crypto::sign_with_nonce] Step 2: Computing challenge e = H(R || message)
[DEBUG crypto::sign_with_nonce] Pre-image prepared (10 elements):
  PreImage[0] = 8643199835558640846 (u64)
  PreImage[1] = 975234070628462650 (u64)
  PreImage[2] = 715042880748763164 (u64)
  PreImage[3] = 3122427011809362801 (u64)
  PreImage[4] = 4676921162896688213 (u64)
  PreImage[5] = 15242340515368977709 (u64)
  PreImage[6] = 189590437240616481 (u64)
  PreImage[7] = 14310320869630385277 (u64)
  PreImage[8] = 2989785846134458832 (u64)
  PreImage[9] = 13316062854908574047 (u64)
[DEBUG crypto::sign_with_nonce] Challenge e computed (40 bytes): cf2ff12c964d86aa60b70f98d8cbdd7ec5a2b167e76a011669b8a4eefae16a25659ea47386708e08
[DEBUG crypto::sign_with_nonce] Challenge e (first 8 bytes as u64): 12287593940721414095
[DEBUG crypto::sign_with_nonce] Step 3: Computing s = nonce - e * private_key
[DEBUG crypto::sign_with_nonce] Response s computed (40 bytes): ab757b5977420baa429680d1752ddc594bfd2d59349235521905490bc083a00d6270df635ff816a7
[DEBUG crypto::sign_with_nonce] Response s (first 8 bytes as u64): 12252960291561371051
[DEBUG crypto::sign_with_nonce] Step 4: Assembling signature (s || e)
[DEBUG crypto::sign_with_nonce] Final signature: ab757b5977420baa429680d1752ddc594bfd2d59349235521905490bc083a00d6270df635ff816a7cf2ff12c964d86aa60b70f
98d8cbdd7ec5a2b167e76a011669b8a4eefae16a25659ea47386708e08
[DEBUG crypto::sign_with_nonce] ========================================
[DEBUG signer::sign_with_fixed_nonce] Signature from crypto: ab757b5977420baa429680d1752ddc594bfd2d59349235521905490bc083a00d6270df635ff816a7cf2ff12c96
4d86aa60b70f98d8cbdd7ec5a2b167e76a011669b8a4eefae16a25659ea47386708e08 (length: 80)
[DEBUG signer::sign_with_fixed_nonce] Final signature: ab757b5977420baa429680d1752ddc594bfd2d59349235521905490bc083a00d6270df635ff816a7cf2ff12c964d86aa
60b70f98d8cbdd7ec5a2b167e76a011669b8a4eefae16a25659ea47386708e08
[DEBUG sign_transaction_internal] Signature returned (80 bytes): ab757b5977420baa429680d1752ddc594bfd2d59349235521905490bc083a00d6270df635ff816a7cf2ff1
2c964d86aa60b70f98d8cbdd7ec5a2b167e76a011669b8a4eefae16a25659ea47386708e08
[DEBUG sign_transaction_internal] Signature s (first 40 bytes): ab757b5977420baa429680d1752ddc594bfd2d59349235521905490bc083a00d6270df635ff816a7
[DEBUG sign_transaction_internal] Signature e (last 40 bytes): cf2ff12c964d86aa60b70f98d8cbdd7ec5a2b167e76a011669b8a4eefae16a25659ea47386708e08
[DEBUG create_order] Signature generated: ab757b5977420baa429680d1752ddc594bfd2d59349235521905490bc083a00d6270df635ff816a7cf2ff12c964d86aa60b70f98d8cbd
d7ec5a2b167e76a011669b8a4eefae16a25659ea47386708e08 (length: 80)
[DEBUG create_order] Signature (base64): q3V7WXdCC6pCloDRdS3cWUv9LVk0kjVSGQVJC8CDoA1icN9jX/gWp88v8SyWTYaqYLcPmNjL3X7ForFn52oBFmm4pO764WolZZ6kc4Zwjgg=
[DEBUG create_order] Final transaction JSON: {"AccountIndex":237600,"ApiKeyIndex":4,"BaseAmount":1000,"ClientOrderIndex":1763069202996,"ExpiredAt":1763
069919248,"IsAsk":0,"MarketIndex":0,"Nonce":982,"OrderExpiry":0,"Price":500000000,"ReduceOnly":0,"Sig":"q3V7WXdCC6pCloDRdS3cWUv9LVk0kjVSGQVJC8CDoA1icN9
jX/gWp88v8SyWTYaqYLcPmNjL3X7ForFn52oBFmm4pO764WolZZ6kc4Zwjgg=","TimeInForce":0,"TriggerPrice":0,"Type":1}
[DEBUG create_order] Sending to: https://mainnet.zklighter.elliot.ai/api/v1/sendTx
[DEBUG create_order] Response status: 400 Bad Request, body: {"code":21120,"message":"invalid signature"}
[DEBUG create_order] ÔòÉÔòÉÔòÉÔòÉÔòÉÔòÉÔòÉÔòÉÔòÉÔòÉÔòÉÔòÉÔòÉÔòÉÔòÉÔòÉÔòÉÔòÉÔòÉÔòÉÔòÉÔòÉÔòÉÔòÉÔòÉÔòÉÔòÉÔòÉÔòÉÔòÉÔòÉÔòÉÔòÉÔòÉÔòÉÔòÉÔòÉÔòÉÔòÉÔòÉ
[DEBUG create_order] API RESPONSE RECEIVED
[DEBUG create_order] ÔòÉÔòÉÔòÉÔòÉÔòÉÔòÉÔòÉÔòÉÔòÉÔòÉÔòÉÔòÉÔòÉÔòÉÔòÉÔòÉÔòÉÔòÉÔòÉÔòÉÔòÉÔòÉÔòÉÔòÉÔòÉÔòÉÔòÉÔòÉÔòÉÔòÉÔòÉÔòÉÔòÉÔòÉÔòÉÔòÉÔòÉÔòÉÔòÉÔòÉ
[DEBUG create_order] Response code: 21120
[DEBUG create_order] Response message: invalid signature
[DEBUG create_order] Nonce used: 982
[DEBUG create_order] ÔØîÔØîÔØî INVALID SIGNATURE ERROR ÔØîÔØîÔØî (code 21120) - Nonce used: 982
[DEBUG create_order] ÔòÉÔòÉÔòÉÔòÉÔòÉÔòÉÔòÉÔòÉÔòÉÔòÉÔòÉÔòÉÔòÉÔòÉÔòÉÔòÉÔòÉÔòÉÔòÉÔòÉÔòÉÔòÉÔòÉÔòÉÔòÉÔòÉÔòÉÔòÉÔòÉÔòÉÔòÉÔòÉÔòÉÔòÉÔòÉÔòÉÔòÉÔòÉÔòÉÔòÉ
[DEBUG create_order] FAILED SIGNATURE - COMPARE WITH SUCCESSFUL ONES
[DEBUG create_order] ÔòÉÔòÉÔòÉÔòÉÔòÉÔòÉÔòÉÔòÉÔòÉÔòÉÔòÉÔòÉÔòÉÔòÉÔòÉÔòÉÔòÉÔòÉÔòÉÔòÉÔòÉÔòÉÔòÉÔòÉÔòÉÔòÉÔòÉÔòÉÔòÉÔòÉÔòÉÔòÉÔòÉÔòÉÔòÉÔòÉÔòÉÔòÉÔòÉÔòÉ
[DEBUG create_order] This could be nonce sync issue or signature computation issue
[DEBUG fetch_nonce_from_api] Requesting nonce from: https://mainnet.zklighter.elliot.ai/api/v1/nextNonce?account_index=237600&api_key_index=4
[DEBUG fetch_nonce_from_api] Received nonce: 982
[DEBUG refresh_nonce_cache] Refreshed nonce: 982
[DEBUG create_order] ========================================
  ÔØî [36] INVALID SIGNATURE (Code: 21120) - Check debug logs for nonce

[DEBUG create_order] ========================================
[DEBUG create_order] Starting order creation for client_order_index: 1763069202997
[DEBUG get_next_nonce_from_cache] Fetching nonce from API
[DEBUG fetch_nonce_from_api] Requesting nonce from: https://mainnet.zklighter.elliot.ai/api/v1/nextNonce?account_index=237600&api_key_index=4
[DEBUG fetch_nonce_from_api] Received nonce: 982
[DEBUG get_next_nonce_from_cache] Fetched nonce from API: 982
[DEBUG create_order] ========================================
[DEBUG create_order] Order: client_order_index=1763069202997
[DEBUG create_order] Nonce obtained: 982
[DEBUG create_order] ÔòÉÔòÉÔòÉÔòÉÔòÉÔòÉÔòÉÔòÉÔòÉÔòÉÔòÉÔòÉÔòÉÔòÉÔòÉÔòÉÔòÉÔòÉÔòÉÔòÉÔòÉÔòÉÔòÉÔòÉÔòÉÔòÉÔòÉÔòÉÔòÉÔòÉÔòÉÔòÉÔòÉÔòÉÔòÉÔòÉÔòÉÔòÉÔòÉÔòÉ
[DEBUG create_order] STARTING SIGNATURE COMPUTATION
[DEBUG create_order] ÔòÉÔòÉÔòÉÔòÉÔòÉÔòÉÔòÉÔòÉÔòÉÔòÉÔòÉÔòÉÔòÉÔòÉÔòÉÔòÉÔòÉÔòÉÔòÉÔòÉÔòÉÔòÉÔòÉÔòÉÔòÉÔòÉÔòÉÔòÉÔòÉÔòÉÔòÉÔòÉÔòÉÔòÉÔòÉÔòÉÔòÉÔòÉÔòÉÔòÉ
[DEBUG create_order] Timestamp: now=1763069323628, expired_at=1763069922628
[DEBUG create_order] Transaction JSON (before signing): {"AccountIndex":237600,"ApiKeyIndex":4,"BaseAmount":1000,"ClientOrderIndex":1763069202997,"Expi
redAt":1763069922628,"IsAsk":0,"MarketIndex":0,"Nonce":982,"OrderExpiry":0,"Price":500000000,"ReduceOnly":0,"Sig":"","TimeInForce":0,"TriggerPrice":0,"
Type":1}
[DEBUG sign_transaction_internal] Starting signature computation
[DEBUG sign_transaction_internal] tx_type: 14
[DEBUG sign_transaction_internal] Extracted fields:
  chain_id: 304
  nonce: 982
  expired_at: 1763069922628
  account_index: 237600
  api_key_index: 4
[DEBUG sign_transaction_internal] CREATE_ORDER fields:
  market_index: 0
  client_order_index: 1763069202997
  base_amount: 1000
  price: 500000000
  is_ask: 0
  order_type: 1
  time_in_force: 0
  reduce_only: 0
  trigger_price: 0
  order_expiry: 0
[DEBUG sign_transaction_internal] Hash input elements count: 16
[DEBUG sign_transaction_internal] Hash input elements:
  [0] Element 0: 304 (u64)
  [1] Element 1: 14 (u64)
  [2] Element 2: 982 (u64)
  [3] Element 3: 1763069922628 (u64)
  [4] Element 4: 237600 (u64)
  [5] Element 5: 4 (u64)
  [6] Element 6: 0 (u64)
  [7] Element 7: 1763069202997 (u64)
  [8] Element 8: 1000 (u64)
  [9] Element 9: 500000000 (u64)
  [10] Element 10: 0 (u64)
  [11] Element 11: 1 (u64)
  [12] Element 12: 0 (u64)
  [13] Element 13: 0 (u64)
  [14] Element 14: 0 (u64)
  [15] Element 15: 0 (u64)
[DEBUG sign_transaction_internal] Computing Poseidon2 hash with 16 elements
[DEBUG sign_transaction_internal] Transaction hash (40 bytes): a0b587dcc567c205a11c063f8f65f812d3bf2ffd56839ac94c18534a61eea433618e5a8a8369c40b
[DEBUG sign_transaction_internal] Transaction hash (first 8 bytes as u64): 415008215177606560
[DEBUG sign_transaction_internal] Calling key_manager.sign() with hash: 
a0b587dcc567c205a11c063f8f65f812d3bf2ffd56839ac94c18534a61eea433618e5a8a8369c40b
[DEBUG signer::sign] Starting signature generation
[DEBUG signer::sign] Message hash: a0b587dcc567c205a11c063f8f65f812d3bf2ffd56839ac94c18534a61eea433618e5a8a8369c40b
[DEBUG signer::sign] Generated random nonce: d0df6e883e6f90978f85806f2f0a5a8596d10b0241e91e5b4439c9150d25a549b45bd7e86bb006cf
[DEBUG signer::sign_with_fixed_nonce] Signing with fixed nonce
[DEBUG signer::sign_with_fixed_nonce] Private key (first 16 bytes): 79699d9819553fc6eee1b5e50af049d7...
[DEBUG signer::sign_with_fixed_nonce] Calling crypto::schnorr::sign_with_nonce
[DEBUG crypto::sign_with_nonce] ========================================
[DEBUG crypto::sign_with_nonce] Starting Schnorr signature
[DEBUG crypto::sign_with_nonce] Private key length: 40
[DEBUG crypto::sign_with_nonce] Message length: 40
[DEBUG crypto::sign_with_nonce] Nonce bytes length: 40
[DEBUG crypto::sign_with_nonce] Message hash: a0b587dcc567c205a11c063f8f65f812d3bf2ffd56839ac94c18534a61eea433618e5a8a8369c40b
[DEBUG crypto::sign_with_nonce] Nonce bytes: d0df6e883e6f90978f85806f2f0a5a8596d10b0241e91e5b4439c9150d25a549b45bd7e86bb006cf
[DEBUG crypto::sign_with_nonce] Private key converted to scalar
[DEBUG crypto::sign_with_nonce] Nonce converted to scalar
[DEBUG crypto::sign_with_nonce] Message converted to Fp5Element
[DEBUG crypto::sign_with_nonce] Step 1: Computing R = nonce * G
[DEBUG crypto::sign_with_nonce] R encoded (full 40 bytes): a5b8e33557ae1b7119783674d2e1065a4b8bc804e649dbaa6e84fd37c1409bf085313ca747613695
[DEBUG crypto::sign_with_nonce] R Fp5 elements:
  R[0] = 8150299640246548645 (u64)
  R[1] = 6487120607282886681 (u64)
  R[2] = 12311515258618940235 (u64)
  R[3] = 17337522389105083502 (u64)
  R[4] = 10751888120769950085 (u64)
[DEBUG crypto::sign_with_nonce] Step 2: Computing challenge e = H(R || message)
[DEBUG crypto::sign_with_nonce] Pre-image prepared (10 elements):
  PreImage[0] = 8150299640246548645 (u64)
  PreImage[1] = 6487120607282886681 (u64)
  PreImage[2] = 12311515258618940235 (u64)
  PreImage[3] = 17337522389105083502 (u64)
  PreImage[4] = 10751888120769950085 (u64)
  PreImage[5] = 415008215177606560 (u64)
  PreImage[6] = 1366954152819039393 (u64)
  PreImage[7] = 14527067957675147219 (u64)
  PreImage[8] = 3721361293741070412 (u64)
  PreImage[9] = 847918643535318625 (u64)
[DEBUG crypto::sign_with_nonce] Challenge e computed (40 bytes): 2831ad3a4f648fe0fea1ff2662e536ffaf5f692ed901d881abe309d570037fd9b76758e58054063b
[DEBUG crypto::sign_with_nonce] Challenge e (first 8 bytes as u64): 16181262277615104296
[DEBUG crypto::sign_with_nonce] Step 3: Computing s = nonce - e * private_key
[DEBUG crypto::sign_with_nonce] Response s computed (40 bytes): aebeb3c13f10b449facc1084784f3f47237065a697cada23ed8786466257dd7568a8c3dac093c39d
[DEBUG crypto::sign_with_nonce] Response s (first 8 bytes as u64): 5310887726595423918
[DEBUG crypto::sign_with_nonce] Step 4: Assembling signature (s || e)
[DEBUG crypto::sign_with_nonce] Final signature: aebeb3c13f10b449facc1084784f3f47237065a697cada23ed8786466257dd7568a8c3dac093c39d2831ad3a4f648fe0fea1ff
2662e536ffaf5f692ed901d881abe309d570037fd9b76758e58054063b
[DEBUG crypto::sign_with_nonce] ========================================
[DEBUG signer::sign_with_fixed_nonce] Signature from crypto: aebeb3c13f10b449facc1084784f3f47237065a697cada23ed8786466257dd7568a8c3dac093c39d2831ad3a4f
648fe0fea1ff2662e536ffaf5f692ed901d881abe309d570037fd9b76758e58054063b (length: 80)
[DEBUG signer::sign_with_fixed_nonce] Final signature: aebeb3c13f10b449facc1084784f3f47237065a697cada23ed8786466257dd7568a8c3dac093c39d2831ad3a4f648fe0
fea1ff2662e536ffaf5f692ed901d881abe309d570037fd9b76758e58054063b
[DEBUG sign_transaction_internal] Signature returned (80 bytes): aebeb3c13f10b449facc1084784f3f47237065a697cada23ed8786466257dd7568a8c3dac093c39d2831ad
3a4f648fe0fea1ff2662e536ffaf5f692ed901d881abe309d570037fd9b76758e58054063b
[DEBUG sign_transaction_internal] Signature s (first 40 bytes): aebeb3c13f10b449facc1084784f3f47237065a697cada23ed8786466257dd7568a8c3dac093c39d
[DEBUG sign_transaction_internal] Signature e (last 40 bytes): 2831ad3a4f648fe0fea1ff2662e536ffaf5f692ed901d881abe309d570037fd9b76758e58054063b
[DEBUG create_order] Signature generated: aebeb3c13f10b449facc1084784f3f47237065a697cada23ed8786466257dd7568a8c3dac093c39d2831ad3a4f648fe0fea1ff2662e53
6ffaf5f692ed901d881abe309d570037fd9b76758e58054063b (length: 80)
[DEBUG create_order] Signature (base64): rr6zwT8QtEn6zBCEeE8/RyNwZaaXytoj7YeGRmJX3XVoqMPawJPDnSgxrTpPZI/g/qH/JmLlNv+vX2ku2QHYgavjCdVwA3/Zt2dY5YBUBjs=
[DEBUG create_order] Final transaction JSON: {"AccountIndex":237600,"ApiKeyIndex":4,"BaseAmount":1000,"ClientOrderIndex":1763069202997,"ExpiredAt":1763
069922628,"IsAsk":0,"MarketIndex":0,"Nonce":982,"OrderExpiry":0,"Price":500000000,"ReduceOnly":0,"Sig":"rr6zwT8QtEn6zBCEeE8/RyNwZaaXytoj7YeGRmJX3XVoqMP
awJPDnSgxrTpPZI/g/qH/JmLlNv+vX2ku2QHYgavjCdVwA3/Zt2dY5YBUBjs=","TimeInForce":0,"TriggerPrice":0,"Type":1}
[DEBUG create_order] Sending to: https://mainnet.zklighter.elliot.ai/api/v1/sendTx
[DEBUG create_order] Response status: 400 Bad Request, body: {"code":21120,"message":"invalid signature"}
[DEBUG create_order] ÔòÉÔòÉÔòÉÔòÉÔòÉÔòÉÔòÉÔòÉÔòÉÔòÉÔòÉÔòÉÔòÉÔòÉÔòÉÔòÉÔòÉÔòÉÔòÉÔòÉÔòÉÔòÉÔòÉÔòÉÔòÉÔòÉÔòÉÔòÉÔòÉÔòÉÔòÉÔòÉÔòÉÔòÉÔòÉÔòÉÔòÉÔòÉÔòÉÔòÉ
[DEBUG create_order] API RESPONSE RECEIVED
[DEBUG create_order] ÔòÉÔòÉÔòÉÔòÉÔòÉÔòÉÔòÉÔòÉÔòÉÔòÉÔòÉÔòÉÔòÉÔòÉÔòÉÔòÉÔòÉÔòÉÔòÉÔòÉÔòÉÔòÉÔòÉÔòÉÔòÉÔòÉÔòÉÔòÉÔòÉÔòÉÔòÉÔòÉÔòÉÔòÉÔòÉÔòÉÔòÉÔòÉÔòÉÔòÉ
[DEBUG create_order] Response code: 21120
[DEBUG create_order] Response message: invalid signature
[DEBUG create_order] Nonce used: 982
[DEBUG create_order] ÔØîÔØîÔØî INVALID SIGNATURE ERROR ÔØîÔØîÔØî (code 21120) - Nonce used: 982
[DEBUG create_order] ÔòÉÔòÉÔòÉÔòÉÔòÉÔòÉÔòÉÔòÉÔòÉÔòÉÔòÉÔòÉÔòÉÔòÉÔòÉÔòÉÔòÉÔòÉÔòÉÔòÉÔòÉÔòÉÔòÉÔòÉÔòÉÔòÉÔòÉÔòÉÔòÉÔòÉÔòÉÔòÉÔòÉÔòÉÔòÉÔòÉÔòÉÔòÉÔòÉÔòÉ
[DEBUG create_order] FAILED SIGNATURE - COMPARE WITH SUCCESSFUL ONES
[DEBUG create_order] ÔòÉÔòÉÔòÉÔòÉÔòÉÔòÉÔòÉÔòÉÔòÉÔòÉÔòÉÔòÉÔòÉÔòÉÔòÉÔòÉÔòÉÔòÉÔòÉÔòÉÔòÉÔòÉÔòÉÔòÉÔòÉÔòÉÔòÉÔòÉÔòÉÔòÉÔòÉÔòÉÔòÉÔòÉÔòÉÔòÉÔòÉÔòÉÔòÉÔòÉ
[DEBUG create_order] This could be nonce sync issue or signature computation issue
[DEBUG fetch_nonce_from_api] Requesting nonce from: https://mainnet.zklighter.elliot.ai/api/v1/nextNonce?account_index=237600&api_key_index=4
[DEBUG fetch_nonce_from_api] Received nonce: 982
[DEBUG refresh_nonce_cache] Refreshed nonce: 982
[DEBUG create_order] ========================================
  ÔØî [37] INVALID SIGNATURE (Code: 21120) - Check debug logs for nonce

[DEBUG create_order] ========================================
[DEBUG create_order] Starting order creation for client_order_index: 1763069202998
[DEBUG get_next_nonce_from_cache] Fetching nonce from API
[DEBUG fetch_nonce_from_api] Requesting nonce from: https://mainnet.zklighter.elliot.ai/api/v1/nextNonce?account_index=237600&api_key_index=4
[DEBUG fetch_nonce_from_api] Received nonce: 982
[DEBUG get_next_nonce_from_cache] Fetched nonce from API: 982
[DEBUG create_order] ========================================
[DEBUG create_order] Order: client_order_index=1763069202998
[DEBUG create_order] Nonce obtained: 982
[DEBUG create_order] ÔòÉÔòÉÔòÉÔòÉÔòÉÔòÉÔòÉÔòÉÔòÉÔòÉÔòÉÔòÉÔòÉÔòÉÔòÉÔòÉÔòÉÔòÉÔòÉÔòÉÔòÉÔòÉÔòÉÔòÉÔòÉÔòÉÔòÉÔòÉÔòÉÔòÉÔòÉÔòÉÔòÉÔòÉÔòÉÔòÉÔòÉÔòÉÔòÉÔòÉ
[DEBUG create_order] STARTING SIGNATURE COMPUTATION
[DEBUG create_order] ÔòÉÔòÉÔòÉÔòÉÔòÉÔòÉÔòÉÔòÉÔòÉÔòÉÔòÉÔòÉÔòÉÔòÉÔòÉÔòÉÔòÉÔòÉÔòÉÔòÉÔòÉÔòÉÔòÉÔòÉÔòÉÔòÉÔòÉÔòÉÔòÉÔòÉÔòÉÔòÉÔòÉÔòÉÔòÉÔòÉÔòÉÔòÉÔòÉÔòÉ
[DEBUG create_order] Timestamp: now=1763069326997, expired_at=1763069925997
[DEBUG create_order] Transaction JSON (before signing): {"AccountIndex":237600,"ApiKeyIndex":4,"BaseAmount":1000,"ClientOrderIndex":1763069202998,"Expi
redAt":1763069925997,"IsAsk":0,"MarketIndex":0,"Nonce":982,"OrderExpiry":0,"Price":500000000,"ReduceOnly":0,"Sig":"","TimeInForce":0,"TriggerPrice":0,"
Type":1}
[DEBUG sign_transaction_internal] Starting signature computation
[DEBUG sign_transaction_internal] tx_type: 14
[DEBUG sign_transaction_internal] Extracted fields:
  chain_id: 304
  nonce: 982
  expired_at: 1763069925997
  account_index: 237600
  api_key_index: 4
[DEBUG sign_transaction_internal] CREATE_ORDER fields:
  market_index: 0
  client_order_index: 1763069202998
  base_amount: 1000
  price: 500000000
  is_ask: 0
  order_type: 1
  time_in_force: 0
  reduce_only: 0
  trigger_price: 0
  order_expiry: 0
[DEBUG sign_transaction_internal] Hash input elements count: 16
[DEBUG sign_transaction_internal] Hash input elements:
  [0] Element 0: 304 (u64)
  [1] Element 1: 14 (u64)
  [2] Element 2: 982 (u64)
  [3] Element 3: 1763069925997 (u64)
  [4] Element 4: 237600 (u64)
  [5] Element 5: 4 (u64)
  [6] Element 6: 0 (u64)
  [7] Element 7: 1763069202998 (u64)
  [8] Element 8: 1000 (u64)
  [9] Element 9: 500000000 (u64)
  [10] Element 10: 0 (u64)
  [11] Element 11: 1 (u64)
  [12] Element 12: 0 (u64)
  [13] Element 13: 0 (u64)
  [14] Element 14: 0 (u64)
  [15] Element 15: 0 (u64)
[DEBUG sign_transaction_internal] Computing Poseidon2 hash with 16 elements
[DEBUG sign_transaction_internal] Transaction hash (40 bytes): acf34c07a56834c24602e44bf63a2ff3aa02439eb41d5eab3e203fb7fe67eccbc41e4c9a44a2c75f
[DEBUG sign_transaction_internal] Transaction hash (first 8 bytes as u64): 13993925000148349868
[DEBUG sign_transaction_internal] Calling key_manager.sign() with hash: 
acf34c07a56834c24602e44bf63a2ff3aa02439eb41d5eab3e203fb7fe67eccbc41e4c9a44a2c75f
[DEBUG signer::sign] Starting signature generation
[DEBUG signer::sign] Message hash: acf34c07a56834c24602e44bf63a2ff3aa02439eb41d5eab3e203fb7fe67eccbc41e4c9a44a2c75f
[DEBUG signer::sign] Generated random nonce: e6055b58af384542c61d553c1080f738a13fc6b7c2d521491cb1946d13f1570f5dddb721f1e45e10
[DEBUG signer::sign_with_fixed_nonce] Signing with fixed nonce
[DEBUG signer::sign_with_fixed_nonce] Private key (first 16 bytes): 79699d9819553fc6eee1b5e50af049d7...
[DEBUG signer::sign_with_fixed_nonce] Calling crypto::schnorr::sign_with_nonce
[DEBUG crypto::sign_with_nonce] ========================================
[DEBUG crypto::sign_with_nonce] Starting Schnorr signature
[DEBUG crypto::sign_with_nonce] Private key length: 40
[DEBUG crypto::sign_with_nonce] Message length: 40
[DEBUG crypto::sign_with_nonce] Nonce bytes length: 40
[DEBUG crypto::sign_with_nonce] Message hash: acf34c07a56834c24602e44bf63a2ff3aa02439eb41d5eab3e203fb7fe67eccbc41e4c9a44a2c75f
[DEBUG crypto::sign_with_nonce] Nonce bytes: e6055b58af384542c61d553c1080f738a13fc6b7c2d521491cb1946d13f1570f5dddb721f1e45e10
[DEBUG crypto::sign_with_nonce] Private key converted to scalar
[DEBUG crypto::sign_with_nonce] Nonce converted to scalar
[DEBUG crypto::sign_with_nonce] Message converted to Fp5Element
[DEBUG crypto::sign_with_nonce] Step 1: Computing R = nonce * G
[DEBUG crypto::sign_with_nonce] R encoded (full 40 bytes): a0b4e282203fad02d59025202ffe577c88ae4e6b27d2d1235266d65f1c0a1eb8efeb0e2bed723444
[DEBUG crypto::sign_with_nonce] R Fp5 elements:
  R[0] = 192879767914198176 (u64)
  R[1] = 8959909462033141973 (u64)
  R[2] = 2581075128205880968 (u64)
  R[3] = 13267052669263308370 (u64)
  R[4] = 4914679456323267567 (u64)
[DEBUG crypto::sign_with_nonce] Step 2: Computing challenge e = H(R || message)
[DEBUG crypto::sign_with_nonce] Pre-image prepared (10 elements):
  PreImage[0] = 192879767914198176 (u64)
  PreImage[1] = 8959909462033141973 (u64)
  PreImage[2] = 2581075128205880968 (u64)
  PreImage[3] = 13267052669263308370 (u64)
  PreImage[4] = 4914679456323267567 (u64)
  PreImage[5] = 13993925000148349868 (u64)
  PreImage[6] = 17523289504631489094 (u64)
  PreImage[7] = 12348339889882989226 (u64)
  PreImage[8] = 14694234027896807486 (u64)
  PreImage[9] = 6901663369498730180 (u64)
[DEBUG crypto::sign_with_nonce] Challenge e computed (40 bytes): 75e4fba159d815e5ca12d83ee88b1fd2369a56747d7e9e1c3cfe942aec5ff499f8e074a30b25735f
[DEBUG crypto::sign_with_nonce] Challenge e (first 8 bytes as u64): 16507337888677749877
[DEBUG crypto::sign_with_nonce] Step 3: Computing s = nonce - e * private_key
[DEBUG crypto::sign_with_nonce] Response s computed (40 bytes): 991da71e2d39d123eb751f52e115ba5e6a8d4f0765bf0e7741157f39895937d8a0a887b5915edd3d
[DEBUG crypto::sign_with_nonce] Response s (first 8 bytes as u64): 2580906927410584985
[DEBUG crypto::sign_with_nonce] Step 4: Assembling signature (s || e)
[DEBUG crypto::sign_with_nonce] Final signature: 991da71e2d39d123eb751f52e115ba5e6a8d4f0765bf0e7741157f39895937d8a0a887b5915edd3d75e4fba159d815e5ca12d8
3ee88b1fd2369a56747d7e9e1c3cfe942aec5ff499f8e074a30b25735f
[DEBUG crypto::sign_with_nonce] ========================================
[DEBUG signer::sign_with_fixed_nonce] Signature from crypto: 991da71e2d39d123eb751f52e115ba5e6a8d4f0765bf0e7741157f39895937d8a0a887b5915edd3d75e4fba159
d815e5ca12d83ee88b1fd2369a56747d7e9e1c3cfe942aec5ff499f8e074a30b25735f (length: 80)
[DEBUG signer::sign_with_fixed_nonce] Final signature: 991da71e2d39d123eb751f52e115ba5e6a8d4f0765bf0e7741157f39895937d8a0a887b5915edd3d75e4fba159d815e5
ca12d83ee88b1fd2369a56747d7e9e1c3cfe942aec5ff499f8e074a30b25735f
[DEBUG sign_transaction_internal] Signature returned (80 bytes): 991da71e2d39d123eb751f52e115ba5e6a8d4f0765bf0e7741157f39895937d8a0a887b5915edd3d75e4fb
a159d815e5ca12d83ee88b1fd2369a56747d7e9e1c3cfe942aec5ff499f8e074a30b25735f
[DEBUG sign_transaction_internal] Signature s (first 40 bytes): 991da71e2d39d123eb751f52e115ba5e6a8d4f0765bf0e7741157f39895937d8a0a887b5915edd3d
[DEBUG sign_transaction_internal] Signature e (last 40 bytes): 75e4fba159d815e5ca12d83ee88b1fd2369a56747d7e9e1c3cfe942aec5ff499f8e074a30b25735f
[DEBUG create_order] Signature generated: 991da71e2d39d123eb751f52e115ba5e6a8d4f0765bf0e7741157f39895937d8a0a887b5915edd3d75e4fba159d815e5ca12d83ee88b1
fd2369a56747d7e9e1c3cfe942aec5ff499f8e074a30b25735f (length: 80)
[DEBUG create_order] Signature (base64): mR2nHi050SPrdR9S4RW6XmqNTwdlvw53QRV/OYlZN9igqIe1kV7dPXXk+6FZ2BXlyhLYPuiLH9I2mlZ0fX6eHDz+lCrsX/SZ+OB0owslc18=
[DEBUG create_order] Final transaction JSON: {"AccountIndex":237600,"ApiKeyIndex":4,"BaseAmount":1000,"ClientOrderIndex":1763069202998,"ExpiredAt":1763
069925997,"IsAsk":0,"MarketIndex":0,"Nonce":982,"OrderExpiry":0,"Price":500000000,"ReduceOnly":0,"Sig":"mR2nHi050SPrdR9S4RW6XmqNTwdlvw53QRV/OYlZN9igqIe
1kV7dPXXk+6FZ2BXlyhLYPuiLH9I2mlZ0fX6eHDz+lCrsX/SZ+OB0owslc18=","TimeInForce":0,"TriggerPrice":0,"Type":1}
[DEBUG create_order] Sending to: https://mainnet.zklighter.elliot.ai/api/v1/sendTx
[DEBUG create_order] Response status: 200 OK, body: {"code":200,"message":"{\"ratelimit\": \"697 volume quota remained\"}","tx_hash":"acf34c07a56834c24
602e44bf63a2ff3aa02439eb41d5eab3e203fb7fe67eccbc41e4c9a44a2c75f","predicted_execution_time_ms":1763069326217,"volume_quota_remaining":697}
[DEBUG create_order] ÔòÉÔòÉÔòÉÔòÉÔòÉÔòÉÔòÉÔòÉÔòÉÔòÉÔòÉÔòÉÔòÉÔòÉÔòÉÔòÉÔòÉÔòÉÔòÉÔòÉÔòÉÔòÉÔòÉÔòÉÔòÉÔòÉÔòÉÔòÉÔòÉÔòÉÔòÉÔòÉÔòÉÔòÉÔòÉÔòÉÔòÉÔòÉÔòÉÔòÉ
[DEBUG create_order] API RESPONSE RECEIVED
[DEBUG create_order] ÔòÉÔòÉÔòÉÔòÉÔòÉÔòÉÔòÉÔòÉÔòÉÔòÉÔòÉÔòÉÔòÉÔòÉÔòÉÔòÉÔòÉÔòÉÔòÉÔòÉÔòÉÔòÉÔòÉÔòÉÔòÉÔòÉÔòÉÔòÉÔòÉÔòÉÔòÉÔòÉÔòÉÔòÉÔòÉÔòÉÔòÉÔòÉÔòÉÔòÉ
[DEBUG create_order] Response code: 200
[DEBUG create_order] Response message: {"ratelimit": "697 volume quota remained"}
[DEBUG create_order] Nonce used: 982
[DEBUG create_order] Ô£àÔ£àÔ£à SUCCESS Ô£àÔ£àÔ£à - Transaction succeeded with nonce 982
[DEBUG create_order] ÔòÉÔòÉÔòÉÔòÉÔòÉÔòÉÔòÉÔòÉÔòÉÔòÉÔòÉÔòÉÔòÉÔòÉÔòÉÔòÉÔòÉÔòÉÔòÉÔòÉÔòÉÔòÉÔòÉÔòÉÔòÉÔòÉÔòÉÔòÉÔòÉÔòÉÔòÉÔòÉÔòÉÔòÉÔòÉÔòÉÔòÉÔòÉÔòÉÔòÉ
[DEBUG create_order] SUCCESSFUL SIGNATURE - SAVE THIS FOR COMPARISON
[DEBUG create_order] ÔòÉÔòÉÔòÉÔòÉÔòÉÔòÉÔòÉÔòÉÔòÉÔòÉÔòÉÔòÉÔòÉÔòÉÔòÉÔòÉÔòÉÔòÉÔòÉÔòÉÔòÉÔòÉÔòÉÔòÉÔòÉÔòÉÔòÉÔòÉÔòÉÔòÉÔòÉÔòÉÔòÉÔòÉÔòÉÔòÉÔòÉÔòÉÔòÉÔòÉ
[DEBUG create_order] ========================================

[DEBUG create_order] ========================================
[DEBUG create_order] Starting order creation for client_order_index: 1763069202999
[DEBUG get_next_nonce_from_cache] Fetching nonce from API
[DEBUG fetch_nonce_from_api] Requesting nonce from: https://mainnet.zklighter.elliot.ai/api/v1/nextNonce?account_index=237600&api_key_index=4
[DEBUG fetch_nonce_from_api] Received nonce: 983
[DEBUG get_next_nonce_from_cache] Fetched nonce from API: 983
[DEBUG create_order] ========================================
[DEBUG create_order] Order: client_order_index=1763069202999
[DEBUG create_order] Nonce obtained: 983
[DEBUG create_order] ÔòÉÔòÉÔòÉÔòÉÔòÉÔòÉÔòÉÔòÉÔòÉÔòÉÔòÉÔòÉÔòÉÔòÉÔòÉÔòÉÔòÉÔòÉÔòÉÔòÉÔòÉÔòÉÔòÉÔòÉÔòÉÔòÉÔòÉÔòÉÔòÉÔòÉÔòÉÔòÉÔòÉÔòÉÔòÉÔòÉÔòÉÔòÉÔòÉÔòÉ
[DEBUG create_order] STARTING SIGNATURE COMPUTATION
[DEBUG create_order] ÔòÉÔòÉÔòÉÔòÉÔòÉÔòÉÔòÉÔòÉÔòÉÔòÉÔòÉÔòÉÔòÉÔòÉÔòÉÔòÉÔòÉÔòÉÔòÉÔòÉÔòÉÔòÉÔòÉÔòÉÔòÉÔòÉÔòÉÔòÉÔòÉÔòÉÔòÉÔòÉÔòÉÔòÉÔòÉÔòÉÔòÉÔòÉÔòÉÔòÉ
[DEBUG create_order] Timestamp: now=1763069330274, expired_at=1763069929274
[DEBUG create_order] Transaction JSON (before signing): {"AccountIndex":237600,"ApiKeyIndex":4,"BaseAmount":1000,"ClientOrderIndex":1763069202999,"Expi
redAt":1763069929274,"IsAsk":0,"MarketIndex":0,"Nonce":983,"OrderExpiry":0,"Price":500000000,"ReduceOnly":0,"Sig":"","TimeInForce":0,"TriggerPrice":0,"
Type":1}
[DEBUG sign_transaction_internal] Starting signature computation
[DEBUG sign_transaction_internal] tx_type: 14
[DEBUG sign_transaction_internal] Extracted fields:
  chain_id: 304
  nonce: 983
  expired_at: 1763069929274
  account_index: 237600
  api_key_index: 4
[DEBUG sign_transaction_internal] CREATE_ORDER fields:
  market_index: 0
  client_order_index: 1763069202999
  base_amount: 1000
  price: 500000000
  is_ask: 0
  order_type: 1
  time_in_force: 0
  reduce_only: 0
  trigger_price: 0
  order_expiry: 0
[DEBUG sign_transaction_internal] Hash input elements count: 16
[DEBUG sign_transaction_internal] Hash input elements:
  [0] Element 0: 304 (u64)
  [1] Element 1: 14 (u64)
  [2] Element 2: 983 (u64)
  [3] Element 3: 1763069929274 (u64)
  [4] Element 4: 237600 (u64)
  [5] Element 5: 4 (u64)
  [6] Element 6: 0 (u64)
  [7] Element 7: 1763069202999 (u64)
  [8] Element 8: 1000 (u64)
  [9] Element 9: 500000000 (u64)
  [10] Element 10: 0 (u64)
  [11] Element 11: 1 (u64)
  [12] Element 12: 0 (u64)
  [13] Element 13: 0 (u64)
  [14] Element 14: 0 (u64)
  [15] Element 15: 0 (u64)
[DEBUG sign_transaction_internal] Computing Poseidon2 hash with 16 elements
[DEBUG sign_transaction_internal] Transaction hash (40 bytes): 259a360a4d2fc697d0dffeede94677c382fde7be7f47df2a3b9c7af3d2ba5326f68a7f5f75a222ae
[DEBUG sign_transaction_internal] Transaction hash (first 8 bytes as u64): 10936480753046166053
[DEBUG sign_transaction_internal] Calling key_manager.sign() with hash: 
259a360a4d2fc697d0dffeede94677c382fde7be7f47df2a3b9c7af3d2ba5326f68a7f5f75a222ae
[DEBUG signer::sign] Starting signature generation
[DEBUG signer::sign] Message hash: 259a360a4d2fc697d0dffeede94677c382fde7be7f47df2a3b9c7af3d2ba5326f68a7f5f75a222ae
[DEBUG signer::sign] Generated random nonce: 3025108266e3aee16032868050bf60940d1686dd63913ce1e0b7def4f94550ec96ee96330c8c4d57
[DEBUG signer::sign_with_fixed_nonce] Signing with fixed nonce
[DEBUG signer::sign_with_fixed_nonce] Private key (first 16 bytes): 79699d9819553fc6eee1b5e50af049d7...
[DEBUG signer::sign_with_fixed_nonce] Calling crypto::schnorr::sign_with_nonce
[DEBUG crypto::sign_with_nonce] ========================================
[DEBUG crypto::sign_with_nonce] Starting Schnorr signature
[DEBUG crypto::sign_with_nonce] Private key length: 40
[DEBUG crypto::sign_with_nonce] Message length: 40
[DEBUG crypto::sign_with_nonce] Nonce bytes length: 40
[DEBUG crypto::sign_with_nonce] Message hash: 259a360a4d2fc697d0dffeede94677c382fde7be7f47df2a3b9c7af3d2ba5326f68a7f5f75a222ae
[DEBUG crypto::sign_with_nonce] Nonce bytes: 3025108266e3aee16032868050bf60940d1686dd63913ce1e0b7def4f94550ec96ee96330c8c4d57
[DEBUG crypto::sign_with_nonce] Private key converted to scalar
[DEBUG crypto::sign_with_nonce] Nonce converted to scalar
[DEBUG crypto::sign_with_nonce] Message converted to Fp5Element
[DEBUG crypto::sign_with_nonce] Step 1: Computing R = nonce * G
[DEBUG crypto::sign_with_nonce] R encoded (full 40 bytes): e9f7945b9d4db7b04177ce262fc706ac25aec040101fba34ac988f501697f107fdcdfa93d0cf467a
[DEBUG crypto::sign_with_nonce] R Fp5 elements:
  R[0] = 12733731809655060457 (u64)
  R[1] = 12395814029712324417 (u64)
  R[2] = 3799383390306741797 (u64)
  R[3] = 572404749749426348 (u64)
  R[4] = 8810958215739788797 (u64)
[DEBUG crypto::sign_with_nonce] Step 2: Computing challenge e = H(R || message)
[DEBUG crypto::sign_with_nonce] Pre-image prepared (10 elements):
  PreImage[0] = 12733731809655060457 (u64)
  PreImage[1] = 12395814029712324417 (u64)
  PreImage[2] = 3799383390306741797 (u64)
  PreImage[3] = 572404749749426348 (u64)
  PreImage[4] = 8810958215739788797 (u64)
  PreImage[5] = 10936480753046166053 (u64)
  PreImage[6] = 14084804330158743504 (u64)
  PreImage[7] = 3089266483388743042 (u64)
  PreImage[8] = 2761756411699043387 (u64)
  PreImage[9] = 12547770136804690678 (u64)
[DEBUG crypto::sign_with_nonce] Challenge e computed (40 bytes): 86b34cf5461b012f0909de916a7337067b2f0b551c5281b9c3e1a4416e963d62a6f8287388ba9932
[DEBUG crypto::sign_with_nonce] Challenge e (first 8 bytes as u64): 3387018386336428934
[DEBUG crypto::sign_with_nonce] Step 3: Computing s = nonce - e * private_key
[DEBUG crypto::sign_with_nonce] Response s computed (40 bytes): 62bccb78a63f1dbc981605fba17929be2c648ac1ba72f477395f51a563a4a3b1ec4634bc2c475403
[DEBUG crypto::sign_with_nonce] Response s (first 8 bytes as u64): 13555060437678799970
[DEBUG crypto::sign_with_nonce] Step 4: Assembling signature (s || e)
[DEBUG crypto::sign_with_nonce] Final signature: 62bccb78a63f1dbc981605fba17929be2c648ac1ba72f477395f51a563a4a3b1ec4634bc2c47540386b34cf5461b012f0909de
916a7337067b2f0b551c5281b9c3e1a4416e963d62a6f8287388ba9932
[DEBUG crypto::sign_with_nonce] ========================================
[DEBUG signer::sign_with_fixed_nonce] Signature from crypto: 62bccb78a63f1dbc981605fba17929be2c648ac1ba72f477395f51a563a4a3b1ec4634bc2c47540386b34cf546
1b012f0909de916a7337067b2f0b551c5281b9c3e1a4416e963d62a6f8287388ba9932 (length: 80)
[DEBUG signer::sign_with_fixed_nonce] Final signature: 62bccb78a63f1dbc981605fba17929be2c648ac1ba72f477395f51a563a4a3b1ec4634bc2c47540386b34cf5461b012f
0909de916a7337067b2f0b551c5281b9c3e1a4416e963d62a6f8287388ba9932
[DEBUG sign_transaction_internal] Signature returned (80 bytes): 62bccb78a63f1dbc981605fba17929be2c648ac1ba72f477395f51a563a4a3b1ec4634bc2c47540386b34c
f5461b012f0909de916a7337067b2f0b551c5281b9c3e1a4416e963d62a6f8287388ba9932
[DEBUG sign_transaction_internal] Signature s (first 40 bytes): 62bccb78a63f1dbc981605fba17929be2c648ac1ba72f477395f51a563a4a3b1ec4634bc2c475403
[DEBUG sign_transaction_internal] Signature e (last 40 bytes): 86b34cf5461b012f0909de916a7337067b2f0b551c5281b9c3e1a4416e963d62a6f8287388ba9932
[DEBUG create_order] Signature generated: 62bccb78a63f1dbc981605fba17929be2c648ac1ba72f477395f51a563a4a3b1ec4634bc2c47540386b34cf5461b012f0909de916a733
7067b2f0b551c5281b9c3e1a4416e963d62a6f8287388ba9932 (length: 80)
[DEBUG create_order] Signature (base64): YrzLeKY/HbyYFgX7oXkpvixkisG6cvR3OV9RpWOko7HsRjS8LEdUA4azTPVGGwEvCQnekWpzNwZ7LwtVHFKBucPhpEFulj1ipvgoc4i6mTI=
[DEBUG create_order] Final transaction JSON: {"AccountIndex":237600,"ApiKeyIndex":4,"BaseAmount":1000,"ClientOrderIndex":1763069202999,"ExpiredAt":1763
069929274,"IsAsk":0,"MarketIndex":0,"Nonce":983,"OrderExpiry":0,"Price":500000000,"ReduceOnly":0,"Sig":"YrzLeKY/HbyYFgX7oXkpvixkisG6cvR3OV9RpWOko7HsRjS
8LEdUA4azTPVGGwEvCQnekWpzNwZ7LwtVHFKBucPhpEFulj1ipvgoc4i6mTI=","TimeInForce":0,"TriggerPrice":0,"Type":1}
[DEBUG create_order] Sending to: https://mainnet.zklighter.elliot.ai/api/v1/sendTx
[DEBUG create_order] Response status: 200 OK, body: {"code":200,"message":"{\"ratelimit\": \"696 volume quota remained\"}","tx_hash":"259a360a4d2fc697d
0dffeede94677c382fde7be7f47df2a3b9c7af3d2ba5326f68a7f5f75a222ae","predicted_execution_time_ms":1763069329492,"volume_quota_remaining":696}
[DEBUG create_order] ÔòÉÔòÉÔòÉÔòÉÔòÉÔòÉÔòÉÔòÉÔòÉÔòÉÔòÉÔòÉÔòÉÔòÉÔòÉÔòÉÔòÉÔòÉÔòÉÔòÉÔòÉÔòÉÔòÉÔòÉÔòÉÔòÉÔòÉÔòÉÔòÉÔòÉÔòÉÔòÉÔòÉÔòÉÔòÉÔòÉÔòÉÔòÉÔòÉÔòÉ
[DEBUG create_order] API RESPONSE RECEIVED
[DEBUG create_order] ÔòÉÔòÉÔòÉÔòÉÔòÉÔòÉÔòÉÔòÉÔòÉÔòÉÔòÉÔòÉÔòÉÔòÉÔòÉÔòÉÔòÉÔòÉÔòÉÔòÉÔòÉÔòÉÔòÉÔòÉÔòÉÔòÉÔòÉÔòÉÔòÉÔòÉÔòÉÔòÉÔòÉÔòÉÔòÉÔòÉÔòÉÔòÉÔòÉÔòÉ
[DEBUG create_order] Response code: 200
[DEBUG create_order] Response message: {"ratelimit": "696 volume quota remained"}
[DEBUG create_order] Nonce used: 983
[DEBUG create_order] Ô£àÔ£àÔ£à SUCCESS Ô£àÔ£àÔ£à - Transaction succeeded with nonce 983
[DEBUG create_order] ÔòÉÔòÉÔòÉÔòÉÔòÉÔòÉÔòÉÔòÉÔòÉÔòÉÔòÉÔòÉÔòÉÔòÉÔòÉÔòÉÔòÉÔòÉÔòÉÔòÉÔòÉÔòÉÔòÉÔòÉÔòÉÔòÉÔòÉÔòÉÔòÉÔòÉÔòÉÔòÉÔòÉÔòÉÔòÉÔòÉÔòÉÔòÉÔòÉÔòÉ
[DEBUG create_order] SUCCESSFUL SIGNATURE - SAVE THIS FOR COMPARISON
[DEBUG create_order] ÔòÉÔòÉÔòÉÔòÉÔòÉÔòÉÔòÉÔòÉÔòÉÔòÉÔòÉÔòÉÔòÉÔòÉÔòÉÔòÉÔòÉÔòÉÔòÉÔòÉÔòÉÔòÉÔòÉÔòÉÔòÉÔòÉÔòÉÔòÉÔòÉÔòÉÔòÉÔòÉÔòÉÔòÉÔòÉÔòÉÔòÉÔòÉÔòÉÔòÉ
[DEBUG create_order] ========================================

[40/100] Sending order (nonce managed internally)
[DEBUG create_order] ========================================
[DEBUG create_order] Starting order creation for client_order_index: 1763069203000
[DEBUG get_next_nonce_from_cache] Fetching nonce from API
[DEBUG fetch_nonce_from_api] Requesting nonce from: https://mainnet.zklighter.elliot.ai/api/v1/nextNonce?account_index=237600&api_key_index=4
[DEBUG fetch_nonce_from_api] Received nonce: 984
[DEBUG get_next_nonce_from_cache] Fetched nonce from API: 984
[DEBUG create_order] ========================================
[DEBUG create_order] Order: client_order_index=1763069203000
[DEBUG create_order] Nonce obtained: 984
[DEBUG create_order] ÔòÉÔòÉÔòÉÔòÉÔòÉÔòÉÔòÉÔòÉÔòÉÔòÉÔòÉÔòÉÔòÉÔòÉÔòÉÔòÉÔòÉÔòÉÔòÉÔòÉÔòÉÔòÉÔòÉÔòÉÔòÉÔòÉÔòÉÔòÉÔòÉÔòÉÔòÉÔòÉÔòÉÔòÉÔòÉÔòÉÔòÉÔòÉÔòÉÔòÉ
[DEBUG create_order] STARTING SIGNATURE COMPUTATION
[DEBUG create_order] ÔòÉÔòÉÔòÉÔòÉÔòÉÔòÉÔòÉÔòÉÔòÉÔòÉÔòÉÔòÉÔòÉÔòÉÔòÉÔòÉÔòÉÔòÉÔòÉÔòÉÔòÉÔòÉÔòÉÔòÉÔòÉÔòÉÔòÉÔòÉÔòÉÔòÉÔòÉÔòÉÔòÉÔòÉÔòÉÔòÉÔòÉÔòÉÔòÉÔòÉ
[DEBUG create_order] Timestamp: now=1763069333560, expired_at=1763069932560
[DEBUG create_order] Transaction JSON (before signing): {"AccountIndex":237600,"ApiKeyIndex":4,"BaseAmount":1000,"ClientOrderIndex":1763069203000,"Expi
redAt":1763069932560,"IsAsk":0,"MarketIndex":0,"Nonce":984,"OrderExpiry":0,"Price":500000000,"ReduceOnly":0,"Sig":"","TimeInForce":0,"TriggerPrice":0,"
Type":1}
[DEBUG sign_transaction_internal] Starting signature computation
[DEBUG sign_transaction_internal] tx_type: 14
[DEBUG sign_transaction_internal] Extracted fields:
  chain_id: 304
  nonce: 984
  expired_at: 1763069932560
  account_index: 237600
  api_key_index: 4
[DEBUG sign_transaction_internal] CREATE_ORDER fields:
  market_index: 0
  client_order_index: 1763069203000
  base_amount: 1000
  price: 500000000
  is_ask: 0
  order_type: 1
  time_in_force: 0
  reduce_only: 0
  trigger_price: 0
  order_expiry: 0
[DEBUG sign_transaction_internal] Hash input elements count: 16
[DEBUG sign_transaction_internal] Hash input elements:
  [0] Element 0: 304 (u64)
  [1] Element 1: 14 (u64)
  [2] Element 2: 984 (u64)
  [3] Element 3: 1763069932560 (u64)
  [4] Element 4: 237600 (u64)
  [5] Element 5: 4 (u64)
  [6] Element 6: 0 (u64)
  [7] Element 7: 1763069203000 (u64)
  [8] Element 8: 1000 (u64)
  [9] Element 9: 500000000 (u64)
  [10] Element 10: 0 (u64)
  [11] Element 11: 1 (u64)
  [12] Element 12: 0 (u64)
  [13] Element 13: 0 (u64)
  [14] Element 14: 0 (u64)
  [15] Element 15: 0 (u64)
[DEBUG sign_transaction_internal] Computing Poseidon2 hash with 16 elements
[DEBUG sign_transaction_internal] Transaction hash (40 bytes): 007e935072a97fff02e6f35b07809ec39a6708182a59a782803ec868c4c1b20b2db4daa488ae1ec0
[DEBUG sign_transaction_internal] Transaction hash (first 8 bytes as u64): 18410620110157086208
[DEBUG sign_transaction_internal] Calling key_manager.sign() with hash: 
007e935072a97fff02e6f35b07809ec39a6708182a59a782803ec868c4c1b20b2db4daa488ae1ec0
[DEBUG signer::sign] Starting signature generation
[DEBUG signer::sign] Message hash: 007e935072a97fff02e6f35b07809ec39a6708182a59a782803ec868c4c1b20b2db4daa488ae1ec0
[DEBUG signer::sign] Generated random nonce: 4328a70ec4b095b3a5ad545b5075c3a7288b31f35d80fc378389d5db8c1907aadd2b8f3d0ee70288
[DEBUG signer::sign_with_fixed_nonce] Signing with fixed nonce
[DEBUG signer::sign_with_fixed_nonce] Private key (first 16 bytes): 79699d9819553fc6eee1b5e50af049d7...
[DEBUG signer::sign_with_fixed_nonce] Calling crypto::schnorr::sign_with_nonce
[DEBUG crypto::sign_with_nonce] ========================================
[DEBUG crypto::sign_with_nonce] Starting Schnorr signature
[DEBUG crypto::sign_with_nonce] Private key length: 40
[DEBUG crypto::sign_with_nonce] Message length: 40
[DEBUG crypto::sign_with_nonce] Nonce bytes length: 40
[DEBUG crypto::sign_with_nonce] Message hash: 007e935072a97fff02e6f35b07809ec39a6708182a59a782803ec868c4c1b20b2db4daa488ae1ec0
[DEBUG crypto::sign_with_nonce] Nonce bytes: 4328a70ec4b095b3a5ad545b5075c3a7288b31f35d80fc378389d5db8c1907aadd2b8f3d0ee70288
[DEBUG crypto::sign_with_nonce] Private key converted to scalar
[DEBUG crypto::sign_with_nonce] Nonce converted to scalar
[DEBUG crypto::sign_with_nonce] Message converted to Fp5Element
[DEBUG crypto::sign_with_nonce] Step 1: Computing R = nonce * G
[DEBUG crypto::sign_with_nonce] R encoded (full 40 bytes): ceed98019be23d5488ac25e732f29409e83b11c32a9addd11314fd1cf5b81c06ed5acf14f62e1234
[DEBUG crypto::sign_with_nonce] R Fp5 elements:
  R[0] = 6070257028139904462 (u64)
  R[1] = 690442943334821000 (u64)
  R[2] = 15122412632231984104 (u64)
  R[3] = 440430226468312083 (u64)
  R[4] = 3752113073999010541 (u64)
[DEBUG crypto::sign_with_nonce] Step 2: Computing challenge e = H(R || message)
[DEBUG crypto::sign_with_nonce] Pre-image prepared (10 elements):
  PreImage[0] = 6070257028139904462 (u64)
  PreImage[1] = 690442943334821000 (u64)
  PreImage[2] = 15122412632231984104 (u64)
  PreImage[3] = 440430226468312083 (u64)
  PreImage[4] = 3752113073999010541 (u64)
  PreImage[5] = 18410620110157086208 (u64)
  PreImage[6] = 14095844652812068354 (u64)
  PreImage[7] = 9414591583368013722 (u64)
  PreImage[8] = 842949129587408512 (u64)
  PreImage[9] = 13843694206488065069 (u64)
[DEBUG crypto::sign_with_nonce] Challenge e computed (40 bytes): 3d2d88b6da1eab46a6125f18d479e8d32a9cc023fda4d9df9fdc81fc0d8ea50e9f072162b8a75241
[DEBUG crypto::sign_with_nonce] Challenge e (first 8 bytes as u64): 5092197728386559293
[DEBUG crypto::sign_with_nonce] Step 3: Computing s = nonce - e * private_key
[DEBUG crypto::sign_with_nonce] Response s computed (40 bytes): 22cfd14eb88921fafffdbab44befca0f81a83a3788006a18869275bd3ca1b9ce80c54a820906ce49
[DEBUG crypto::sign_with_nonce] Response s (first 8 bytes as u64): 18023838608402796322
[DEBUG crypto::sign_with_nonce] Step 4: Assembling signature (s || e)
[DEBUG crypto::sign_with_nonce] Final signature: 22cfd14eb88921fafffdbab44befca0f81a83a3788006a18869275bd3ca1b9ce80c54a820906ce493d2d88b6da1eab46a6125f
18d479e8d32a9cc023fda4d9df9fdc81fc0d8ea50e9f072162b8a75241
[DEBUG crypto::sign_with_nonce] ========================================
[DEBUG signer::sign_with_fixed_nonce] Signature from crypto: 22cfd14eb88921fafffdbab44befca0f81a83a3788006a18869275bd3ca1b9ce80c54a820906ce493d2d88b6da
1eab46a6125f18d479e8d32a9cc023fda4d9df9fdc81fc0d8ea50e9f072162b8a75241 (length: 80)
[DEBUG signer::sign_with_fixed_nonce] Final signature: 22cfd14eb88921fafffdbab44befca0f81a83a3788006a18869275bd3ca1b9ce80c54a820906ce493d2d88b6da1eab46
a6125f18d479e8d32a9cc023fda4d9df9fdc81fc0d8ea50e9f072162b8a75241
[DEBUG sign_transaction_internal] Signature returned (80 bytes): 22cfd14eb88921fafffdbab44befca0f81a83a3788006a18869275bd3ca1b9ce80c54a820906ce493d2d88
b6da1eab46a6125f18d479e8d32a9cc023fda4d9df9fdc81fc0d8ea50e9f072162b8a75241
[DEBUG sign_transaction_internal] Signature s (first 40 bytes): 22cfd14eb88921fafffdbab44befca0f81a83a3788006a18869275bd3ca1b9ce80c54a820906ce49
[DEBUG sign_transaction_internal] Signature e (last 40 bytes): 3d2d88b6da1eab46a6125f18d479e8d32a9cc023fda4d9df9fdc81fc0d8ea50e9f072162b8a75241
[DEBUG create_order] Signature generated: 22cfd14eb88921fafffdbab44befca0f81a83a3788006a18869275bd3ca1b9ce80c54a820906ce493d2d88b6da1eab46a6125f18d479e
8d32a9cc023fda4d9df9fdc81fc0d8ea50e9f072162b8a75241 (length: 80)
[DEBUG create_order] Signature (base64): Is/RTriJIfr//bq0S+/KD4GoOjeIAGoYhpJ1vTyhuc6AxUqCCQbOST0tiLbaHqtGphJfGNR56NMqnMAj/aTZ35/cgfwNjqUOnwchYrinUkE=
[DEBUG create_order] Final transaction JSON: {"AccountIndex":237600,"ApiKeyIndex":4,"BaseAmount":1000,"ClientOrderIndex":1763069203000,"ExpiredAt":1763
069932560,"IsAsk":0,"MarketIndex":0,"Nonce":984,"OrderExpiry":0,"Price":500000000,"ReduceOnly":0,"Sig":"Is/RTriJIfr//bq0S+/KD4GoOjeIAGoYhpJ1vTyhuc6AxUq
CCQbOST0tiLbaHqtGphJfGNR56NMqnMAj/aTZ35/cgfwNjqUOnwchYrinUkE=","TimeInForce":0,"TriggerPrice":0,"Type":1}
[DEBUG create_order] Sending to: https://mainnet.zklighter.elliot.ai/api/v1/sendTx
[DEBUG create_order] Response status: 400 Bad Request, body: {"code":21120,"message":"invalid signature"}
[DEBUG create_order] ÔòÉÔòÉÔòÉÔòÉÔòÉÔòÉÔòÉÔòÉÔòÉÔòÉÔòÉÔòÉÔòÉÔòÉÔòÉÔòÉÔòÉÔòÉÔòÉÔòÉÔòÉÔòÉÔòÉÔòÉÔòÉÔòÉÔòÉÔòÉÔòÉÔòÉÔòÉÔòÉÔòÉÔòÉÔòÉÔòÉÔòÉÔòÉÔòÉÔòÉ
[DEBUG create_order] API RESPONSE RECEIVED
[DEBUG create_order] ÔòÉÔòÉÔòÉÔòÉÔòÉÔòÉÔòÉÔòÉÔòÉÔòÉÔòÉÔòÉÔòÉÔòÉÔòÉÔòÉÔòÉÔòÉÔòÉÔòÉÔòÉÔòÉÔòÉÔòÉÔòÉÔòÉÔòÉÔòÉÔòÉÔòÉÔòÉÔòÉÔòÉÔòÉÔòÉÔòÉÔòÉÔòÉÔòÉÔòÉ
[DEBUG create_order] Response code: 21120
[DEBUG create_order] Response message: invalid signature
[DEBUG create_order] Nonce used: 984
[DEBUG create_order] ÔØîÔØîÔØî INVALID SIGNATURE ERROR ÔØîÔØîÔØî (code 21120) - Nonce used: 984
[DEBUG create_order] ÔòÉÔòÉÔòÉÔòÉÔòÉÔòÉÔòÉÔòÉÔòÉÔòÉÔòÉÔòÉÔòÉÔòÉÔòÉÔòÉÔòÉÔòÉÔòÉÔòÉÔòÉÔòÉÔòÉÔòÉÔòÉÔòÉÔòÉÔòÉÔòÉÔòÉÔòÉÔòÉÔòÉÔòÉÔòÉÔòÉÔòÉÔòÉÔòÉÔòÉ
[DEBUG create_order] FAILED SIGNATURE - COMPARE WITH SUCCESSFUL ONES
[DEBUG create_order] ÔòÉÔòÉÔòÉÔòÉÔòÉÔòÉÔòÉÔòÉÔòÉÔòÉÔòÉÔòÉÔòÉÔòÉÔòÉÔòÉÔòÉÔòÉÔòÉÔòÉÔòÉÔòÉÔòÉÔòÉÔòÉÔòÉÔòÉÔòÉÔòÉÔòÉÔòÉÔòÉÔòÉÔòÉÔòÉÔòÉÔòÉÔòÉÔòÉÔòÉ
[DEBUG create_order] This could be nonce sync issue or signature computation issue
[DEBUG fetch_nonce_from_api] Requesting nonce from: https://mainnet.zklighter.elliot.ai/api/v1/nextNonce?account_index=237600&api_key_index=4
[DEBUG fetch_nonce_from_api] Received nonce: 984
[DEBUG refresh_nonce_cache] Refreshed nonce: 984
[DEBUG create_order] ========================================
  ÔØî [40] INVALID SIGNATURE (Code: 21120) - Check debug logs for nonce

[DEBUG create_order] ========================================
[DEBUG create_order] Starting order creation for client_order_index: 1763069203001
[DEBUG get_next_nonce_from_cache] Fetching nonce from API
[DEBUG fetch_nonce_from_api] Requesting nonce from: https://mainnet.zklighter.elliot.ai/api/v1/nextNonce?account_index=237600&api_key_index=4
[DEBUG fetch_nonce_from_api] Received nonce: 984
[DEBUG get_next_nonce_from_cache] Fetched nonce from API: 984
[DEBUG create_order] ========================================
[DEBUG create_order] Order: client_order_index=1763069203001
[DEBUG create_order] Nonce obtained: 984
[DEBUG create_order] ÔòÉÔòÉÔòÉÔòÉÔòÉÔòÉÔòÉÔòÉÔòÉÔòÉÔòÉÔòÉÔòÉÔòÉÔòÉÔòÉÔòÉÔòÉÔòÉÔòÉÔòÉÔòÉÔòÉÔòÉÔòÉÔòÉÔòÉÔòÉÔòÉÔòÉÔòÉÔòÉÔòÉÔòÉÔòÉÔòÉÔòÉÔòÉÔòÉÔòÉ
[DEBUG create_order] STARTING SIGNATURE COMPUTATION
[DEBUG create_order] ÔòÉÔòÉÔòÉÔòÉÔòÉÔòÉÔòÉÔòÉÔòÉÔòÉÔòÉÔòÉÔòÉÔòÉÔòÉÔòÉÔòÉÔòÉÔòÉÔòÉÔòÉÔòÉÔòÉÔòÉÔòÉÔòÉÔòÉÔòÉÔòÉÔòÉÔòÉÔòÉÔòÉÔòÉÔòÉÔòÉÔòÉÔòÉÔòÉÔòÉ
[DEBUG create_order] Timestamp: now=1763069336939, expired_at=1763069935939
[DEBUG create_order] Transaction JSON (before signing): {"AccountIndex":237600,"ApiKeyIndex":4,"BaseAmount":1000,"ClientOrderIndex":1763069203001,"Expi
redAt":1763069935939,"IsAsk":0,"MarketIndex":0,"Nonce":984,"OrderExpiry":0,"Price":500000000,"ReduceOnly":0,"Sig":"","TimeInForce":0,"TriggerPrice":0,"
Type":1}
[DEBUG sign_transaction_internal] Starting signature computation
[DEBUG sign_transaction_internal] tx_type: 14
[DEBUG sign_transaction_internal] Extracted fields:
  chain_id: 304
  nonce: 984
  expired_at: 1763069935939
  account_index: 237600
  api_key_index: 4
[DEBUG sign_transaction_internal] CREATE_ORDER fields:
  market_index: 0
  client_order_index: 1763069203001
  base_amount: 1000
  price: 500000000
  is_ask: 0
  order_type: 1
  time_in_force: 0
  reduce_only: 0
  trigger_price: 0
  order_expiry: 0
[DEBUG sign_transaction_internal] Hash input elements count: 16
[DEBUG sign_transaction_internal] Hash input elements:
  [0] Element 0: 304 (u64)
  [1] Element 1: 14 (u64)
  [2] Element 2: 984 (u64)
  [3] Element 3: 1763069935939 (u64)
  [4] Element 4: 237600 (u64)
  [5] Element 5: 4 (u64)
  [6] Element 6: 0 (u64)
  [7] Element 7: 1763069203001 (u64)
  [8] Element 8: 1000 (u64)
  [9] Element 9: 500000000 (u64)
  [10] Element 10: 0 (u64)
  [11] Element 11: 1 (u64)
  [12] Element 12: 0 (u64)
  [13] Element 13: 0 (u64)
  [14] Element 14: 0 (u64)
  [15] Element 15: 0 (u64)
[DEBUG sign_transaction_internal] Computing Poseidon2 hash with 16 elements
[DEBUG sign_transaction_internal] Transaction hash (40 bytes): ada4a8e82070c6e0b1140e58858c93ef7f8a1213ca62b6ac5f4f224d04245803e566e6d85419491d
[DEBUG sign_transaction_internal] Transaction hash (first 8 bytes as u64): 16196756396529198253
[DEBUG sign_transaction_internal] Calling key_manager.sign() with hash: 
ada4a8e82070c6e0b1140e58858c93ef7f8a1213ca62b6ac5f4f224d04245803e566e6d85419491d
[DEBUG signer::sign] Starting signature generation
[DEBUG signer::sign] Message hash: ada4a8e82070c6e0b1140e58858c93ef7f8a1213ca62b6ac5f4f224d04245803e566e6d85419491d
[DEBUG signer::sign] Generated random nonce: 784d2223d3226caaed562e2e69e12b0b61944f200cad33543402c1cd4b399b5954676a867e23843d
[DEBUG signer::sign_with_fixed_nonce] Signing with fixed nonce
[DEBUG signer::sign_with_fixed_nonce] Private key (first 16 bytes): 79699d9819553fc6eee1b5e50af049d7...
[DEBUG signer::sign_with_fixed_nonce] Calling crypto::schnorr::sign_with_nonce
[DEBUG crypto::sign_with_nonce] ========================================
[DEBUG crypto::sign_with_nonce] Starting Schnorr signature
[DEBUG crypto::sign_with_nonce] Private key length: 40
[DEBUG crypto::sign_with_nonce] Message length: 40
[DEBUG crypto::sign_with_nonce] Nonce bytes length: 40
[DEBUG crypto::sign_with_nonce] Message hash: ada4a8e82070c6e0b1140e58858c93ef7f8a1213ca62b6ac5f4f224d04245803e566e6d85419491d
[DEBUG crypto::sign_with_nonce] Nonce bytes: 784d2223d3226caaed562e2e69e12b0b61944f200cad33543402c1cd4b399b5954676a867e23843d
[DEBUG crypto::sign_with_nonce] Private key converted to scalar
[DEBUG crypto::sign_with_nonce] Nonce converted to scalar
[DEBUG crypto::sign_with_nonce] Message converted to Fp5Element
[DEBUG crypto::sign_with_nonce] Step 1: Computing R = nonce * G
[DEBUG crypto::sign_with_nonce] R encoded (full 40 bytes): fae392a48236dab2f6de1672a02694aa0e9ccfbfb3842c8fa8d5895615bb08b951da2e23eab0ed3e
[DEBUG crypto::sign_with_nonce] R Fp5 elements:
  R[0] = 12887673218408834042 (u64)
  R[1] = 12291491753551650550 (u64)
  R[2] = 10316766753951030286 (u64)
  R[3] = 13333112397150934440 (u64)
  R[4] = 4534474919491066449 (u64)
[DEBUG crypto::sign_with_nonce] Step 2: Computing challenge e = H(R || message)
[DEBUG crypto::sign_with_nonce] Pre-image prepared (10 elements):
  PreImage[0] = 12887673218408834042 (u64)
  PreImage[1] = 12291491753551650550 (u64)
  PreImage[2] = 10316766753951030286 (u64)
  PreImage[3] = 13333112397150934440 (u64)
  PreImage[4] = 4534474919491066449 (u64)
  PreImage[5] = 16196756396529198253 (u64)
  PreImage[6] = 17263296300977099953 (u64)
  PreImage[7] = 12445243240327842431 (u64)
  PreImage[8] = 240982180956884831 (u64)
  PreImage[9] = 2110245752606713573 (u64)
[DEBUG crypto::sign_with_nonce] Challenge e computed (40 bytes): 75d8aed72b22884c72e06cff63b268cc617a5ec505681cc8cd2c48124253611da674c4c823d17b31
[DEBUG crypto::sign_with_nonce] Challenge e (first 8 bytes as u64): 5514695315412670581
[DEBUG crypto::sign_with_nonce] Step 3: Computing s = nonce - e * private_key
[DEBUG crypto::sign_with_nonce] Response s computed (40 bytes): 5db2f114b7d2812e615a93fdf68d7a85f7fa569df9169739a72fed375cae8284c1ab377b0a77d629
[DEBUG crypto::sign_with_nonce] Response s (first 8 bytes as u64): 3351191281512591965
[DEBUG crypto::sign_with_nonce] Step 4: Assembling signature (s || e)
[DEBUG crypto::sign_with_nonce] Final signature: 5db2f114b7d2812e615a93fdf68d7a85f7fa569df9169739a72fed375cae8284c1ab377b0a77d62975d8aed72b22884c72e06c
ff63b268cc617a5ec505681cc8cd2c48124253611da674c4c823d17b31
[DEBUG crypto::sign_with_nonce] ========================================
[DEBUG signer::sign_with_fixed_nonce] Signature from crypto: 5db2f114b7d2812e615a93fdf68d7a85f7fa569df9169739a72fed375cae8284c1ab377b0a77d62975d8aed72b
22884c72e06cff63b268cc617a5ec505681cc8cd2c48124253611da674c4c823d17b31 (length: 80)
[DEBUG signer::sign_with_fixed_nonce] Final signature: 5db2f114b7d2812e615a93fdf68d7a85f7fa569df9169739a72fed375cae8284c1ab377b0a77d62975d8aed72b22884c
72e06cff63b268cc617a5ec505681cc8cd2c48124253611da674c4c823d17b31
[DEBUG sign_transaction_internal] Signature returned (80 bytes): 5db2f114b7d2812e615a93fdf68d7a85f7fa569df9169739a72fed375cae8284c1ab377b0a77d62975d8ae
d72b22884c72e06cff63b268cc617a5ec505681cc8cd2c48124253611da674c4c823d17b31
[DEBUG sign_transaction_internal] Signature s (first 40 bytes): 5db2f114b7d2812e615a93fdf68d7a85f7fa569df9169739a72fed375cae8284c1ab377b0a77d629
[DEBUG sign_transaction_internal] Signature e (last 40 bytes): 75d8aed72b22884c72e06cff63b268cc617a5ec505681cc8cd2c48124253611da674c4c823d17b31
[DEBUG create_order] Signature generated: 5db2f114b7d2812e615a93fdf68d7a85f7fa569df9169739a72fed375cae8284c1ab377b0a77d62975d8aed72b22884c72e06cff63b26
8cc617a5ec505681cc8cd2c48124253611da674c4c823d17b31 (length: 80)
[DEBUG create_order] Signature (base64): XbLxFLfSgS5hWpP99o16hff6Vp35Fpc5py/tN1yugoTBqzd7CnfWKXXYrtcrIohMcuBs/2OyaMxhel7FBWgcyM0sSBJCU2EdpnTEyCPRezE=
[DEBUG create_order] Final transaction JSON: {"AccountIndex":237600,"ApiKeyIndex":4,"BaseAmount":1000,"ClientOrderIndex":1763069203001,"ExpiredAt":1763
069935939,"IsAsk":0,"MarketIndex":0,"Nonce":984,"OrderExpiry":0,"Price":500000000,"ReduceOnly":0,"Sig":"XbLxFLfSgS5hWpP99o16hff6Vp35Fpc5py/tN1yugoTBqzd
7CnfWKXXYrtcrIohMcuBs/2OyaMxhel7FBWgcyM0sSBJCU2EdpnTEyCPRezE=","TimeInForce":0,"TriggerPrice":0,"Type":1}
[DEBUG create_order] Sending to: https://mainnet.zklighter.elliot.ai/api/v1/sendTx
[DEBUG create_order] Response status: 200 OK, body: {"code":200,"message":"{\"ratelimit\": \"didn't use volume 
quota\"}","tx_hash":"ada4a8e82070c6e0b1140e58858c93ef7f8a1213ca62b6ac5f4f224d04245803e566e6d85419491d","predicted_execution_time_ms":1763069336145}
[DEBUG create_order] ÔòÉÔòÉÔòÉÔòÉÔòÉÔòÉÔòÉÔòÉÔòÉÔòÉÔòÉÔòÉÔòÉÔòÉÔòÉÔòÉÔòÉÔòÉÔòÉÔòÉÔòÉÔòÉÔòÉÔòÉÔòÉÔòÉÔòÉÔòÉÔòÉÔòÉÔòÉÔòÉÔòÉÔòÉÔòÉÔòÉÔòÉÔòÉÔòÉÔòÉ
[DEBUG create_order] API RESPONSE RECEIVED
[DEBUG create_order] ÔòÉÔòÉÔòÉÔòÉÔòÉÔòÉÔòÉÔòÉÔòÉÔòÉÔòÉÔòÉÔòÉÔòÉÔòÉÔòÉÔòÉÔòÉÔòÉÔòÉÔòÉÔòÉÔòÉÔòÉÔòÉÔòÉÔòÉÔòÉÔòÉÔòÉÔòÉÔòÉÔòÉÔòÉÔòÉÔòÉÔòÉÔòÉÔòÉÔòÉ
[DEBUG create_order] Response code: 200
[DEBUG create_order] Response message: {"ratelimit": "didn't use volume quota"}
[DEBUG create_order] Nonce used: 984
[DEBUG create_order] Ô£àÔ£àÔ£à SUCCESS Ô£àÔ£àÔ£à - Transaction succeeded with nonce 984
[DEBUG create_order] ÔòÉÔòÉÔòÉÔòÉÔòÉÔòÉÔòÉÔòÉÔòÉÔòÉÔòÉÔòÉÔòÉÔòÉÔòÉÔòÉÔòÉÔòÉÔòÉÔòÉÔòÉÔòÉÔòÉÔòÉÔòÉÔòÉÔòÉÔòÉÔòÉÔòÉÔòÉÔòÉÔòÉÔòÉÔòÉÔòÉÔòÉÔòÉÔòÉÔòÉ
[DEBUG create_order] SUCCESSFUL SIGNATURE - SAVE THIS FOR COMPARISON
[DEBUG create_order] ÔòÉÔòÉÔòÉÔòÉÔòÉÔòÉÔòÉÔòÉÔòÉÔòÉÔòÉÔòÉÔòÉÔòÉÔòÉÔòÉÔòÉÔòÉÔòÉÔòÉÔòÉÔòÉÔòÉÔòÉÔòÉÔòÉÔòÉÔòÉÔòÉÔòÉÔòÉÔòÉÔòÉÔòÉÔòÉÔòÉÔòÉÔòÉÔòÉÔòÉ
[DEBUG create_order] ========================================

[DEBUG create_order] ========================================
[DEBUG create_order] Starting order creation for client_order_index: 1763069203002
[DEBUG get_next_nonce_from_cache] Fetching nonce from API
[DEBUG fetch_nonce_from_api] Requesting nonce from: https://mainnet.zklighter.elliot.ai/api/v1/nextNonce?account_index=237600&api_key_index=4
[DEBUG fetch_nonce_from_api] Received nonce: 985
[DEBUG get_next_nonce_from_cache] Fetched nonce from API: 985
[DEBUG create_order] ========================================
[DEBUG create_order] Order: client_order_index=1763069203002
[DEBUG create_order] Nonce obtained: 985
[DEBUG create_order] ÔòÉÔòÉÔòÉÔòÉÔòÉÔòÉÔòÉÔòÉÔòÉÔòÉÔòÉÔòÉÔòÉÔòÉÔòÉÔòÉÔòÉÔòÉÔòÉÔòÉÔòÉÔòÉÔòÉÔòÉÔòÉÔòÉÔòÉÔòÉÔòÉÔòÉÔòÉÔòÉÔòÉÔòÉÔòÉÔòÉÔòÉÔòÉÔòÉÔòÉ
[DEBUG create_order] STARTING SIGNATURE COMPUTATION
[DEBUG create_order] ÔòÉÔòÉÔòÉÔòÉÔòÉÔòÉÔòÉÔòÉÔòÉÔòÉÔòÉÔòÉÔòÉÔòÉÔòÉÔòÉÔòÉÔòÉÔòÉÔòÉÔòÉÔòÉÔòÉÔòÉÔòÉÔòÉÔòÉÔòÉÔòÉÔòÉÔòÉÔòÉÔòÉÔòÉÔòÉÔòÉÔòÉÔòÉÔòÉÔòÉ
[DEBUG create_order] Timestamp: now=1763069340214, expired_at=1763069939214
[DEBUG create_order] Transaction JSON (before signing): {"AccountIndex":237600,"ApiKeyIndex":4,"BaseAmount":1000,"ClientOrderIndex":1763069203002,"Expi
redAt":1763069939214,"IsAsk":0,"MarketIndex":0,"Nonce":985,"OrderExpiry":0,"Price":500000000,"ReduceOnly":0,"Sig":"","TimeInForce":0,"TriggerPrice":0,"
Type":1}
[DEBUG sign_transaction_internal] Starting signature computation
[DEBUG sign_transaction_internal] tx_type: 14
[DEBUG sign_transaction_internal] Extracted fields:
  chain_id: 304
  nonce: 985
  expired_at: 1763069939214
  account_index: 237600
  api_key_index: 4
[DEBUG sign_transaction_internal] CREATE_ORDER fields:
  market_index: 0
  client_order_index: 1763069203002
  base_amount: 1000
  price: 500000000
  is_ask: 0
  order_type: 1
  time_in_force: 0
  reduce_only: 0
  trigger_price: 0
  order_expiry: 0
[DEBUG sign_transaction_internal] Hash input elements count: 16
[DEBUG sign_transaction_internal] Hash input elements:
  [0] Element 0: 304 (u64)
  [1] Element 1: 14 (u64)
  [2] Element 2: 985 (u64)
  [3] Element 3: 1763069939214 (u64)
  [4] Element 4: 237600 (u64)
  [5] Element 5: 4 (u64)
  [6] Element 6: 0 (u64)
  [7] Element 7: 1763069203002 (u64)
  [8] Element 8: 1000 (u64)
  [9] Element 9: 500000000 (u64)
  [10] Element 10: 0 (u64)
  [11] Element 11: 1 (u64)
  [12] Element 12: 0 (u64)
  [13] Element 13: 0 (u64)
  [14] Element 14: 0 (u64)
  [15] Element 15: 0 (u64)
[DEBUG sign_transaction_internal] Computing Poseidon2 hash with 16 elements
[DEBUG sign_transaction_internal] Transaction hash (40 bytes): 33eb5cfefb88e75a5c2b0306a7b887190a257c956c3ee97e3f856d0dea07092ec1fe5e9cf3160b7c
[DEBUG sign_transaction_internal] Transaction hash (first 8 bytes as u64): 6550354798919346995
[DEBUG sign_transaction_internal] Calling key_manager.sign() with hash: 
33eb5cfefb88e75a5c2b0306a7b887190a257c956c3ee97e3f856d0dea07092ec1fe5e9cf3160b7c
[DEBUG signer::sign] Starting signature generation
[DEBUG signer::sign] Message hash: 33eb5cfefb88e75a5c2b0306a7b887190a257c956c3ee97e3f856d0dea07092ec1fe5e9cf3160b7c
[DEBUG signer::sign] Generated random nonce: 106d29ab4952d46d8cc5bb93074d98aff797acf2c00ef28e2eadc98c30f1a0636806f43c99463ea7
[DEBUG signer::sign_with_fixed_nonce] Signing with fixed nonce
[DEBUG signer::sign_with_fixed_nonce] Private key (first 16 bytes): 79699d9819553fc6eee1b5e50af049d7...
[DEBUG signer::sign_with_fixed_nonce] Calling crypto::schnorr::sign_with_nonce
[DEBUG crypto::sign_with_nonce] ========================================
[DEBUG crypto::sign_with_nonce] Starting Schnorr signature
[DEBUG crypto::sign_with_nonce] Private key length: 40
[DEBUG crypto::sign_with_nonce] Message length: 40
[DEBUG crypto::sign_with_nonce] Nonce bytes length: 40
[DEBUG crypto::sign_with_nonce] Message hash: 33eb5cfefb88e75a5c2b0306a7b887190a257c956c3ee97e3f856d0dea07092ec1fe5e9cf3160b7c
[DEBUG crypto::sign_with_nonce] Nonce bytes: 106d29ab4952d46d8cc5bb93074d98aff797acf2c00ef28e2eadc98c30f1a0636806f43c99463ea7
[DEBUG crypto::sign_with_nonce] Private key converted to scalar
[DEBUG crypto::sign_with_nonce] Nonce converted to scalar
[DEBUG crypto::sign_with_nonce] Message converted to Fp5Element
[DEBUG crypto::sign_with_nonce] Step 1: Computing R = nonce * G
[DEBUG crypto::sign_with_nonce] R encoded (full 40 bytes): 4ca39215cfdc172b2cc30b688f036352a57cb794b9e6213b5faf781aa6dd516d3133fda8451d9c42
[DEBUG crypto::sign_with_nonce] R Fp5 elements:
  R[0] = 3105193250073518924 (u64)
  R[1] = 5936592648265253676 (u64)
  R[2] = 4260940407207591077 (u64)
  R[3] = 7877320928726134623 (u64)
  R[4] = 4799743487895221041 (u64)
[DEBUG crypto::sign_with_nonce] Step 2: Computing challenge e = H(R || message)
[DEBUG crypto::sign_with_nonce] Pre-image prepared (10 elements):
  PreImage[0] = 3105193250073518924 (u64)
  PreImage[1] = 5936592648265253676 (u64)
  PreImage[2] = 4260940407207591077 (u64)
  PreImage[3] = 7877320928726134623 (u64)
  PreImage[4] = 4799743487895221041 (u64)
  PreImage[5] = 6550354798919346995 (u64)
  PreImage[6] = 1839642000304057180 (u64)
  PreImage[7] = 9144909154437833994 (u64)
  PreImage[8] = 3317191302364103999 (u64)
  PreImage[9] = 8938263121003216577 (u64)
[DEBUG crypto::sign_with_nonce] Challenge e computed (40 bytes): 7baf7805b45eaadec1a98272f6efaa3f34e59a4ca20ea18b4e628b05fd57c796cbd4cfb4db1daa31
[DEBUG crypto::sign_with_nonce] Challenge e (first 8 bytes as u64): 16044740749739732859
[DEBUG crypto::sign_with_nonce] Step 3: Computing s = nonce - e * private_key
[DEBUG crypto::sign_with_nonce] Response s computed (40 bytes): 49e7a505e467f7cd2ecf3f6d1823e7c58e6c326e50168cb618fe6d65afa9812cd2c4b604ae3d2382
[DEBUG crypto::sign_with_nonce] Response s (first 8 bytes as u64): 14841445326067722057
[DEBUG crypto::sign_with_nonce] Step 4: Assembling signature (s || e)
[DEBUG crypto::sign_with_nonce] Final signature: 49e7a505e467f7cd2ecf3f6d1823e7c58e6c326e50168cb618fe6d65afa9812cd2c4b604ae3d23827baf7805b45eaadec1a982
72f6efaa3f34e59a4ca20ea18b4e628b05fd57c796cbd4cfb4db1daa31
[DEBUG crypto::sign_with_nonce] ========================================
[DEBUG signer::sign_with_fixed_nonce] Signature from crypto: 49e7a505e467f7cd2ecf3f6d1823e7c58e6c326e50168cb618fe6d65afa9812cd2c4b604ae3d23827baf7805b4
5eaadec1a98272f6efaa3f34e59a4ca20ea18b4e628b05fd57c796cbd4cfb4db1daa31 (length: 80)
[DEBUG signer::sign_with_fixed_nonce] Final signature: 49e7a505e467f7cd2ecf3f6d1823e7c58e6c326e50168cb618fe6d65afa9812cd2c4b604ae3d23827baf7805b45eaade
c1a98272f6efaa3f34e59a4ca20ea18b4e628b05fd57c796cbd4cfb4db1daa31
[DEBUG sign_transaction_internal] Signature returned (80 bytes): 49e7a505e467f7cd2ecf3f6d1823e7c58e6c326e50168cb618fe6d65afa9812cd2c4b604ae3d23827baf78
05b45eaadec1a98272f6efaa3f34e59a4ca20ea18b4e628b05fd57c796cbd4cfb4db1daa31
[DEBUG sign_transaction_internal] Signature s (first 40 bytes): 49e7a505e467f7cd2ecf3f6d1823e7c58e6c326e50168cb618fe6d65afa9812cd2c4b604ae3d2382
[DEBUG sign_transaction_internal] Signature e (last 40 bytes): 7baf7805b45eaadec1a98272f6efaa3f34e59a4ca20ea18b4e628b05fd57c796cbd4cfb4db1daa31
[DEBUG create_order] Signature generated: 49e7a505e467f7cd2ecf3f6d1823e7c58e6c326e50168cb618fe6d65afa9812cd2c4b604ae3d23827baf7805b45eaadec1a98272f6efa
a3f34e59a4ca20ea18b4e628b05fd57c796cbd4cfb4db1daa31 (length: 80)
[DEBUG create_order] Signature (base64): SeelBeRn980uzz9tGCPnxY5sMm5QFoy2GP5tZa+pgSzSxLYErj0jgnuveAW0XqrewamCcvbvqj805ZpMog6hi05iiwX9V8eWy9TPtNsdqjE=
[DEBUG create_order] Final transaction JSON: {"AccountIndex":237600,"ApiKeyIndex":4,"BaseAmount":1000,"ClientOrderIndex":1763069203002,"ExpiredAt":1763
069939214,"IsAsk":0,"MarketIndex":0,"Nonce":985,"OrderExpiry":0,"Price":500000000,"ReduceOnly":0,"Sig":"SeelBeRn980uzz9tGCPnxY5sMm5QFoy2GP5tZa+pgSzSxLY
Erj0jgnuveAW0XqrewamCcvbvqj805ZpMog6hi05iiwX9V8eWy9TPtNsdqjE=","TimeInForce":0,"TriggerPrice":0,"Type":1}
[DEBUG create_order] Sending to: https://mainnet.zklighter.elliot.ai/api/v1/sendTx
[DEBUG create_order] Response status: 400 Bad Request, body: {"code":21120,"message":"invalid signature"}
[DEBUG create_order] ÔòÉÔòÉÔòÉÔòÉÔòÉÔòÉÔòÉÔòÉÔòÉÔòÉÔòÉÔòÉÔòÉÔòÉÔòÉÔòÉÔòÉÔòÉÔòÉÔòÉÔòÉÔòÉÔòÉÔòÉÔòÉÔòÉÔòÉÔòÉÔòÉÔòÉÔòÉÔòÉÔòÉÔòÉÔòÉÔòÉÔòÉÔòÉÔòÉÔòÉ
[DEBUG create_order] API RESPONSE RECEIVED
[DEBUG create_order] ÔòÉÔòÉÔòÉÔòÉÔòÉÔòÉÔòÉÔòÉÔòÉÔòÉÔòÉÔòÉÔòÉÔòÉÔòÉÔòÉÔòÉÔòÉÔòÉÔòÉÔòÉÔòÉÔòÉÔòÉÔòÉÔòÉÔòÉÔòÉÔòÉÔòÉÔòÉÔòÉÔòÉÔòÉÔòÉÔòÉÔòÉÔòÉÔòÉÔòÉ
[DEBUG create_order] Response code: 21120
[DEBUG create_order] Response message: invalid signature
[DEBUG create_order] Nonce used: 985
[DEBUG create_order] ÔØîÔØîÔØî INVALID SIGNATURE ERROR ÔØîÔØîÔØî (code 21120) - Nonce used: 985
[DEBUG create_order] ÔòÉÔòÉÔòÉÔòÉÔòÉÔòÉÔòÉÔòÉÔòÉÔòÉÔòÉÔòÉÔòÉÔòÉÔòÉÔòÉÔòÉÔòÉÔòÉÔòÉÔòÉÔòÉÔòÉÔòÉÔòÉÔòÉÔòÉÔòÉÔòÉÔòÉÔòÉÔòÉÔòÉÔòÉÔòÉÔòÉÔòÉÔòÉÔòÉÔòÉ
[DEBUG create_order] FAILED SIGNATURE - COMPARE WITH SUCCESSFUL ONES
[DEBUG create_order] ÔòÉÔòÉÔòÉÔòÉÔòÉÔòÉÔòÉÔòÉÔòÉÔòÉÔòÉÔòÉÔòÉÔòÉÔòÉÔòÉÔòÉÔòÉÔòÉÔòÉÔòÉÔòÉÔòÉÔòÉÔòÉÔòÉÔòÉÔòÉÔòÉÔòÉÔòÉÔòÉÔòÉÔòÉÔòÉÔòÉÔòÉÔòÉÔòÉÔòÉ
[DEBUG create_order] This could be nonce sync issue or signature computation issue
[DEBUG fetch_nonce_from_api] Requesting nonce from: https://mainnet.zklighter.elliot.ai/api/v1/nextNonce?account_index=237600&api_key_index=4
[DEBUG fetch_nonce_from_api] Received nonce: 985
[DEBUG refresh_nonce_cache] Refreshed nonce: 985
[DEBUG create_order] ========================================
  ÔØî [42] INVALID SIGNATURE (Code: 21120) - Check debug logs for nonce

[DEBUG create_order] ========================================
[DEBUG create_order] Starting order creation for client_order_index: 1763069203003
[DEBUG get_next_nonce_from_cache] Fetching nonce from API
[DEBUG fetch_nonce_from_api] Requesting nonce from: https://mainnet.zklighter.elliot.ai/api/v1/nextNonce?account_index=237600&api_key_index=4
[DEBUG fetch_nonce_from_api] Received nonce: 985
[DEBUG get_next_nonce_from_cache] Fetched nonce from API: 985
[DEBUG create_order] ========================================
[DEBUG create_order] Order: client_order_index=1763069203003
[DEBUG create_order] Nonce obtained: 985
[DEBUG create_order] ÔòÉÔòÉÔòÉÔòÉÔòÉÔòÉÔòÉÔòÉÔòÉÔòÉÔòÉÔòÉÔòÉÔòÉÔòÉÔòÉÔòÉÔòÉÔòÉÔòÉÔòÉÔòÉÔòÉÔòÉÔòÉÔòÉÔòÉÔòÉÔòÉÔòÉÔòÉÔòÉÔòÉÔòÉÔòÉÔòÉÔòÉÔòÉÔòÉÔòÉ
[DEBUG create_order] STARTING SIGNATURE COMPUTATION
[DEBUG create_order] ÔòÉÔòÉÔòÉÔòÉÔòÉÔòÉÔòÉÔòÉÔòÉÔòÉÔòÉÔòÉÔòÉÔòÉÔòÉÔòÉÔòÉÔòÉÔòÉÔòÉÔòÉÔòÉÔòÉÔòÉÔòÉÔòÉÔòÉÔòÉÔòÉÔòÉÔòÉÔòÉÔòÉÔòÉÔòÉÔòÉÔòÉÔòÉÔòÉÔòÉ
[DEBUG create_order] Timestamp: now=1763069343637, expired_at=1763069942637
[DEBUG create_order] Transaction JSON (before signing): {"AccountIndex":237600,"ApiKeyIndex":4,"BaseAmount":1000,"ClientOrderIndex":1763069203003,"Expi
redAt":1763069942637,"IsAsk":0,"MarketIndex":0,"Nonce":985,"OrderExpiry":0,"Price":500000000,"ReduceOnly":0,"Sig":"","TimeInForce":0,"TriggerPrice":0,"
Type":1}
[DEBUG sign_transaction_internal] Starting signature computation
[DEBUG sign_transaction_internal] tx_type: 14
[DEBUG sign_transaction_internal] Extracted fields:
  chain_id: 304
  nonce: 985
  expired_at: 1763069942637
  account_index: 237600
  api_key_index: 4
[DEBUG sign_transaction_internal] CREATE_ORDER fields:
  market_index: 0
  client_order_index: 1763069203003
  base_amount: 1000
  price: 500000000
  is_ask: 0
  order_type: 1
  time_in_force: 0
  reduce_only: 0
  trigger_price: 0
  order_expiry: 0
[DEBUG sign_transaction_internal] Hash input elements count: 16
[DEBUG sign_transaction_internal] Hash input elements:
  [0] Element 0: 304 (u64)
  [1] Element 1: 14 (u64)
  [2] Element 2: 985 (u64)
  [3] Element 3: 1763069942637 (u64)
  [4] Element 4: 237600 (u64)
  [5] Element 5: 4 (u64)
  [6] Element 6: 0 (u64)
  [7] Element 7: 1763069203003 (u64)
  [8] Element 8: 1000 (u64)
  [9] Element 9: 500000000 (u64)
  [10] Element 10: 0 (u64)
  [11] Element 11: 1 (u64)
  [12] Element 12: 0 (u64)
  [13] Element 13: 0 (u64)
  [14] Element 14: 0 (u64)
  [15] Element 15: 0 (u64)
[DEBUG sign_transaction_internal] Computing Poseidon2 hash with 16 elements
[DEBUG sign_transaction_internal] Transaction hash (40 bytes): fd664c273363cb09d12605b0f94f10cf030d8d1c12ef7ac70c709605ae334169858d439e6eb3b025
[DEBUG sign_transaction_internal] Transaction hash (first 8 bytes as u64): 705766837967415037
[DEBUG sign_transaction_internal] Calling key_manager.sign() with hash: 
fd664c273363cb09d12605b0f94f10cf030d8d1c12ef7ac70c709605ae334169858d439e6eb3b025
[DEBUG signer::sign] Starting signature generation
[DEBUG signer::sign] Message hash: fd664c273363cb09d12605b0f94f10cf030d8d1c12ef7ac70c709605ae334169858d439e6eb3b025
[DEBUG signer::sign] Generated random nonce: 6f34617aa7632d319b8e6efa7ee41ac2f8c303710499497d300198effc56f6865929ae312820674a
[DEBUG signer::sign_with_fixed_nonce] Signing with fixed nonce
[DEBUG signer::sign_with_fixed_nonce] Private key (first 16 bytes): 79699d9819553fc6eee1b5e50af049d7...
[DEBUG signer::sign_with_fixed_nonce] Calling crypto::schnorr::sign_with_nonce
[DEBUG crypto::sign_with_nonce] ========================================
[DEBUG crypto::sign_with_nonce] Starting Schnorr signature
[DEBUG crypto::sign_with_nonce] Private key length: 40
[DEBUG crypto::sign_with_nonce] Message length: 40
[DEBUG crypto::sign_with_nonce] Nonce bytes length: 40
[DEBUG crypto::sign_with_nonce] Message hash: fd664c273363cb09d12605b0f94f10cf030d8d1c12ef7ac70c709605ae334169858d439e6eb3b025
[DEBUG crypto::sign_with_nonce] Nonce bytes: 6f34617aa7632d319b8e6efa7ee41ac2f8c303710499497d300198effc56f6865929ae312820674a
[DEBUG crypto::sign_with_nonce] Private key converted to scalar
[DEBUG crypto::sign_with_nonce] Nonce converted to scalar
[DEBUG crypto::sign_with_nonce] Message converted to Fp5Element
[DEBUG crypto::sign_with_nonce] Step 1: Computing R = nonce * G
[DEBUG crypto::sign_with_nonce] R encoded (full 40 bytes): 925b46490f3e70fdff59c927e3b38b390b2858440915f35c49a1dc2b057815e0fbdeb09203efcc00
[DEBUG crypto::sign_with_nonce] R Fp5 elements:
  R[0] = 18262164724362140562 (u64)
  R[1] = 4146605670131128831 (u64)
  R[2] = 6697720200375576587 (u64)
  R[3] = 16146944002612830537 (u64)
  R[4] = 57683693873979131 (u64)
[DEBUG crypto::sign_with_nonce] Step 2: Computing challenge e = H(R || message)
[DEBUG crypto::sign_with_nonce] Pre-image prepared (10 elements):
  PreImage[0] = 18262164724362140562 (u64)
  PreImage[1] = 4146605670131128831 (u64)
  PreImage[2] = 6697720200375576587 (u64)
  PreImage[3] = 16146944002612830537 (u64)
  PreImage[4] = 57683693873979131 (u64)
  PreImage[5] = 705766837967415037 (u64)
  PreImage[6] = 14920513499297031889 (u64)
  PreImage[7] = 14374064021773815043 (u64)
  PreImage[8] = 7584400069979697164 (u64)
  PreImage[9] = 2715867862987410821 (u64)
[DEBUG crypto::sign_with_nonce] Challenge e computed (40 bytes): 1a377cc0d0dfc5ecb2754c64b40fee875d80733c33fa987d4a9c2ed19248bda5e945bbcf65de8133
[DEBUG crypto::sign_with_nonce] Challenge e (first 8 bytes as u64): 17061288851038549786
[DEBUG crypto::sign_with_nonce] Step 3: Computing s = nonce - e * private_key
[DEBUG crypto::sign_with_nonce] Response s computed (40 bytes): ca1f2a4e7c36aa0b010859d9fe95dec7f86b8310b66211e9402cc24828e518c146af58002c1b0a5b
[DEBUG crypto::sign_with_nonce] Response s (first 8 bytes as u64): 840544187973246922
[DEBUG crypto::sign_with_nonce] Step 4: Assembling signature (s || e)
[DEBUG crypto::sign_with_nonce] Final signature: ca1f2a4e7c36aa0b010859d9fe95dec7f86b8310b66211e9402cc24828e518c146af58002c1b0a5b1a377cc0d0dfc5ecb2754c
64b40fee875d80733c33fa987d4a9c2ed19248bda5e945bbcf65de8133
[DEBUG crypto::sign_with_nonce] ========================================
[DEBUG signer::sign_with_fixed_nonce] Signature from crypto: ca1f2a4e7c36aa0b010859d9fe95dec7f86b8310b66211e9402cc24828e518c146af58002c1b0a5b1a377cc0d0
dfc5ecb2754c64b40fee875d80733c33fa987d4a9c2ed19248bda5e945bbcf65de8133 (length: 80)
[DEBUG signer::sign_with_fixed_nonce] Final signature: ca1f2a4e7c36aa0b010859d9fe95dec7f86b8310b66211e9402cc24828e518c146af58002c1b0a5b1a377cc0d0dfc5ec
b2754c64b40fee875d80733c33fa987d4a9c2ed19248bda5e945bbcf65de8133
[DEBUG sign_transaction_internal] Signature returned (80 bytes): ca1f2a4e7c36aa0b010859d9fe95dec7f86b8310b66211e9402cc24828e518c146af58002c1b0a5b1a377c
c0d0dfc5ecb2754c64b40fee875d80733c33fa987d4a9c2ed19248bda5e945bbcf65de8133
[DEBUG sign_transaction_internal] Signature s (first 40 bytes): ca1f2a4e7c36aa0b010859d9fe95dec7f86b8310b66211e9402cc24828e518c146af58002c1b0a5b
[DEBUG sign_transaction_internal] Signature e (last 40 bytes): 1a377cc0d0dfc5ecb2754c64b40fee875d80733c33fa987d4a9c2ed19248bda5e945bbcf65de8133
[DEBUG create_order] Signature generated: ca1f2a4e7c36aa0b010859d9fe95dec7f86b8310b66211e9402cc24828e518c146af58002c1b0a5b1a377cc0d0dfc5ecb2754c64b40fe
e875d80733c33fa987d4a9c2ed19248bda5e945bbcf65de8133 (length: 80)
[DEBUG create_order] Signature (base64): yh8qTnw2qgsBCFnZ/pXex/hrgxC2YhHpQCzCSCjlGMFGr1gALBsKWxo3fMDQ38XssnVMZLQP7oddgHM8M/qYfUqcLtGSSL2l6UW7z2XegTM=
[DEBUG create_order] Final transaction JSON: {"AccountIndex":237600,"ApiKeyIndex":4,"BaseAmount":1000,"ClientOrderIndex":1763069203003,"ExpiredAt":1763
069942637,"IsAsk":0,"MarketIndex":0,"Nonce":985,"OrderExpiry":0,"Price":500000000,"ReduceOnly":0,"Sig":"yh8qTnw2qgsBCFnZ/pXex/hrgxC2YhHpQCzCSCjlGMFGr1g
ALBsKWxo3fMDQ38XssnVMZLQP7oddgHM8M/qYfUqcLtGSSL2l6UW7z2XegTM=","TimeInForce":0,"TriggerPrice":0,"Type":1}
[DEBUG create_order] Sending to: https://mainnet.zklighter.elliot.ai/api/v1/sendTx
[DEBUG create_order] Response status: 200 OK, body: {"code":200,"message":"{\"ratelimit\": \"699 volume quota remained\"}","tx_hash":"fd664c273363cb09d
12605b0f94f10cf030d8d1c12ef7ac70c709605ae334169858d439e6eb3b025","predicted_execution_time_ms":1763069342850,"volume_quota_remaining":699}
[DEBUG create_order] ÔòÉÔòÉÔòÉÔòÉÔòÉÔòÉÔòÉÔòÉÔòÉÔòÉÔòÉÔòÉÔòÉÔòÉÔòÉÔòÉÔòÉÔòÉÔòÉÔòÉÔòÉÔòÉÔòÉÔòÉÔòÉÔòÉÔòÉÔòÉÔòÉÔòÉÔòÉÔòÉÔòÉÔòÉÔòÉÔòÉÔòÉÔòÉÔòÉÔòÉ
[DEBUG create_order] API RESPONSE RECEIVED
[DEBUG create_order] ÔòÉÔòÉÔòÉÔòÉÔòÉÔòÉÔòÉÔòÉÔòÉÔòÉÔòÉÔòÉÔòÉÔòÉÔòÉÔòÉÔòÉÔòÉÔòÉÔòÉÔòÉÔòÉÔòÉÔòÉÔòÉÔòÉÔòÉÔòÉÔòÉÔòÉÔòÉÔòÉÔòÉÔòÉÔòÉÔòÉÔòÉÔòÉÔòÉÔòÉ
[DEBUG create_order] Response code: 200
[DEBUG create_order] Response message: {"ratelimit": "699 volume quota remained"}
[DEBUG create_order] Nonce used: 985
[DEBUG create_order] Ô£àÔ£àÔ£à SUCCESS Ô£àÔ£àÔ£à - Transaction succeeded with nonce 985
[DEBUG create_order] ÔòÉÔòÉÔòÉÔòÉÔòÉÔòÉÔòÉÔòÉÔòÉÔòÉÔòÉÔòÉÔòÉÔòÉÔòÉÔòÉÔòÉÔòÉÔòÉÔòÉÔòÉÔòÉÔòÉÔòÉÔòÉÔòÉÔòÉÔòÉÔòÉÔòÉÔòÉÔòÉÔòÉÔòÉÔòÉÔòÉÔòÉÔòÉÔòÉÔòÉ
[DEBUG create_order] SUCCESSFUL SIGNATURE - SAVE THIS FOR COMPARISON
[DEBUG create_order] ÔòÉÔòÉÔòÉÔòÉÔòÉÔòÉÔòÉÔòÉÔòÉÔòÉÔòÉÔòÉÔòÉÔòÉÔòÉÔòÉÔòÉÔòÉÔòÉÔòÉÔòÉÔòÉÔòÉÔòÉÔòÉÔòÉÔòÉÔòÉÔòÉÔòÉÔòÉÔòÉÔòÉÔòÉÔòÉÔòÉÔòÉÔòÉÔòÉÔòÉ
[DEBUG create_order] ========================================

[DEBUG create_order] ========================================
[DEBUG create_order] Starting order creation for client_order_index: 1763069203004
[DEBUG get_next_nonce_from_cache] Fetching nonce from API
[DEBUG fetch_nonce_from_api] Requesting nonce from: https://mainnet.zklighter.elliot.ai/api/v1/nextNonce?account_index=237600&api_key_index=4
[DEBUG fetch_nonce_from_api] Received nonce: 986
[DEBUG get_next_nonce_from_cache] Fetched nonce from API: 986
[DEBUG create_order] ========================================
[DEBUG create_order] Order: client_order_index=1763069203004
[DEBUG create_order] Nonce obtained: 986
[DEBUG create_order] ÔòÉÔòÉÔòÉÔòÉÔòÉÔòÉÔòÉÔòÉÔòÉÔòÉÔòÉÔòÉÔòÉÔòÉÔòÉÔòÉÔòÉÔòÉÔòÉÔòÉÔòÉÔòÉÔòÉÔòÉÔòÉÔòÉÔòÉÔòÉÔòÉÔòÉÔòÉÔòÉÔòÉÔòÉÔòÉÔòÉÔòÉÔòÉÔòÉÔòÉ
[DEBUG create_order] STARTING SIGNATURE COMPUTATION
[DEBUG create_order] ÔòÉÔòÉÔòÉÔòÉÔòÉÔòÉÔòÉÔòÉÔòÉÔòÉÔòÉÔòÉÔòÉÔòÉÔòÉÔòÉÔòÉÔòÉÔòÉÔòÉÔòÉÔòÉÔòÉÔòÉÔòÉÔòÉÔòÉÔòÉÔòÉÔòÉÔòÉÔòÉÔòÉÔòÉÔòÉÔòÉÔòÉÔòÉÔòÉÔòÉ
[DEBUG create_order] Timestamp: now=1763069346924, expired_at=1763069945924
[DEBUG create_order] Transaction JSON (before signing): {"AccountIndex":237600,"ApiKeyIndex":4,"BaseAmount":1000,"ClientOrderIndex":1763069203004,"Expi
redAt":1763069945924,"IsAsk":0,"MarketIndex":0,"Nonce":986,"OrderExpiry":0,"Price":500000000,"ReduceOnly":0,"Sig":"","TimeInForce":0,"TriggerPrice":0,"
Type":1}
[DEBUG sign_transaction_internal] Starting signature computation
[DEBUG sign_transaction_internal] tx_type: 14
[DEBUG sign_transaction_internal] Extracted fields:
  chain_id: 304
  nonce: 986
  expired_at: 1763069945924
  account_index: 237600
  api_key_index: 4
[DEBUG sign_transaction_internal] CREATE_ORDER fields:
  market_index: 0
  client_order_index: 1763069203004
  base_amount: 1000
  price: 500000000
  is_ask: 0
  order_type: 1
  time_in_force: 0
  reduce_only: 0
  trigger_price: 0
  order_expiry: 0
[DEBUG sign_transaction_internal] Hash input elements count: 16
[DEBUG sign_transaction_internal] Hash input elements:
  [0] Element 0: 304 (u64)
  [1] Element 1: 14 (u64)
  [2] Element 2: 986 (u64)
  [3] Element 3: 1763069945924 (u64)
  [4] Element 4: 237600 (u64)
  [5] Element 5: 4 (u64)
  [6] Element 6: 0 (u64)
  [7] Element 7: 1763069203004 (u64)
  [8] Element 8: 1000 (u64)
  [9] Element 9: 500000000 (u64)
  [10] Element 10: 0 (u64)
  [11] Element 11: 1 (u64)
  [12] Element 12: 0 (u64)
  [13] Element 13: 0 (u64)
  [14] Element 14: 0 (u64)
  [15] Element 15: 0 (u64)
[DEBUG sign_transaction_internal] Computing Poseidon2 hash with 16 elements
[DEBUG sign_transaction_internal] Transaction hash (40 bytes): 9adf0b3ac9c6c0d8ee79fb8e3f902e4cdd0c80195fd52a77f799477f251a083127c74e5db90a05f5
[DEBUG sign_transaction_internal] Transaction hash (first 8 bytes as u64): 15618702075285462938
[DEBUG sign_transaction_internal] Calling key_manager.sign() with hash: 
9adf0b3ac9c6c0d8ee79fb8e3f902e4cdd0c80195fd52a77f799477f251a083127c74e5db90a05f5
[DEBUG signer::sign] Starting signature generation
[DEBUG signer::sign] Message hash: 9adf0b3ac9c6c0d8ee79fb8e3f902e4cdd0c80195fd52a77f799477f251a083127c74e5db90a05f5
[DEBUG signer::sign] Generated random nonce: 1a64a2bfb4c591bc2839ac22f23e38e9450f3da326d6513b6166634f7c547f8b53bee702f4f0dd88
[DEBUG signer::sign_with_fixed_nonce] Signing with fixed nonce
[DEBUG signer::sign_with_fixed_nonce] Private key (first 16 bytes): 79699d9819553fc6eee1b5e50af049d7...
[DEBUG signer::sign_with_fixed_nonce] Calling crypto::schnorr::sign_with_nonce
[DEBUG crypto::sign_with_nonce] ========================================
[DEBUG crypto::sign_with_nonce] Starting Schnorr signature
[DEBUG crypto::sign_with_nonce] Private key length: 40
[DEBUG crypto::sign_with_nonce] Message length: 40
[DEBUG crypto::sign_with_nonce] Nonce bytes length: 40
[DEBUG crypto::sign_with_nonce] Message hash: 9adf0b3ac9c6c0d8ee79fb8e3f902e4cdd0c80195fd52a77f799477f251a083127c74e5db90a05f5
[DEBUG crypto::sign_with_nonce] Nonce bytes: 1a64a2bfb4c591bc2839ac22f23e38e9450f3da326d6513b6166634f7c547f8b53bee702f4f0dd88
[DEBUG crypto::sign_with_nonce] Private key converted to scalar
[DEBUG crypto::sign_with_nonce] Nonce converted to scalar
[DEBUG crypto::sign_with_nonce] Message converted to Fp5Element
[DEBUG crypto::sign_with_nonce] Step 1: Computing R = nonce * G
[DEBUG crypto::sign_with_nonce] R encoded (full 40 bytes): fa1f9d86a3f7e763f8224d918bfd274d068c785512870e8aa557f332532677e8717d9f95d419557b
[DEBUG crypto::sign_with_nonce] R Fp5 elements:
  R[0] = 7198994811085201402 (u64)
  R[1] = 5559691040892199672 (u64)
  R[2] = 9948037139721128966 (u64)
  R[3] = 16750899477806798757 (u64)
  R[4] = 8887037840519560561 (u64)
[DEBUG crypto::sign_with_nonce] Step 2: Computing challenge e = H(R || message)
[DEBUG crypto::sign_with_nonce] Pre-image prepared (10 elements):
  PreImage[0] = 7198994811085201402 (u64)
  PreImage[1] = 5559691040892199672 (u64)
  PreImage[2] = 9948037139721128966 (u64)
  PreImage[3] = 16750899477806798757 (u64)
  PreImage[4] = 8887037840519560561 (u64)
  PreImage[5] = 15618702075285462938 (u64)
  PreImage[6] = 5489483598467398126 (u64)
  PreImage[7] = 8586910243961703645 (u64)
  PreImage[8] = 3533102656023665143 (u64)
  PreImage[9] = 17655529705426568999 (u64)
[DEBUG crypto::sign_with_nonce] Challenge e computed (40 bytes): e7bcfec99dc0e0ac16186c915e83386b8e17f091fb2bc2c93c30be628a3d668d07a2c80ff06d0011
[DEBUG crypto::sign_with_nonce] Challenge e (first 8 bytes as u64): 12457168353238105319
[DEBUG crypto::sign_with_nonce] Step 3: Computing s = nonce - e * private_key
[DEBUG crypto::sign_with_nonce] Response s computed (40 bytes): 85f88aeecdf9e3cf376be6af71ea1be29e8b115b59125dc01ceb78523aabd9d4e4778048924f2368
[DEBUG crypto::sign_with_nonce] Response s (first 8 bytes as u64): 14980091448430098565
[DEBUG crypto::sign_with_nonce] Step 4: Assembling signature (s || e)
[DEBUG crypto::sign_with_nonce] Final signature: 85f88aeecdf9e3cf376be6af71ea1be29e8b115b59125dc01ceb78523aabd9d4e4778048924f2368e7bcfec99dc0e0ac16186c
915e83386b8e17f091fb2bc2c93c30be628a3d668d07a2c80ff06d0011
[DEBUG crypto::sign_with_nonce] ========================================
[DEBUG signer::sign_with_fixed_nonce] Signature from crypto: 85f88aeecdf9e3cf376be6af71ea1be29e8b115b59125dc01ceb78523aabd9d4e4778048924f2368e7bcfec99d
c0e0ac16186c915e83386b8e17f091fb2bc2c93c30be628a3d668d07a2c80ff06d0011 (length: 80)
[DEBUG signer::sign_with_fixed_nonce] Final signature: 85f88aeecdf9e3cf376be6af71ea1be29e8b115b59125dc01ceb78523aabd9d4e4778048924f2368e7bcfec99dc0e0ac
16186c915e83386b8e17f091fb2bc2c93c30be628a3d668d07a2c80ff06d0011
[DEBUG sign_transaction_internal] Signature returned (80 bytes): 85f88aeecdf9e3cf376be6af71ea1be29e8b115b59125dc01ceb78523aabd9d4e4778048924f2368e7bcfe
c99dc0e0ac16186c915e83386b8e17f091fb2bc2c93c30be628a3d668d07a2c80ff06d0011
[DEBUG sign_transaction_internal] Signature s (first 40 bytes): 85f88aeecdf9e3cf376be6af71ea1be29e8b115b59125dc01ceb78523aabd9d4e4778048924f2368
[DEBUG sign_transaction_internal] Signature e (last 40 bytes): e7bcfec99dc0e0ac16186c915e83386b8e17f091fb2bc2c93c30be628a3d668d07a2c80ff06d0011
[DEBUG create_order] Signature generated: 85f88aeecdf9e3cf376be6af71ea1be29e8b115b59125dc01ceb78523aabd9d4e4778048924f2368e7bcfec99dc0e0ac16186c915e833
86b8e17f091fb2bc2c93c30be628a3d668d07a2c80ff06d0011 (length: 80)
[DEBUG create_order] Signature (base64): hfiK7s354883a+avceob4p6LEVtZEl3AHOt4Ujqr2dTkd4BIkk8jaOe8/smdwOCsFhhskV6DOGuOF/CR+yvCyTwwvmKKPWaNB6LID/BtABE=
[DEBUG create_order] Final transaction JSON: {"AccountIndex":237600,"ApiKeyIndex":4,"BaseAmount":1000,"ClientOrderIndex":1763069203004,"ExpiredAt":1763
069945924,"IsAsk":0,"MarketIndex":0,"Nonce":986,"OrderExpiry":0,"Price":500000000,"ReduceOnly":0,"Sig":"hfiK7s354883a+avceob4p6LEVtZEl3AHOt4Ujqr2dTkd4B
Ikk8jaOe8/smdwOCsFhhskV6DOGuOF/CR+yvCyTwwvmKKPWaNB6LID/BtABE=","TimeInForce":0,"TriggerPrice":0,"Type":1}
[DEBUG create_order] Sending to: https://mainnet.zklighter.elliot.ai/api/v1/sendTx
[DEBUG create_order] Response status: 400 Bad Request, body: {"code":21120,"message":"invalid signature"}
[DEBUG create_order] ÔòÉÔòÉÔòÉÔòÉÔòÉÔòÉÔòÉÔòÉÔòÉÔòÉÔòÉÔòÉÔòÉÔòÉÔòÉÔòÉÔòÉÔòÉÔòÉÔòÉÔòÉÔòÉÔòÉÔòÉÔòÉÔòÉÔòÉÔòÉÔòÉÔòÉÔòÉÔòÉÔòÉÔòÉÔòÉÔòÉÔòÉÔòÉÔòÉÔòÉ
[DEBUG create_order] API RESPONSE RECEIVED
[DEBUG create_order] ÔòÉÔòÉÔòÉÔòÉÔòÉÔòÉÔòÉÔòÉÔòÉÔòÉÔòÉÔòÉÔòÉÔòÉÔòÉÔòÉÔòÉÔòÉÔòÉÔòÉÔòÉÔòÉÔòÉÔòÉÔòÉÔòÉÔòÉÔòÉÔòÉÔòÉÔòÉÔòÉÔòÉÔòÉÔòÉÔòÉÔòÉÔòÉÔòÉÔòÉ
[DEBUG create_order] Response code: 21120
[DEBUG create_order] Response message: invalid signature
[DEBUG create_order] Nonce used: 986
[DEBUG create_order] ÔØîÔØîÔØî INVALID SIGNATURE ERROR ÔØîÔØîÔØî (code 21120) - Nonce used: 986
[DEBUG create_order] ÔòÉÔòÉÔòÉÔòÉÔòÉÔòÉÔòÉÔòÉÔòÉÔòÉÔòÉÔòÉÔòÉÔòÉÔòÉÔòÉÔòÉÔòÉÔòÉÔòÉÔòÉÔòÉÔòÉÔòÉÔòÉÔòÉÔòÉÔòÉÔòÉÔòÉÔòÉÔòÉÔòÉÔòÉÔòÉÔòÉÔòÉÔòÉÔòÉÔòÉ
[DEBUG create_order] FAILED SIGNATURE - COMPARE WITH SUCCESSFUL ONES
[DEBUG create_order] ÔòÉÔòÉÔòÉÔòÉÔòÉÔòÉÔòÉÔòÉÔòÉÔòÉÔòÉÔòÉÔòÉÔòÉÔòÉÔòÉÔòÉÔòÉÔòÉÔòÉÔòÉÔòÉÔòÉÔòÉÔòÉÔòÉÔòÉÔòÉÔòÉÔòÉÔòÉÔòÉÔòÉÔòÉÔòÉÔòÉÔòÉÔòÉÔòÉÔòÉ
[DEBUG create_order] This could be nonce sync issue or signature computation issue
[DEBUG fetch_nonce_from_api] Requesting nonce from: https://mainnet.zklighter.elliot.ai/api/v1/nextNonce?account_index=237600&api_key_index=4
[DEBUG fetch_nonce_from_api] Received nonce: 986
[DEBUG refresh_nonce_cache] Refreshed nonce: 986
[DEBUG create_order] ========================================
  ÔØî [44] INVALID SIGNATURE (Code: 21120) - Check debug logs for nonce

[DEBUG create_order] ========================================
[DEBUG create_order] Starting order creation for client_order_index: 1763069203005
[DEBUG get_next_nonce_from_cache] Fetching nonce from API
[DEBUG fetch_nonce_from_api] Requesting nonce from: https://mainnet.zklighter.elliot.ai/api/v1/nextNonce?account_index=237600&api_key_index=4
[DEBUG fetch_nonce_from_api] Received nonce: 986
[DEBUG get_next_nonce_from_cache] Fetched nonce from API: 986
[DEBUG create_order] ========================================
[DEBUG create_order] Order: client_order_index=1763069203005
[DEBUG create_order] Nonce obtained: 986
[DEBUG create_order] ÔòÉÔòÉÔòÉÔòÉÔòÉÔòÉÔòÉÔòÉÔòÉÔòÉÔòÉÔòÉÔòÉÔòÉÔòÉÔòÉÔòÉÔòÉÔòÉÔòÉÔòÉÔòÉÔòÉÔòÉÔòÉÔòÉÔòÉÔòÉÔòÉÔòÉÔòÉÔòÉÔòÉÔòÉÔòÉÔòÉÔòÉÔòÉÔòÉÔòÉ
[DEBUG create_order] STARTING SIGNATURE COMPUTATION
[DEBUG create_order] ÔòÉÔòÉÔòÉÔòÉÔòÉÔòÉÔòÉÔòÉÔòÉÔòÉÔòÉÔòÉÔòÉÔòÉÔòÉÔòÉÔòÉÔòÉÔòÉÔòÉÔòÉÔòÉÔòÉÔòÉÔòÉÔòÉÔòÉÔòÉÔòÉÔòÉÔòÉÔòÉÔòÉÔòÉÔòÉÔòÉÔòÉÔòÉÔòÉÔòÉ
[DEBUG create_order] Timestamp: now=1763069350311, expired_at=1763069949311
[DEBUG create_order] Transaction JSON (before signing): {"AccountIndex":237600,"ApiKeyIndex":4,"BaseAmount":1000,"ClientOrderIndex":1763069203005,"Expi
redAt":1763069949311,"IsAsk":0,"MarketIndex":0,"Nonce":986,"OrderExpiry":0,"Price":500000000,"ReduceOnly":0,"Sig":"","TimeInForce":0,"TriggerPrice":0,"
Type":1}
[DEBUG sign_transaction_internal] Starting signature computation
[DEBUG sign_transaction_internal] tx_type: 14
[DEBUG sign_transaction_internal] Extracted fields:
  chain_id: 304
  nonce: 986
  expired_at: 1763069949311
  account_index: 237600
  api_key_index: 4
[DEBUG sign_transaction_internal] CREATE_ORDER fields:
  market_index: 0
  client_order_index: 1763069203005
  base_amount: 1000
  price: 500000000
  is_ask: 0
  order_type: 1
  time_in_force: 0
  reduce_only: 0
  trigger_price: 0
  order_expiry: 0
[DEBUG sign_transaction_internal] Hash input elements count: 16
[DEBUG sign_transaction_internal] Hash input elements:
  [0] Element 0: 304 (u64)
  [1] Element 1: 14 (u64)
  [2] Element 2: 986 (u64)
  [3] Element 3: 1763069949311 (u64)
  [4] Element 4: 237600 (u64)
  [5] Element 5: 4 (u64)
  [6] Element 6: 0 (u64)
  [7] Element 7: 1763069203005 (u64)
  [8] Element 8: 1000 (u64)
  [9] Element 9: 500000000 (u64)
  [10] Element 10: 0 (u64)
  [11] Element 11: 1 (u64)
  [12] Element 12: 0 (u64)
  [13] Element 13: 0 (u64)
  [14] Element 14: 0 (u64)
  [15] Element 15: 0 (u64)
[DEBUG sign_transaction_internal] Computing Poseidon2 hash with 16 elements
[DEBUG sign_transaction_internal] Transaction hash (40 bytes): 17939ed1509fa25580549febdacff1a41e52a6770a5d9dbe351d770eb423899ab907bce8675de6cb
[DEBUG sign_transaction_internal] Transaction hash (first 8 bytes as u64): 6170669608914031383
[DEBUG sign_transaction_internal] Calling key_manager.sign() with hash: 
17939ed1509fa25580549febdacff1a41e52a6770a5d9dbe351d770eb423899ab907bce8675de6cb
[DEBUG signer::sign] Starting signature generation
[DEBUG signer::sign] Message hash: 17939ed1509fa25580549febdacff1a41e52a6770a5d9dbe351d770eb423899ab907bce8675de6cb
[DEBUG signer::sign] Generated random nonce: 903c1a1fc76449f81c8f92b2d8317da38c414d1ef395728085d059923b8567b8d171359700713362
[DEBUG signer::sign_with_fixed_nonce] Signing with fixed nonce
[DEBUG signer::sign_with_fixed_nonce] Private key (first 16 bytes): 79699d9819553fc6eee1b5e50af049d7...
[DEBUG signer::sign_with_fixed_nonce] Calling crypto::schnorr::sign_with_nonce
[DEBUG crypto::sign_with_nonce] ========================================
[DEBUG crypto::sign_with_nonce] Starting Schnorr signature
[DEBUG crypto::sign_with_nonce] Private key length: 40
[DEBUG crypto::sign_with_nonce] Message length: 40
[DEBUG crypto::sign_with_nonce] Nonce bytes length: 40
[DEBUG crypto::sign_with_nonce] Message hash: 17939ed1509fa25580549febdacff1a41e52a6770a5d9dbe351d770eb423899ab907bce8675de6cb
[DEBUG crypto::sign_with_nonce] Nonce bytes: 903c1a1fc76449f81c8f92b2d8317da38c414d1ef395728085d059923b8567b8d171359700713362
[DEBUG crypto::sign_with_nonce] Private key converted to scalar
[DEBUG crypto::sign_with_nonce] Nonce converted to scalar
[DEBUG crypto::sign_with_nonce] Message converted to Fp5Element
[DEBUG crypto::sign_with_nonce] Step 1: Computing R = nonce * G
[DEBUG crypto::sign_with_nonce] R encoded (full 40 bytes): 9ad64d096ce5f2031c6b84088dcef78c63ec03eed2e1c6344eb5e8962be3ed32881ec1ccacc8010c
[DEBUG crypto::sign_with_nonce] R Fp5 elements:
  R[0] = 284541978653087386 (u64)
  R[1] = 10157814589686049564 (u64)
  R[2] = 3802975231413578851 (u64)
  R[3] = 3669839047731754318 (u64)
  R[4] = 865193247926984328 (u64)
[DEBUG crypto::sign_with_nonce] Step 2: Computing challenge e = H(R || message)
[DEBUG crypto::sign_with_nonce] Pre-image prepared (10 elements):
  PreImage[0] = 284541978653087386 (u64)
  PreImage[1] = 10157814589686049564 (u64)
  PreImage[2] = 3802975231413578851 (u64)
  PreImage[3] = 3669839047731754318 (u64)
  PreImage[4] = 865193247926984328 (u64)
  PreImage[5] = 6170669608914031383 (u64)
  PreImage[6] = 11885509430770357376 (u64)
  PreImage[7] = 13735236738088325662 (u64)
  PreImage[8] = 11135470809894034741 (u64)
  PreImage[9] = 14692533535210473401 (u64)
[DEBUG crypto::sign_with_nonce] Challenge e computed (40 bytes): b2962d4296760e8083e1ac07396611fdf852082bc8e2678720065375229a969dd8a74412d6394316
[DEBUG crypto::sign_with_nonce] Challenge e (first 8 bytes as u64): 9227443074256180914
[DEBUG crypto::sign_with_nonce] Step 3: Computing s = nonce - e * private_key
[DEBUG crypto::sign_with_nonce] Response s computed (40 bytes): f2552966cc00284f6c6bf20e4a5f07251b8300d58c4604670c760cd1e5d5a649264853289958865f
[DEBUG crypto::sign_with_nonce] Response s (first 8 bytes as u64): 5703809805952046578
[DEBUG crypto::sign_with_nonce] Step 4: Assembling signature (s || e)
[DEBUG crypto::sign_with_nonce] Final signature: f2552966cc00284f6c6bf20e4a5f07251b8300d58c4604670c760cd1e5d5a649264853289958865fb2962d4296760e8083e1ac
07396611fdf852082bc8e2678720065375229a969dd8a74412d6394316
[DEBUG crypto::sign_with_nonce] ========================================
[DEBUG signer::sign_with_fixed_nonce] Signature from crypto: f2552966cc00284f6c6bf20e4a5f07251b8300d58c4604670c760cd1e5d5a649264853289958865fb2962d4296
760e8083e1ac07396611fdf852082bc8e2678720065375229a969dd8a74412d6394316 (length: 80)
[DEBUG signer::sign_with_fixed_nonce] Final signature: f2552966cc00284f6c6bf20e4a5f07251b8300d58c4604670c760cd1e5d5a649264853289958865fb2962d4296760e80
83e1ac07396611fdf852082bc8e2678720065375229a969dd8a74412d6394316
[DEBUG sign_transaction_internal] Signature returned (80 bytes): f2552966cc00284f6c6bf20e4a5f07251b8300d58c4604670c760cd1e5d5a649264853289958865fb2962d
4296760e8083e1ac07396611fdf852082bc8e2678720065375229a969dd8a74412d6394316
[DEBUG sign_transaction_internal] Signature s (first 40 bytes): f2552966cc00284f6c6bf20e4a5f07251b8300d58c4604670c760cd1e5d5a649264853289958865f
[DEBUG sign_transaction_internal] Signature e (last 40 bytes): b2962d4296760e8083e1ac07396611fdf852082bc8e2678720065375229a969dd8a74412d6394316
[DEBUG create_order] Signature generated: f2552966cc00284f6c6bf20e4a5f07251b8300d58c4604670c760cd1e5d5a649264853289958865fb2962d4296760e8083e1ac0739661
1fdf852082bc8e2678720065375229a969dd8a74412d6394316 (length: 80)
[DEBUG create_order] Signature (base64): 8lUpZswAKE9sa/IOSl8HJRuDANWMRgRnDHYM0eXVpkkmSFMomViGX7KWLUKWdg6Ag+GsBzlmEf34UggryOJnhyAGU3Uimpad2KdEEtY5QxY=
[DEBUG create_order] Final transaction JSON: {"AccountIndex":237600,"ApiKeyIndex":4,"BaseAmount":1000,"ClientOrderIndex":1763069203005,"ExpiredAt":1763
069949311,"IsAsk":0,"MarketIndex":0,"Nonce":986,"OrderExpiry":0,"Price":500000000,"ReduceOnly":0,"Sig":"8lUpZswAKE9sa/IOSl8HJRuDANWMRgRnDHYM0eXVpkkmSFM
omViGX7KWLUKWdg6Ag+GsBzlmEf34UggryOJnhyAGU3Uimpad2KdEEtY5QxY=","TimeInForce":0,"TriggerPrice":0,"Type":1}
[DEBUG create_order] Sending to: https://mainnet.zklighter.elliot.ai/api/v1/sendTx
[DEBUG create_order] Response status: 200 OK, body: {"code":200,"message":"{\"ratelimit\": \"698 volume quota remained\"}","tx_hash":"17939ed1509fa2558
0549febdacff1a41e52a6770a5d9dbe351d770eb423899ab907bce8675de6cb","predicted_execution_time_ms":1763069349533,"volume_quota_remaining":698}
[DEBUG create_order] ÔòÉÔòÉÔòÉÔòÉÔòÉÔòÉÔòÉÔòÉÔòÉÔòÉÔòÉÔòÉÔòÉÔòÉÔòÉÔòÉÔòÉÔòÉÔòÉÔòÉÔòÉÔòÉÔòÉÔòÉÔòÉÔòÉÔòÉÔòÉÔòÉÔòÉÔòÉÔòÉÔòÉÔòÉÔòÉÔòÉÔòÉÔòÉÔòÉÔòÉ
[DEBUG create_order] API RESPONSE RECEIVED
[DEBUG create_order] ÔòÉÔòÉÔòÉÔòÉÔòÉÔòÉÔòÉÔòÉÔòÉÔòÉÔòÉÔòÉÔòÉÔòÉÔòÉÔòÉÔòÉÔòÉÔòÉÔòÉÔòÉÔòÉÔòÉÔòÉÔòÉÔòÉÔòÉÔòÉÔòÉÔòÉÔòÉÔòÉÔòÉÔòÉÔòÉÔòÉÔòÉÔòÉÔòÉÔòÉ
[DEBUG create_order] Response code: 200
[DEBUG create_order] Response message: {"ratelimit": "698 volume quota remained"}
[DEBUG create_order] Nonce used: 986
[DEBUG create_order] Ô£àÔ£àÔ£à SUCCESS Ô£àÔ£àÔ£à - Transaction succeeded with nonce 986
[DEBUG create_order] ÔòÉÔòÉÔòÉÔòÉÔòÉÔòÉÔòÉÔòÉÔòÉÔòÉÔòÉÔòÉÔòÉÔòÉÔòÉÔòÉÔòÉÔòÉÔòÉÔòÉÔòÉÔòÉÔòÉÔòÉÔòÉÔòÉÔòÉÔòÉÔòÉÔòÉÔòÉÔòÉÔòÉÔòÉÔòÉÔòÉÔòÉÔòÉÔòÉÔòÉ
[DEBUG create_order] SUCCESSFUL SIGNATURE - SAVE THIS FOR COMPARISON
[DEBUG create_order] ÔòÉÔòÉÔòÉÔòÉÔòÉÔòÉÔòÉÔòÉÔòÉÔòÉÔòÉÔòÉÔòÉÔòÉÔòÉÔòÉÔòÉÔòÉÔòÉÔòÉÔòÉÔòÉÔòÉÔòÉÔòÉÔòÉÔòÉÔòÉÔòÉÔòÉÔòÉÔòÉÔòÉÔòÉÔòÉÔòÉÔòÉÔòÉÔòÉÔòÉ
[DEBUG create_order] ========================================

[DEBUG create_order] ========================================
[DEBUG create_order] Starting order creation for client_order_index: 1763069203006
[DEBUG get_next_nonce_from_cache] Fetching nonce from API
[DEBUG fetch_nonce_from_api] Requesting nonce from: https://mainnet.zklighter.elliot.ai/api/v1/nextNonce?account_index=237600&api_key_index=4
[DEBUG fetch_nonce_from_api] Received nonce: 987
[DEBUG get_next_nonce_from_cache] Fetched nonce from API: 987
[DEBUG create_order] ========================================
[DEBUG create_order] Order: client_order_index=1763069203006
[DEBUG create_order] Nonce obtained: 987
[DEBUG create_order] ÔòÉÔòÉÔòÉÔòÉÔòÉÔòÉÔòÉÔòÉÔòÉÔòÉÔòÉÔòÉÔòÉÔòÉÔòÉÔòÉÔòÉÔòÉÔòÉÔòÉÔòÉÔòÉÔòÉÔòÉÔòÉÔòÉÔòÉÔòÉÔòÉÔòÉÔòÉÔòÉÔòÉÔòÉÔòÉÔòÉÔòÉÔòÉÔòÉÔòÉ
[DEBUG create_order] STARTING SIGNATURE COMPUTATION
[DEBUG create_order] ÔòÉÔòÉÔòÉÔòÉÔòÉÔòÉÔòÉÔòÉÔòÉÔòÉÔòÉÔòÉÔòÉÔòÉÔòÉÔòÉÔòÉÔòÉÔòÉÔòÉÔòÉÔòÉÔòÉÔòÉÔòÉÔòÉÔòÉÔòÉÔòÉÔòÉÔòÉÔòÉÔòÉÔòÉÔòÉÔòÉÔòÉÔòÉÔòÉÔòÉ
[DEBUG create_order] Timestamp: now=1763069353590, expired_at=1763069952590
[DEBUG create_order] Transaction JSON (before signing): {"AccountIndex":237600,"ApiKeyIndex":4,"BaseAmount":1000,"ClientOrderIndex":1763069203006,"Expi
redAt":1763069952590,"IsAsk":0,"MarketIndex":0,"Nonce":987,"OrderExpiry":0,"Price":500000000,"ReduceOnly":0,"Sig":"","TimeInForce":0,"TriggerPrice":0,"
Type":1}
[DEBUG sign_transaction_internal] Starting signature computation
[DEBUG sign_transaction_internal] tx_type: 14
[DEBUG sign_transaction_internal] Extracted fields:
  chain_id: 304
  nonce: 987
  expired_at: 1763069952590
  account_index: 237600
  api_key_index: 4
[DEBUG sign_transaction_internal] CREATE_ORDER fields:
  market_index: 0
  client_order_index: 1763069203006
  base_amount: 1000
  price: 500000000
  is_ask: 0
  order_type: 1
  time_in_force: 0
  reduce_only: 0
  trigger_price: 0
  order_expiry: 0
[DEBUG sign_transaction_internal] Hash input elements count: 16
[DEBUG sign_transaction_internal] Hash input elements:
  [0] Element 0: 304 (u64)
  [1] Element 1: 14 (u64)
  [2] Element 2: 987 (u64)
  [3] Element 3: 1763069952590 (u64)
  [4] Element 4: 237600 (u64)
  [5] Element 5: 4 (u64)
  [6] Element 6: 0 (u64)
  [7] Element 7: 1763069203006 (u64)
  [8] Element 8: 1000 (u64)
  [9] Element 9: 500000000 (u64)
  [10] Element 10: 0 (u64)
  [11] Element 11: 1 (u64)
  [12] Element 12: 0 (u64)
  [13] Element 13: 0 (u64)
  [14] Element 14: 0 (u64)
  [15] Element 15: 0 (u64)
[DEBUG sign_transaction_internal] Computing Poseidon2 hash with 16 elements
[DEBUG sign_transaction_internal] Transaction hash (40 bytes): 00548980bcb94e0f25bbf947adbd101722151f02bd3c2934d21cb6aa736eadeaf72faf29456ec3e3
[DEBUG sign_transaction_internal] Transaction hash (first 8 bytes as u64): 1103023178013824000
[DEBUG sign_transaction_internal] Calling key_manager.sign() with hash: 
00548980bcb94e0f25bbf947adbd101722151f02bd3c2934d21cb6aa736eadeaf72faf29456ec3e3
[DEBUG signer::sign] Starting signature generation
[DEBUG signer::sign] Message hash: 00548980bcb94e0f25bbf947adbd101722151f02bd3c2934d21cb6aa736eadeaf72faf29456ec3e3
[DEBUG signer::sign] Generated random nonce: 5a1c26c98143bf065fd7e6a8eb626f94b460affc67239c7e16c86f268b0cf0e7a84bd18de2222fb9
[DEBUG signer::sign_with_fixed_nonce] Signing with fixed nonce
[DEBUG signer::sign_with_fixed_nonce] Private key (first 16 bytes): 79699d9819553fc6eee1b5e50af049d7...
[DEBUG signer::sign_with_fixed_nonce] Calling crypto::schnorr::sign_with_nonce
[DEBUG crypto::sign_with_nonce] ========================================
[DEBUG crypto::sign_with_nonce] Starting Schnorr signature
[DEBUG crypto::sign_with_nonce] Private key length: 40
[DEBUG crypto::sign_with_nonce] Message length: 40
[DEBUG crypto::sign_with_nonce] Nonce bytes length: 40
[DEBUG crypto::sign_with_nonce] Message hash: 00548980bcb94e0f25bbf947adbd101722151f02bd3c2934d21cb6aa736eadeaf72faf29456ec3e3
[DEBUG crypto::sign_with_nonce] Nonce bytes: 5a1c26c98143bf065fd7e6a8eb626f94b460affc67239c7e16c86f268b0cf0e7a84bd18de2222fb9
[DEBUG crypto::sign_with_nonce] Private key converted to scalar
[DEBUG crypto::sign_with_nonce] Nonce converted to scalar
[DEBUG crypto::sign_with_nonce] Message converted to Fp5Element
[DEBUG crypto::sign_with_nonce] Step 1: Computing R = nonce * G
[DEBUG crypto::sign_with_nonce] R encoded (full 40 bytes): 469e0c504381b5bca03c88dd4baed3e76882da7ff1b19b1dc69fcd5b00b7b2392e8cce0eab1f9a16
[DEBUG crypto::sign_with_nonce] R Fp5 elements:
  R[0] = 13597916776020876870 (u64)
  R[1] = 16704887083709775008 (u64)
  R[2] = 2133494499280323176 (u64)
  R[3] = 4157586618184474566 (u64)
  R[4] = 1628649034796141614 (u64)
[DEBUG crypto::sign_with_nonce] Step 2: Computing challenge e = H(R || message)
[DEBUG crypto::sign_with_nonce] Pre-image prepared (10 elements):
  PreImage[0] = 13597916776020876870 (u64)
  PreImage[1] = 16704887083709775008 (u64)
  PreImage[2] = 2133494499280323176 (u64)
  PreImage[3] = 4157586618184474566 (u64)
  PreImage[4] = 1628649034796141614 (u64)
  PreImage[5] = 1103023178013824000 (u64)
  PreImage[6] = 1662036814434253605 (u64)
  PreImage[7] = 3758602146499466530 (u64)
  PreImage[8] = 16910293618910436562 (u64)
  PreImage[9] = 16412082710399365111 (u64)
[DEBUG crypto::sign_with_nonce] Challenge e computed (40 bytes): 3fc6302a1cb35c91666c50c6650792f7f10200a61534864eb9ae96bd48747dbfce3d1f16c5bb9658
[DEBUG crypto::sign_with_nonce] Challenge e (first 8 bytes as u64): 10474443766905226815
[DEBUG crypto::sign_with_nonce] Step 3: Computing s = nonce - e * private_key
[DEBUG crypto::sign_with_nonce] Response s computed (40 bytes): 8c55b914ee34cad51b4013ba927c203b776a9dda0edd31069441a3730f64fe8726b9e5d5a957473d
[DEBUG crypto::sign_with_nonce] Response s (first 8 bytes as u64): 15405183672528754060
[DEBUG crypto::sign_with_nonce] Step 4: Assembling signature (s || e)
[DEBUG crypto::sign_with_nonce] Final signature: 8c55b914ee34cad51b4013ba927c203b776a9dda0edd31069441a3730f64fe8726b9e5d5a957473d3fc6302a1cb35c91666c50
c6650792f7f10200a61534864eb9ae96bd48747dbfce3d1f16c5bb9658
[DEBUG crypto::sign_with_nonce] ========================================
[DEBUG signer::sign_with_fixed_nonce] Signature from crypto: 8c55b914ee34cad51b4013ba927c203b776a9dda0edd31069441a3730f64fe8726b9e5d5a957473d3fc6302a1c
b35c91666c50c6650792f7f10200a61534864eb9ae96bd48747dbfce3d1f16c5bb9658 (length: 80)
[DEBUG signer::sign_with_fixed_nonce] Final signature: 8c55b914ee34cad51b4013ba927c203b776a9dda0edd31069441a3730f64fe8726b9e5d5a957473d3fc6302a1cb35c91
666c50c6650792f7f10200a61534864eb9ae96bd48747dbfce3d1f16c5bb9658
[DEBUG sign_transaction_internal] Signature returned (80 bytes): 8c55b914ee34cad51b4013ba927c203b776a9dda0edd31069441a3730f64fe8726b9e5d5a957473d3fc630
2a1cb35c91666c50c6650792f7f10200a61534864eb9ae96bd48747dbfce3d1f16c5bb9658
[DEBUG sign_transaction_internal] Signature s (first 40 bytes): 8c55b914ee34cad51b4013ba927c203b776a9dda0edd31069441a3730f64fe8726b9e5d5a957473d
[DEBUG sign_transaction_internal] Signature e (last 40 bytes): 3fc6302a1cb35c91666c50c6650792f7f10200a61534864eb9ae96bd48747dbfce3d1f16c5bb9658
[DEBUG create_order] Signature generated: 8c55b914ee34cad51b4013ba927c203b776a9dda0edd31069441a3730f64fe8726b9e5d5a957473d3fc6302a1cb35c91666c50c665079
2f7f10200a61534864eb9ae96bd48747dbfce3d1f16c5bb9658 (length: 80)
[DEBUG create_order] Signature (base64): jFW5FO40ytUbQBO6knwgO3dqndoO3TEGlEGjcw9k/ocmueXVqVdHPT/GMCocs1yRZmxQxmUHkvfxAgCmFTSGTrmulr1IdH2/zj0fFsW7llg=
[DEBUG create_order] Final transaction JSON: {"AccountIndex":237600,"ApiKeyIndex":4,"BaseAmount":1000,"ClientOrderIndex":1763069203006,"ExpiredAt":1763
069952590,"IsAsk":0,"MarketIndex":0,"Nonce":987,"OrderExpiry":0,"Price":500000000,"ReduceOnly":0,"Sig":"jFW5FO40ytUbQBO6knwgO3dqndoO3TEGlEGjcw9k/ocmueX
VqVdHPT/GMCocs1yRZmxQxmUHkvfxAgCmFTSGTrmulr1IdH2/zj0fFsW7llg=","TimeInForce":0,"TriggerPrice":0,"Type":1}
[DEBUG create_order] Sending to: https://mainnet.zklighter.elliot.ai/api/v1/sendTx
[DEBUG create_order] Response status: 400 Bad Request, body: {"code":21120,"message":"invalid signature"}
[DEBUG create_order] ÔòÉÔòÉÔòÉÔòÉÔòÉÔòÉÔòÉÔòÉÔòÉÔòÉÔòÉÔòÉÔòÉÔòÉÔòÉÔòÉÔòÉÔòÉÔòÉÔòÉÔòÉÔòÉÔòÉÔòÉÔòÉÔòÉÔòÉÔòÉÔòÉÔòÉÔòÉÔòÉÔòÉÔòÉÔòÉÔòÉÔòÉÔòÉÔòÉÔòÉ
[DEBUG create_order] API RESPONSE RECEIVED
[DEBUG create_order] ÔòÉÔòÉÔòÉÔòÉÔòÉÔòÉÔòÉÔòÉÔòÉÔòÉÔòÉÔòÉÔòÉÔòÉÔòÉÔòÉÔòÉÔòÉÔòÉÔòÉÔòÉÔòÉÔòÉÔòÉÔòÉÔòÉÔòÉÔòÉÔòÉÔòÉÔòÉÔòÉÔòÉÔòÉÔòÉÔòÉÔòÉÔòÉÔòÉÔòÉ
[DEBUG create_order] Response code: 21120
[DEBUG create_order] Response message: invalid signature
[DEBUG create_order] Nonce used: 987
[DEBUG create_order] ÔØîÔØîÔØî INVALID SIGNATURE ERROR ÔØîÔØîÔØî (code 21120) - Nonce used: 987
[DEBUG create_order] ÔòÉÔòÉÔòÉÔòÉÔòÉÔòÉÔòÉÔòÉÔòÉÔòÉÔòÉÔòÉÔòÉÔòÉÔòÉÔòÉÔòÉÔòÉÔòÉÔòÉÔòÉÔòÉÔòÉÔòÉÔòÉÔòÉÔòÉÔòÉÔòÉÔòÉÔòÉÔòÉÔòÉÔòÉÔòÉÔòÉÔòÉÔòÉÔòÉÔòÉ
[DEBUG create_order] FAILED SIGNATURE - COMPARE WITH SUCCESSFUL ONES
[DEBUG create_order] ÔòÉÔòÉÔòÉÔòÉÔòÉÔòÉÔòÉÔòÉÔòÉÔòÉÔòÉÔòÉÔòÉÔòÉÔòÉÔòÉÔòÉÔòÉÔòÉÔòÉÔòÉÔòÉÔòÉÔòÉÔòÉÔòÉÔòÉÔòÉÔòÉÔòÉÔòÉÔòÉÔòÉÔòÉÔòÉÔòÉÔòÉÔòÉÔòÉÔòÉ
[DEBUG create_order] This could be nonce sync issue or signature computation issue
[DEBUG fetch_nonce_from_api] Requesting nonce from: https://mainnet.zklighter.elliot.ai/api/v1/nextNonce?account_index=237600&api_key_index=4
[DEBUG fetch_nonce_from_api] Received nonce: 987
[DEBUG refresh_nonce_cache] Refreshed nonce: 987
[DEBUG create_order] ========================================
  ÔØî [46] INVALID SIGNATURE (Code: 21120) - Check debug logs for nonce

[DEBUG create_order] ========================================
[DEBUG create_order] Starting order creation for client_order_index: 1763069203007
[DEBUG get_next_nonce_from_cache] Fetching nonce from API
[DEBUG fetch_nonce_from_api] Requesting nonce from: https://mainnet.zklighter.elliot.ai/api/v1/nextNonce?account_index=237600&api_key_index=4
[DEBUG fetch_nonce_from_api] Received nonce: 987
[DEBUG get_next_nonce_from_cache] Fetched nonce from API: 987
[DEBUG create_order] ========================================
[DEBUG create_order] Order: client_order_index=1763069203007
[DEBUG create_order] Nonce obtained: 987
[DEBUG create_order] ÔòÉÔòÉÔòÉÔòÉÔòÉÔòÉÔòÉÔòÉÔòÉÔòÉÔòÉÔòÉÔòÉÔòÉÔòÉÔòÉÔòÉÔòÉÔòÉÔòÉÔòÉÔòÉÔòÉÔòÉÔòÉÔòÉÔòÉÔòÉÔòÉÔòÉÔòÉÔòÉÔòÉÔòÉÔòÉÔòÉÔòÉÔòÉÔòÉÔòÉ
[DEBUG create_order] STARTING SIGNATURE COMPUTATION
[DEBUG create_order] ÔòÉÔòÉÔòÉÔòÉÔòÉÔòÉÔòÉÔòÉÔòÉÔòÉÔòÉÔòÉÔòÉÔòÉÔòÉÔòÉÔòÉÔòÉÔòÉÔòÉÔòÉÔòÉÔòÉÔòÉÔòÉÔòÉÔòÉÔòÉÔòÉÔòÉÔòÉÔòÉÔòÉÔòÉÔòÉÔòÉÔòÉÔòÉÔòÉÔòÉ
[DEBUG create_order] Timestamp: now=1763069356969, expired_at=1763069955969
[DEBUG create_order] Transaction JSON (before signing): {"AccountIndex":237600,"ApiKeyIndex":4,"BaseAmount":1000,"ClientOrderIndex":1763069203007,"Expi
redAt":1763069955969,"IsAsk":0,"MarketIndex":0,"Nonce":987,"OrderExpiry":0,"Price":500000000,"ReduceOnly":0,"Sig":"","TimeInForce":0,"TriggerPrice":0,"
Type":1}
[DEBUG sign_transaction_internal] Starting signature computation
[DEBUG sign_transaction_internal] tx_type: 14
[DEBUG sign_transaction_internal] Extracted fields:
  chain_id: 304
  nonce: 987
  expired_at: 1763069955969
  account_index: 237600
  api_key_index: 4
[DEBUG sign_transaction_internal] CREATE_ORDER fields:
  market_index: 0
  client_order_index: 1763069203007
  base_amount: 1000
  price: 500000000
  is_ask: 0
  order_type: 1
  time_in_force: 0
  reduce_only: 0
  trigger_price: 0
  order_expiry: 0
[DEBUG sign_transaction_internal] Hash input elements count: 16
[DEBUG sign_transaction_internal] Hash input elements:
  [0] Element 0: 304 (u64)
  [1] Element 1: 14 (u64)
  [2] Element 2: 987 (u64)
  [3] Element 3: 1763069955969 (u64)
  [4] Element 4: 237600 (u64)
  [5] Element 5: 4 (u64)
  [6] Element 6: 0 (u64)
  [7] Element 7: 1763069203007 (u64)
  [8] Element 8: 1000 (u64)
  [9] Element 9: 500000000 (u64)
  [10] Element 10: 0 (u64)
  [11] Element 11: 1 (u64)
  [12] Element 12: 0 (u64)
  [13] Element 13: 0 (u64)
  [14] Element 14: 0 (u64)
  [15] Element 15: 0 (u64)
[DEBUG sign_transaction_internal] Computing Poseidon2 hash with 16 elements
[DEBUG sign_transaction_internal] Transaction hash (40 bytes): 8f5516257600d4580cd1b98225210136848cbeca04df187936fde3aaafbee084cb8804365eb8fac3
[DEBUG sign_transaction_internal] Transaction hash (first 8 bytes as u64): 6400741477828679055
[DEBUG sign_transaction_internal] Calling key_manager.sign() with hash: 
8f5516257600d4580cd1b98225210136848cbeca04df187936fde3aaafbee084cb8804365eb8fac3
[DEBUG signer::sign] Starting signature generation
[DEBUG signer::sign] Message hash: 8f5516257600d4580cd1b98225210136848cbeca04df187936fde3aaafbee084cb8804365eb8fac3
[DEBUG signer::sign] Generated random nonce: 7a2a4dafb44d1c5b5627655c9731deec04d7521d05bcfb03e02b2eb85952765a13dec57736bee4db
[DEBUG signer::sign_with_fixed_nonce] Signing with fixed nonce
[DEBUG signer::sign_with_fixed_nonce] Private key (first 16 bytes): 79699d9819553fc6eee1b5e50af049d7...
[DEBUG signer::sign_with_fixed_nonce] Calling crypto::schnorr::sign_with_nonce
[DEBUG crypto::sign_with_nonce] ========================================
[DEBUG crypto::sign_with_nonce] Starting Schnorr signature
[DEBUG crypto::sign_with_nonce] Private key length: 40
[DEBUG crypto::sign_with_nonce] Message length: 40
[DEBUG crypto::sign_with_nonce] Nonce bytes length: 40
[DEBUG crypto::sign_with_nonce] Message hash: 8f5516257600d4580cd1b98225210136848cbeca04df187936fde3aaafbee084cb8804365eb8fac3
[DEBUG crypto::sign_with_nonce] Nonce bytes: 7a2a4dafb44d1c5b5627655c9731deec04d7521d05bcfb03e02b2eb85952765a13dec57736bee4db
[DEBUG crypto::sign_with_nonce] Private key converted to scalar
[DEBUG crypto::sign_with_nonce] Nonce converted to scalar
[DEBUG crypto::sign_with_nonce] Message converted to Fp5Element
[DEBUG crypto::sign_with_nonce] Step 1: Computing R = nonce * G
[DEBUG crypto::sign_with_nonce] R encoded (full 40 bytes): 39f714c7dffa556afdbb35e323c5acfcaabee93e7b271712daaa83af053a63cc0e3b6da6e3aaf60b
[DEBUG crypto::sign_with_nonce] R Fp5 elements:
  R[0] = 7662306180065457977 (u64)
  R[1] = 18207144151478549501 (u64)
  R[2] = 1303554027437014698 (u64)
  R[3] = 14727679002525543130 (u64)
  R[4] = 862064273414503182 (u64)
[DEBUG crypto::sign_with_nonce] Step 2: Computing challenge e = H(R || message)
[DEBUG crypto::sign_with_nonce] Pre-image prepared (10 elements):
  PreImage[0] = 7662306180065457977 (u64)
  PreImage[1] = 18207144151478549501 (u64)
  PreImage[2] = 1303554027437014698 (u64)
  PreImage[3] = 14727679002525543130 (u64)
  PreImage[4] = 862064273414503182 (u64)
  PreImage[5] = 6400741477828679055 (u64)
  PreImage[6] = 3891427998015541516 (u64)
  PreImage[7] = 8725969489704684676 (u64)
  PreImage[8] = 9574862469485296950 (u64)
  PreImage[9] = 14121802296346314955 (u64)
[DEBUG crypto::sign_with_nonce] Challenge e computed (40 bytes): b975375d8ecfe962c1016449aca99143ed6fa18890beb618284cce781baa8263c6aad36f51b8b757
[DEBUG crypto::sign_with_nonce] Challenge e (first 8 bytes as u64): 7127456095646741945
[DEBUG crypto::sign_with_nonce] Step 3: Computing s = nonce - e * private_key
[DEBUG crypto::sign_with_nonce] Response s computed (40 bytes): fb79c4303c3b2865f6fd9552d4abaded07035d9119841517886fa61075980870281fba72bf1c7286
[DEBUG crypto::sign_with_nonce] Response s (first 8 bytes as u64): 7289141126601406971
[DEBUG crypto::sign_with_nonce] Step 4: Assembling signature (s || e)
[DEBUG crypto::sign_with_nonce] Final signature: fb79c4303c3b2865f6fd9552d4abaded07035d9119841517886fa61075980870281fba72bf1c7286b975375d8ecfe962c10164
49aca99143ed6fa18890beb618284cce781baa8263c6aad36f51b8b757
[DEBUG crypto::sign_with_nonce] ========================================
[DEBUG signer::sign_with_fixed_nonce] Signature from crypto: fb79c4303c3b2865f6fd9552d4abaded07035d9119841517886fa61075980870281fba72bf1c7286b975375d8e
cfe962c1016449aca99143ed6fa18890beb618284cce781baa8263c6aad36f51b8b757 (length: 80)
[DEBUG signer::sign_with_fixed_nonce] Final signature: fb79c4303c3b2865f6fd9552d4abaded07035d9119841517886fa61075980870281fba72bf1c7286b975375d8ecfe962
c1016449aca99143ed6fa18890beb618284cce781baa8263c6aad36f51b8b757
[DEBUG sign_transaction_internal] Signature returned (80 bytes): fb79c4303c3b2865f6fd9552d4abaded07035d9119841517886fa61075980870281fba72bf1c7286b97537
5d8ecfe962c1016449aca99143ed6fa18890beb618284cce781baa8263c6aad36f51b8b757
[DEBUG sign_transaction_internal] Signature s (first 40 bytes): fb79c4303c3b2865f6fd9552d4abaded07035d9119841517886fa61075980870281fba72bf1c7286
[DEBUG sign_transaction_internal] Signature e (last 40 bytes): b975375d8ecfe962c1016449aca99143ed6fa18890beb618284cce781baa8263c6aad36f51b8b757
[DEBUG create_order] Signature generated: fb79c4303c3b2865f6fd9552d4abaded07035d9119841517886fa61075980870281fba72bf1c7286b975375d8ecfe962c1016449aca99
143ed6fa18890beb618284cce781baa8263c6aad36f51b8b757 (length: 80)
[DEBUG create_order] Signature (base64): +3nEMDw7KGX2/ZVS1Kut7QcDXZEZhBUXiG+mEHWYCHAoH7pyvxxyhrl1N12Oz+liwQFkSaypkUPtb6GIkL62GChMzngbqoJjxqrTb1G4t1c=
[DEBUG create_order] Final transaction JSON: {"AccountIndex":237600,"ApiKeyIndex":4,"BaseAmount":1000,"ClientOrderIndex":1763069203007,"ExpiredAt":1763
069955969,"IsAsk":0,"MarketIndex":0,"Nonce":987,"OrderExpiry":0,"Price":500000000,"ReduceOnly":0,"Sig":"+3nEMDw7KGX2/ZVS1Kut7QcDXZEZhBUXiG+mEHWYCHAoH7p
yvxxyhrl1N12Oz+liwQFkSaypkUPtb6GIkL62GChMzngbqoJjxqrTb1G4t1c=","TimeInForce":0,"TriggerPrice":0,"Type":1}
[DEBUG create_order] Sending to: https://mainnet.zklighter.elliot.ai/api/v1/sendTx
[DEBUG create_order] Response status: 400 Bad Request, body: {"code":21120,"message":"invalid signature"}
[DEBUG create_order] ÔòÉÔòÉÔòÉÔòÉÔòÉÔòÉÔòÉÔòÉÔòÉÔòÉÔòÉÔòÉÔòÉÔòÉÔòÉÔòÉÔòÉÔòÉÔòÉÔòÉÔòÉÔòÉÔòÉÔòÉÔòÉÔòÉÔòÉÔòÉÔòÉÔòÉÔòÉÔòÉÔòÉÔòÉÔòÉÔòÉÔòÉÔòÉÔòÉÔòÉ
[DEBUG create_order] API RESPONSE RECEIVED
[DEBUG create_order] ÔòÉÔòÉÔòÉÔòÉÔòÉÔòÉÔòÉÔòÉÔòÉÔòÉÔòÉÔòÉÔòÉÔòÉÔòÉÔòÉÔòÉÔòÉÔòÉÔòÉÔòÉÔòÉÔòÉÔòÉÔòÉÔòÉÔòÉÔòÉÔòÉÔòÉÔòÉÔòÉÔòÉÔòÉÔòÉÔòÉÔòÉÔòÉÔòÉÔòÉ
[DEBUG create_order] Response code: 21120
[DEBUG create_order] Response message: invalid signature
[DEBUG create_order] Nonce used: 987
[DEBUG create_order] ÔØîÔØîÔØî INVALID SIGNATURE ERROR ÔØîÔØîÔØî (code 21120) - Nonce used: 987
[DEBUG create_order] ÔòÉÔòÉÔòÉÔòÉÔòÉÔòÉÔòÉÔòÉÔòÉÔòÉÔòÉÔòÉÔòÉÔòÉÔòÉÔòÉÔòÉÔòÉÔòÉÔòÉÔòÉÔòÉÔòÉÔòÉÔòÉÔòÉÔòÉÔòÉÔòÉÔòÉÔòÉÔòÉÔòÉÔòÉÔòÉÔòÉÔòÉÔòÉÔòÉÔòÉ
[DEBUG create_order] FAILED SIGNATURE - COMPARE WITH SUCCESSFUL ONES
[DEBUG create_order] ÔòÉÔòÉÔòÉÔòÉÔòÉÔòÉÔòÉÔòÉÔòÉÔòÉÔòÉÔòÉÔòÉÔòÉÔòÉÔòÉÔòÉÔòÉÔòÉÔòÉÔòÉÔòÉÔòÉÔòÉÔòÉÔòÉÔòÉÔòÉÔòÉÔòÉÔòÉÔòÉÔòÉÔòÉÔòÉÔòÉÔòÉÔòÉÔòÉÔòÉ
[DEBUG create_order] This could be nonce sync issue or signature computation issue
[DEBUG fetch_nonce_from_api] Requesting nonce from: https://mainnet.zklighter.elliot.ai/api/v1/nextNonce?account_index=237600&api_key_index=4
[DEBUG fetch_nonce_from_api] Received nonce: 987
[DEBUG refresh_nonce_cache] Refreshed nonce: 987
[DEBUG create_order] ========================================
  ÔØî [47] INVALID SIGNATURE (Code: 21120) - Check debug logs for nonce

[DEBUG create_order] ========================================
[DEBUG create_order] Starting order creation for client_order_index: 1763069203008
[DEBUG get_next_nonce_from_cache] Fetching nonce from API
[DEBUG fetch_nonce_from_api] Requesting nonce from: https://mainnet.zklighter.elliot.ai/api/v1/nextNonce?account_index=237600&api_key_index=4
[DEBUG fetch_nonce_from_api] Received nonce: 987
[DEBUG get_next_nonce_from_cache] Fetched nonce from API: 987
[DEBUG create_order] ========================================
[DEBUG create_order] Order: client_order_index=1763069203008
[DEBUG create_order] Nonce obtained: 987
[DEBUG create_order] ÔòÉÔòÉÔòÉÔòÉÔòÉÔòÉÔòÉÔòÉÔòÉÔòÉÔòÉÔòÉÔòÉÔòÉÔòÉÔòÉÔòÉÔòÉÔòÉÔòÉÔòÉÔòÉÔòÉÔòÉÔòÉÔòÉÔòÉÔòÉÔòÉÔòÉÔòÉÔòÉÔòÉÔòÉÔòÉÔòÉÔòÉÔòÉÔòÉÔòÉ
[DEBUG create_order] STARTING SIGNATURE COMPUTATION
[DEBUG create_order] ÔòÉÔòÉÔòÉÔòÉÔòÉÔòÉÔòÉÔòÉÔòÉÔòÉÔòÉÔòÉÔòÉÔòÉÔòÉÔòÉÔòÉÔòÉÔòÉÔòÉÔòÉÔòÉÔòÉÔòÉÔòÉÔòÉÔòÉÔòÉÔòÉÔòÉÔòÉÔòÉÔòÉÔòÉÔòÉÔòÉÔòÉÔòÉÔòÉÔòÉ
[DEBUG create_order] Timestamp: now=1763069360356, expired_at=1763069959356
[DEBUG create_order] Transaction JSON (before signing): {"AccountIndex":237600,"ApiKeyIndex":4,"BaseAmount":1000,"ClientOrderIndex":1763069203008,"Expi
redAt":1763069959356,"IsAsk":0,"MarketIndex":0,"Nonce":987,"OrderExpiry":0,"Price":500000000,"ReduceOnly":0,"Sig":"","TimeInForce":0,"TriggerPrice":0,"
Type":1}
[DEBUG sign_transaction_internal] Starting signature computation
[DEBUG sign_transaction_internal] tx_type: 14
[DEBUG sign_transaction_internal] Extracted fields:
  chain_id: 304
  nonce: 987
  expired_at: 1763069959356
  account_index: 237600
  api_key_index: 4
[DEBUG sign_transaction_internal] CREATE_ORDER fields:
  market_index: 0
  client_order_index: 1763069203008
  base_amount: 1000
  price: 500000000
  is_ask: 0
  order_type: 1
  time_in_force: 0
  reduce_only: 0
  trigger_price: 0
  order_expiry: 0
[DEBUG sign_transaction_internal] Hash input elements count: 16
[DEBUG sign_transaction_internal] Hash input elements:
  [0] Element 0: 304 (u64)
  [1] Element 1: 14 (u64)
  [2] Element 2: 987 (u64)
  [3] Element 3: 1763069959356 (u64)
  [4] Element 4: 237600 (u64)
  [5] Element 5: 4 (u64)
  [6] Element 6: 0 (u64)
  [7] Element 7: 1763069203008 (u64)
  [8] Element 8: 1000 (u64)
  [9] Element 9: 500000000 (u64)
  [10] Element 10: 0 (u64)
  [11] Element 11: 1 (u64)
  [12] Element 12: 0 (u64)
  [13] Element 13: 0 (u64)
  [14] Element 14: 0 (u64)
  [15] Element 15: 0 (u64)
[DEBUG sign_transaction_internal] Computing Poseidon2 hash with 16 elements
[DEBUG sign_transaction_internal] Transaction hash (40 bytes): 403f6e9abf4e131ccc38b1dbbe49323aeb0ae2985f28dd176f8652fd537045e8bd5780e603e6501b
[DEBUG sign_transaction_internal] Transaction hash (first 8 bytes as u64): 2023047242456121152
[DEBUG sign_transaction_internal] Calling key_manager.sign() with hash: 
403f6e9abf4e131ccc38b1dbbe49323aeb0ae2985f28dd176f8652fd537045e8bd5780e603e6501b
[DEBUG signer::sign] Starting signature generation
[DEBUG signer::sign] Message hash: 403f6e9abf4e131ccc38b1dbbe49323aeb0ae2985f28dd176f8652fd537045e8bd5780e603e6501b
[DEBUG signer::sign] Generated random nonce: f31875d0dd53e985d60ac22dfa5b8a6f4a004eabf2ba1c09ba1d1aba495a1347f57d8c2bbf270094
[DEBUG signer::sign_with_fixed_nonce] Signing with fixed nonce
[DEBUG signer::sign_with_fixed_nonce] Private key (first 16 bytes): 79699d9819553fc6eee1b5e50af049d7...
[DEBUG signer::sign_with_fixed_nonce] Calling crypto::schnorr::sign_with_nonce
[DEBUG crypto::sign_with_nonce] ========================================
[DEBUG crypto::sign_with_nonce] Starting Schnorr signature
[DEBUG crypto::sign_with_nonce] Private key length: 40
[DEBUG crypto::sign_with_nonce] Message length: 40
[DEBUG crypto::sign_with_nonce] Nonce bytes length: 40
[DEBUG crypto::sign_with_nonce] Message hash: 403f6e9abf4e131ccc38b1dbbe49323aeb0ae2985f28dd176f8652fd537045e8bd5780e603e6501b
[DEBUG crypto::sign_with_nonce] Nonce bytes: f31875d0dd53e985d60ac22dfa5b8a6f4a004eabf2ba1c09ba1d1aba495a1347f57d8c2bbf270094
[DEBUG crypto::sign_with_nonce] Private key converted to scalar
[DEBUG crypto::sign_with_nonce] Nonce converted to scalar
[DEBUG crypto::sign_with_nonce] Message converted to Fp5Element
[DEBUG crypto::sign_with_nonce] Step 1: Computing R = nonce * G
[DEBUG crypto::sign_with_nonce] R encoded (full 40 bytes): 692466677b09b8f27161390a0d69c7b632bb0462f103cdfb0ef041624562b2c120222f41758ba6cb
[DEBUG crypto::sign_with_nonce] R Fp5 elements:
  R[0] = 17489739578513695849 (u64)
  R[1] = 13170611139995328881 (u64)
  R[2] = 18144162809012075314 (u64)
  R[3] = 13957326245315342350 (u64)
  R[4] = 14674569771554382368 (u64)
[DEBUG crypto::sign_with_nonce] Step 2: Computing challenge e = H(R || message)
[DEBUG crypto::sign_with_nonce] Pre-image prepared (10 elements):
  PreImage[0] = 17489739578513695849 (u64)
  PreImage[1] = 13170611139995328881 (u64)
  PreImage[2] = 18144162809012075314 (u64)
  PreImage[3] = 13957326245315342350 (u64)
  PreImage[4] = 14674569771554382368 (u64)
  PreImage[5] = 2023047242456121152 (u64)
  PreImage[6] = 4193495287113791692 (u64)
  PreImage[7] = 1719575023777352427 (u64)
  PreImage[8] = 16736907096226956911 (u64)
  PreImage[9] = 1968325941587367869 (u64)
[DEBUG crypto::sign_with_nonce] Challenge e computed (40 bytes): d401ff5b8ee1689a878279a82ea59147098cde14a8467f8df1bbf517abbc4fea6de9ebb554b1f148
[DEBUG crypto::sign_with_nonce] Challenge e (first 8 bytes as u64): 11126390880963854804
[DEBUG crypto::sign_with_nonce] Step 3: Computing s = nonce - e * private_key
[DEBUG crypto::sign_with_nonce] Response s computed (40 bytes): 0be24d3a5bf51ab9e9360104df6ee116f75e8bca6307a085979c8878a41b2f78d18680d56629c62d
[DEBUG crypto::sign_with_nonce] Response s (first 8 bytes as u64): 13338243018580156939
[DEBUG crypto::sign_with_nonce] Step 4: Assembling signature (s || e)
[DEBUG crypto::sign_with_nonce] Final signature: 0be24d3a5bf51ab9e9360104df6ee116f75e8bca6307a085979c8878a41b2f78d18680d56629c62dd401ff5b8ee1689a878279
a82ea59147098cde14a8467f8df1bbf517abbc4fea6de9ebb554b1f148
[DEBUG crypto::sign_with_nonce] ========================================
[DEBUG signer::sign_with_fixed_nonce] Signature from crypto: 0be24d3a5bf51ab9e9360104df6ee116f75e8bca6307a085979c8878a41b2f78d18680d56629c62dd401ff5b8e
e1689a878279a82ea59147098cde14a8467f8df1bbf517abbc4fea6de9ebb554b1f148 (length: 80)
[DEBUG signer::sign_with_fixed_nonce] Final signature: 0be24d3a5bf51ab9e9360104df6ee116f75e8bca6307a085979c8878a41b2f78d18680d56629c62dd401ff5b8ee1689a
878279a82ea59147098cde14a8467f8df1bbf517abbc4fea6de9ebb554b1f148
[DEBUG sign_transaction_internal] Signature returned (80 bytes): 0be24d3a5bf51ab9e9360104df6ee116f75e8bca6307a085979c8878a41b2f78d18680d56629c62dd401ff
5b8ee1689a878279a82ea59147098cde14a8467f8df1bbf517abbc4fea6de9ebb554b1f148
[DEBUG sign_transaction_internal] Signature s (first 40 bytes): 0be24d3a5bf51ab9e9360104df6ee116f75e8bca6307a085979c8878a41b2f78d18680d56629c62d
[DEBUG sign_transaction_internal] Signature e (last 40 bytes): d401ff5b8ee1689a878279a82ea59147098cde14a8467f8df1bbf517abbc4fea6de9ebb554b1f148
[DEBUG create_order] Signature generated: 0be24d3a5bf51ab9e9360104df6ee116f75e8bca6307a085979c8878a41b2f78d18680d56629c62dd401ff5b8ee1689a878279a82ea59
147098cde14a8467f8df1bbf517abbc4fea6de9ebb554b1f148 (length: 80)
[DEBUG create_order] Signature (base64): C+JNOlv1GrnpNgEE327hFvdei8pjB6CFl5yIeKQbL3jRhoDVZinGLdQB/1uO4Wiah4J5qC6lkUcJjN4UqEZ/jfG79RervE/qbenrtVSx8Ug=
[DEBUG create_order] Final transaction JSON: {"AccountIndex":237600,"ApiKeyIndex":4,"BaseAmount":1000,"ClientOrderIndex":1763069203008,"ExpiredAt":1763
069959356,"IsAsk":0,"MarketIndex":0,"Nonce":987,"OrderExpiry":0,"Price":500000000,"ReduceOnly":0,"Sig":"C+JNOlv1GrnpNgEE327hFvdei8pjB6CFl5yIeKQbL3jRhoD
VZinGLdQB/1uO4Wiah4J5qC6lkUcJjN4UqEZ/jfG79RervE/qbenrtVSx8Ug=","TimeInForce":0,"TriggerPrice":0,"Type":1}
[DEBUG create_order] Sending to: https://mainnet.zklighter.elliot.ai/api/v1/sendTx
[DEBUG create_order] Response status: 400 Bad Request, body: {"code":21120,"message":"invalid signature"}
[DEBUG create_order] ÔòÉÔòÉÔòÉÔòÉÔòÉÔòÉÔòÉÔòÉÔòÉÔòÉÔòÉÔòÉÔòÉÔòÉÔòÉÔòÉÔòÉÔòÉÔòÉÔòÉÔòÉÔòÉÔòÉÔòÉÔòÉÔòÉÔòÉÔòÉÔòÉÔòÉÔòÉÔòÉÔòÉÔòÉÔòÉÔòÉÔòÉÔòÉÔòÉÔòÉ
[DEBUG create_order] API RESPONSE RECEIVED
[DEBUG create_order] ÔòÉÔòÉÔòÉÔòÉÔòÉÔòÉÔòÉÔòÉÔòÉÔòÉÔòÉÔòÉÔòÉÔòÉÔòÉÔòÉÔòÉÔòÉÔòÉÔòÉÔòÉÔòÉÔòÉÔòÉÔòÉÔòÉÔòÉÔòÉÔòÉÔòÉÔòÉÔòÉÔòÉÔòÉÔòÉÔòÉÔòÉÔòÉÔòÉÔòÉ
[DEBUG create_order] Response code: 21120
[DEBUG create_order] Response message: invalid signature
[DEBUG create_order] Nonce used: 987
[DEBUG create_order] ÔØîÔØîÔØî INVALID SIGNATURE ERROR ÔØîÔØîÔØî (code 21120) - Nonce used: 987
[DEBUG create_order] ÔòÉÔòÉÔòÉÔòÉÔòÉÔòÉÔòÉÔòÉÔòÉÔòÉÔòÉÔòÉÔòÉÔòÉÔòÉÔòÉÔòÉÔòÉÔòÉÔòÉÔòÉÔòÉÔòÉÔòÉÔòÉÔòÉÔòÉÔòÉÔòÉÔòÉÔòÉÔòÉÔòÉÔòÉÔòÉÔòÉÔòÉÔòÉÔòÉÔòÉ
[DEBUG create_order] FAILED SIGNATURE - COMPARE WITH SUCCESSFUL ONES
[DEBUG create_order] ÔòÉÔòÉÔòÉÔòÉÔòÉÔòÉÔòÉÔòÉÔòÉÔòÉÔòÉÔòÉÔòÉÔòÉÔòÉÔòÉÔòÉÔòÉÔòÉÔòÉÔòÉÔòÉÔòÉÔòÉÔòÉÔòÉÔòÉÔòÉÔòÉÔòÉÔòÉÔòÉÔòÉÔòÉÔòÉÔòÉÔòÉÔòÉÔòÉÔòÉ
[DEBUG create_order] This could be nonce sync issue or signature computation issue
[DEBUG fetch_nonce_from_api] Requesting nonce from: https://mainnet.zklighter.elliot.ai/api/v1/nextNonce?account_index=237600&api_key_index=4
[DEBUG fetch_nonce_from_api] Received nonce: 987
[DEBUG refresh_nonce_cache] Refreshed nonce: 987
[DEBUG create_order] ========================================
  ÔØî [48] INVALID SIGNATURE (Code: 21120) - Check debug logs for nonce

[DEBUG create_order] ========================================
[DEBUG create_order] Starting order creation for client_order_index: 1763069203009
[DEBUG get_next_nonce_from_cache] Fetching nonce from API
[DEBUG fetch_nonce_from_api] Requesting nonce from: https://mainnet.zklighter.elliot.ai/api/v1/nextNonce?account_index=237600&api_key_index=4
[DEBUG fetch_nonce_from_api] Received nonce: 987
[DEBUG get_next_nonce_from_cache] Fetched nonce from API: 987
[DEBUG create_order] ========================================
[DEBUG create_order] Order: client_order_index=1763069203009
[DEBUG create_order] Nonce obtained: 987
[DEBUG create_order] ÔòÉÔòÉÔòÉÔòÉÔòÉÔòÉÔòÉÔòÉÔòÉÔòÉÔòÉÔòÉÔòÉÔòÉÔòÉÔòÉÔòÉÔòÉÔòÉÔòÉÔòÉÔòÉÔòÉÔòÉÔòÉÔòÉÔòÉÔòÉÔòÉÔòÉÔòÉÔòÉÔòÉÔòÉÔòÉÔòÉÔòÉÔòÉÔòÉÔòÉ
[DEBUG create_order] STARTING SIGNATURE COMPUTATION
[DEBUG create_order] ÔòÉÔòÉÔòÉÔòÉÔòÉÔòÉÔòÉÔòÉÔòÉÔòÉÔòÉÔòÉÔòÉÔòÉÔòÉÔòÉÔòÉÔòÉÔòÉÔòÉÔòÉÔòÉÔòÉÔòÉÔòÉÔòÉÔòÉÔòÉÔòÉÔòÉÔòÉÔòÉÔòÉÔòÉÔòÉÔòÉÔòÉÔòÉÔòÉÔòÉ
[DEBUG create_order] Timestamp: now=1763069363738, expired_at=1763069962738
[DEBUG create_order] Transaction JSON (before signing): {"AccountIndex":237600,"ApiKeyIndex":4,"BaseAmount":1000,"ClientOrderIndex":1763069203009,"Expi
redAt":1763069962738,"IsAsk":0,"MarketIndex":0,"Nonce":987,"OrderExpiry":0,"Price":500000000,"ReduceOnly":0,"Sig":"","TimeInForce":0,"TriggerPrice":0,"
Type":1}
[DEBUG sign_transaction_internal] Starting signature computation
[DEBUG sign_transaction_internal] tx_type: 14
[DEBUG sign_transaction_internal] Extracted fields:
  chain_id: 304
  nonce: 987
  expired_at: 1763069962738
  account_index: 237600
  api_key_index: 4
[DEBUG sign_transaction_internal] CREATE_ORDER fields:
  market_index: 0
  client_order_index: 1763069203009
  base_amount: 1000
  price: 500000000
  is_ask: 0
  order_type: 1
  time_in_force: 0
  reduce_only: 0
  trigger_price: 0
  order_expiry: 0
[DEBUG sign_transaction_internal] Hash input elements count: 16
[DEBUG sign_transaction_internal] Hash input elements:
  [0] Element 0: 304 (u64)
  [1] Element 1: 14 (u64)
  [2] Element 2: 987 (u64)
  [3] Element 3: 1763069962738 (u64)
  [4] Element 4: 237600 (u64)
  [5] Element 5: 4 (u64)
  [6] Element 6: 0 (u64)
  [7] Element 7: 1763069203009 (u64)
  [8] Element 8: 1000 (u64)
  [9] Element 9: 500000000 (u64)
  [10] Element 10: 0 (u64)
  [11] Element 11: 1 (u64)
  [12] Element 12: 0 (u64)
  [13] Element 13: 0 (u64)
  [14] Element 14: 0 (u64)
  [15] Element 15: 0 (u64)
[DEBUG sign_transaction_internal] Computing Poseidon2 hash with 16 elements
[DEBUG sign_transaction_internal] Transaction hash (40 bytes): 449087c61a0a954cdd213f20ff24a726bd7741faf1685ea5b9d43d33fd8644e4947f6d840be9acad
[DEBUG sign_transaction_internal] Transaction hash (first 8 bytes as u64): 5518328028528611396
[DEBUG sign_transaction_internal] Calling key_manager.sign() with hash: 
449087c61a0a954cdd213f20ff24a726bd7741faf1685ea5b9d43d33fd8644e4947f6d840be9acad
[DEBUG signer::sign] Starting signature generation
[DEBUG signer::sign] Message hash: 449087c61a0a954cdd213f20ff24a726bd7741faf1685ea5b9d43d33fd8644e4947f6d840be9acad
[DEBUG signer::sign] Generated random nonce: 6b67e2a2fd2a3cf712147a31d3611b8c56f1a4ff785dfadd84c4a2857f901e928dc8b840ff17bc24
[DEBUG signer::sign_with_fixed_nonce] Signing with fixed nonce
[DEBUG signer::sign_with_fixed_nonce] Private key (first 16 bytes): 79699d9819553fc6eee1b5e50af049d7...
[DEBUG signer::sign_with_fixed_nonce] Calling crypto::schnorr::sign_with_nonce
[DEBUG crypto::sign_with_nonce] ========================================
[DEBUG crypto::sign_with_nonce] Starting Schnorr signature
[DEBUG crypto::sign_with_nonce] Private key length: 40
[DEBUG crypto::sign_with_nonce] Message length: 40
[DEBUG crypto::sign_with_nonce] Nonce bytes length: 40
[DEBUG crypto::sign_with_nonce] Message hash: 449087c61a0a954cdd213f20ff24a726bd7741faf1685ea5b9d43d33fd8644e4947f6d840be9acad
[DEBUG crypto::sign_with_nonce] Nonce bytes: 6b67e2a2fd2a3cf712147a31d3611b8c56f1a4ff785dfadd84c4a2857f901e928dc8b840ff17bc24
[DEBUG crypto::sign_with_nonce] Private key converted to scalar
[DEBUG crypto::sign_with_nonce] Nonce converted to scalar
[DEBUG crypto::sign_with_nonce] Message converted to Fp5Element
[DEBUG crypto::sign_with_nonce] Step 1: Computing R = nonce * G
[DEBUG crypto::sign_with_nonce] R encoded (full 40 bytes): 2864736a53479df0598d4581513e086d545ed0917f7d9aa27d2571a87df3317573a839c9c2a5a203
[DEBUG crypto::sign_with_nonce] R Fp5 elements:
  R[0] = 17338092564040082472 (u64)
  R[1] = 7856598069729922393 (u64)
  R[2] = 11716815367418437204 (u64)
  R[3] = 8444798497318839677 (u64)
  R[4] = 261953984359147635 (u64)
[DEBUG crypto::sign_with_nonce] Step 2: Computing challenge e = H(R || message)
[DEBUG crypto::sign_with_nonce] Pre-image prepared (10 elements):
  PreImage[0] = 17338092564040082472 (u64)
  PreImage[1] = 7856598069729922393 (u64)
  PreImage[2] = 11716815367418437204 (u64)
  PreImage[3] = 8444798497318839677 (u64)
  PreImage[4] = 261953984359147635 (u64)
  PreImage[5] = 5518328028528611396 (u64)
  PreImage[6] = 2785235572728209885 (u64)
  PreImage[7] = 11916077052563912637 (u64)
  PreImage[8] = 16448420161108432057 (u64)
  PreImage[9] = 12514633700231446420 (u64)
[DEBUG crypto::sign_with_nonce] Challenge e computed (40 bytes): 52d48d5db7af301deaf7ec4040b958b9ba6753a772e4686402890bdb2d6b5509bd1736ac3d3fe635
[DEBUG crypto::sign_with_nonce] Challenge e (first 8 bytes as u64): 2103374228065473618
[DEBUG crypto::sign_with_nonce] Step 3: Computing s = nonce - e * private_key
[DEBUG crypto::sign_with_nonce] Response s computed (40 bytes): 660645f0cca8f83113bd25fd7538ca094dc0ecf92e28b812aec69a5c0e1c62d05c80d886a2a68369
[DEBUG crypto::sign_with_nonce] Response s (first 8 bytes as u64): 3600813500240561766
[DEBUG crypto::sign_with_nonce] Step 4: Assembling signature (s || e)
[DEBUG crypto::sign_with_nonce] Final signature: 660645f0cca8f83113bd25fd7538ca094dc0ecf92e28b812aec69a5c0e1c62d05c80d886a2a6836952d48d5db7af301deaf7ec
4040b958b9ba6753a772e4686402890bdb2d6b5509bd1736ac3d3fe635
[DEBUG crypto::sign_with_nonce] ========================================
[DEBUG signer::sign_with_fixed_nonce] Signature from crypto: 660645f0cca8f83113bd25fd7538ca094dc0ecf92e28b812aec69a5c0e1c62d05c80d886a2a6836952d48d5db7
af301deaf7ec4040b958b9ba6753a772e4686402890bdb2d6b5509bd1736ac3d3fe635 (length: 80)
[DEBUG signer::sign_with_fixed_nonce] Final signature: 660645f0cca8f83113bd25fd7538ca094dc0ecf92e28b812aec69a5c0e1c62d05c80d886a2a6836952d48d5db7af301d
eaf7ec4040b958b9ba6753a772e4686402890bdb2d6b5509bd1736ac3d3fe635
[DEBUG sign_transaction_internal] Signature returned (80 bytes): 660645f0cca8f83113bd25fd7538ca094dc0ecf92e28b812aec69a5c0e1c62d05c80d886a2a6836952d48d
5db7af301deaf7ec4040b958b9ba6753a772e4686402890bdb2d6b5509bd1736ac3d3fe635
[DEBUG sign_transaction_internal] Signature s (first 40 bytes): 660645f0cca8f83113bd25fd7538ca094dc0ecf92e28b812aec69a5c0e1c62d05c80d886a2a68369
[DEBUG sign_transaction_internal] Signature e (last 40 bytes): 52d48d5db7af301deaf7ec4040b958b9ba6753a772e4686402890bdb2d6b5509bd1736ac3d3fe635
[DEBUG create_order] Signature generated: 660645f0cca8f83113bd25fd7538ca094dc0ecf92e28b812aec69a5c0e1c62d05c80d886a2a6836952d48d5db7af301deaf7ec4040b95
8b9ba6753a772e4686402890bdb2d6b5509bd1736ac3d3fe635 (length: 80)
[DEBUG create_order] Signature (base64): ZgZF8Myo+DETvSX9dTjKCU3A7PkuKLgSrsaaXA4cYtBcgNiGoqaDaVLUjV23rzAd6vfsQEC5WLm6Z1OncuRoZAKJC9sta1UJvRc2rD0/5jU=
[DEBUG create_order] Final transaction JSON: {"AccountIndex":237600,"ApiKeyIndex":4,"BaseAmount":1000,"ClientOrderIndex":1763069203009,"ExpiredAt":1763
069962738,"IsAsk":0,"MarketIndex":0,"Nonce":987,"OrderExpiry":0,"Price":500000000,"ReduceOnly":0,"Sig":"ZgZF8Myo+DETvSX9dTjKCU3A7PkuKLgSrsaaXA4cYtBcgNi
GoqaDaVLUjV23rzAd6vfsQEC5WLm6Z1OncuRoZAKJC9sta1UJvRc2rD0/5jU=","TimeInForce":0,"TriggerPrice":0,"Type":1}
[DEBUG create_order] Sending to: https://mainnet.zklighter.elliot.ai/api/v1/sendTx
[DEBUG create_order] Response status: 200 OK, body: {"code":200,"message":"{\"ratelimit\": \"didn't use volume 
quota\"}","tx_hash":"449087c61a0a954cdd213f20ff24a726bd7741faf1685ea5b9d43d33fd8644e4947f6d840be9acad","predicted_execution_time_ms":1763069362949}
[DEBUG create_order] ÔòÉÔòÉÔòÉÔòÉÔòÉÔòÉÔòÉÔòÉÔòÉÔòÉÔòÉÔòÉÔòÉÔòÉÔòÉÔòÉÔòÉÔòÉÔòÉÔòÉÔòÉÔòÉÔòÉÔòÉÔòÉÔòÉÔòÉÔòÉÔòÉÔòÉÔòÉÔòÉÔòÉÔòÉÔòÉÔòÉÔòÉÔòÉÔòÉÔòÉ
[DEBUG create_order] API RESPONSE RECEIVED
[DEBUG create_order] ÔòÉÔòÉÔòÉÔòÉÔòÉÔòÉÔòÉÔòÉÔòÉÔòÉÔòÉÔòÉÔòÉÔòÉÔòÉÔòÉÔòÉÔòÉÔòÉÔòÉÔòÉÔòÉÔòÉÔòÉÔòÉÔòÉÔòÉÔòÉÔòÉÔòÉÔòÉÔòÉÔòÉÔòÉÔòÉÔòÉÔòÉÔòÉÔòÉÔòÉ
[DEBUG create_order] Response code: 200
[DEBUG create_order] Response message: {"ratelimit": "didn't use volume quota"}
[DEBUG create_order] Nonce used: 987
[DEBUG create_order] Ô£àÔ£àÔ£à SUCCESS Ô£àÔ£àÔ£à - Transaction succeeded with nonce 987
[DEBUG create_order] ÔòÉÔòÉÔòÉÔòÉÔòÉÔòÉÔòÉÔòÉÔòÉÔòÉÔòÉÔòÉÔòÉÔòÉÔòÉÔòÉÔòÉÔòÉÔòÉÔòÉÔòÉÔòÉÔòÉÔòÉÔòÉÔòÉÔòÉÔòÉÔòÉÔòÉÔòÉÔòÉÔòÉÔòÉÔòÉÔòÉÔòÉÔòÉÔòÉÔòÉ
[DEBUG create_order] SUCCESSFUL SIGNATURE - SAVE THIS FOR COMPARISON
[DEBUG create_order] ÔòÉÔòÉÔòÉÔòÉÔòÉÔòÉÔòÉÔòÉÔòÉÔòÉÔòÉÔòÉÔòÉÔòÉÔòÉÔòÉÔòÉÔòÉÔòÉÔòÉÔòÉÔòÉÔòÉÔòÉÔòÉÔòÉÔòÉÔòÉÔòÉÔòÉÔòÉÔòÉÔòÉÔòÉÔòÉÔòÉÔòÉÔòÉÔòÉÔòÉ
[DEBUG create_order] ========================================

[50/100] Sending order (nonce managed internally)
[DEBUG create_order] ========================================
[DEBUG create_order] Starting order creation for client_order_index: 1763069203010
[DEBUG get_next_nonce_from_cache] Fetching nonce from API
[DEBUG fetch_nonce_from_api] Requesting nonce from: https://mainnet.zklighter.elliot.ai/api/v1/nextNonce?account_index=237600&api_key_index=4
[DEBUG fetch_nonce_from_api] Received nonce: 988
[DEBUG get_next_nonce_from_cache] Fetched nonce from API: 988
[DEBUG create_order] ========================================
[DEBUG create_order] Order: client_order_index=1763069203010
[DEBUG create_order] Nonce obtained: 988
[DEBUG create_order] ÔòÉÔòÉÔòÉÔòÉÔòÉÔòÉÔòÉÔòÉÔòÉÔòÉÔòÉÔòÉÔòÉÔòÉÔòÉÔòÉÔòÉÔòÉÔòÉÔòÉÔòÉÔòÉÔòÉÔòÉÔòÉÔòÉÔòÉÔòÉÔòÉÔòÉÔòÉÔòÉÔòÉÔòÉÔòÉÔòÉÔòÉÔòÉÔòÉÔòÉ
[DEBUG create_order] STARTING SIGNATURE COMPUTATION
[DEBUG create_order] ÔòÉÔòÉÔòÉÔòÉÔòÉÔòÉÔòÉÔòÉÔòÉÔòÉÔòÉÔòÉÔòÉÔòÉÔòÉÔòÉÔòÉÔòÉÔòÉÔòÉÔòÉÔòÉÔòÉÔòÉÔòÉÔòÉÔòÉÔòÉÔòÉÔòÉÔòÉÔòÉÔòÉÔòÉÔòÉÔòÉÔòÉÔòÉÔòÉÔòÉ
[DEBUG create_order] Timestamp: now=1763069366998, expired_at=1763069965998
[DEBUG create_order] Transaction JSON (before signing): {"AccountIndex":237600,"ApiKeyIndex":4,"BaseAmount":1000,"ClientOrderIndex":1763069203010,"Expi
redAt":1763069965998,"IsAsk":0,"MarketIndex":0,"Nonce":988,"OrderExpiry":0,"Price":500000000,"ReduceOnly":0,"Sig":"","TimeInForce":0,"TriggerPrice":0,"
Type":1}
[DEBUG sign_transaction_internal] Starting signature computation
[DEBUG sign_transaction_internal] tx_type: 14
[DEBUG sign_transaction_internal] Extracted fields:
  chain_id: 304
  nonce: 988
  expired_at: 1763069965998
  account_index: 237600
  api_key_index: 4
[DEBUG sign_transaction_internal] CREATE_ORDER fields:
  market_index: 0
  client_order_index: 1763069203010
  base_amount: 1000
  price: 500000000
  is_ask: 0
  order_type: 1
  time_in_force: 0
  reduce_only: 0
  trigger_price: 0
  order_expiry: 0
[DEBUG sign_transaction_internal] Hash input elements count: 16
[DEBUG sign_transaction_internal] Hash input elements:
  [0] Element 0: 304 (u64)
  [1] Element 1: 14 (u64)
  [2] Element 2: 988 (u64)
  [3] Element 3: 1763069965998 (u64)
  [4] Element 4: 237600 (u64)
  [5] Element 5: 4 (u64)
  [6] Element 6: 0 (u64)
  [7] Element 7: 1763069203010 (u64)
  [8] Element 8: 1000 (u64)
  [9] Element 9: 500000000 (u64)
  [10] Element 10: 0 (u64)
  [11] Element 11: 1 (u64)
  [12] Element 12: 0 (u64)
  [13] Element 13: 0 (u64)
  [14] Element 14: 0 (u64)
  [15] Element 15: 0 (u64)
[DEBUG sign_transaction_internal] Computing Poseidon2 hash with 16 elements
[DEBUG sign_transaction_internal] Transaction hash (40 bytes): e4fbf0d5a5bf5c218e4d51076eb6265311873ff3f1772bce4fe2060b5b5d3d514d7fae7b0a95f607
[DEBUG sign_transaction_internal] Transaction hash (first 8 bytes as u64): 2404007020088851428
[DEBUG sign_transaction_internal] Calling key_manager.sign() with hash: 
e4fbf0d5a5bf5c218e4d51076eb6265311873ff3f1772bce4fe2060b5b5d3d514d7fae7b0a95f607
[DEBUG signer::sign] Starting signature generation
[DEBUG signer::sign] Message hash: e4fbf0d5a5bf5c218e4d51076eb6265311873ff3f1772bce4fe2060b5b5d3d514d7fae7b0a95f607
[DEBUG signer::sign] Generated random nonce: 9139724e8d342cedd0e43fbadf8ad7324bc2f85149cf7e91107df74a6f91f30fb94c18726949d3a0
[DEBUG signer::sign_with_fixed_nonce] Signing with fixed nonce
[DEBUG signer::sign_with_fixed_nonce] Private key (first 16 bytes): 79699d9819553fc6eee1b5e50af049d7...
[DEBUG signer::sign_with_fixed_nonce] Calling crypto::schnorr::sign_with_nonce
[DEBUG crypto::sign_with_nonce] ========================================
[DEBUG crypto::sign_with_nonce] Starting Schnorr signature
[DEBUG crypto::sign_with_nonce] Private key length: 40
[DEBUG crypto::sign_with_nonce] Message length: 40
[DEBUG crypto::sign_with_nonce] Nonce bytes length: 40
[DEBUG crypto::sign_with_nonce] Message hash: e4fbf0d5a5bf5c218e4d51076eb6265311873ff3f1772bce4fe2060b5b5d3d514d7fae7b0a95f607
[DEBUG crypto::sign_with_nonce] Nonce bytes: 9139724e8d342cedd0e43fbadf8ad7324bc2f85149cf7e91107df74a6f91f30fb94c18726949d3a0
[DEBUG crypto::sign_with_nonce] Private key converted to scalar
[DEBUG crypto::sign_with_nonce] Nonce converted to scalar
[DEBUG crypto::sign_with_nonce] Message converted to Fp5Element
[DEBUG crypto::sign_with_nonce] Step 1: Computing R = nonce * G
[DEBUG crypto::sign_with_nonce] R encoded (full 40 bytes): 9191174ac5bff3f51a0c5a23c113b6b377b70f7a4ba0099dc897b7f885bc855c42a514d0f6b76e5c
[DEBUG crypto::sign_with_nonce] R Fp5 elements:
  R[0] = 17722719812705554833 (u64)
  R[1] = 12949559498793159706 (u64)
  R[2] = 11315751784775923575 (u64)
  R[3] = 6666942106981341128 (u64)
  R[4] = 6660463169608394050 (u64)
[DEBUG crypto::sign_with_nonce] Step 2: Computing challenge e = H(R || message)
[DEBUG crypto::sign_with_nonce] Pre-image prepared (10 elements):
  PreImage[0] = 17722719812705554833 (u64)
  PreImage[1] = 12949559498793159706 (u64)
  PreImage[2] = 11315751784775923575 (u64)
  PreImage[3] = 6666942106981341128 (u64)
  PreImage[4] = 6660463169608394050 (u64)
  PreImage[5] = 2404007020088851428 (u64)
  PreImage[6] = 5991676937948450190 (u64)
  PreImage[7] = 14856099676863563537 (u64)
  PreImage[8] = 5853937736259920463 (u64)
  PreImage[9] = 573809874793561933 (u64)
[DEBUG crypto::sign_with_nonce] Challenge e computed (40 bytes): e654cc15fb44441dd237dc5c62a82ed1a3618f1880d468572dff9abab884609e6657b118a174eb2f
[DEBUG crypto::sign_with_nonce] Challenge e (first 8 bytes as u64): 2108886370709427430
[DEBUG crypto::sign_with_nonce] Step 3: Computing s = nonce - e * private_key
[DEBUG crypto::sign_with_nonce] Response s computed (40 bytes): a63d09011730a0f312c5aa33c2e01d8ea00fd16242c654fbb2ed189057aa19b5da0c206d855ec653
[DEBUG crypto::sign_with_nonce] Response s (first 8 bytes as u64): 17555084222849957286
[DEBUG crypto::sign_with_nonce] Step 4: Assembling signature (s || e)
[DEBUG crypto::sign_with_nonce] Final signature: a63d09011730a0f312c5aa33c2e01d8ea00fd16242c654fbb2ed189057aa19b5da0c206d855ec653e654cc15fb44441dd237dc
5c62a82ed1a3618f1880d468572dff9abab884609e6657b118a174eb2f
[DEBUG crypto::sign_with_nonce] ========================================
[DEBUG signer::sign_with_fixed_nonce] Signature from crypto: a63d09011730a0f312c5aa33c2e01d8ea00fd16242c654fbb2ed189057aa19b5da0c206d855ec653e654cc15fb
44441dd237dc5c62a82ed1a3618f1880d468572dff9abab884609e6657b118a174eb2f (length: 80)
[DEBUG signer::sign_with_fixed_nonce] Final signature: a63d09011730a0f312c5aa33c2e01d8ea00fd16242c654fbb2ed189057aa19b5da0c206d855ec653e654cc15fb44441d
d237dc5c62a82ed1a3618f1880d468572dff9abab884609e6657b118a174eb2f
[DEBUG sign_transaction_internal] Signature returned (80 bytes): a63d09011730a0f312c5aa33c2e01d8ea00fd16242c654fbb2ed189057aa19b5da0c206d855ec653e654cc
15fb44441dd237dc5c62a82ed1a3618f1880d468572dff9abab884609e6657b118a174eb2f
[DEBUG sign_transaction_internal] Signature s (first 40 bytes): a63d09011730a0f312c5aa33c2e01d8ea00fd16242c654fbb2ed189057aa19b5da0c206d855ec653
[DEBUG sign_transaction_internal] Signature e (last 40 bytes): e654cc15fb44441dd237dc5c62a82ed1a3618f1880d468572dff9abab884609e6657b118a174eb2f
[DEBUG create_order] Signature generated: a63d09011730a0f312c5aa33c2e01d8ea00fd16242c654fbb2ed189057aa19b5da0c206d855ec653e654cc15fb44441dd237dc5c62a82
ed1a3618f1880d468572dff9abab884609e6657b118a174eb2f (length: 80)
[DEBUG create_order] Signature (base64): pj0JARcwoPMSxaozwuAdjqAP0WJCxlT7su0YkFeqGbXaDCBthV7GU+ZUzBX7REQd0jfcXGKoLtGjYY8YgNRoVy3/mrq4hGCeZlexGKF06y8=
[DEBUG create_order] Final transaction JSON: {"AccountIndex":237600,"ApiKeyIndex":4,"BaseAmount":1000,"ClientOrderIndex":1763069203010,"ExpiredAt":1763
069965998,"IsAsk":0,"MarketIndex":0,"Nonce":988,"OrderExpiry":0,"Price":500000000,"ReduceOnly":0,"Sig":"pj0JARcwoPMSxaozwuAdjqAP0WJCxlT7su0YkFeqGbXaDCB
thV7GU+ZUzBX7REQd0jfcXGKoLtGjYY8YgNRoVy3/mrq4hGCeZlexGKF06y8=","TimeInForce":0,"TriggerPrice":0,"Type":1}
[DEBUG create_order] Sending to: https://mainnet.zklighter.elliot.ai/api/v1/sendTx
[DEBUG create_order] Response status: 400 Bad Request, body: {"code":21120,"message":"invalid signature"}
[DEBUG create_order] ÔòÉÔòÉÔòÉÔòÉÔòÉÔòÉÔòÉÔòÉÔòÉÔòÉÔòÉÔòÉÔòÉÔòÉÔòÉÔòÉÔòÉÔòÉÔòÉÔòÉÔòÉÔòÉÔòÉÔòÉÔòÉÔòÉÔòÉÔòÉÔòÉÔòÉÔòÉÔòÉÔòÉÔòÉÔòÉÔòÉÔòÉÔòÉÔòÉÔòÉ
[DEBUG create_order] API RESPONSE RECEIVED
[DEBUG create_order] ÔòÉÔòÉÔòÉÔòÉÔòÉÔòÉÔòÉÔòÉÔòÉÔòÉÔòÉÔòÉÔòÉÔòÉÔòÉÔòÉÔòÉÔòÉÔòÉÔòÉÔòÉÔòÉÔòÉÔòÉÔòÉÔòÉÔòÉÔòÉÔòÉÔòÉÔòÉÔòÉÔòÉÔòÉÔòÉÔòÉÔòÉÔòÉÔòÉÔòÉ
[DEBUG create_order] Response code: 21120
[DEBUG create_order] Response message: invalid signature
[DEBUG create_order] Nonce used: 988
[DEBUG create_order] ÔØîÔØîÔØî INVALID SIGNATURE ERROR ÔØîÔØîÔØî (code 21120) - Nonce used: 988
[DEBUG create_order] ÔòÉÔòÉÔòÉÔòÉÔòÉÔòÉÔòÉÔòÉÔòÉÔòÉÔòÉÔòÉÔòÉÔòÉÔòÉÔòÉÔòÉÔòÉÔòÉÔòÉÔòÉÔòÉÔòÉÔòÉÔòÉÔòÉÔòÉÔòÉÔòÉÔòÉÔòÉÔòÉÔòÉÔòÉÔòÉÔòÉÔòÉÔòÉÔòÉÔòÉ
[DEBUG create_order] FAILED SIGNATURE - COMPARE WITH SUCCESSFUL ONES
[DEBUG create_order] ÔòÉÔòÉÔòÉÔòÉÔòÉÔòÉÔòÉÔòÉÔòÉÔòÉÔòÉÔòÉÔòÉÔòÉÔòÉÔòÉÔòÉÔòÉÔòÉÔòÉÔòÉÔòÉÔòÉÔòÉÔòÉÔòÉÔòÉÔòÉÔòÉÔòÉÔòÉÔòÉÔòÉÔòÉÔòÉÔòÉÔòÉÔòÉÔòÉÔòÉ
[DEBUG create_order] This could be nonce sync issue or signature computation issue
[DEBUG fetch_nonce_from_api] Requesting nonce from: https://mainnet.zklighter.elliot.ai/api/v1/nextNonce?account_index=237600&api_key_index=4
[DEBUG fetch_nonce_from_api] Received nonce: 988
[DEBUG refresh_nonce_cache] Refreshed nonce: 988
[DEBUG create_order] ========================================
  ÔØî [50] INVALID SIGNATURE (Code: 21120) - Check debug logs for nonce

[DEBUG create_order] ========================================
[DEBUG create_order] Starting order creation for client_order_index: 1763069203011
[DEBUG get_next_nonce_from_cache] Fetching nonce from API
[DEBUG fetch_nonce_from_api] Requesting nonce from: https://mainnet.zklighter.elliot.ai/api/v1/nextNonce?account_index=237600&api_key_index=4
[DEBUG fetch_nonce_from_api] Received nonce: 988
[DEBUG get_next_nonce_from_cache] Fetched nonce from API: 988
[DEBUG create_order] ========================================
[DEBUG create_order] Order: client_order_index=1763069203011
[DEBUG create_order] Nonce obtained: 988
[DEBUG create_order] ÔòÉÔòÉÔòÉÔòÉÔòÉÔòÉÔòÉÔòÉÔòÉÔòÉÔòÉÔòÉÔòÉÔòÉÔòÉÔòÉÔòÉÔòÉÔòÉÔòÉÔòÉÔòÉÔòÉÔòÉÔòÉÔòÉÔòÉÔòÉÔòÉÔòÉÔòÉÔòÉÔòÉÔòÉÔòÉÔòÉÔòÉÔòÉÔòÉÔòÉ
[DEBUG create_order] STARTING SIGNATURE COMPUTATION
[DEBUG create_order] ÔòÉÔòÉÔòÉÔòÉÔòÉÔòÉÔòÉÔòÉÔòÉÔòÉÔòÉÔòÉÔòÉÔòÉÔòÉÔòÉÔòÉÔòÉÔòÉÔòÉÔòÉÔòÉÔòÉÔòÉÔòÉÔòÉÔòÉÔòÉÔòÉÔòÉÔòÉÔòÉÔòÉÔòÉÔòÉÔòÉÔòÉÔòÉÔòÉÔòÉ
[DEBUG create_order] Timestamp: now=1763069370376, expired_at=1763069969376
[DEBUG create_order] Transaction JSON (before signing): {"AccountIndex":237600,"ApiKeyIndex":4,"BaseAmount":1000,"ClientOrderIndex":1763069203011,"Expi
redAt":1763069969376,"IsAsk":0,"MarketIndex":0,"Nonce":988,"OrderExpiry":0,"Price":500000000,"ReduceOnly":0,"Sig":"","TimeInForce":0,"TriggerPrice":0,"
Type":1}
[DEBUG sign_transaction_internal] Starting signature computation
[DEBUG sign_transaction_internal] tx_type: 14
[DEBUG sign_transaction_internal] Extracted fields:
  chain_id: 304
  nonce: 988
  expired_at: 1763069969376
  account_index: 237600
  api_key_index: 4
[DEBUG sign_transaction_internal] CREATE_ORDER fields:
  market_index: 0
  client_order_index: 1763069203011
  base_amount: 1000
  price: 500000000
  is_ask: 0
  order_type: 1
  time_in_force: 0
  reduce_only: 0
  trigger_price: 0
  order_expiry: 0
[DEBUG sign_transaction_internal] Hash input elements count: 16
[DEBUG sign_transaction_internal] Hash input elements:
  [0] Element 0: 304 (u64)
  [1] Element 1: 14 (u64)
  [2] Element 2: 988 (u64)
  [3] Element 3: 1763069969376 (u64)
  [4] Element 4: 237600 (u64)
  [5] Element 5: 4 (u64)
  [6] Element 6: 0 (u64)
  [7] Element 7: 1763069203011 (u64)
  [8] Element 8: 1000 (u64)
  [9] Element 9: 500000000 (u64)
  [10] Element 10: 0 (u64)
  [11] Element 11: 1 (u64)
  [12] Element 12: 0 (u64)
  [13] Element 13: 0 (u64)
  [14] Element 14: 0 (u64)
  [15] Element 15: 0 (u64)
[DEBUG sign_transaction_internal] Computing Poseidon2 hash with 16 elements
[DEBUG sign_transaction_internal] Transaction hash (40 bytes): 09367b1c535846d53968d862000c0d811215c0901540002ed268fb605d8339f29f49538443c58d52
[DEBUG sign_transaction_internal] Transaction hash (first 8 bytes as u64): 15368067892431762953
[DEBUG sign_transaction_internal] Calling key_manager.sign() with hash: 
09367b1c535846d53968d862000c0d811215c0901540002ed268fb605d8339f29f49538443c58d52
[DEBUG signer::sign] Starting signature generation
[DEBUG signer::sign] Message hash: 09367b1c535846d53968d862000c0d811215c0901540002ed268fb605d8339f29f49538443c58d52
[DEBUG signer::sign] Generated random nonce: cb60a91544b5d915f0391d0afa7b63d68d63b44e49d16eae772b673d6df2c20863295d28195e39c9
[DEBUG signer::sign_with_fixed_nonce] Signing with fixed nonce
[DEBUG signer::sign_with_fixed_nonce] Private key (first 16 bytes): 79699d9819553fc6eee1b5e50af049d7...
[DEBUG signer::sign_with_fixed_nonce] Calling crypto::schnorr::sign_with_nonce
[DEBUG crypto::sign_with_nonce] ========================================
[DEBUG crypto::sign_with_nonce] Starting Schnorr signature
[DEBUG crypto::sign_with_nonce] Private key length: 40
[DEBUG crypto::sign_with_nonce] Message length: 40
[DEBUG crypto::sign_with_nonce] Nonce bytes length: 40
[DEBUG crypto::sign_with_nonce] Message hash: 09367b1c535846d53968d862000c0d811215c0901540002ed268fb605d8339f29f49538443c58d52
[DEBUG crypto::sign_with_nonce] Nonce bytes: cb60a91544b5d915f0391d0afa7b63d68d63b44e49d16eae772b673d6df2c20863295d28195e39c9
[DEBUG crypto::sign_with_nonce] Private key converted to scalar
[DEBUG crypto::sign_with_nonce] Nonce converted to scalar
[DEBUG crypto::sign_with_nonce] Message converted to Fp5Element
[DEBUG crypto::sign_with_nonce] Step 1: Computing R = nonce * G
[DEBUG crypto::sign_with_nonce] R encoded (full 40 bytes): 1dc17f621d00a9ced2f83f67bc3700505ff1ab3273f81091825e4b0acbff94e17507f76865035a19
[DEBUG crypto::sign_with_nonce] R Fp5 elements:
  R[0] = 14891433769083846941 (u64)
  R[1] = 5764668805359859922 (u64)
  R[2] = 10453127908781977951 (u64)
  R[3] = 16254898202603118210 (u64)
  R[4] = 1826776332939757429 (u64)
[DEBUG crypto::sign_with_nonce] Step 2: Computing challenge e = H(R || message)
[DEBUG crypto::sign_with_nonce] Pre-image prepared (10 elements):
  PreImage[0] = 14891433769083846941 (u64)
  PreImage[1] = 5764668805359859922 (u64)
  PreImage[2] = 10453127908781977951 (u64)
  PreImage[3] = 16254898202603118210 (u64)
  PreImage[4] = 1826776332939757429 (u64)
  PreImage[5] = 15368067892431762953 (u64)
  PreImage[6] = 9299102001387825209 (u64)
  PreImage[7] = 3314719787111683346 (u64)
  PreImage[8] = 17454126267933354194 (u64)
  PreImage[9] = 5948627576599824799 (u64)
[DEBUG crypto::sign_with_nonce] Challenge e computed (40 bytes): 1af59d8cb536726d48d31014b2755651fe1429c2cf4dd9f1df7b132ae9d7bd6006c80f4bbfa82f67
[DEBUG crypto::sign_with_nonce] Challenge e (first 8 bytes as u64): 7886426050855302426
[DEBUG crypto::sign_with_nonce] Step 3: Computing s = nonce - e * private_key
[DEBUG crypto::sign_with_nonce] Response s computed (40 bytes): c9058fa1bd3c4ad255bfb9148ac0cf0042274ea269ec536e8fdb3d862a357d5f3e3597c71c3871b0
[DEBUG crypto::sign_with_nonce] Response s (first 8 bytes as u64): 15152990681398445513
[DEBUG crypto::sign_with_nonce] Step 4: Assembling signature (s || e)
[DEBUG crypto::sign_with_nonce] Final signature: c9058fa1bd3c4ad255bfb9148ac0cf0042274ea269ec536e8fdb3d862a357d5f3e3597c71c3871b01af59d8cb536726d48d310
14b2755651fe1429c2cf4dd9f1df7b132ae9d7bd6006c80f4bbfa82f67
[DEBUG crypto::sign_with_nonce] ========================================
[DEBUG signer::sign_with_fixed_nonce] Signature from crypto: c9058fa1bd3c4ad255bfb9148ac0cf0042274ea269ec536e8fdb3d862a357d5f3e3597c71c3871b01af59d8cb5
36726d48d31014b2755651fe1429c2cf4dd9f1df7b132ae9d7bd6006c80f4bbfa82f67 (length: 80)
[DEBUG signer::sign_with_fixed_nonce] Final signature: c9058fa1bd3c4ad255bfb9148ac0cf0042274ea269ec536e8fdb3d862a357d5f3e3597c71c3871b01af59d8cb536726d
48d31014b2755651fe1429c2cf4dd9f1df7b132ae9d7bd6006c80f4bbfa82f67
[DEBUG sign_transaction_internal] Signature returned (80 bytes): c9058fa1bd3c4ad255bfb9148ac0cf0042274ea269ec536e8fdb3d862a357d5f3e3597c71c3871b01af59d
8cb536726d48d31014b2755651fe1429c2cf4dd9f1df7b132ae9d7bd6006c80f4bbfa82f67
[DEBUG sign_transaction_internal] Signature s (first 40 bytes): c9058fa1bd3c4ad255bfb9148ac0cf0042274ea269ec536e8fdb3d862a357d5f3e3597c71c3871b0
[DEBUG sign_transaction_internal] Signature e (last 40 bytes): 1af59d8cb536726d48d31014b2755651fe1429c2cf4dd9f1df7b132ae9d7bd6006c80f4bbfa82f67
[DEBUG create_order] Signature generated: c9058fa1bd3c4ad255bfb9148ac0cf0042274ea269ec536e8fdb3d862a357d5f3e3597c71c3871b01af59d8cb536726d48d31014b2755
651fe1429c2cf4dd9f1df7b132ae9d7bd6006c80f4bbfa82f67 (length: 80)
[DEBUG create_order] Signature (base64): yQWPob08StJVv7kUisDPAEInTqJp7FNuj9s9hio1fV8+NZfHHDhxsBr1nYy1NnJtSNMQFLJ1VlH+FCnCz03Z8d97Eyrp171gBsgPS7+oL2c=
[DEBUG create_order] Final transaction JSON: {"AccountIndex":237600,"ApiKeyIndex":4,"BaseAmount":1000,"ClientOrderIndex":1763069203011,"ExpiredAt":1763
069969376,"IsAsk":0,"MarketIndex":0,"Nonce":988,"OrderExpiry":0,"Price":500000000,"ReduceOnly":0,"Sig":"yQWPob08StJVv7kUisDPAEInTqJp7FNuj9s9hio1fV8+NZf
HHDhxsBr1nYy1NnJtSNMQFLJ1VlH+FCnCz03Z8d97Eyrp171gBsgPS7+oL2c=","TimeInForce":0,"TriggerPrice":0,"Type":1}
[DEBUG create_order] Sending to: https://mainnet.zklighter.elliot.ai/api/v1/sendTx
[DEBUG create_order] Response status: 400 Bad Request, body: {"code":21120,"message":"invalid signature"}
[DEBUG create_order] ÔòÉÔòÉÔòÉÔòÉÔòÉÔòÉÔòÉÔòÉÔòÉÔòÉÔòÉÔòÉÔòÉÔòÉÔòÉÔòÉÔòÉÔòÉÔòÉÔòÉÔòÉÔòÉÔòÉÔòÉÔòÉÔòÉÔòÉÔòÉÔòÉÔòÉÔòÉÔòÉÔòÉÔòÉÔòÉÔòÉÔòÉÔòÉÔòÉÔòÉ
[DEBUG create_order] API RESPONSE RECEIVED
[DEBUG create_order] ÔòÉÔòÉÔòÉÔòÉÔòÉÔòÉÔòÉÔòÉÔòÉÔòÉÔòÉÔòÉÔòÉÔòÉÔòÉÔòÉÔòÉÔòÉÔòÉÔòÉÔòÉÔòÉÔòÉÔòÉÔòÉÔòÉÔòÉÔòÉÔòÉÔòÉÔòÉÔòÉÔòÉÔòÉÔòÉÔòÉÔòÉÔòÉÔòÉÔòÉ
[DEBUG create_order] Response code: 21120
[DEBUG create_order] Response message: invalid signature
[DEBUG create_order] Nonce used: 988
[DEBUG create_order] ÔØîÔØîÔØî INVALID SIGNATURE ERROR ÔØîÔØîÔØî (code 21120) - Nonce used: 988
[DEBUG create_order] ÔòÉÔòÉÔòÉÔòÉÔòÉÔòÉÔòÉÔòÉÔòÉÔòÉÔòÉÔòÉÔòÉÔòÉÔòÉÔòÉÔòÉÔòÉÔòÉÔòÉÔòÉÔòÉÔòÉÔòÉÔòÉÔòÉÔòÉÔòÉÔòÉÔòÉÔòÉÔòÉÔòÉÔòÉÔòÉÔòÉÔòÉÔòÉÔòÉÔòÉ
[DEBUG create_order] FAILED SIGNATURE - COMPARE WITH SUCCESSFUL ONES
[DEBUG create_order] ÔòÉÔòÉÔòÉÔòÉÔòÉÔòÉÔòÉÔòÉÔòÉÔòÉÔòÉÔòÉÔòÉÔòÉÔòÉÔòÉÔòÉÔòÉÔòÉÔòÉÔòÉÔòÉÔòÉÔòÉÔòÉÔòÉÔòÉÔòÉÔòÉÔòÉÔòÉÔòÉÔòÉÔòÉÔòÉÔòÉÔòÉÔòÉÔòÉÔòÉ
[DEBUG create_order] This could be nonce sync issue or signature computation issue
[DEBUG fetch_nonce_from_api] Requesting nonce from: https://mainnet.zklighter.elliot.ai/api/v1/nextNonce?account_index=237600&api_key_index=4
[DEBUG fetch_nonce_from_api] Received nonce: 988
[DEBUG refresh_nonce_cache] Refreshed nonce: 988
  ÔØî [51] INVALID SIGNATURE (Code: 21120) - Check debug logs for nonce
[DEBUG create_order] ========================================

[DEBUG create_order] ========================================
[DEBUG create_order] Starting order creation for client_order_index: 1763069203012
[DEBUG get_next_nonce_from_cache] Fetching nonce from API
[DEBUG fetch_nonce_from_api] Requesting nonce from: https://mainnet.zklighter.elliot.ai/api/v1/nextNonce?account_index=237600&api_key_index=4
[DEBUG fetch_nonce_from_api] Received nonce: 988
[DEBUG get_next_nonce_from_cache] Fetched nonce from API: 988
[DEBUG create_order] ========================================
[DEBUG create_order] Order: client_order_index=1763069203012
[DEBUG create_order] Nonce obtained: 988
[DEBUG create_order] ÔòÉÔòÉÔòÉÔòÉÔòÉÔòÉÔòÉÔòÉÔòÉÔòÉÔòÉÔòÉÔòÉÔòÉÔòÉÔòÉÔòÉÔòÉÔòÉÔòÉÔòÉÔòÉÔòÉÔòÉÔòÉÔòÉÔòÉÔòÉÔòÉÔòÉÔòÉÔòÉÔòÉÔòÉÔòÉÔòÉÔòÉÔòÉÔòÉÔòÉ
[DEBUG create_order] STARTING SIGNATURE COMPUTATION
[DEBUG create_order] ÔòÉÔòÉÔòÉÔòÉÔòÉÔòÉÔòÉÔòÉÔòÉÔòÉÔòÉÔòÉÔòÉÔòÉÔòÉÔòÉÔòÉÔòÉÔòÉÔòÉÔòÉÔòÉÔòÉÔòÉÔòÉÔòÉÔòÉÔòÉÔòÉÔòÉÔòÉÔòÉÔòÉÔòÉÔòÉÔòÉÔòÉÔòÉÔòÉÔòÉ
[DEBUG create_order] Timestamp: now=1763069373765, expired_at=1763069972765
[DEBUG create_order] Transaction JSON (before signing): {"AccountIndex":237600,"ApiKeyIndex":4,"BaseAmount":1000,"ClientOrderIndex":1763069203012,"Expi
redAt":1763069972765,"IsAsk":0,"MarketIndex":0,"Nonce":988,"OrderExpiry":0,"Price":500000000,"ReduceOnly":0,"Sig":"","TimeInForce":0,"TriggerPrice":0,"
Type":1}
[DEBUG sign_transaction_internal] Starting signature computation
[DEBUG sign_transaction_internal] tx_type: 14
[DEBUG sign_transaction_internal] Extracted fields:
  chain_id: 304
  nonce: 988
  expired_at: 1763069972765
  account_index: 237600
  api_key_index: 4
[DEBUG sign_transaction_internal] CREATE_ORDER fields:
  market_index: 0
  client_order_index: 1763069203012
  base_amount: 1000
  price: 500000000
  is_ask: 0
  order_type: 1
  time_in_force: 0
  reduce_only: 0
  trigger_price: 0
  order_expiry: 0
[DEBUG sign_transaction_internal] Hash input elements count: 16
[DEBUG sign_transaction_internal] Hash input elements:
  [0] Element 0: 304 (u64)
  [1] Element 1: 14 (u64)
  [2] Element 2: 988 (u64)
  [3] Element 3: 1763069972765 (u64)
  [4] Element 4: 237600 (u64)
  [5] Element 5: 4 (u64)
  [6] Element 6: 0 (u64)
  [7] Element 7: 1763069203012 (u64)
  [8] Element 8: 1000 (u64)
  [9] Element 9: 500000000 (u64)
  [10] Element 10: 0 (u64)
  [11] Element 11: 1 (u64)
  [12] Element 12: 0 (u64)
  [13] Element 13: 0 (u64)
  [14] Element 14: 0 (u64)
  [15] Element 15: 0 (u64)
[DEBUG sign_transaction_internal] Computing Poseidon2 hash with 16 elements
[DEBUG sign_transaction_internal] Transaction hash (40 bytes): 6e32392aeff16f8f766316a6aeb816ffbf2a9fa2558be8dce73859ea3b4a0d5b054524d02c7827b8
[DEBUG sign_transaction_internal] Transaction hash (first 8 bytes as u64): 10335745679346446958
[DEBUG sign_transaction_internal] Calling key_manager.sign() with hash: 
6e32392aeff16f8f766316a6aeb816ffbf2a9fa2558be8dce73859ea3b4a0d5b054524d02c7827b8
[DEBUG signer::sign] Starting signature generation
[DEBUG signer::sign] Message hash: 6e32392aeff16f8f766316a6aeb816ffbf2a9fa2558be8dce73859ea3b4a0d5b054524d02c7827b8
[DEBUG signer::sign] Generated random nonce: d6a1169b79d7f7e75ade4b4a54e44c5ed38f7afaff9fa9450e2fcffbd24c7e57caef23b6a5da8566
[DEBUG signer::sign_with_fixed_nonce] Signing with fixed nonce
[DEBUG signer::sign_with_fixed_nonce] Private key (first 16 bytes): 79699d9819553fc6eee1b5e50af049d7...
[DEBUG signer::sign_with_fixed_nonce] Calling crypto::schnorr::sign_with_nonce
[DEBUG crypto::sign_with_nonce] ========================================
[DEBUG crypto::sign_with_nonce] Starting Schnorr signature
[DEBUG crypto::sign_with_nonce] Private key length: 40
[DEBUG crypto::sign_with_nonce] Message length: 40
[DEBUG crypto::sign_with_nonce] Nonce bytes length: 40
[DEBUG crypto::sign_with_nonce] Message hash: 6e32392aeff16f8f766316a6aeb816ffbf2a9fa2558be8dce73859ea3b4a0d5b054524d02c7827b8
[DEBUG crypto::sign_with_nonce] Nonce bytes: d6a1169b79d7f7e75ade4b4a54e44c5ed38f7afaff9fa9450e2fcffbd24c7e57caef23b6a5da8566
[DEBUG crypto::sign_with_nonce] Private key converted to scalar
[DEBUG crypto::sign_with_nonce] Nonce converted to scalar
[DEBUG crypto::sign_with_nonce] Message converted to Fp5Element
[DEBUG crypto::sign_with_nonce] Step 1: Computing R = nonce * G
[DEBUG crypto::sign_with_nonce] R encoded (full 40 bytes): 230450396d20b6a5fd81e6b088ac6fcbd648fea4df44077383e4972f0b9c04a4c87285f3d57e97ec
[DEBUG crypto::sign_with_nonce] R Fp5 elements:
  R[0] = 11940767115504518179 (u64)
  R[1] = 14659125015197680125 (u64)
  R[2] = 8288669366535211222 (u64)
  R[3] = 11818742893984081027 (u64)
  R[4] = 17048234371813044936 (u64)
[DEBUG crypto::sign_with_nonce] Step 2: Computing challenge e = H(R || message)
[DEBUG crypto::sign_with_nonce] Pre-image prepared (10 elements):
  PreImage[0] = 11940767115504518179 (u64)
  PreImage[1] = 14659125015197680125 (u64)
  PreImage[2] = 8288669366535211222 (u64)
  PreImage[3] = 11818742893984081027 (u64)
  PreImage[4] = 17048234371813044936 (u64)
  PreImage[5] = 10335745679346446958 (u64)
  PreImage[6] = 18381081989409563510 (u64)
  PreImage[7] = 15918126082857839295 (u64)
  PreImage[8] = 6560981853343922407 (u64)
  PreImage[9] = 13269706960936387845 (u64)
[DEBUG crypto::sign_with_nonce] Challenge e computed (40 bytes): c764a3b6fc793ed553abf185dca3fed39f497fc4f0f0df9b40f145cdcf7e85a8ef1648bc88a6ae47
[DEBUG crypto::sign_with_nonce] Challenge e (first 8 bytes as u64): 15365853104937592007
[DEBUG crypto::sign_with_nonce] Step 3: Computing s = nonce - e * private_key
[DEBUG crypto::sign_with_nonce] Response s computed (40 bytes): d364210a3fe111ab45a62ae03f370bea890392a1ca714dc507c0c6b7720d840cc7a91d92ffb26c34
[DEBUG crypto::sign_with_nonce] Response s (first 8 bytes as u64): 12326881315958908115
[DEBUG crypto::sign_with_nonce] Step 4: Assembling signature (s || e)
[DEBUG crypto::sign_with_nonce] Final signature: d364210a3fe111ab45a62ae03f370bea890392a1ca714dc507c0c6b7720d840cc7a91d92ffb26c34c764a3b6fc793ed553abf1
85dca3fed39f497fc4f0f0df9b40f145cdcf7e85a8ef1648bc88a6ae47
[DEBUG crypto::sign_with_nonce] ========================================
[DEBUG signer::sign_with_fixed_nonce] Signature from crypto: d364210a3fe111ab45a62ae03f370bea890392a1ca714dc507c0c6b7720d840cc7a91d92ffb26c34c764a3b6fc
793ed553abf185dca3fed39f497fc4f0f0df9b40f145cdcf7e85a8ef1648bc88a6ae47 (length: 80)
[DEBUG signer::sign_with_fixed_nonce] Final signature: d364210a3fe111ab45a62ae03f370bea890392a1ca714dc507c0c6b7720d840cc7a91d92ffb26c34c764a3b6fc793ed5
53abf185dca3fed39f497fc4f0f0df9b40f145cdcf7e85a8ef1648bc88a6ae47
[DEBUG sign_transaction_internal] Signature returned (80 bytes): d364210a3fe111ab45a62ae03f370bea890392a1ca714dc507c0c6b7720d840cc7a91d92ffb26c34c764a3
b6fc793ed553abf185dca3fed39f497fc4f0f0df9b40f145cdcf7e85a8ef1648bc88a6ae47
[DEBUG sign_transaction_internal] Signature s (first 40 bytes): d364210a3fe111ab45a62ae03f370bea890392a1ca714dc507c0c6b7720d840cc7a91d92ffb26c34
[DEBUG sign_transaction_internal] Signature e (last 40 bytes): c764a3b6fc793ed553abf185dca3fed39f497fc4f0f0df9b40f145cdcf7e85a8ef1648bc88a6ae47
[DEBUG create_order] Signature generated: d364210a3fe111ab45a62ae03f370bea890392a1ca714dc507c0c6b7720d840cc7a91d92ffb26c34c764a3b6fc793ed553abf185dca3f
ed39f497fc4f0f0df9b40f145cdcf7e85a8ef1648bc88a6ae47 (length: 80)
[DEBUG create_order] Signature (base64): 02QhCj/hEatFpirgPzcL6okDkqHKcU3FB8DGt3INhAzHqR2S/7JsNMdko7b8eT7VU6vxhdyj/tOfSX/E8PDfm0DxRc3PfoWo7xZIvIimrkc=
[DEBUG create_order] Final transaction JSON: {"AccountIndex":237600,"ApiKeyIndex":4,"BaseAmount":1000,"ClientOrderIndex":1763069203012,"ExpiredAt":1763
069972765,"IsAsk":0,"MarketIndex":0,"Nonce":988,"OrderExpiry":0,"Price":500000000,"ReduceOnly":0,"Sig":"02QhCj/hEatFpirgPzcL6okDkqHKcU3FB8DGt3INhAzHqR2
S/7JsNMdko7b8eT7VU6vxhdyj/tOfSX/E8PDfm0DxRc3PfoWo7xZIvIimrkc=","TimeInForce":0,"TriggerPrice":0,"Type":1}
[DEBUG create_order] Sending to: https://mainnet.zklighter.elliot.ai/api/v1/sendTx
[DEBUG create_order] Response status: 200 OK, body: {"code":200,"message":"{\"ratelimit\": \"697 volume quota remained\"}","tx_hash":"6e32392aeff16f8f7
66316a6aeb816ffbf2a9fa2558be8dce73859ea3b4a0d5b054524d02c7827b8","predicted_execution_time_ms":1763069372986,"volume_quota_remaining":697}
[DEBUG create_order] ÔòÉÔòÉÔòÉÔòÉÔòÉÔòÉÔòÉÔòÉÔòÉÔòÉÔòÉÔòÉÔòÉÔòÉÔòÉÔòÉÔòÉÔòÉÔòÉÔòÉÔòÉÔòÉÔòÉÔòÉÔòÉÔòÉÔòÉÔòÉÔòÉÔòÉÔòÉÔòÉÔòÉÔòÉÔòÉÔòÉÔòÉÔòÉÔòÉÔòÉ
[DEBUG create_order] API RESPONSE RECEIVED
[DEBUG create_order] ÔòÉÔòÉÔòÉÔòÉÔòÉÔòÉÔòÉÔòÉÔòÉÔòÉÔòÉÔòÉÔòÉÔòÉÔòÉÔòÉÔòÉÔòÉÔòÉÔòÉÔòÉÔòÉÔòÉÔòÉÔòÉÔòÉÔòÉÔòÉÔòÉÔòÉÔòÉÔòÉÔòÉÔòÉÔòÉÔòÉÔòÉÔòÉÔòÉÔòÉ
[DEBUG create_order] Response code: 200
[DEBUG create_order] Response message: {"ratelimit": "697 volume quota remained"}
[DEBUG create_order] Nonce used: 988
[DEBUG create_order] Ô£àÔ£àÔ£à SUCCESS Ô£àÔ£àÔ£à - Transaction succeeded with nonce 988
[DEBUG create_order] ÔòÉÔòÉÔòÉÔòÉÔòÉÔòÉÔòÉÔòÉÔòÉÔòÉÔòÉÔòÉÔòÉÔòÉÔòÉÔòÉÔòÉÔòÉÔòÉÔòÉÔòÉÔòÉÔòÉÔòÉÔòÉÔòÉÔòÉÔòÉÔòÉÔòÉÔòÉÔòÉÔòÉÔòÉÔòÉÔòÉÔòÉÔòÉÔòÉÔòÉ
[DEBUG create_order] SUCCESSFUL SIGNATURE - SAVE THIS FOR COMPARISON
[DEBUG create_order] ÔòÉÔòÉÔòÉÔòÉÔòÉÔòÉÔòÉÔòÉÔòÉÔòÉÔòÉÔòÉÔòÉÔòÉÔòÉÔòÉÔòÉÔòÉÔòÉÔòÉÔòÉÔòÉÔòÉÔòÉÔòÉÔòÉÔòÉÔòÉÔòÉÔòÉÔòÉÔòÉÔòÉÔòÉÔòÉÔòÉÔòÉÔòÉÔòÉÔòÉ
[DEBUG create_order] ========================================

[DEBUG create_order] ========================================
[DEBUG create_order] Starting order creation for client_order_index: 1763069203013
[DEBUG get_next_nonce_from_cache] Fetching nonce from API
[DEBUG fetch_nonce_from_api] Requesting nonce from: https://mainnet.zklighter.elliot.ai/api/v1/nextNonce?account_index=237600&api_key_index=4
[DEBUG fetch_nonce_from_api] Received nonce: 989
[DEBUG get_next_nonce_from_cache] Fetched nonce from API: 989
[DEBUG create_order] ========================================
[DEBUG create_order] Order: client_order_index=1763069203013
[DEBUG create_order] Nonce obtained: 989
[DEBUG create_order] ÔòÉÔòÉÔòÉÔòÉÔòÉÔòÉÔòÉÔòÉÔòÉÔòÉÔòÉÔòÉÔòÉÔòÉÔòÉÔòÉÔòÉÔòÉÔòÉÔòÉÔòÉÔòÉÔòÉÔòÉÔòÉÔòÉÔòÉÔòÉÔòÉÔòÉÔòÉÔòÉÔòÉÔòÉÔòÉÔòÉÔòÉÔòÉÔòÉÔòÉ
[DEBUG create_order] STARTING SIGNATURE COMPUTATION
[DEBUG create_order] ÔòÉÔòÉÔòÉÔòÉÔòÉÔòÉÔòÉÔòÉÔòÉÔòÉÔòÉÔòÉÔòÉÔòÉÔòÉÔòÉÔòÉÔòÉÔòÉÔòÉÔòÉÔòÉÔòÉÔòÉÔòÉÔòÉÔòÉÔòÉÔòÉÔòÉÔòÉÔòÉÔòÉÔòÉÔòÉÔòÉÔòÉÔòÉÔòÉÔòÉ
[DEBUG create_order] Timestamp: now=1763069377036, expired_at=1763069976036
[DEBUG create_order] Transaction JSON (before signing): {"AccountIndex":237600,"ApiKeyIndex":4,"BaseAmount":1000,"ClientOrderIndex":1763069203013,"Expi
redAt":1763069976036,"IsAsk":0,"MarketIndex":0,"Nonce":989,"OrderExpiry":0,"Price":500000000,"ReduceOnly":0,"Sig":"","TimeInForce":0,"TriggerPrice":0,"
Type":1}
[DEBUG sign_transaction_internal] Starting signature computation
[DEBUG sign_transaction_internal] tx_type: 14
[DEBUG sign_transaction_internal] Extracted fields:
  chain_id: 304
  nonce: 989
  expired_at: 1763069976036
  account_index: 237600
  api_key_index: 4
[DEBUG sign_transaction_internal] CREATE_ORDER fields:
  market_index: 0
  client_order_index: 1763069203013
  base_amount: 1000
  price: 500000000
  is_ask: 0
  order_type: 1
  time_in_force: 0
  reduce_only: 0
  trigger_price: 0
  order_expiry: 0
[DEBUG sign_transaction_internal] Hash input elements count: 16
[DEBUG sign_transaction_internal] Hash input elements:
  [0] Element 0: 304 (u64)
  [1] Element 1: 14 (u64)
  [2] Element 2: 989 (u64)
  [3] Element 3: 1763069976036 (u64)
  [4] Element 4: 237600 (u64)
  [5] Element 5: 4 (u64)
  [6] Element 6: 0 (u64)
  [7] Element 7: 1763069203013 (u64)
  [8] Element 8: 1000 (u64)
  [9] Element 9: 500000000 (u64)
  [10] Element 10: 0 (u64)
  [11] Element 11: 1 (u64)
  [12] Element 12: 0 (u64)
  [13] Element 13: 0 (u64)
  [14] Element 14: 0 (u64)
  [15] Element 15: 0 (u64)
[DEBUG sign_transaction_internal] Computing Poseidon2 hash with 16 elements
[DEBUG sign_transaction_internal] Transaction hash (40 bytes): b5c08bf6d8e978225517750638d124d22023b304dd58343438492ddf7d02312ea2d3b6c5c245f7bf
[DEBUG sign_transaction_internal] Transaction hash (first 8 bytes as u64): 2483992312553390261
[DEBUG sign_transaction_internal] Calling key_manager.sign() with hash: 
b5c08bf6d8e978225517750638d124d22023b304dd58343438492ddf7d02312ea2d3b6c5c245f7bf
[DEBUG signer::sign] Starting signature generation
[DEBUG signer::sign] Message hash: b5c08bf6d8e978225517750638d124d22023b304dd58343438492ddf7d02312ea2d3b6c5c245f7bf
[DEBUG signer::sign] Generated random nonce: c71ab1f16d236fb7a2534cf955f79ca5e3cbc1d25d2f8c41617ffd3ddfe317bd0b307ebdcbcce58c
[DEBUG signer::sign_with_fixed_nonce] Signing with fixed nonce
[DEBUG signer::sign_with_fixed_nonce] Private key (first 16 bytes): 79699d9819553fc6eee1b5e50af049d7...
[DEBUG signer::sign_with_fixed_nonce] Calling crypto::schnorr::sign_with_nonce
[DEBUG crypto::sign_with_nonce] ========================================
[DEBUG crypto::sign_with_nonce] Starting Schnorr signature
[DEBUG crypto::sign_with_nonce] Private key length: 40
[DEBUG crypto::sign_with_nonce] Message length: 40
[DEBUG crypto::sign_with_nonce] Nonce bytes length: 40
[DEBUG crypto::sign_with_nonce] Message hash: b5c08bf6d8e978225517750638d124d22023b304dd58343438492ddf7d02312ea2d3b6c5c245f7bf
[DEBUG crypto::sign_with_nonce] Nonce bytes: c71ab1f16d236fb7a2534cf955f79ca5e3cbc1d25d2f8c41617ffd3ddfe317bd0b307ebdcbcce58c
[DEBUG crypto::sign_with_nonce] Private key converted to scalar
[DEBUG crypto::sign_with_nonce] Nonce converted to scalar
[DEBUG crypto::sign_with_nonce] Message converted to Fp5Element
[DEBUG crypto::sign_with_nonce] Step 1: Computing R = nonce * G
[DEBUG crypto::sign_with_nonce] R encoded (full 40 bytes): 39d757eea88b96623367cdcc05a3f1b8fc69ae0bf80ac210ad9bf19495aac9aed16660d530d2bebe
[DEBUG crypto::sign_with_nonce] R Fp5 elements:
  R[0] = 7104019019893036857 (u64)
  R[1] = 13326612017672185651 (u64)
  R[2] = 1207539710552861180 (u64)
  R[3] = 12594785392344013741 (u64)
  R[4] = 13744654219961460433 (u64)
[DEBUG crypto::sign_with_nonce] Step 2: Computing challenge e = H(R || message)
[DEBUG crypto::sign_with_nonce] Pre-image prepared (10 elements):
  PreImage[0] = 7104019019893036857 (u64)
  PreImage[1] = 13326612017672185651 (u64)
  PreImage[2] = 1207539710552861180 (u64)
  PreImage[3] = 12594785392344013741 (u64)
  PreImage[4] = 13744654219961460433 (u64)
  PreImage[5] = 2483992312553390261 (u64)
  PreImage[6] = 15142457885683160917 (u64)
  PreImage[7] = 3761729295051072288 (u64)
  PreImage[8] = 3328444339241961784 (u64)
  PreImage[9] = 13832601483334833058 (u64)
[DEBUG crypto::sign_with_nonce] Challenge e computed (40 bytes): b1dfe5464d2c0e32064c149b38b7307ee2714022c74ca6fd7467ad49fd5d853f58e3d9d79bc6953b
[DEBUG crypto::sign_with_nonce] Challenge e (first 8 bytes as u64): 3606869061983920049
[DEBUG crypto::sign_with_nonce] Step 3: Computing s = nonce - e * private_key
[DEBUG crypto::sign_with_nonce] Response s computed (40 bytes): 97d7eedc8e78bc8f4f120c180875e4da01996814bb2ac9170f5d4819633897ffd003c775df54ff79
[DEBUG crypto::sign_with_nonce] Response s (first 8 bytes as u64): 10357285798032627607
[DEBUG crypto::sign_with_nonce] Step 4: Assembling signature (s || e)
[DEBUG crypto::sign_with_nonce] Final signature: 97d7eedc8e78bc8f4f120c180875e4da01996814bb2ac9170f5d4819633897ffd003c775df54ff79b1dfe5464d2c0e32064c14
9b38b7307ee2714022c74ca6fd7467ad49fd5d853f58e3d9d79bc6953b
[DEBUG crypto::sign_with_nonce] ========================================
[DEBUG signer::sign_with_fixed_nonce] Signature from crypto: 97d7eedc8e78bc8f4f120c180875e4da01996814bb2ac9170f5d4819633897ffd003c775df54ff79b1dfe5464d
2c0e32064c149b38b7307ee2714022c74ca6fd7467ad49fd5d853f58e3d9d79bc6953b (length: 80)
[DEBUG signer::sign_with_fixed_nonce] Final signature: 97d7eedc8e78bc8f4f120c180875e4da01996814bb2ac9170f5d4819633897ffd003c775df54ff79b1dfe5464d2c0e32
064c149b38b7307ee2714022c74ca6fd7467ad49fd5d853f58e3d9d79bc6953b
[DEBUG sign_transaction_internal] Signature returned (80 bytes): 97d7eedc8e78bc8f4f120c180875e4da01996814bb2ac9170f5d4819633897ffd003c775df54ff79b1dfe5
464d2c0e32064c149b38b7307ee2714022c74ca6fd7467ad49fd5d853f58e3d9d79bc6953b
[DEBUG sign_transaction_internal] Signature s (first 40 bytes): 97d7eedc8e78bc8f4f120c180875e4da01996814bb2ac9170f5d4819633897ffd003c775df54ff79
[DEBUG sign_transaction_internal] Signature e (last 40 bytes): b1dfe5464d2c0e32064c149b38b7307ee2714022c74ca6fd7467ad49fd5d853f58e3d9d79bc6953b
[DEBUG create_order] Signature generated: 97d7eedc8e78bc8f4f120c180875e4da01996814bb2ac9170f5d4819633897ffd003c775df54ff79b1dfe5464d2c0e32064c149b38b73
07ee2714022c74ca6fd7467ad49fd5d853f58e3d9d79bc6953b (length: 80)
[DEBUG create_order] Signature (base64): l9fu3I54vI9PEgwYCHXk2gGZaBS7KskXD11IGWM4l//QA8d131T/ebHf5UZNLA4yBkwUmzi3MH7icUAix0ym/XRnrUn9XYU/WOPZ15vGlTs=
[DEBUG create_order] Final transaction JSON: {"AccountIndex":237600,"ApiKeyIndex":4,"BaseAmount":1000,"ClientOrderIndex":1763069203013,"ExpiredAt":1763
069976036,"IsAsk":0,"MarketIndex":0,"Nonce":989,"OrderExpiry":0,"Price":500000000,"ReduceOnly":0,"Sig":"l9fu3I54vI9PEgwYCHXk2gGZaBS7KskXD11IGWM4l//QA8d
131T/ebHf5UZNLA4yBkwUmzi3MH7icUAix0ym/XRnrUn9XYU/WOPZ15vGlTs=","TimeInForce":0,"TriggerPrice":0,"Type":1}
[DEBUG create_order] Sending to: https://mainnet.zklighter.elliot.ai/api/v1/sendTx
[DEBUG create_order] Response status: 400 Bad Request, body: {"code":21120,"message":"invalid signature"}
[DEBUG create_order] ÔòÉÔòÉÔòÉÔòÉÔòÉÔòÉÔòÉÔòÉÔòÉÔòÉÔòÉÔòÉÔòÉÔòÉÔòÉÔòÉÔòÉÔòÉÔòÉÔòÉÔòÉÔòÉÔòÉÔòÉÔòÉÔòÉÔòÉÔòÉÔòÉÔòÉÔòÉÔòÉÔòÉÔòÉÔòÉÔòÉÔòÉÔòÉÔòÉÔòÉ
[DEBUG create_order] API RESPONSE RECEIVED
[DEBUG create_order] ÔòÉÔòÉÔòÉÔòÉÔòÉÔòÉÔòÉÔòÉÔòÉÔòÉÔòÉÔòÉÔòÉÔòÉÔòÉÔòÉÔòÉÔòÉÔòÉÔòÉÔòÉÔòÉÔòÉÔòÉÔòÉÔòÉÔòÉÔòÉÔòÉÔòÉÔòÉÔòÉÔòÉÔòÉÔòÉÔòÉÔòÉÔòÉÔòÉÔòÉ
[DEBUG create_order] Response code: 21120
[DEBUG create_order] Response message: invalid signature
[DEBUG create_order] Nonce used: 989
[DEBUG create_order] ÔØîÔØîÔØî INVALID SIGNATURE ERROR ÔØîÔØîÔØî (code 21120) - Nonce used: 989
[DEBUG create_order] ÔòÉÔòÉÔòÉÔòÉÔòÉÔòÉÔòÉÔòÉÔòÉÔòÉÔòÉÔòÉÔòÉÔòÉÔòÉÔòÉÔòÉÔòÉÔòÉÔòÉÔòÉÔòÉÔòÉÔòÉÔòÉÔòÉÔòÉÔòÉÔòÉÔòÉÔòÉÔòÉÔòÉÔòÉÔòÉÔòÉÔòÉÔòÉÔòÉÔòÉ
[DEBUG create_order] FAILED SIGNATURE - COMPARE WITH SUCCESSFUL ONES
[DEBUG create_order] ÔòÉÔòÉÔòÉÔòÉÔòÉÔòÉÔòÉÔòÉÔòÉÔòÉÔòÉÔòÉÔòÉÔòÉÔòÉÔòÉÔòÉÔòÉÔòÉÔòÉÔòÉÔòÉÔòÉÔòÉÔòÉÔòÉÔòÉÔòÉÔòÉÔòÉÔòÉÔòÉÔòÉÔòÉÔòÉÔòÉÔòÉÔòÉÔòÉÔòÉ
[DEBUG create_order] This could be nonce sync issue or signature computation issue
[DEBUG fetch_nonce_from_api] Requesting nonce from: https://mainnet.zklighter.elliot.ai/api/v1/nextNonce?account_index=237600&api_key_index=4
[DEBUG fetch_nonce_from_api] Received nonce: 989
[DEBUG refresh_nonce_cache] Refreshed nonce: 989
[DEBUG create_order] ========================================
  ÔØî [53] INVALID SIGNATURE (Code: 21120) - Check debug logs for nonce

[DEBUG create_order] ========================================
[DEBUG create_order] Starting order creation for client_order_index: 1763069203014
[DEBUG get_next_nonce_from_cache] Fetching nonce from API
[DEBUG fetch_nonce_from_api] Requesting nonce from: https://mainnet.zklighter.elliot.ai/api/v1/nextNonce?account_index=237600&api_key_index=4
[DEBUG fetch_nonce_from_api] Received nonce: 989
[DEBUG get_next_nonce_from_cache] Fetched nonce from API: 989
[DEBUG create_order] ========================================
[DEBUG create_order] Order: client_order_index=1763069203014
[DEBUG create_order] Nonce obtained: 989
[DEBUG create_order] ÔòÉÔòÉÔòÉÔòÉÔòÉÔòÉÔòÉÔòÉÔòÉÔòÉÔòÉÔòÉÔòÉÔòÉÔòÉÔòÉÔòÉÔòÉÔòÉÔòÉÔòÉÔòÉÔòÉÔòÉÔòÉÔòÉÔòÉÔòÉÔòÉÔòÉÔòÉÔòÉÔòÉÔòÉÔòÉÔòÉÔòÉÔòÉÔòÉÔòÉ
[DEBUG create_order] STARTING SIGNATURE COMPUTATION
[DEBUG create_order] ÔòÉÔòÉÔòÉÔòÉÔòÉÔòÉÔòÉÔòÉÔòÉÔòÉÔòÉÔòÉÔòÉÔòÉÔòÉÔòÉÔòÉÔòÉÔòÉÔòÉÔòÉÔòÉÔòÉÔòÉÔòÉÔòÉÔòÉÔòÉÔòÉÔòÉÔòÉÔòÉÔòÉÔòÉÔòÉÔòÉÔòÉÔòÉÔòÉÔòÉ
[DEBUG create_order] Timestamp: now=1763069380422, expired_at=1763069979422
[DEBUG create_order] Transaction JSON (before signing): {"AccountIndex":237600,"ApiKeyIndex":4,"BaseAmount":1000,"ClientOrderIndex":1763069203014,"Expi
redAt":1763069979422,"IsAsk":0,"MarketIndex":0,"Nonce":989,"OrderExpiry":0,"Price":500000000,"ReduceOnly":0,"Sig":"","TimeInForce":0,"TriggerPrice":0,"
Type":1}
[DEBUG sign_transaction_internal] Starting signature computation
[DEBUG sign_transaction_internal] tx_type: 14
[DEBUG sign_transaction_internal] Extracted fields:
  chain_id: 304
  nonce: 989
  expired_at: 1763069979422
  account_index: 237600
  api_key_index: 4
[DEBUG sign_transaction_internal] CREATE_ORDER fields:
  market_index: 0
  client_order_index: 1763069203014
  base_amount: 1000
  price: 500000000
  is_ask: 0
  order_type: 1
  time_in_force: 0
  reduce_only: 0
  trigger_price: 0
  order_expiry: 0
[DEBUG sign_transaction_internal] Hash input elements count: 16
[DEBUG sign_transaction_internal] Hash input elements:
  [0] Element 0: 304 (u64)
  [1] Element 1: 14 (u64)
  [2] Element 2: 989 (u64)
  [3] Element 3: 1763069979422 (u64)
  [4] Element 4: 237600 (u64)
  [5] Element 5: 4 (u64)
  [6] Element 6: 0 (u64)
  [7] Element 7: 1763069203014 (u64)
  [8] Element 8: 1000 (u64)
  [9] Element 9: 500000000 (u64)
  [10] Element 10: 0 (u64)
  [11] Element 11: 1 (u64)
  [12] Element 12: 0 (u64)
  [13] Element 13: 0 (u64)
  [14] Element 14: 0 (u64)
  [15] Element 15: 0 (u64)
[DEBUG sign_transaction_internal] Computing Poseidon2 hash with 16 elements
[DEBUG sign_transaction_internal] Transaction hash (40 bytes): 00984e08e6ad09ccab26018001ecf11e79ce52cff18b53a95b50e76978114c99501d4452ee7946f3
[DEBUG sign_transaction_internal] Transaction hash (first 8 bytes as u64): 14702473662021146624
[DEBUG sign_transaction_internal] Calling key_manager.sign() with hash: 
00984e08e6ad09ccab26018001ecf11e79ce52cff18b53a95b50e76978114c99501d4452ee7946f3
[DEBUG signer::sign] Starting signature generation
[DEBUG signer::sign] Message hash: 00984e08e6ad09ccab26018001ecf11e79ce52cff18b53a95b50e76978114c99501d4452ee7946f3
[DEBUG signer::sign] Generated random nonce: fb79957e346783f1baab93d66e2cb3a30aa00455401a4cd6999cee4a65c7510273dbb248b3f9bd32
[DEBUG signer::sign_with_fixed_nonce] Signing with fixed nonce
[DEBUG signer::sign_with_fixed_nonce] Private key (first 16 bytes): 79699d9819553fc6eee1b5e50af049d7...
[DEBUG signer::sign_with_fixed_nonce] Calling crypto::schnorr::sign_with_nonce
[DEBUG crypto::sign_with_nonce] ========================================
[DEBUG crypto::sign_with_nonce] Starting Schnorr signature
[DEBUG crypto::sign_with_nonce] Private key length: 40
[DEBUG crypto::sign_with_nonce] Message length: 40
[DEBUG crypto::sign_with_nonce] Nonce bytes length: 40
[DEBUG crypto::sign_with_nonce] Message hash: 00984e08e6ad09ccab26018001ecf11e79ce52cff18b53a95b50e76978114c99501d4452ee7946f3
[DEBUG crypto::sign_with_nonce] Nonce bytes: fb79957e346783f1baab93d66e2cb3a30aa00455401a4cd6999cee4a65c7510273dbb248b3f9bd32
[DEBUG crypto::sign_with_nonce] Private key converted to scalar
[DEBUG crypto::sign_with_nonce] Nonce converted to scalar
[DEBUG crypto::sign_with_nonce] Message converted to Fp5Element
[DEBUG crypto::sign_with_nonce] Step 1: Computing R = nonce * G
[DEBUG crypto::sign_with_nonce] R encoded (full 40 bytes): 6318fba72fc6e28f84be8165c7338f657b0d6cfc5f1072c1ef8475475c1b60c6f4b0c5982272390e
[DEBUG crypto::sign_with_nonce] R Fp5 elements:
  R[0] = 10368067200144316515 (u64)
  R[1] = 7318124850994855556 (u64)
  R[2] = 13939221801107983739 (u64)
  R[3] = 14294455300423779567 (u64)
  R[4] = 1024975883121045748 (u64)
[DEBUG crypto::sign_with_nonce] Step 2: Computing challenge e = H(R || message)
[DEBUG crypto::sign_with_nonce] Pre-image prepared (10 elements):
  PreImage[0] = 10368067200144316515 (u64)
  PreImage[1] = 7318124850994855556 (u64)
  PreImage[2] = 13939221801107983739 (u64)
  PreImage[3] = 14294455300423779567 (u64)
  PreImage[4] = 1024975883121045748 (u64)
  PreImage[5] = 14702473662021146624 (u64)
  PreImage[6] = 2229822781711787691 (u64)
  PreImage[7] = 12201249686158495353 (u64)
  PreImage[8] = 11046223194903498843 (u64)
  PreImage[9] = 17529832664075607376 (u64)
[DEBUG crypto::sign_with_nonce] Challenge e computed (40 bytes): 03f720f7788a47763b4850a3734ae9e92e7819a0672b33941d64d06a3b7e896ca56b381179ac724b
[DEBUG crypto::sign_with_nonce] Challenge e (first 8 bytes as u64): 8522933071968794371
[DEBUG crypto::sign_with_nonce] Step 3: Computing s = nonce - e * private_key
[DEBUG crypto::sign_with_nonce] Response s computed (40 bytes): d7357609702c7659492a70050ef918c45d857862b05656e2c9e1b9dd5cfaca70a0f9368e36bf3028
[DEBUG crypto::sign_with_nonce] Response s (first 8 bytes as u64): 6446388776334144983
[DEBUG crypto::sign_with_nonce] Step 4: Assembling signature (s || e)
[DEBUG crypto::sign_with_nonce] Final signature: d7357609702c7659492a70050ef918c45d857862b05656e2c9e1b9dd5cfaca70a0f9368e36bf302803f720f7788a47763b4850
a3734ae9e92e7819a0672b33941d64d06a3b7e896ca56b381179ac724b
[DEBUG crypto::sign_with_nonce] ========================================
[DEBUG signer::sign_with_fixed_nonce] Signature from crypto: d7357609702c7659492a70050ef918c45d857862b05656e2c9e1b9dd5cfaca70a0f9368e36bf302803f720f778
8a47763b4850a3734ae9e92e7819a0672b33941d64d06a3b7e896ca56b381179ac724b (length: 80)
[DEBUG signer::sign_with_fixed_nonce] Final signature: d7357609702c7659492a70050ef918c45d857862b05656e2c9e1b9dd5cfaca70a0f9368e36bf302803f720f7788a4776
3b4850a3734ae9e92e7819a0672b33941d64d06a3b7e896ca56b381179ac724b
[DEBUG sign_transaction_internal] Signature returned (80 bytes): d7357609702c7659492a70050ef918c45d857862b05656e2c9e1b9dd5cfaca70a0f9368e36bf302803f720
f7788a47763b4850a3734ae9e92e7819a0672b33941d64d06a3b7e896ca56b381179ac724b
[DEBUG sign_transaction_internal] Signature s (first 40 bytes): d7357609702c7659492a70050ef918c45d857862b05656e2c9e1b9dd5cfaca70a0f9368e36bf3028
[DEBUG sign_transaction_internal] Signature e (last 40 bytes): 03f720f7788a47763b4850a3734ae9e92e7819a0672b33941d64d06a3b7e896ca56b381179ac724b
[DEBUG create_order] Signature generated: d7357609702c7659492a70050ef918c45d857862b05656e2c9e1b9dd5cfaca70a0f9368e36bf302803f720f7788a47763b4850a3734ae
9e92e7819a0672b33941d64d06a3b7e896ca56b381179ac724b (length: 80)
[DEBUG create_order] Signature (base64): 1zV2CXAsdllJKnAFDvkYxF2FeGKwVlbiyeG53Vz6ynCg+TaONr8wKAP3IPd4ikd2O0hQo3NK6ekueBmgZyszlB1k0Go7folspWs4EXmscks=
[DEBUG create_order] Final transaction JSON: {"AccountIndex":237600,"ApiKeyIndex":4,"BaseAmount":1000,"ClientOrderIndex":1763069203014,"ExpiredAt":1763
069979422,"IsAsk":0,"MarketIndex":0,"Nonce":989,"OrderExpiry":0,"Price":500000000,"ReduceOnly":0,"Sig":"1zV2CXAsdllJKnAFDvkYxF2FeGKwVlbiyeG53Vz6ynCg+Ta
ONr8wKAP3IPd4ikd2O0hQo3NK6ekueBmgZyszlB1k0Go7folspWs4EXmscks=","TimeInForce":0,"TriggerPrice":0,"Type":1}
[DEBUG create_order] Sending to: https://mainnet.zklighter.elliot.ai/api/v1/sendTx
[DEBUG create_order] Response status: 200 OK, body: {"code":200,"message":"{\"ratelimit\": \"didn't use volume 
quota\"}","tx_hash":"00984e08e6ad09ccab26018001ecf11e79ce52cff18b53a95b50e76978114c99501d4452ee7946f3","predicted_execution_time_ms":1763069379643}
[DEBUG create_order] ÔòÉÔòÉÔòÉÔòÉÔòÉÔòÉÔòÉÔòÉÔòÉÔòÉÔòÉÔòÉÔòÉÔòÉÔòÉÔòÉÔòÉÔòÉÔòÉÔòÉÔòÉÔòÉÔòÉÔòÉÔòÉÔòÉÔòÉÔòÉÔòÉÔòÉÔòÉÔòÉÔòÉÔòÉÔòÉÔòÉÔòÉÔòÉÔòÉÔòÉ
[DEBUG create_order] API RESPONSE RECEIVED
[DEBUG create_order] ÔòÉÔòÉÔòÉÔòÉÔòÉÔòÉÔòÉÔòÉÔòÉÔòÉÔòÉÔòÉÔòÉÔòÉÔòÉÔòÉÔòÉÔòÉÔòÉÔòÉÔòÉÔòÉÔòÉÔòÉÔòÉÔòÉÔòÉÔòÉÔòÉÔòÉÔòÉÔòÉÔòÉÔòÉÔòÉÔòÉÔòÉÔòÉÔòÉÔòÉ
[DEBUG create_order] Response code: 200
[DEBUG create_order] Response message: {"ratelimit": "didn't use volume quota"}
[DEBUG create_order] Nonce used: 989
[DEBUG create_order] Ô£àÔ£àÔ£à SUCCESS Ô£àÔ£àÔ£à - Transaction succeeded with nonce 989
[DEBUG create_order] ÔòÉÔòÉÔòÉÔòÉÔòÉÔòÉÔòÉÔòÉÔòÉÔòÉÔòÉÔòÉÔòÉÔòÉÔòÉÔòÉÔòÉÔòÉÔòÉÔòÉÔòÉÔòÉÔòÉÔòÉÔòÉÔòÉÔòÉÔòÉÔòÉÔòÉÔòÉÔòÉÔòÉÔòÉÔòÉÔòÉÔòÉÔòÉÔòÉÔòÉ
[DEBUG create_order] SUCCESSFUL SIGNATURE - SAVE THIS FOR COMPARISON
[DEBUG create_order] ÔòÉÔòÉÔòÉÔòÉÔòÉÔòÉÔòÉÔòÉÔòÉÔòÉÔòÉÔòÉÔòÉÔòÉÔòÉÔòÉÔòÉÔòÉÔòÉÔòÉÔòÉÔòÉÔòÉÔòÉÔòÉÔòÉÔòÉÔòÉÔòÉÔòÉÔòÉÔòÉÔòÉÔòÉÔòÉÔòÉÔòÉÔòÉÔòÉÔòÉ
[DEBUG create_order] ========================================

[DEBUG create_order] ========================================
[DEBUG create_order] Starting order creation for client_order_index: 1763069203015
[DEBUG get_next_nonce_from_cache] Fetching nonce from API
[DEBUG fetch_nonce_from_api] Requesting nonce from: https://mainnet.zklighter.elliot.ai/api/v1/nextNonce?account_index=237600&api_key_index=4
[DEBUG fetch_nonce_from_api] Received nonce: 990
[DEBUG get_next_nonce_from_cache] Fetched nonce from API: 990
[DEBUG create_order] ========================================
[DEBUG create_order] Order: client_order_index=1763069203015
[DEBUG create_order] Nonce obtained: 990
[DEBUG create_order] ÔòÉÔòÉÔòÉÔòÉÔòÉÔòÉÔòÉÔòÉÔòÉÔòÉÔòÉÔòÉÔòÉÔòÉÔòÉÔòÉÔòÉÔòÉÔòÉÔòÉÔòÉÔòÉÔòÉÔòÉÔòÉÔòÉÔòÉÔòÉÔòÉÔòÉÔòÉÔòÉÔòÉÔòÉÔòÉÔòÉÔòÉÔòÉÔòÉÔòÉ
[DEBUG create_order] STARTING SIGNATURE COMPUTATION
[DEBUG create_order] ÔòÉÔòÉÔòÉÔòÉÔòÉÔòÉÔòÉÔòÉÔòÉÔòÉÔòÉÔòÉÔòÉÔòÉÔòÉÔòÉÔòÉÔòÉÔòÉÔòÉÔòÉÔòÉÔòÉÔòÉÔòÉÔòÉÔòÉÔòÉÔòÉÔòÉÔòÉÔòÉÔòÉÔòÉÔòÉÔòÉÔòÉÔòÉÔòÉÔòÉ
[DEBUG create_order] Timestamp: now=1763069383702, expired_at=1763069982702
[DEBUG create_order] Transaction JSON (before signing): {"AccountIndex":237600,"ApiKeyIndex":4,"BaseAmount":1000,"ClientOrderIndex":1763069203015,"Expi
redAt":1763069982702,"IsAsk":0,"MarketIndex":0,"Nonce":990,"OrderExpiry":0,"Price":500000000,"ReduceOnly":0,"Sig":"","TimeInForce":0,"TriggerPrice":0,"
Type":1}
[DEBUG sign_transaction_internal] Starting signature computation
[DEBUG sign_transaction_internal] tx_type: 14
[DEBUG sign_transaction_internal] Extracted fields:
  chain_id: 304
  nonce: 990
  expired_at: 1763069982702
  account_index: 237600
  api_key_index: 4
[DEBUG sign_transaction_internal] CREATE_ORDER fields:
  market_index: 0
  client_order_index: 1763069203015
  base_amount: 1000
  price: 500000000
  is_ask: 0
  order_type: 1
  time_in_force: 0
  reduce_only: 0
  trigger_price: 0
  order_expiry: 0
[DEBUG sign_transaction_internal] Hash input elements count: 16
[DEBUG sign_transaction_internal] Hash input elements:
  [0] Element 0: 304 (u64)
  [1] Element 1: 14 (u64)
  [2] Element 2: 990 (u64)
  [3] Element 3: 1763069982702 (u64)
  [4] Element 4: 237600 (u64)
  [5] Element 5: 4 (u64)
  [6] Element 6: 0 (u64)
  [7] Element 7: 1763069203015 (u64)
  [8] Element 8: 1000 (u64)
  [9] Element 9: 500000000 (u64)
  [10] Element 10: 0 (u64)
  [11] Element 11: 1 (u64)
  [12] Element 12: 0 (u64)
  [13] Element 13: 0 (u64)
  [14] Element 14: 0 (u64)
  [15] Element 15: 0 (u64)
[DEBUG sign_transaction_internal] Computing Poseidon2 hash with 16 elements
[DEBUG sign_transaction_internal] Transaction hash (40 bytes): 70be5f70f7af2d45ef39a4d1595ae90ebfb8850dc11723591f7ca3a7001378b717c1a3731f464827
[DEBUG sign_transaction_internal] Transaction hash (first 8 bytes as u64): 4984833839846112880
[DEBUG sign_transaction_internal] Calling key_manager.sign() with hash: 
70be5f70f7af2d45ef39a4d1595ae90ebfb8850dc11723591f7ca3a7001378b717c1a3731f464827
[DEBUG signer::sign] Starting signature generation
[DEBUG signer::sign] Message hash: 70be5f70f7af2d45ef39a4d1595ae90ebfb8850dc11723591f7ca3a7001378b717c1a3731f464827
[DEBUG signer::sign] Generated random nonce: 3bdd3ec1815f1cdac799e3aff8dbf4614e1a02df03c9e51c22896bde304f3000ec2ae909157921a0
[DEBUG signer::sign_with_fixed_nonce] Signing with fixed nonce
[DEBUG signer::sign_with_fixed_nonce] Private key (first 16 bytes): 79699d9819553fc6eee1b5e50af049d7...
[DEBUG signer::sign_with_fixed_nonce] Calling crypto::schnorr::sign_with_nonce
[DEBUG crypto::sign_with_nonce] ========================================
[DEBUG crypto::sign_with_nonce] Starting Schnorr signature
[DEBUG crypto::sign_with_nonce] Private key length: 40
[DEBUG crypto::sign_with_nonce] Message length: 40
[DEBUG crypto::sign_with_nonce] Nonce bytes length: 40
[DEBUG crypto::sign_with_nonce] Message hash: 70be5f70f7af2d45ef39a4d1595ae90ebfb8850dc11723591f7ca3a7001378b717c1a3731f464827
[DEBUG crypto::sign_with_nonce] Nonce bytes: 3bdd3ec1815f1cdac799e3aff8dbf4614e1a02df03c9e51c22896bde304f3000ec2ae909157921a0
[DEBUG crypto::sign_with_nonce] Private key converted to scalar
[DEBUG crypto::sign_with_nonce] Nonce converted to scalar
[DEBUG crypto::sign_with_nonce] Message converted to Fp5Element
[DEBUG crypto::sign_with_nonce] Step 1: Computing R = nonce * G
[DEBUG crypto::sign_with_nonce] R encoded (full 40 bytes): e29d2e831a45c96734bafd175d0ea91c79f7e1273d8d0f1b50902fb9fefd04e39ee44128c7691f67
[DEBUG crypto::sign_with_nonce] R Fp5 elements:
  R[0] = 7478584636397755874 (u64)
  R[1] = 2065197697123334708 (u64)
  R[2] = 1949932457476355961 (u64)
  R[3] = 16358479016986906704 (u64)
  R[4] = 7430774214279423134 (u64)
[DEBUG crypto::sign_with_nonce] Step 2: Computing challenge e = H(R || message)
[DEBUG crypto::sign_with_nonce] Pre-image prepared (10 elements):
  PreImage[0] = 7478584636397755874 (u64)
  PreImage[1] = 2065197697123334708 (u64)
  PreImage[2] = 1949932457476355961 (u64)
  PreImage[3] = 16358479016986906704 (u64)
  PreImage[4] = 7430774214279423134 (u64)
  PreImage[5] = 4984833839846112880 (u64)
  PreImage[6] = 1074489327920364015 (u64)
  PreImage[7] = 6423003611483453631 (u64)
  PreImage[8] = 13220337599679527967 (u64)
  PreImage[9] = 2830589466700398871 (u64)
[DEBUG crypto::sign_with_nonce] Challenge e computed (40 bytes): f75eb574e280d163f5dd0071d166dacd0a095c87076e850541d5734fa84b11d2ceb986695db5b32d
[DEBUG crypto::sign_with_nonce] Challenge e (first 8 bytes as u64): 7192671789996400375
[DEBUG crypto::sign_with_nonce] Step 3: Computing s = nonce - e * private_key
[DEBUG crypto::sign_with_nonce] Response s computed (40 bytes): f321e8fafdee6b237f908a8190071f8e7b6d193335ba847acfece00373efee274010e879ac48487d
[DEBUG crypto::sign_with_nonce] Response s (first 8 bytes as u64): 2552396388439171571
[DEBUG crypto::sign_with_nonce] Step 4: Assembling signature (s || e)
[DEBUG crypto::sign_with_nonce] Final signature: f321e8fafdee6b237f908a8190071f8e7b6d193335ba847acfece00373efee274010e879ac48487df75eb574e280d163f5dd00
71d166dacd0a095c87076e850541d5734fa84b11d2ceb986695db5b32d
[DEBUG crypto::sign_with_nonce] ========================================
[DEBUG signer::sign_with_fixed_nonce] Signature from crypto: f321e8fafdee6b237f908a8190071f8e7b6d193335ba847acfece00373efee274010e879ac48487df75eb574e2
80d163f5dd0071d166dacd0a095c87076e850541d5734fa84b11d2ceb986695db5b32d (length: 80)
[DEBUG signer::sign_with_fixed_nonce] Final signature: f321e8fafdee6b237f908a8190071f8e7b6d193335ba847acfece00373efee274010e879ac48487df75eb574e280d163
f5dd0071d166dacd0a095c87076e850541d5734fa84b11d2ceb986695db5b32d
[DEBUG sign_transaction_internal] Signature returned (80 bytes): f321e8fafdee6b237f908a8190071f8e7b6d193335ba847acfece00373efee274010e879ac48487df75eb5
74e280d163f5dd0071d166dacd0a095c87076e850541d5734fa84b11d2ceb986695db5b32d
[DEBUG sign_transaction_internal] Signature s (first 40 bytes): f321e8fafdee6b237f908a8190071f8e7b6d193335ba847acfece00373efee274010e879ac48487d
[DEBUG sign_transaction_internal] Signature e (last 40 bytes): f75eb574e280d163f5dd0071d166dacd0a095c87076e850541d5734fa84b11d2ceb986695db5b32d
[DEBUG create_order] Signature generated: f321e8fafdee6b237f908a8190071f8e7b6d193335ba847acfece00373efee274010e879ac48487df75eb574e280d163f5dd0071d166d
acd0a095c87076e850541d5734fa84b11d2ceb986695db5b32d (length: 80)
[DEBUG create_order] Signature (base64): 8yHo+v3uayN/kIqBkAcfjnttGTM1uoR6z+zgA3Pv7idAEOh5rEhIffdetXTigNFj9d0AcdFm2s0KCVyHB26FBUHVc0+oSxHSzrmGaV21sy0=
[DEBUG create_order] Final transaction JSON: {"AccountIndex":237600,"ApiKeyIndex":4,"BaseAmount":1000,"ClientOrderIndex":1763069203015,"ExpiredAt":1763
069982702,"IsAsk":0,"MarketIndex":0,"Nonce":990,"OrderExpiry":0,"Price":500000000,"ReduceOnly":0,"Sig":"8yHo+v3uayN/kIqBkAcfjnttGTM1uoR6z+zgA3Pv7idAEOh
5rEhIffdetXTigNFj9d0AcdFm2s0KCVyHB26FBUHVc0+oSxHSzrmGaV21sy0=","TimeInForce":0,"TriggerPrice":0,"Type":1}
[DEBUG create_order] Sending to: https://mainnet.zklighter.elliot.ai/api/v1/sendTx
[DEBUG create_order] Response status: 400 Bad Request, body: {"code":21120,"message":"invalid signature"}
[DEBUG create_order] ÔòÉÔòÉÔòÉÔòÉÔòÉÔòÉÔòÉÔòÉÔòÉÔòÉÔòÉÔòÉÔòÉÔòÉÔòÉÔòÉÔòÉÔòÉÔòÉÔòÉÔòÉÔòÉÔòÉÔòÉÔòÉÔòÉÔòÉÔòÉÔòÉÔòÉÔòÉÔòÉÔòÉÔòÉÔòÉÔòÉÔòÉÔòÉÔòÉÔòÉ
[DEBUG create_order] API RESPONSE RECEIVED
[DEBUG create_order] ÔòÉÔòÉÔòÉÔòÉÔòÉÔòÉÔòÉÔòÉÔòÉÔòÉÔòÉÔòÉÔòÉÔòÉÔòÉÔòÉÔòÉÔòÉÔòÉÔòÉÔòÉÔòÉÔòÉÔòÉÔòÉÔòÉÔòÉÔòÉÔòÉÔòÉÔòÉÔòÉÔòÉÔòÉÔòÉÔòÉÔòÉÔòÉÔòÉÔòÉ
[DEBUG create_order] Response code: 21120
[DEBUG create_order] Response message: invalid signature
[DEBUG create_order] Nonce used: 990
[DEBUG create_order] ÔØîÔØîÔØî INVALID SIGNATURE ERROR ÔØîÔØîÔØî (code 21120) - Nonce used: 990
[DEBUG create_order] ÔòÉÔòÉÔòÉÔòÉÔòÉÔòÉÔòÉÔòÉÔòÉÔòÉÔòÉÔòÉÔòÉÔòÉÔòÉÔòÉÔòÉÔòÉÔòÉÔòÉÔòÉÔòÉÔòÉÔòÉÔòÉÔòÉÔòÉÔòÉÔòÉÔòÉÔòÉÔòÉÔòÉÔòÉÔòÉÔòÉÔòÉÔòÉÔòÉÔòÉ
[DEBUG create_order] FAILED SIGNATURE - COMPARE WITH SUCCESSFUL ONES
[DEBUG create_order] ÔòÉÔòÉÔòÉÔòÉÔòÉÔòÉÔòÉÔòÉÔòÉÔòÉÔòÉÔòÉÔòÉÔòÉÔòÉÔòÉÔòÉÔòÉÔòÉÔòÉÔòÉÔòÉÔòÉÔòÉÔòÉÔòÉÔòÉÔòÉÔòÉÔòÉÔòÉÔòÉÔòÉÔòÉÔòÉÔòÉÔòÉÔòÉÔòÉÔòÉ
[DEBUG create_order] This could be nonce sync issue or signature computation issue
[DEBUG fetch_nonce_from_api] Requesting nonce from: https://mainnet.zklighter.elliot.ai/api/v1/nextNonce?account_index=237600&api_key_index=4
[DEBUG fetch_nonce_from_api] Received nonce: 990
[DEBUG refresh_nonce_cache] Refreshed nonce: 990
[DEBUG create_order] ========================================
  ÔØî [55] INVALID SIGNATURE (Code: 21120) - Check debug logs for nonce

[DEBUG create_order] ========================================
[DEBUG create_order] Starting order creation for client_order_index: 1763069203016
[DEBUG get_next_nonce_from_cache] Fetching nonce from API
[DEBUG fetch_nonce_from_api] Requesting nonce from: https://mainnet.zklighter.elliot.ai/api/v1/nextNonce?account_index=237600&api_key_index=4
[DEBUG fetch_nonce_from_api] Received nonce: 990
[DEBUG get_next_nonce_from_cache] Fetched nonce from API: 990
[DEBUG create_order] ========================================
[DEBUG create_order] Order: client_order_index=1763069203016
[DEBUG create_order] Nonce obtained: 990
[DEBUG create_order] ÔòÉÔòÉÔòÉÔòÉÔòÉÔòÉÔòÉÔòÉÔòÉÔòÉÔòÉÔòÉÔòÉÔòÉÔòÉÔòÉÔòÉÔòÉÔòÉÔòÉÔòÉÔòÉÔòÉÔòÉÔòÉÔòÉÔòÉÔòÉÔòÉÔòÉÔòÉÔòÉÔòÉÔòÉÔòÉÔòÉÔòÉÔòÉÔòÉÔòÉ
[DEBUG create_order] STARTING SIGNATURE COMPUTATION
[DEBUG create_order] ÔòÉÔòÉÔòÉÔòÉÔòÉÔòÉÔòÉÔòÉÔòÉÔòÉÔòÉÔòÉÔòÉÔòÉÔòÉÔòÉÔòÉÔòÉÔòÉÔòÉÔòÉÔòÉÔòÉÔòÉÔòÉÔòÉÔòÉÔòÉÔòÉÔòÉÔòÉÔòÉÔòÉÔòÉÔòÉÔòÉÔòÉÔòÉÔòÉÔòÉ
[DEBUG create_order] Timestamp: now=1763069387079, expired_at=1763069986079
[DEBUG create_order] Transaction JSON (before signing): {"AccountIndex":237600,"ApiKeyIndex":4,"BaseAmount":1000,"ClientOrderIndex":1763069203016,"Expi
redAt":1763069986079,"IsAsk":0,"MarketIndex":0,"Nonce":990,"OrderExpiry":0,"Price":500000000,"ReduceOnly":0,"Sig":"","TimeInForce":0,"TriggerPrice":0,"
Type":1}
[DEBUG sign_transaction_internal] Starting signature computation
[DEBUG sign_transaction_internal] tx_type: 14
[DEBUG sign_transaction_internal] Extracted fields:
  chain_id: 304
  nonce: 990
  expired_at: 1763069986079
  account_index: 237600
  api_key_index: 4
[DEBUG sign_transaction_internal] CREATE_ORDER fields:
  market_index: 0
  client_order_index: 1763069203016
  base_amount: 1000
  price: 500000000
  is_ask: 0
  order_type: 1
  time_in_force: 0
  reduce_only: 0
  trigger_price: 0
  order_expiry: 0
[DEBUG sign_transaction_internal] Hash input elements count: 16
[DEBUG sign_transaction_internal] Hash input elements:
  [0] Element 0: 304 (u64)
  [1] Element 1: 14 (u64)
  [2] Element 2: 990 (u64)
  [3] Element 3: 1763069986079 (u64)
  [4] Element 4: 237600 (u64)
  [5] Element 5: 4 (u64)
  [6] Element 6: 0 (u64)
  [7] Element 7: 1763069203016 (u64)
  [8] Element 8: 1000 (u64)
  [9] Element 9: 500000000 (u64)
  [10] Element 10: 0 (u64)
  [11] Element 11: 1 (u64)
  [12] Element 12: 0 (u64)
  [13] Element 13: 0 (u64)
  [14] Element 14: 0 (u64)
  [15] Element 15: 0 (u64)
[DEBUG sign_transaction_internal] Computing Poseidon2 hash with 16 elements
[DEBUG sign_transaction_internal] Transaction hash (40 bytes): c347a12957b113637684e73440a2c88948e794a8b6dfef72b0ffd9aecd1402dbadf4f2d521ad0382
[DEBUG sign_transaction_internal] Transaction hash (first 8 bytes as u64): 7139244822231074755
[DEBUG sign_transaction_internal] Calling key_manager.sign() with hash: 
c347a12957b113637684e73440a2c88948e794a8b6dfef72b0ffd9aecd1402dbadf4f2d521ad0382
[DEBUG signer::sign] Starting signature generation
[DEBUG signer::sign] Message hash: c347a12957b113637684e73440a2c88948e794a8b6dfef72b0ffd9aecd1402dbadf4f2d521ad0382
[DEBUG signer::sign] Generated random nonce: 5c55e6b707144e8580eb8312c2aa882b64b3140cd11de83379dcdc188c2d29bc45f9831e382c64cc
[DEBUG signer::sign_with_fixed_nonce] Signing with fixed nonce
[DEBUG signer::sign_with_fixed_nonce] Private key (first 16 bytes): 79699d9819553fc6eee1b5e50af049d7...
[DEBUG signer::sign_with_fixed_nonce] Calling crypto::schnorr::sign_with_nonce
[DEBUG crypto::sign_with_nonce] ========================================
[DEBUG crypto::sign_with_nonce] Starting Schnorr signature
[DEBUG crypto::sign_with_nonce] Private key length: 40
[DEBUG crypto::sign_with_nonce] Message length: 40
[DEBUG crypto::sign_with_nonce] Nonce bytes length: 40
[DEBUG crypto::sign_with_nonce] Message hash: c347a12957b113637684e73440a2c88948e794a8b6dfef72b0ffd9aecd1402dbadf4f2d521ad0382
[DEBUG crypto::sign_with_nonce] Nonce bytes: 5c55e6b707144e8580eb8312c2aa882b64b3140cd11de83379dcdc188c2d29bc45f9831e382c64cc
[DEBUG crypto::sign_with_nonce] Private key converted to scalar
[DEBUG crypto::sign_with_nonce] Nonce converted to scalar
[DEBUG crypto::sign_with_nonce] Message converted to Fp5Element
[DEBUG crypto::sign_with_nonce] Step 1: Computing R = nonce * G
[DEBUG crypto::sign_with_nonce] R encoded (full 40 bytes): 6221abf9c490d7557c5fd93a29f24e8b80a991a8f7befc4700e3c997b65c299b9e560610a2e3e53d
[DEBUG crypto::sign_with_nonce] R Fp5 elements:
  R[0] = 6185571788893397346 (u64)
  R[1] = 10038226878350319484 (u64)
  R[2] = 5187230841718286720 (u64)
  R[3] = 11180569489224360704 (u64)
  R[4] = 4460221291173402270 (u64)
[DEBUG crypto::sign_with_nonce] Step 2: Computing challenge e = H(R || message)
[DEBUG crypto::sign_with_nonce] Pre-image prepared (10 elements):
  PreImage[0] = 6185571788893397346 (u64)
  PreImage[1] = 10038226878350319484 (u64)
  PreImage[2] = 5187230841718286720 (u64)
  PreImage[3] = 11180569489224360704 (u64)
  PreImage[4] = 4460221291173402270 (u64)
  PreImage[5] = 7139244822231074755 (u64)
  PreImage[6] = 9928363775187453046 (u64)
  PreImage[7] = 8282084215363004232 (u64)
  PreImage[8] = 15781198917894012848 (u64)
  PreImage[9] = 9368522010695759021 (u64)
[DEBUG crypto::sign_with_nonce] Challenge e computed (40 bytes): 0b8fdfae553daba02f0924eceda7cf5e07534cd0c57e55336e4e89e9d22229647a56984a7a63821f
[DEBUG crypto::sign_with_nonce] Challenge e (first 8 bytes as u64): 11577414705301393163
[DEBUG crypto::sign_with_nonce] Step 3: Computing s = nonce - e * private_key
[DEBUG crypto::sign_with_nonce] Response s computed (40 bytes): db9dabd7b71207c3d7681f5b54c659e8ca83d5cb6cf45f5e7275f7640d67233cfb0f397021268b4f
[DEBUG crypto::sign_with_nonce] Response s (first 8 bytes as u64): 14053221743039585755
[DEBUG crypto::sign_with_nonce] Step 4: Assembling signature (s || e)
[DEBUG crypto::sign_with_nonce] Final signature: db9dabd7b71207c3d7681f5b54c659e8ca83d5cb6cf45f5e7275f7640d67233cfb0f397021268b4f0b8fdfae553daba02f0924
eceda7cf5e07534cd0c57e55336e4e89e9d22229647a56984a7a63821f
[DEBUG crypto::sign_with_nonce] ========================================
[DEBUG signer::sign_with_fixed_nonce] Signature from crypto: db9dabd7b71207c3d7681f5b54c659e8ca83d5cb6cf45f5e7275f7640d67233cfb0f397021268b4f0b8fdfae55
3daba02f0924eceda7cf5e07534cd0c57e55336e4e89e9d22229647a56984a7a63821f (length: 80)
[DEBUG signer::sign_with_fixed_nonce] Final signature: db9dabd7b71207c3d7681f5b54c659e8ca83d5cb6cf45f5e7275f7640d67233cfb0f397021268b4f0b8fdfae553daba0
2f0924eceda7cf5e07534cd0c57e55336e4e89e9d22229647a56984a7a63821f
[DEBUG sign_transaction_internal] Signature returned (80 bytes): db9dabd7b71207c3d7681f5b54c659e8ca83d5cb6cf45f5e7275f7640d67233cfb0f397021268b4f0b8fdf
ae553daba02f0924eceda7cf5e07534cd0c57e55336e4e89e9d22229647a56984a7a63821f
[DEBUG sign_transaction_internal] Signature s (first 40 bytes): db9dabd7b71207c3d7681f5b54c659e8ca83d5cb6cf45f5e7275f7640d67233cfb0f397021268b4f
[DEBUG sign_transaction_internal] Signature e (last 40 bytes): 0b8fdfae553daba02f0924eceda7cf5e07534cd0c57e55336e4e89e9d22229647a56984a7a63821f
[DEBUG create_order] Signature generated: db9dabd7b71207c3d7681f5b54c659e8ca83d5cb6cf45f5e7275f7640d67233cfb0f397021268b4f0b8fdfae553daba02f0924eceda7c
f5e07534cd0c57e55336e4e89e9d22229647a56984a7a63821f (length: 80)
[DEBUG create_order] Signature (base64): 252r17cSB8PXaB9bVMZZ6MqD1cts9F9ecnX3ZA1nIzz7DzlwISaLTwuP365VPaugLwkk7O2nz14HU0zQxX5VM25OienSIilkelaYSnpjgh8=
[DEBUG create_order] Final transaction JSON: {"AccountIndex":237600,"ApiKeyIndex":4,"BaseAmount":1000,"ClientOrderIndex":1763069203016,"ExpiredAt":1763
069986079,"IsAsk":0,"MarketIndex":0,"Nonce":990,"OrderExpiry":0,"Price":500000000,"ReduceOnly":0,"Sig":"252r17cSB8PXaB9bVMZZ6MqD1cts9F9ecnX3ZA1nIzz7Dzl
wISaLTwuP365VPaugLwkk7O2nz14HU0zQxX5VM25OienSIilkelaYSnpjgh8=","TimeInForce":0,"TriggerPrice":0,"Type":1}
[DEBUG create_order] Sending to: https://mainnet.zklighter.elliot.ai/api/v1/sendTx
[DEBUG create_order] Response status: 400 Bad Request, body: {"code":21120,"message":"invalid signature"}
[DEBUG create_order] ÔòÉÔòÉÔòÉÔòÉÔòÉÔòÉÔòÉÔòÉÔòÉÔòÉÔòÉÔòÉÔòÉÔòÉÔòÉÔòÉÔòÉÔòÉÔòÉÔòÉÔòÉÔòÉÔòÉÔòÉÔòÉÔòÉÔòÉÔòÉÔòÉÔòÉÔòÉÔòÉÔòÉÔòÉÔòÉÔòÉÔòÉÔòÉÔòÉÔòÉ
[DEBUG create_order] API RESPONSE RECEIVED
[DEBUG create_order] ÔòÉÔòÉÔòÉÔòÉÔòÉÔòÉÔòÉÔòÉÔòÉÔòÉÔòÉÔòÉÔòÉÔòÉÔòÉÔòÉÔòÉÔòÉÔòÉÔòÉÔòÉÔòÉÔòÉÔòÉÔòÉÔòÉÔòÉÔòÉÔòÉÔòÉÔòÉÔòÉÔòÉÔòÉÔòÉÔòÉÔòÉÔòÉÔòÉÔòÉ
[DEBUG create_order] Response code: 21120
[DEBUG create_order] Response message: invalid signature
[DEBUG create_order] Nonce used: 990
[DEBUG create_order] ÔØîÔØîÔØî INVALID SIGNATURE ERROR ÔØîÔØîÔØî (code 21120) - Nonce used: 990
[DEBUG create_order] ÔòÉÔòÉÔòÉÔòÉÔòÉÔòÉÔòÉÔòÉÔòÉÔòÉÔòÉÔòÉÔòÉÔòÉÔòÉÔòÉÔòÉÔòÉÔòÉÔòÉÔòÉÔòÉÔòÉÔòÉÔòÉÔòÉÔòÉÔòÉÔòÉÔòÉÔòÉÔòÉÔòÉÔòÉÔòÉÔòÉÔòÉÔòÉÔòÉÔòÉ
[DEBUG create_order] FAILED SIGNATURE - COMPARE WITH SUCCESSFUL ONES
[DEBUG create_order] ÔòÉÔòÉÔòÉÔòÉÔòÉÔòÉÔòÉÔòÉÔòÉÔòÉÔòÉÔòÉÔòÉÔòÉÔòÉÔòÉÔòÉÔòÉÔòÉÔòÉÔòÉÔòÉÔòÉÔòÉÔòÉÔòÉÔòÉÔòÉÔòÉÔòÉÔòÉÔòÉÔòÉÔòÉÔòÉÔòÉÔòÉÔòÉÔòÉÔòÉ
[DEBUG create_order] This could be nonce sync issue or signature computation issue
[DEBUG fetch_nonce_from_api] Requesting nonce from: https://mainnet.zklighter.elliot.ai/api/v1/nextNonce?account_index=237600&api_key_index=4
[DEBUG fetch_nonce_from_api] Received nonce: 990
[DEBUG refresh_nonce_cache] Refreshed nonce: 990
[DEBUG create_order] ========================================
  ÔØî [56] INVALID SIGNATURE (Code: 21120) - Check debug logs for nonce

[DEBUG create_order] ========================================
[DEBUG create_order] Starting order creation for client_order_index: 1763069203017
[DEBUG get_next_nonce_from_cache] Fetching nonce from API
[DEBUG fetch_nonce_from_api] Requesting nonce from: https://mainnet.zklighter.elliot.ai/api/v1/nextNonce?account_index=237600&api_key_index=4
[DEBUG fetch_nonce_from_api] Received nonce: 990
[DEBUG get_next_nonce_from_cache] Fetched nonce from API: 990
[DEBUG create_order] ========================================
[DEBUG create_order] Order: client_order_index=1763069203017
[DEBUG create_order] Nonce obtained: 990
[DEBUG create_order] ÔòÉÔòÉÔòÉÔòÉÔòÉÔòÉÔòÉÔòÉÔòÉÔòÉÔòÉÔòÉÔòÉÔòÉÔòÉÔòÉÔòÉÔòÉÔòÉÔòÉÔòÉÔòÉÔòÉÔòÉÔòÉÔòÉÔòÉÔòÉÔòÉÔòÉÔòÉÔòÉÔòÉÔòÉÔòÉÔòÉÔòÉÔòÉÔòÉÔòÉ
[DEBUG create_order] STARTING SIGNATURE COMPUTATION
[DEBUG create_order] ÔòÉÔòÉÔòÉÔòÉÔòÉÔòÉÔòÉÔòÉÔòÉÔòÉÔòÉÔòÉÔòÉÔòÉÔòÉÔòÉÔòÉÔòÉÔòÉÔòÉÔòÉÔòÉÔòÉÔòÉÔòÉÔòÉÔòÉÔòÉÔòÉÔòÉÔòÉÔòÉÔòÉÔòÉÔòÉÔòÉÔòÉÔòÉÔòÉÔòÉ
[DEBUG create_order] Timestamp: now=1763069390483, expired_at=1763069989483
[DEBUG create_order] Transaction JSON (before signing): {"AccountIndex":237600,"ApiKeyIndex":4,"BaseAmount":1000,"ClientOrderIndex":1763069203017,"Expi
redAt":1763069989483,"IsAsk":0,"MarketIndex":0,"Nonce":990,"OrderExpiry":0,"Price":500000000,"ReduceOnly":0,"Sig":"","TimeInForce":0,"TriggerPrice":0,"
Type":1}
[DEBUG sign_transaction_internal] Starting signature computation
[DEBUG sign_transaction_internal] tx_type: 14
[DEBUG sign_transaction_internal] Extracted fields:
  chain_id: 304
  nonce: 990
  expired_at: 1763069989483
  account_index: 237600
  api_key_index: 4
[DEBUG sign_transaction_internal] CREATE_ORDER fields:
  market_index: 0
  client_order_index: 1763069203017
  base_amount: 1000
  price: 500000000
  is_ask: 0
  order_type: 1
  time_in_force: 0
  reduce_only: 0
  trigger_price: 0
  order_expiry: 0
[DEBUG sign_transaction_internal] Hash input elements count: 16
[DEBUG sign_transaction_internal] Hash input elements:
  [0] Element 0: 304 (u64)
  [1] Element 1: 14 (u64)
  [2] Element 2: 990 (u64)
  [3] Element 3: 1763069989483 (u64)
  [4] Element 4: 237600 (u64)
  [5] Element 5: 4 (u64)
  [6] Element 6: 0 (u64)
  [7] Element 7: 1763069203017 (u64)
  [8] Element 8: 1000 (u64)
  [9] Element 9: 500000000 (u64)
  [10] Element 10: 0 (u64)
  [11] Element 11: 1 (u64)
  [12] Element 12: 0 (u64)
  [13] Element 13: 0 (u64)
  [14] Element 14: 0 (u64)
  [15] Element 15: 0 (u64)
[DEBUG sign_transaction_internal] Computing Poseidon2 hash with 16 elements
[DEBUG sign_transaction_internal] Transaction hash (40 bytes): 44568bd94bdb3d3a252e00768d1f90b015280c6c28c5e79bf566ca21f45e4cac0bf0af3cd3154d24
[DEBUG sign_transaction_internal] Transaction hash (first 8 bytes as u64): 4196751546597987908
[DEBUG sign_transaction_internal] Calling key_manager.sign() with hash: 
44568bd94bdb3d3a252e00768d1f90b015280c6c28c5e79bf566ca21f45e4cac0bf0af3cd3154d24
[DEBUG signer::sign] Starting signature generation
[DEBUG signer::sign] Message hash: 44568bd94bdb3d3a252e00768d1f90b015280c6c28c5e79bf566ca21f45e4cac0bf0af3cd3154d24
[DEBUG signer::sign] Generated random nonce: 959dfbefa188807d4dde14078f33ca94d76db981f5cc4059eba93acd7e6087e6c89e5fd94fc91505
[DEBUG signer::sign_with_fixed_nonce] Signing with fixed nonce
[DEBUG signer::sign_with_fixed_nonce] Private key (first 16 bytes): 79699d9819553fc6eee1b5e50af049d7...
[DEBUG signer::sign_with_fixed_nonce] Calling crypto::schnorr::sign_with_nonce
[DEBUG crypto::sign_with_nonce] ========================================
[DEBUG crypto::sign_with_nonce] Starting Schnorr signature
[DEBUG crypto::sign_with_nonce] Private key length: 40
[DEBUG crypto::sign_with_nonce] Message length: 40
[DEBUG crypto::sign_with_nonce] Nonce bytes length: 40
[DEBUG crypto::sign_with_nonce] Message hash: 44568bd94bdb3d3a252e00768d1f90b015280c6c28c5e79bf566ca21f45e4cac0bf0af3cd3154d24
[DEBUG crypto::sign_with_nonce] Nonce bytes: 959dfbefa188807d4dde14078f33ca94d76db981f5cc4059eba93acd7e6087e6c89e5fd94fc91505
[DEBUG crypto::sign_with_nonce] Private key converted to scalar
[DEBUG crypto::sign_with_nonce] Nonce converted to scalar
[DEBUG crypto::sign_with_nonce] Message converted to Fp5Element
[DEBUG crypto::sign_with_nonce] Step 1: Computing R = nonce * G
[DEBUG crypto::sign_with_nonce] R encoded (full 40 bytes): ade93e10fdb70802f89f09017ac478157129780565fcb4287c085c874ef152870a9cc2dcb68f8394
[DEBUG crypto::sign_with_nonce] R Fp5 elements:
  R[0] = 146569285416708525 (u64)
  R[1] = 1547202500284227576 (u64)
  R[2] = 2933246768138692977 (u64)
  R[3] = 9751121462791243900 (u64)
  R[4] = 10701555155112991754 (u64)
[DEBUG crypto::sign_with_nonce] Step 2: Computing challenge e = H(R || message)
[DEBUG crypto::sign_with_nonce] Pre-image prepared (10 elements):
  PreImage[0] = 146569285416708525 (u64)
  PreImage[1] = 1547202500284227576 (u64)
  PreImage[2] = 2933246768138692977 (u64)
  PreImage[3] = 9751121462791243900 (u64)
  PreImage[4] = 10701555155112991754 (u64)
  PreImage[5] = 4196751546597987908 (u64)
  PreImage[6] = 12722703639752224293 (u64)
  PreImage[7] = 11234164572901091349 (u64)
  PreImage[8] = 12415402675385558773 (u64)
  PreImage[9] = 2615770955572572171 (u64)
[DEBUG crypto::sign_with_nonce] Challenge e computed (40 bytes): 47f16531fe7dda01a3296c828bb8a2225924ea3c063582e0cdb1ec8932a191c3ca3c52175e6e4756
[DEBUG crypto::sign_with_nonce] Challenge e (first 8 bytes as u64): 133557669664780615
[DEBUG crypto::sign_with_nonce] Step 3: Computing s = nonce - e * private_key
[DEBUG crypto::sign_with_nonce] Response s computed (40 bytes): e8ad89046617a257f50ccb1e25046cb802080a70934692573879d485aa4f11906dc09e381be9f30e
[DEBUG crypto::sign_with_nonce] Response s (first 8 bytes as u64): 6314635354457091560
[DEBUG crypto::sign_with_nonce] Step 4: Assembling signature (s || e)
[DEBUG crypto::sign_with_nonce] Final signature: e8ad89046617a257f50ccb1e25046cb802080a70934692573879d485aa4f11906dc09e381be9f30e47f16531fe7dda01a3296c
828bb8a2225924ea3c063582e0cdb1ec8932a191c3ca3c52175e6e4756
[DEBUG crypto::sign_with_nonce] ========================================
[DEBUG signer::sign_with_fixed_nonce] Signature from crypto: e8ad89046617a257f50ccb1e25046cb802080a70934692573879d485aa4f11906dc09e381be9f30e47f16531fe
7dda01a3296c828bb8a2225924ea3c063582e0cdb1ec8932a191c3ca3c52175e6e4756 (length: 80)
[DEBUG signer::sign_with_fixed_nonce] Final signature: e8ad89046617a257f50ccb1e25046cb802080a70934692573879d485aa4f11906dc09e381be9f30e47f16531fe7dda01
a3296c828bb8a2225924ea3c063582e0cdb1ec8932a191c3ca3c52175e6e4756
[DEBUG sign_transaction_internal] Signature returned (80 bytes): e8ad89046617a257f50ccb1e25046cb802080a70934692573879d485aa4f11906dc09e381be9f30e47f165
31fe7dda01a3296c828bb8a2225924ea3c063582e0cdb1ec8932a191c3ca3c52175e6e4756
[DEBUG sign_transaction_internal] Signature s (first 40 bytes): e8ad89046617a257f50ccb1e25046cb802080a70934692573879d485aa4f11906dc09e381be9f30e
[DEBUG sign_transaction_internal] Signature e (last 40 bytes): 47f16531fe7dda01a3296c828bb8a2225924ea3c063582e0cdb1ec8932a191c3ca3c52175e6e4756
[DEBUG create_order] Signature generated: e8ad89046617a257f50ccb1e25046cb802080a70934692573879d485aa4f11906dc09e381be9f30e47f16531fe7dda01a3296c828bb8a
2225924ea3c063582e0cdb1ec8932a191c3ca3c52175e6e4756 (length: 80)
[DEBUG create_order] Signature (base64): 6K2JBGYXolf1DMseJQRsuAIICnCTRpJXOHnUhapPEZBtwJ44G+nzDkfxZTH+fdoBoylsgou4oiJZJOo8BjWC4M2x7IkyoZHDyjxSF15uR1Y=
[DEBUG create_order] Final transaction JSON: {"AccountIndex":237600,"ApiKeyIndex":4,"BaseAmount":1000,"ClientOrderIndex":1763069203017,"ExpiredAt":1763
069989483,"IsAsk":0,"MarketIndex":0,"Nonce":990,"OrderExpiry":0,"Price":500000000,"ReduceOnly":0,"Sig":"6K2JBGYXolf1DMseJQRsuAIICnCTRpJXOHnUhapPEZBtwJ4
4G+nzDkfxZTH+fdoBoylsgou4oiJZJOo8BjWC4M2x7IkyoZHDyjxSF15uR1Y=","TimeInForce":0,"TriggerPrice":0,"Type":1}
[DEBUG create_order] Sending to: https://mainnet.zklighter.elliot.ai/api/v1/sendTx
[DEBUG create_order] Response status: 200 OK, body: {"code":200,"message":"{\"ratelimit\": \"696 volume quota remained\"}","tx_hash":"44568bd94bdb3d3a2
52e00768d1f90b015280c6c28c5e79bf566ca21f45e4cac0bf0af3cd3154d24","predicted_execution_time_ms":1763069389704,"volume_quota_remaining":696}
[DEBUG create_order] ÔòÉÔòÉÔòÉÔòÉÔòÉÔòÉÔòÉÔòÉÔòÉÔòÉÔòÉÔòÉÔòÉÔòÉÔòÉÔòÉÔòÉÔòÉÔòÉÔòÉÔòÉÔòÉÔòÉÔòÉÔòÉÔòÉÔòÉÔòÉÔòÉÔòÉÔòÉÔòÉÔòÉÔòÉÔòÉÔòÉÔòÉÔòÉÔòÉÔòÉ
[DEBUG create_order] API RESPONSE RECEIVED
[DEBUG create_order] ÔòÉÔòÉÔòÉÔòÉÔòÉÔòÉÔòÉÔòÉÔòÉÔòÉÔòÉÔòÉÔòÉÔòÉÔòÉÔòÉÔòÉÔòÉÔòÉÔòÉÔòÉÔòÉÔòÉÔòÉÔòÉÔòÉÔòÉÔòÉÔòÉÔòÉÔòÉÔòÉÔòÉÔòÉÔòÉÔòÉÔòÉÔòÉÔòÉÔòÉ
[DEBUG create_order] Response code: 200
[DEBUG create_order] Response message: {"ratelimit": "696 volume quota remained"}
[DEBUG create_order] Nonce used: 990
[DEBUG create_order] Ô£àÔ£àÔ£à SUCCESS Ô£àÔ£àÔ£à - Transaction succeeded with nonce 990
[DEBUG create_order] ÔòÉÔòÉÔòÉÔòÉÔòÉÔòÉÔòÉÔòÉÔòÉÔòÉÔòÉÔòÉÔòÉÔòÉÔòÉÔòÉÔòÉÔòÉÔòÉÔòÉÔòÉÔòÉÔòÉÔòÉÔòÉÔòÉÔòÉÔòÉÔòÉÔòÉÔòÉÔòÉÔòÉÔòÉÔòÉÔòÉÔòÉÔòÉÔòÉÔòÉ
[DEBUG create_order] SUCCESSFUL SIGNATURE - SAVE THIS FOR COMPARISON
[DEBUG create_order] ÔòÉÔòÉÔòÉÔòÉÔòÉÔòÉÔòÉÔòÉÔòÉÔòÉÔòÉÔòÉÔòÉÔòÉÔòÉÔòÉÔòÉÔòÉÔòÉÔòÉÔòÉÔòÉÔòÉÔòÉÔòÉÔòÉÔòÉÔòÉÔòÉÔòÉÔòÉÔòÉÔòÉÔòÉÔòÉÔòÉÔòÉÔòÉÔòÉÔòÉ
[DEBUG create_order] ========================================

[DEBUG create_order] ========================================
[DEBUG create_order] Starting order creation for client_order_index: 1763069203018
[DEBUG get_next_nonce_from_cache] Fetching nonce from API
[DEBUG fetch_nonce_from_api] Requesting nonce from: https://mainnet.zklighter.elliot.ai/api/v1/nextNonce?account_index=237600&api_key_index=4
[DEBUG fetch_nonce_from_api] Received nonce: 991
[DEBUG get_next_nonce_from_cache] Fetched nonce from API: 991
[DEBUG create_order] ========================================
[DEBUG create_order] Order: client_order_index=1763069203018
[DEBUG create_order] Nonce obtained: 991
[DEBUG create_order] ÔòÉÔòÉÔòÉÔòÉÔòÉÔòÉÔòÉÔòÉÔòÉÔòÉÔòÉÔòÉÔòÉÔòÉÔòÉÔòÉÔòÉÔòÉÔòÉÔòÉÔòÉÔòÉÔòÉÔòÉÔòÉÔòÉÔòÉÔòÉÔòÉÔòÉÔòÉÔòÉÔòÉÔòÉÔòÉÔòÉÔòÉÔòÉÔòÉÔòÉ
[DEBUG create_order] STARTING SIGNATURE COMPUTATION
[DEBUG create_order] ÔòÉÔòÉÔòÉÔòÉÔòÉÔòÉÔòÉÔòÉÔòÉÔòÉÔòÉÔòÉÔòÉÔòÉÔòÉÔòÉÔòÉÔòÉÔòÉÔòÉÔòÉÔòÉÔòÉÔòÉÔòÉÔòÉÔòÉÔòÉÔòÉÔòÉÔòÉÔòÉÔòÉÔòÉÔòÉÔòÉÔòÉÔòÉÔòÉÔòÉ
[DEBUG create_order] Timestamp: now=1763069393756, expired_at=1763069992756
[DEBUG create_order] Transaction JSON (before signing): {"AccountIndex":237600,"ApiKeyIndex":4,"BaseAmount":1000,"ClientOrderIndex":1763069203018,"Expi
redAt":1763069992756,"IsAsk":0,"MarketIndex":0,"Nonce":991,"OrderExpiry":0,"Price":500000000,"ReduceOnly":0,"Sig":"","TimeInForce":0,"TriggerPrice":0,"
Type":1}
[DEBUG sign_transaction_internal] Starting signature computation
[DEBUG sign_transaction_internal] tx_type: 14
[DEBUG sign_transaction_internal] Extracted fields:
  chain_id: 304
  nonce: 991
  expired_at: 1763069992756
  account_index: 237600
  api_key_index: 4
[DEBUG sign_transaction_internal] CREATE_ORDER fields:
  market_index: 0
  client_order_index: 1763069203018
  base_amount: 1000
  price: 500000000
  is_ask: 0
  order_type: 1
  time_in_force: 0
  reduce_only: 0
  trigger_price: 0
  order_expiry: 0
[DEBUG sign_transaction_internal] Hash input elements count: 16
[DEBUG sign_transaction_internal] Hash input elements:
  [0] Element 0: 304 (u64)
  [1] Element 1: 14 (u64)
  [2] Element 2: 991 (u64)
  [3] Element 3: 1763069992756 (u64)
  [4] Element 4: 237600 (u64)
  [5] Element 5: 4 (u64)
  [6] Element 6: 0 (u64)
  [7] Element 7: 1763069203018 (u64)
  [8] Element 8: 1000 (u64)
  [9] Element 9: 500000000 (u64)
  [10] Element 10: 0 (u64)
  [11] Element 11: 1 (u64)
  [12] Element 12: 0 (u64)
  [13] Element 13: 0 (u64)
  [14] Element 14: 0 (u64)
  [15] Element 15: 0 (u64)
[DEBUG sign_transaction_internal] Computing Poseidon2 hash with 16 elements
[DEBUG sign_transaction_internal] Transaction hash (40 bytes): 98c185c0844ebb79ab32ed7ba513bd8d80cd81c4da16d3045016e64e71e48bc7eb0360983fa3016e
[DEBUG sign_transaction_internal] Transaction hash (first 8 bytes as u64): 8771691031306813848
[DEBUG sign_transaction_internal] Calling key_manager.sign() with hash: 
98c185c0844ebb79ab32ed7ba513bd8d80cd81c4da16d3045016e64e71e48bc7eb0360983fa3016e
[DEBUG signer::sign] Starting signature generation
[DEBUG signer::sign] Message hash: 98c185c0844ebb79ab32ed7ba513bd8d80cd81c4da16d3045016e64e71e48bc7eb0360983fa3016e
[DEBUG signer::sign] Generated random nonce: 8f9971d75cfb7667e3ea8145796b254161a98852edb679e7ec96b7d14ec4a685916a99602f8d2e96
[DEBUG signer::sign_with_fixed_nonce] Signing with fixed nonce
[DEBUG signer::sign_with_fixed_nonce] Private key (first 16 bytes): 79699d9819553fc6eee1b5e50af049d7...
[DEBUG signer::sign_with_fixed_nonce] Calling crypto::schnorr::sign_with_nonce
[DEBUG crypto::sign_with_nonce] ========================================
[DEBUG crypto::sign_with_nonce] Starting Schnorr signature
[DEBUG crypto::sign_with_nonce] Private key length: 40
[DEBUG crypto::sign_with_nonce] Message length: 40
[DEBUG crypto::sign_with_nonce] Nonce bytes length: 40
[DEBUG crypto::sign_with_nonce] Message hash: 98c185c0844ebb79ab32ed7ba513bd8d80cd81c4da16d3045016e64e71e48bc7eb0360983fa3016e
[DEBUG crypto::sign_with_nonce] Nonce bytes: 8f9971d75cfb7667e3ea8145796b254161a98852edb679e7ec96b7d14ec4a685916a99602f8d2e96
[DEBUG crypto::sign_with_nonce] Private key converted to scalar
[DEBUG crypto::sign_with_nonce] Nonce converted to scalar
[DEBUG crypto::sign_with_nonce] Message converted to Fp5Element
[DEBUG crypto::sign_with_nonce] Step 1: Computing R = nonce * G
[DEBUG crypto::sign_with_nonce] R encoded (full 40 bytes): 3b4037ba411117c5112f1869dad1f791c8328d3252ee2c1badb4a3dfd7601cd26477f2e8f9a5a598
[DEBUG crypto::sign_with_nonce] R Fp5 elements:
  R[0] = 14201838923930878011 (u64)
  R[1] = 10518106190743351057 (u64)
  R[2] = 1958201974802166472 (u64)
  R[3] = 15140082527599047853 (u64)
  R[4] = 10999380157695948644 (u64)
[DEBUG crypto::sign_with_nonce] Step 2: Computing challenge e = H(R || message)
[DEBUG crypto::sign_with_nonce] Pre-image prepared (10 elements):
  PreImage[0] = 14201838923930878011 (u64)
  PreImage[1] = 10518106190743351057 (u64)
  PreImage[2] = 1958201974802166472 (u64)
  PreImage[3] = 15140082527599047853 (u64)
  PreImage[4] = 10999380157695948644 (u64)
  PreImage[5] = 8771691031306813848 (u64)
  PreImage[6] = 10213341131415827115 (u64)
  PreImage[7] = 347646725093182848 (u64)
  PreImage[8] = 14378837410616579664 (u64)
  PreImage[9] = 7926796312683480043 (u64)
[DEBUG crypto::sign_with_nonce] Challenge e computed (40 bytes): 71cd1c52335d1712ba49e8e4cae003e342d46a3f837fef3ce37f842de29975d4ccdfeb849f13cf4b
[DEBUG crypto::sign_with_nonce] Challenge e (first 8 bytes as u64): 1303613092149382513
[DEBUG crypto::sign_with_nonce] Step 3: Computing s = nonce - e * private_key
[DEBUG crypto::sign_with_nonce] Response s computed (40 bytes): 927fc179393ed089884a4ebbdabe0e5b47271754d469865cbed7d38db72452563876a594a24cfc5d
[DEBUG crypto::sign_with_nonce] Response s (first 8 bytes as u64): 9930505594928725906
[DEBUG crypto::sign_with_nonce] Step 4: Assembling signature (s || e)
[DEBUG crypto::sign_with_nonce] Final signature: 927fc179393ed089884a4ebbdabe0e5b47271754d469865cbed7d38db72452563876a594a24cfc5d71cd1c52335d1712ba49e8
e4cae003e342d46a3f837fef3ce37f842de29975d4ccdfeb849f13cf4b
[DEBUG crypto::sign_with_nonce] ========================================
[DEBUG signer::sign_with_fixed_nonce] Signature from crypto: 927fc179393ed089884a4ebbdabe0e5b47271754d469865cbed7d38db72452563876a594a24cfc5d71cd1c5233
5d1712ba49e8e4cae003e342d46a3f837fef3ce37f842de29975d4ccdfeb849f13cf4b (length: 80)
[DEBUG signer::sign_with_fixed_nonce] Final signature: 927fc179393ed089884a4ebbdabe0e5b47271754d469865cbed7d38db72452563876a594a24cfc5d71cd1c52335d1712
ba49e8e4cae003e342d46a3f837fef3ce37f842de29975d4ccdfeb849f13cf4b
[DEBUG sign_transaction_internal] Signature returned (80 bytes): 927fc179393ed089884a4ebbdabe0e5b47271754d469865cbed7d38db72452563876a594a24cfc5d71cd1c
52335d1712ba49e8e4cae003e342d46a3f837fef3ce37f842de29975d4ccdfeb849f13cf4b
[DEBUG sign_transaction_internal] Signature s (first 40 bytes): 927fc179393ed089884a4ebbdabe0e5b47271754d469865cbed7d38db72452563876a594a24cfc5d
[DEBUG sign_transaction_internal] Signature e (last 40 bytes): 71cd1c52335d1712ba49e8e4cae003e342d46a3f837fef3ce37f842de29975d4ccdfeb849f13cf4b
[DEBUG create_order] Signature generated: 927fc179393ed089884a4ebbdabe0e5b47271754d469865cbed7d38db72452563876a594a24cfc5d71cd1c52335d1712ba49e8e4cae00
3e342d46a3f837fef3ce37f842de29975d4ccdfeb849f13cf4b (length: 80)
[DEBUG create_order] Signature (base64): kn/BeTk+0ImISk672r4OW0cnF1TUaYZcvtfTjbckUlY4dqWUokz8XXHNHFIzXRcSukno5MrgA+NC1Go/g3/vPON/hC3imXXUzN/rhJ8Tz0s=
[DEBUG create_order] Final transaction JSON: {"AccountIndex":237600,"ApiKeyIndex":4,"BaseAmount":1000,"ClientOrderIndex":1763069203018,"ExpiredAt":1763
069992756,"IsAsk":0,"MarketIndex":0,"Nonce":991,"OrderExpiry":0,"Price":500000000,"ReduceOnly":0,"Sig":"kn/BeTk+0ImISk672r4OW0cnF1TUaYZcvtfTjbckUlY4dqW
Uokz8XXHNHFIzXRcSukno5MrgA+NC1Go/g3/vPON/hC3imXXUzN/rhJ8Tz0s=","TimeInForce":0,"TriggerPrice":0,"Type":1}
[DEBUG create_order] Sending to: https://mainnet.zklighter.elliot.ai/api/v1/sendTx
[DEBUG create_order] Response status: 400 Bad Request, body: {"code":21120,"message":"invalid signature"}
[DEBUG create_order] ÔòÉÔòÉÔòÉÔòÉÔòÉÔòÉÔòÉÔòÉÔòÉÔòÉÔòÉÔòÉÔòÉÔòÉÔòÉÔòÉÔòÉÔòÉÔòÉÔòÉÔòÉÔòÉÔòÉÔòÉÔòÉÔòÉÔòÉÔòÉÔòÉÔòÉÔòÉÔòÉÔòÉÔòÉÔòÉÔòÉÔòÉÔòÉÔòÉÔòÉ
[DEBUG create_order] API RESPONSE RECEIVED
[DEBUG create_order] ÔòÉÔòÉÔòÉÔòÉÔòÉÔòÉÔòÉÔòÉÔòÉÔòÉÔòÉÔòÉÔòÉÔòÉÔòÉÔòÉÔòÉÔòÉÔòÉÔòÉÔòÉÔòÉÔòÉÔòÉÔòÉÔòÉÔòÉÔòÉÔòÉÔòÉÔòÉÔòÉÔòÉÔòÉÔòÉÔòÉÔòÉÔòÉÔòÉÔòÉ
[DEBUG create_order] Response code: 21120
[DEBUG create_order] Response message: invalid signature
[DEBUG create_order] Nonce used: 991
[DEBUG create_order] ÔØîÔØîÔØî INVALID SIGNATURE ERROR ÔØîÔØîÔØî (code 21120) - Nonce used: 991
[DEBUG create_order] ÔòÉÔòÉÔòÉÔòÉÔòÉÔòÉÔòÉÔòÉÔòÉÔòÉÔòÉÔòÉÔòÉÔòÉÔòÉÔòÉÔòÉÔòÉÔòÉÔòÉÔòÉÔòÉÔòÉÔòÉÔòÉÔòÉÔòÉÔòÉÔòÉÔòÉÔòÉÔòÉÔòÉÔòÉÔòÉÔòÉÔòÉÔòÉÔòÉÔòÉ
[DEBUG create_order] FAILED SIGNATURE - COMPARE WITH SUCCESSFUL ONES
[DEBUG create_order] ÔòÉÔòÉÔòÉÔòÉÔòÉÔòÉÔòÉÔòÉÔòÉÔòÉÔòÉÔòÉÔòÉÔòÉÔòÉÔòÉÔòÉÔòÉÔòÉÔòÉÔòÉÔòÉÔòÉÔòÉÔòÉÔòÉÔòÉÔòÉÔòÉÔòÉÔòÉÔòÉÔòÉÔòÉÔòÉÔòÉÔòÉÔòÉÔòÉÔòÉ
[DEBUG create_order] This could be nonce sync issue or signature computation issue
[DEBUG fetch_nonce_from_api] Requesting nonce from: https://mainnet.zklighter.elliot.ai/api/v1/nextNonce?account_index=237600&api_key_index=4
[DEBUG fetch_nonce_from_api] Received nonce: 991
[DEBUG refresh_nonce_cache] Refreshed nonce: 991
[DEBUG create_order] ========================================
  ÔØî [58] INVALID SIGNATURE (Code: 21120) - Check debug logs for nonce

[DEBUG create_order] ========================================
[DEBUG create_order] Starting order creation for client_order_index: 1763069203019
[DEBUG get_next_nonce_from_cache] Fetching nonce from API
[DEBUG fetch_nonce_from_api] Requesting nonce from: https://mainnet.zklighter.elliot.ai/api/v1/nextNonce?account_index=237600&api_key_index=4
[DEBUG fetch_nonce_from_api] Received nonce: 991
[DEBUG get_next_nonce_from_cache] Fetched nonce from API: 991
[DEBUG create_order] ========================================
[DEBUG create_order] Order: client_order_index=1763069203019
[DEBUG create_order] Nonce obtained: 991
[DEBUG create_order] ÔòÉÔòÉÔòÉÔòÉÔòÉÔòÉÔòÉÔòÉÔòÉÔòÉÔòÉÔòÉÔòÉÔòÉÔòÉÔòÉÔòÉÔòÉÔòÉÔòÉÔòÉÔòÉÔòÉÔòÉÔòÉÔòÉÔòÉÔòÉÔòÉÔòÉÔòÉÔòÉÔòÉÔòÉÔòÉÔòÉÔòÉÔòÉÔòÉÔòÉ
[DEBUG create_order] STARTING SIGNATURE COMPUTATION
[DEBUG create_order] ÔòÉÔòÉÔòÉÔòÉÔòÉÔòÉÔòÉÔòÉÔòÉÔòÉÔòÉÔòÉÔòÉÔòÉÔòÉÔòÉÔòÉÔòÉÔòÉÔòÉÔòÉÔòÉÔòÉÔòÉÔòÉÔòÉÔòÉÔòÉÔòÉÔòÉÔòÉÔòÉÔòÉÔòÉÔòÉÔòÉÔòÉÔòÉÔòÉÔòÉ
[DEBUG create_order] Timestamp: now=1763069397132, expired_at=1763069996132
[DEBUG create_order] Transaction JSON (before signing): {"AccountIndex":237600,"ApiKeyIndex":4,"BaseAmount":1000,"ClientOrderIndex":1763069203019,"Expi
redAt":1763069996132,"IsAsk":0,"MarketIndex":0,"Nonce":991,"OrderExpiry":0,"Price":500000000,"ReduceOnly":0,"Sig":"","TimeInForce":0,"TriggerPrice":0,"
Type":1}
[DEBUG sign_transaction_internal] Starting signature computation
[DEBUG sign_transaction_internal] tx_type: 14
[DEBUG sign_transaction_internal] Extracted fields:
  chain_id: 304
  nonce: 991
  expired_at: 1763069996132
  account_index: 237600
  api_key_index: 4
[DEBUG sign_transaction_internal] CREATE_ORDER fields:
  market_index: 0
  client_order_index: 1763069203019
  base_amount: 1000
  price: 500000000
  is_ask: 0
  order_type: 1
  time_in_force: 0
  reduce_only: 0
  trigger_price: 0
  order_expiry: 0
[DEBUG sign_transaction_internal] Hash input elements count: 16
[DEBUG sign_transaction_internal] Hash input elements:
  [0] Element 0: 304 (u64)
  [1] Element 1: 14 (u64)
  [2] Element 2: 991 (u64)
  [3] Element 3: 1763069996132 (u64)
  [4] Element 4: 237600 (u64)
  [5] Element 5: 4 (u64)
  [6] Element 6: 0 (u64)
  [7] Element 7: 1763069203019 (u64)
  [8] Element 8: 1000 (u64)
  [9] Element 9: 500000000 (u64)
  [10] Element 10: 0 (u64)
  [11] Element 11: 1 (u64)
  [12] Element 12: 0 (u64)
  [13] Element 13: 0 (u64)
  [14] Element 14: 0 (u64)
  [15] Element 15: 0 (u64)
[DEBUG sign_transaction_internal] Computing Poseidon2 hash with 16 elements
[DEBUG sign_transaction_internal] Transaction hash (40 bytes): 7e201cf825e05d621dc0bee2f237f436c081f51d21e5df5d111fb87f29c6e90a163ee975f26c814a
[DEBUG sign_transaction_internal] Transaction hash (first 8 bytes as u64): 7088067842232033406
[DEBUG sign_transaction_internal] Calling key_manager.sign() with hash: 
7e201cf825e05d621dc0bee2f237f436c081f51d21e5df5d111fb87f29c6e90a163ee975f26c814a
[DEBUG signer::sign] Starting signature generation
[DEBUG signer::sign] Message hash: 7e201cf825e05d621dc0bee2f237f436c081f51d21e5df5d111fb87f29c6e90a163ee975f26c814a
[DEBUG signer::sign] Generated random nonce: a1fb11444ff2fd8d46fd8f7421c615a944809b61060b65f5f54256c895a6f99a87fc742fc19ea82c
[DEBUG signer::sign_with_fixed_nonce] Signing with fixed nonce
[DEBUG signer::sign_with_fixed_nonce] Private key (first 16 bytes): 79699d9819553fc6eee1b5e50af049d7...
[DEBUG signer::sign_with_fixed_nonce] Calling crypto::schnorr::sign_with_nonce
[DEBUG crypto::sign_with_nonce] ========================================
[DEBUG crypto::sign_with_nonce] Starting Schnorr signature
[DEBUG crypto::sign_with_nonce] Private key length: 40
[DEBUG crypto::sign_with_nonce] Message length: 40
[DEBUG crypto::sign_with_nonce] Nonce bytes length: 40
[DEBUG crypto::sign_with_nonce] Message hash: 7e201cf825e05d621dc0bee2f237f436c081f51d21e5df5d111fb87f29c6e90a163ee975f26c814a
[DEBUG crypto::sign_with_nonce] Nonce bytes: a1fb11444ff2fd8d46fd8f7421c615a944809b61060b65f5f54256c895a6f99a87fc742fc19ea82c
[DEBUG crypto::sign_with_nonce] Private key converted to scalar
[DEBUG crypto::sign_with_nonce] Nonce converted to scalar
[DEBUG crypto::sign_with_nonce] Message converted to Fp5Element
[DEBUG crypto::sign_with_nonce] Step 1: Computing R = nonce * G
[DEBUG crypto::sign_with_nonce] R encoded (full 40 bytes): 5310d0f9eaf0a9c102b3533d84b528d19a239758d6cc8494dd240058f1c356e4f60758e9ffc3de0e
[DEBUG crypto::sign_with_nonce] R Fp5 elements:
  R[0] = 13954949812388368467 (u64)
  R[1] = 15071495732564570882 (u64)
  R[2] = 10701903835520508826 (u64)
  R[3] = 16453553729975624925 (u64)
  R[4] = 1071509265259694070 (u64)
[DEBUG crypto::sign_with_nonce] Step 2: Computing challenge e = H(R || message)
[DEBUG crypto::sign_with_nonce] Pre-image prepared (10 elements):
  PreImage[0] = 13954949812388368467 (u64)
  PreImage[1] = 15071495732564570882 (u64)
  PreImage[2] = 10701903835520508826 (u64)
  PreImage[3] = 16453553729975624925 (u64)
  PreImage[4] = 1071509265259694070 (u64)
  PreImage[5] = 7088067842232033406 (u64)
  PreImage[6] = 3959851488691273757 (u64)
  PreImage[7] = 6764377095733084608 (u64)
  PreImage[8] = 786377491491594001 (u64)
  PreImage[9] = 5368692019418447382 (u64)
[DEBUG crypto::sign_with_nonce] Challenge e computed (40 bytes): 8b5f5522104effef1420ea0c4f0df48b6feb4369bf731433a4e8729bd972343adc3f67a43c086815
[DEBUG crypto::sign_with_nonce] Challenge e (first 8 bytes as u64): 17293626925328457611
[DEBUG crypto::sign_with_nonce] Step 3: Computing s = nonce - e * private_key
[DEBUG crypto::sign_with_nonce] Response s computed (40 bytes): e81e69052db50e7c3f6611113041ad16645c113a151fbd6b80a505d26a270a907c6a58c1f089d237
[DEBUG crypto::sign_with_nonce] Response s (first 8 bytes as u64): 8939281515345944296
[DEBUG crypto::sign_with_nonce] Step 4: Assembling signature (s || e)
[DEBUG crypto::sign_with_nonce] Final signature: e81e69052db50e7c3f6611113041ad16645c113a151fbd6b80a505d26a270a907c6a58c1f089d2378b5f5522104effef1420ea
0c4f0df48b6feb4369bf731433a4e8729bd972343adc3f67a43c086815
[DEBUG crypto::sign_with_nonce] ========================================
[DEBUG signer::sign_with_fixed_nonce] Signature from crypto: e81e69052db50e7c3f6611113041ad16645c113a151fbd6b80a505d26a270a907c6a58c1f089d2378b5f552210
4effef1420ea0c4f0df48b6feb4369bf731433a4e8729bd972343adc3f67a43c086815 (length: 80)
[DEBUG signer::sign_with_fixed_nonce] Final signature: e81e69052db50e7c3f6611113041ad16645c113a151fbd6b80a505d26a270a907c6a58c1f089d2378b5f5522104effef
1420ea0c4f0df48b6feb4369bf731433a4e8729bd972343adc3f67a43c086815
[DEBUG sign_transaction_internal] Signature returned (80 bytes): e81e69052db50e7c3f6611113041ad16645c113a151fbd6b80a505d26a270a907c6a58c1f089d2378b5f55
22104effef1420ea0c4f0df48b6feb4369bf731433a4e8729bd972343adc3f67a43c086815
[DEBUG sign_transaction_internal] Signature s (first 40 bytes): e81e69052db50e7c3f6611113041ad16645c113a151fbd6b80a505d26a270a907c6a58c1f089d237
[DEBUG sign_transaction_internal] Signature e (last 40 bytes): 8b5f5522104effef1420ea0c4f0df48b6feb4369bf731433a4e8729bd972343adc3f67a43c086815
[DEBUG create_order] Signature generated: e81e69052db50e7c3f6611113041ad16645c113a151fbd6b80a505d26a270a907c6a58c1f089d2378b5f5522104effef1420ea0c4f0df
48b6feb4369bf731433a4e8729bd972343adc3f67a43c086815 (length: 80)
[DEBUG create_order] Signature (base64): 6B5pBS21Dnw/ZhERMEGtFmRcEToVH71rgKUF0monCpB8aljB8InSN4tfVSIQTv/vFCDqDE8N9Itv60Npv3MUM6TocpvZcjQ63D9npDwIaBU=
[DEBUG create_order] Final transaction JSON: {"AccountIndex":237600,"ApiKeyIndex":4,"BaseAmount":1000,"ClientOrderIndex":1763069203019,"ExpiredAt":1763
069996132,"IsAsk":0,"MarketIndex":0,"Nonce":991,"OrderExpiry":0,"Price":500000000,"ReduceOnly":0,"Sig":"6B5pBS21Dnw/ZhERMEGtFmRcEToVH71rgKUF0monCpB8alj
B8InSN4tfVSIQTv/vFCDqDE8N9Itv60Npv3MUM6TocpvZcjQ63D9npDwIaBU=","TimeInForce":0,"TriggerPrice":0,"Type":1}
[DEBUG create_order] Sending to: https://mainnet.zklighter.elliot.ai/api/v1/sendTx
[DEBUG create_order] Response status: 200 OK, body: {"code":200,"message":"{\"ratelimit\": \"didn't use volume 
quota\"}","tx_hash":"7e201cf825e05d621dc0bee2f237f436c081f51d21e5df5d111fb87f29c6e90a163ee975f26c814a","predicted_execution_time_ms":1763069396349}
[DEBUG create_order] ÔòÉÔòÉÔòÉÔòÉÔòÉÔòÉÔòÉÔòÉÔòÉÔòÉÔòÉÔòÉÔòÉÔòÉÔòÉÔòÉÔòÉÔòÉÔòÉÔòÉÔòÉÔòÉÔòÉÔòÉÔòÉÔòÉÔòÉÔòÉÔòÉÔòÉÔòÉÔòÉÔòÉÔòÉÔòÉÔòÉÔòÉÔòÉÔòÉÔòÉ
[DEBUG create_order] API RESPONSE RECEIVED
[DEBUG create_order] ÔòÉÔòÉÔòÉÔòÉÔòÉÔòÉÔòÉÔòÉÔòÉÔòÉÔòÉÔòÉÔòÉÔòÉÔòÉÔòÉÔòÉÔòÉÔòÉÔòÉÔòÉÔòÉÔòÉÔòÉÔòÉÔòÉÔòÉÔòÉÔòÉÔòÉÔòÉÔòÉÔòÉÔòÉÔòÉÔòÉÔòÉÔòÉÔòÉÔòÉ
[DEBUG create_order] Response code: 200
[DEBUG create_order] Response message: {"ratelimit": "didn't use volume quota"}
[DEBUG create_order] Nonce used: 991
[DEBUG create_order] Ô£àÔ£àÔ£à SUCCESS Ô£àÔ£àÔ£à - Transaction succeeded with nonce 991
[DEBUG create_order] ÔòÉÔòÉÔòÉÔòÉÔòÉÔòÉÔòÉÔòÉÔòÉÔòÉÔòÉÔòÉÔòÉÔòÉÔòÉÔòÉÔòÉÔòÉÔòÉÔòÉÔòÉÔòÉÔòÉÔòÉÔòÉÔòÉÔòÉÔòÉÔòÉÔòÉÔòÉÔòÉÔòÉÔòÉÔòÉÔòÉÔòÉÔòÉÔòÉÔòÉ
[DEBUG create_order] SUCCESSFUL SIGNATURE - SAVE THIS FOR COMPARISON
[DEBUG create_order] ÔòÉÔòÉÔòÉÔòÉÔòÉÔòÉÔòÉÔòÉÔòÉÔòÉÔòÉÔòÉÔòÉÔòÉÔòÉÔòÉÔòÉÔòÉÔòÉÔòÉÔòÉÔòÉÔòÉÔòÉÔòÉÔòÉÔòÉÔòÉÔòÉÔòÉÔòÉÔòÉÔòÉÔòÉÔòÉÔòÉÔòÉÔòÉÔòÉÔòÉ
[DEBUG create_order] ========================================

[60/100] Sending order (nonce managed internally)
[DEBUG create_order] ========================================
[DEBUG create_order] Starting order creation for client_order_index: 1763069203020
[DEBUG get_next_nonce_from_cache] Fetching nonce from API
[DEBUG fetch_nonce_from_api] Requesting nonce from: https://mainnet.zklighter.elliot.ai/api/v1/nextNonce?account_index=237600&api_key_index=4
[DEBUG fetch_nonce_from_api] Received nonce: 992
[DEBUG get_next_nonce_from_cache] Fetched nonce from API: 992
[DEBUG create_order] ========================================
[DEBUG create_order] Order: client_order_index=1763069203020
[DEBUG create_order] Nonce obtained: 992
[DEBUG create_order] ÔòÉÔòÉÔòÉÔòÉÔòÉÔòÉÔòÉÔòÉÔòÉÔòÉÔòÉÔòÉÔòÉÔòÉÔòÉÔòÉÔòÉÔòÉÔòÉÔòÉÔòÉÔòÉÔòÉÔòÉÔòÉÔòÉÔòÉÔòÉÔòÉÔòÉÔòÉÔòÉÔòÉÔòÉÔòÉÔòÉÔòÉÔòÉÔòÉÔòÉ
[DEBUG create_order] STARTING SIGNATURE COMPUTATION
[DEBUG create_order] ÔòÉÔòÉÔòÉÔòÉÔòÉÔòÉÔòÉÔòÉÔòÉÔòÉÔòÉÔòÉÔòÉÔòÉÔòÉÔòÉÔòÉÔòÉÔòÉÔòÉÔòÉÔòÉÔòÉÔòÉÔòÉÔòÉÔòÉÔòÉÔòÉÔòÉÔòÉÔòÉÔòÉÔòÉÔòÉÔòÉÔòÉÔòÉÔòÉÔòÉ
[DEBUG create_order] Timestamp: now=1763069400412, expired_at=1763069999412
[DEBUG create_order] Transaction JSON (before signing): {"AccountIndex":237600,"ApiKeyIndex":4,"BaseAmount":1000,"ClientOrderIndex":1763069203020,"Expi
redAt":1763069999412,"IsAsk":0,"MarketIndex":0,"Nonce":992,"OrderExpiry":0,"Price":500000000,"ReduceOnly":0,"Sig":"","TimeInForce":0,"TriggerPrice":0,"
Type":1}
[DEBUG sign_transaction_internal] Starting signature computation
[DEBUG sign_transaction_internal] tx_type: 14
[DEBUG sign_transaction_internal] Extracted fields:
  chain_id: 304
  nonce: 992
  expired_at: 1763069999412
  account_index: 237600
  api_key_index: 4
[DEBUG sign_transaction_internal] CREATE_ORDER fields:
  market_index: 0
  client_order_index: 1763069203020
  base_amount: 1000
  price: 500000000
  is_ask: 0
  order_type: 1
  time_in_force: 0
  reduce_only: 0
  trigger_price: 0
  order_expiry: 0
[DEBUG sign_transaction_internal] Hash input elements count: 16
[DEBUG sign_transaction_internal] Hash input elements:
  [0] Element 0: 304 (u64)
  [1] Element 1: 14 (u64)
  [2] Element 2: 992 (u64)
  [3] Element 3: 1763069999412 (u64)
  [4] Element 4: 237600 (u64)
  [5] Element 5: 4 (u64)
  [6] Element 6: 0 (u64)
  [7] Element 7: 1763069203020 (u64)
  [8] Element 8: 1000 (u64)
  [9] Element 9: 500000000 (u64)
  [10] Element 10: 0 (u64)
  [11] Element 11: 1 (u64)
  [12] Element 12: 0 (u64)
  [13] Element 13: 0 (u64)
  [14] Element 14: 0 (u64)
  [15] Element 15: 0 (u64)
[DEBUG sign_transaction_internal] Computing Poseidon2 hash with 16 elements
[DEBUG sign_transaction_internal] Transaction hash (40 bytes): caad2f8a4afcd3f89666471b0a5068f6bcff35baab0df757ef232f9aeee26c4fa0b383ac671dc250
[DEBUG sign_transaction_internal] Transaction hash (first 8 bytes as u64): 17929951938568236490
[DEBUG sign_transaction_internal] Calling key_manager.sign() with hash: 
caad2f8a4afcd3f89666471b0a5068f6bcff35baab0df757ef232f9aeee26c4fa0b383ac671dc250
[DEBUG signer::sign] Starting signature generation
[DEBUG signer::sign] Message hash: caad2f8a4afcd3f89666471b0a5068f6bcff35baab0df757ef232f9aeee26c4fa0b383ac671dc250
[DEBUG signer::sign] Generated random nonce: 4a6571fbb8a7404cfef3346268397819199d18e60dfdf95f0784547588ca74c36162204f917f264c
[DEBUG signer::sign_with_fixed_nonce] Signing with fixed nonce
[DEBUG signer::sign_with_fixed_nonce] Private key (first 16 bytes): 79699d9819553fc6eee1b5e50af049d7...
[DEBUG signer::sign_with_fixed_nonce] Calling crypto::schnorr::sign_with_nonce
[DEBUG crypto::sign_with_nonce] ========================================
[DEBUG crypto::sign_with_nonce] Starting Schnorr signature
[DEBUG crypto::sign_with_nonce] Private key length: 40
[DEBUG crypto::sign_with_nonce] Message length: 40
[DEBUG crypto::sign_with_nonce] Nonce bytes length: 40
[DEBUG crypto::sign_with_nonce] Message hash: caad2f8a4afcd3f89666471b0a5068f6bcff35baab0df757ef232f9aeee26c4fa0b383ac671dc250
[DEBUG crypto::sign_with_nonce] Nonce bytes: 4a6571fbb8a7404cfef3346268397819199d18e60dfdf95f0784547588ca74c36162204f917f264c
[DEBUG crypto::sign_with_nonce] Private key converted to scalar
[DEBUG crypto::sign_with_nonce] Nonce converted to scalar
[DEBUG crypto::sign_with_nonce] Message converted to Fp5Element
[DEBUG crypto::sign_with_nonce] Step 1: Computing R = nonce * G
[DEBUG crypto::sign_with_nonce] R encoded (full 40 bytes): fc188515767ed1876fa30396705e346eb14e9f1fa4c68915848eb3551fed13b836108c4b30dda514
[DEBUG crypto::sign_with_nonce] R Fp5 elements:
  R[0] = 9786742510885083388 (u64)
  R[1] = 7941075880607196015 (u64)
  R[2] = 1551989954813316785 (u64)
  R[3] = 13264206046373842564 (u64)
  R[4] = 1487838451411456054 (u64)
[DEBUG crypto::sign_with_nonce] Step 2: Computing challenge e = H(R || message)
[DEBUG crypto::sign_with_nonce] Pre-image prepared (10 elements):
  PreImage[0] = 9786742510885083388 (u64)
  PreImage[1] = 7941075880607196015 (u64)
  PreImage[2] = 1551989954813316785 (u64)
  PreImage[3] = 13264206046373842564 (u64)
  PreImage[4] = 1487838451411456054 (u64)
  PreImage[5] = 17929951938568236490 (u64)
  PreImage[6] = 17755529535245739670 (u64)
  PreImage[7] = 6338550031761932220 (u64)
  PreImage[8] = 5723198740897932271 (u64)
  PreImage[9] = 5819245999629251488 (u64)
[DEBUG crypto::sign_with_nonce] Challenge e computed (40 bytes): bf467537b724beed3e602c1c25edb4cc024e0557a360db9f7bd2d736c182327db01e9852a23a934c
[DEBUG crypto::sign_with_nonce] Challenge e (first 8 bytes as u64): 17131170401891993279
[DEBUG crypto::sign_with_nonce] Step 3: Computing s = nonce - e * private_key
[DEBUG crypto::sign_with_nonce] Response s computed (40 bytes): 03bcd7cb6bcc32b8f3fd38b72be1f0edfb0e7c2eb44215b6c3b7d006bf20ef9f4f69e58834d57635
[DEBUG crypto::sign_with_nonce] Response s (first 8 bytes as u64): 13272895815167753219
[DEBUG crypto::sign_with_nonce] Step 4: Assembling signature (s || e)
[DEBUG crypto::sign_with_nonce] Final signature: 03bcd7cb6bcc32b8f3fd38b72be1f0edfb0e7c2eb44215b6c3b7d006bf20ef9f4f69e58834d57635bf467537b724beed3e602c
1c25edb4cc024e0557a360db9f7bd2d736c182327db01e9852a23a934c
[DEBUG crypto::sign_with_nonce] ========================================
[DEBUG signer::sign_with_fixed_nonce] Signature from crypto: 03bcd7cb6bcc32b8f3fd38b72be1f0edfb0e7c2eb44215b6c3b7d006bf20ef9f4f69e58834d57635bf467537b7
24beed3e602c1c25edb4cc024e0557a360db9f7bd2d736c182327db01e9852a23a934c (length: 80)
[DEBUG signer::sign_with_fixed_nonce] Final signature: 03bcd7cb6bcc32b8f3fd38b72be1f0edfb0e7c2eb44215b6c3b7d006bf20ef9f4f69e58834d57635bf467537b724beed
3e602c1c25edb4cc024e0557a360db9f7bd2d736c182327db01e9852a23a934c
[DEBUG sign_transaction_internal] Signature returned (80 bytes): 03bcd7cb6bcc32b8f3fd38b72be1f0edfb0e7c2eb44215b6c3b7d006bf20ef9f4f69e58834d57635bf4675
37b724beed3e602c1c25edb4cc024e0557a360db9f7bd2d736c182327db01e9852a23a934c
[DEBUG sign_transaction_internal] Signature s (first 40 bytes): 03bcd7cb6bcc32b8f3fd38b72be1f0edfb0e7c2eb44215b6c3b7d006bf20ef9f4f69e58834d57635
[DEBUG sign_transaction_internal] Signature e (last 40 bytes): bf467537b724beed3e602c1c25edb4cc024e0557a360db9f7bd2d736c182327db01e9852a23a934c
[DEBUG create_order] Signature generated: 03bcd7cb6bcc32b8f3fd38b72be1f0edfb0e7c2eb44215b6c3b7d006bf20ef9f4f69e58834d57635bf467537b724beed3e602c1c25edb
4cc024e0557a360db9f7bd2d736c182327db01e9852a23a934c (length: 80)
[DEBUG create_order] Signature (base64): A7zXy2vMMrjz/Ti3K+Hw7fsOfC60QhW2w7fQBr8g759PaeWINNV2Nb9GdTe3JL7tPmAsHCXttMwCTgVXo2Dbn3vS1zbBgjJ9sB6YUqI6k0w=
[DEBUG create_order] Final transaction JSON: {"AccountIndex":237600,"ApiKeyIndex":4,"BaseAmount":1000,"ClientOrderIndex":1763069203020,"ExpiredAt":1763
069999412,"IsAsk":0,"MarketIndex":0,"Nonce":992,"OrderExpiry":0,"Price":500000000,"ReduceOnly":0,"Sig":"A7zXy2vMMrjz/Ti3K+Hw7fsOfC60QhW2w7fQBr8g759PaeW
INNV2Nb9GdTe3JL7tPmAsHCXttMwCTgVXo2Dbn3vS1zbBgjJ9sB6YUqI6k0w=","TimeInForce":0,"TriggerPrice":0,"Type":1}
[DEBUG create_order] Sending to: https://mainnet.zklighter.elliot.ai/api/v1/sendTx
[DEBUG create_order] Response status: 200 OK, body: {"code":200,"message":"{\"ratelimit\": \"695 volume quota remained\"}","tx_hash":"caad2f8a4afcd3f89
666471b0a5068f6bcff35baab0df757ef232f9aeee26c4fa0b383ac671dc250","predicted_execution_time_ms":1763069399628,"volume_quota_remaining":695}
[DEBUG create_order] ÔòÉÔòÉÔòÉÔòÉÔòÉÔòÉÔòÉÔòÉÔòÉÔòÉÔòÉÔòÉÔòÉÔòÉÔòÉÔòÉÔòÉÔòÉÔòÉÔòÉÔòÉÔòÉÔòÉÔòÉÔòÉÔòÉÔòÉÔòÉÔòÉÔòÉÔòÉÔòÉÔòÉÔòÉÔòÉÔòÉÔòÉÔòÉÔòÉÔòÉ
[DEBUG create_order] API RESPONSE RECEIVED
[DEBUG create_order] ÔòÉÔòÉÔòÉÔòÉÔòÉÔòÉÔòÉÔòÉÔòÉÔòÉÔòÉÔòÉÔòÉÔòÉÔòÉÔòÉÔòÉÔòÉÔòÉÔòÉÔòÉÔòÉÔòÉÔòÉÔòÉÔòÉÔòÉÔòÉÔòÉÔòÉÔòÉÔòÉÔòÉÔòÉÔòÉÔòÉÔòÉÔòÉÔòÉÔòÉ
[DEBUG create_order] Response code: 200
[DEBUG create_order] Response message: {"ratelimit": "695 volume quota remained"}
[DEBUG create_order] Nonce used: 992
[DEBUG create_order] Ô£àÔ£àÔ£à SUCCESS Ô£àÔ£àÔ£à - Transaction succeeded with nonce 992
[DEBUG create_order] ÔòÉÔòÉÔòÉÔòÉÔòÉÔòÉÔòÉÔòÉÔòÉÔòÉÔòÉÔòÉÔòÉÔòÉÔòÉÔòÉÔòÉÔòÉÔòÉÔòÉÔòÉÔòÉÔòÉÔòÉÔòÉÔòÉÔòÉÔòÉÔòÉÔòÉÔòÉÔòÉÔòÉÔòÉÔòÉÔòÉÔòÉÔòÉÔòÉÔòÉ
[DEBUG create_order] SUCCESSFUL SIGNATURE - SAVE THIS FOR COMPARISON
[DEBUG create_order] ÔòÉÔòÉÔòÉÔòÉÔòÉÔòÉÔòÉÔòÉÔòÉÔòÉÔòÉÔòÉÔòÉÔòÉÔòÉÔòÉÔòÉÔòÉÔòÉÔòÉÔòÉÔòÉÔòÉÔòÉÔòÉÔòÉÔòÉÔòÉÔòÉÔòÉÔòÉÔòÉÔòÉÔòÉÔòÉÔòÉÔòÉÔòÉÔòÉÔòÉ
[DEBUG create_order] ========================================
  Ô£à [60] SUCCESS

[DEBUG create_order] ========================================
[DEBUG create_order] Starting order creation for client_order_index: 1763069203021
[DEBUG get_next_nonce_from_cache] Fetching nonce from API
[DEBUG fetch_nonce_from_api] Requesting nonce from: https://mainnet.zklighter.elliot.ai/api/v1/nextNonce?account_index=237600&api_key_index=4
[DEBUG fetch_nonce_from_api] Received nonce: 993
[DEBUG get_next_nonce_from_cache] Fetched nonce from API: 993
[DEBUG create_order] ========================================
[DEBUG create_order] Order: client_order_index=1763069203021
[DEBUG create_order] Nonce obtained: 993
[DEBUG create_order] ÔòÉÔòÉÔòÉÔòÉÔòÉÔòÉÔòÉÔòÉÔòÉÔòÉÔòÉÔòÉÔòÉÔòÉÔòÉÔòÉÔòÉÔòÉÔòÉÔòÉÔòÉÔòÉÔòÉÔòÉÔòÉÔòÉÔòÉÔòÉÔòÉÔòÉÔòÉÔòÉÔòÉÔòÉÔòÉÔòÉÔòÉÔòÉÔòÉÔòÉ
[DEBUG create_order] STARTING SIGNATURE COMPUTATION
[DEBUG create_order] ÔòÉÔòÉÔòÉÔòÉÔòÉÔòÉÔòÉÔòÉÔòÉÔòÉÔòÉÔòÉÔòÉÔòÉÔòÉÔòÉÔòÉÔòÉÔòÉÔòÉÔòÉÔòÉÔòÉÔòÉÔòÉÔòÉÔòÉÔòÉÔòÉÔòÉÔòÉÔòÉÔòÉÔòÉÔòÉÔòÉÔòÉÔòÉÔòÉÔòÉ
[DEBUG create_order] Timestamp: now=1763069403680, expired_at=1763070002680
[DEBUG create_order] Transaction JSON (before signing): {"AccountIndex":237600,"ApiKeyIndex":4,"BaseAmount":1000,"ClientOrderIndex":1763069203021,"Expi
redAt":1763070002680,"IsAsk":0,"MarketIndex":0,"Nonce":993,"OrderExpiry":0,"Price":500000000,"ReduceOnly":0,"Sig":"","TimeInForce":0,"TriggerPrice":0,"
Type":1}
[DEBUG sign_transaction_internal] Starting signature computation
[DEBUG sign_transaction_internal] tx_type: 14
[DEBUG sign_transaction_internal] Extracted fields:
  chain_id: 304
  nonce: 993
  expired_at: 1763070002680
  account_index: 237600
  api_key_index: 4
[DEBUG sign_transaction_internal] CREATE_ORDER fields:
  market_index: 0
  client_order_index: 1763069203021
  base_amount: 1000
  price: 500000000
  is_ask: 0
  order_type: 1
  time_in_force: 0
  reduce_only: 0
  trigger_price: 0
  order_expiry: 0
[DEBUG sign_transaction_internal] Hash input elements count: 16
[DEBUG sign_transaction_internal] Hash input elements:
  [0] Element 0: 304 (u64)
  [1] Element 1: 14 (u64)
  [2] Element 2: 993 (u64)
  [3] Element 3: 1763070002680 (u64)
  [4] Element 4: 237600 (u64)
  [5] Element 5: 4 (u64)
  [6] Element 6: 0 (u64)
  [7] Element 7: 1763069203021 (u64)
  [8] Element 8: 1000 (u64)
  [9] Element 9: 500000000 (u64)
  [10] Element 10: 0 (u64)
  [11] Element 11: 1 (u64)
  [12] Element 12: 0 (u64)
  [13] Element 13: 0 (u64)
  [14] Element 14: 0 (u64)
  [15] Element 15: 0 (u64)
[DEBUG sign_transaction_internal] Computing Poseidon2 hash with 16 elements
[DEBUG sign_transaction_internal] Transaction hash (40 bytes): 7e6f1c33a5b150ef870b1da61e15467e4ab916e03b8a4287c2b10f25466db77d947b30baccbb2a30
[DEBUG sign_transaction_internal] Transaction hash (first 8 bytes as u64): 17244478296286850942
[DEBUG sign_transaction_internal] Calling key_manager.sign() with hash: 
7e6f1c33a5b150ef870b1da61e15467e4ab916e03b8a4287c2b10f25466db77d947b30baccbb2a30
[DEBUG signer::sign] Starting signature generation
[DEBUG signer::sign] Message hash: 7e6f1c33a5b150ef870b1da61e15467e4ab916e03b8a4287c2b10f25466db77d947b30baccbb2a30
[DEBUG signer::sign] Generated random nonce: 8d7201a7d80da34124f68463495df8c8a044ad33a8d5119e8a002deaaa11f454331c2493f5b98dc3
[DEBUG signer::sign_with_fixed_nonce] Signing with fixed nonce
[DEBUG signer::sign_with_fixed_nonce] Private key (first 16 bytes): 79699d9819553fc6eee1b5e50af049d7...
[DEBUG signer::sign_with_fixed_nonce] Calling crypto::schnorr::sign_with_nonce
[DEBUG crypto::sign_with_nonce] ========================================
[DEBUG crypto::sign_with_nonce] Starting Schnorr signature
[DEBUG crypto::sign_with_nonce] Private key length: 40
[DEBUG crypto::sign_with_nonce] Message length: 40
[DEBUG crypto::sign_with_nonce] Nonce bytes length: 40
[DEBUG crypto::sign_with_nonce] Message hash: 7e6f1c33a5b150ef870b1da61e15467e4ab916e03b8a4287c2b10f25466db77d947b30baccbb2a30
[DEBUG crypto::sign_with_nonce] Nonce bytes: 8d7201a7d80da34124f68463495df8c8a044ad33a8d5119e8a002deaaa11f454331c2493f5b98dc3
[DEBUG crypto::sign_with_nonce] Private key converted to scalar
[DEBUG crypto::sign_with_nonce] Nonce converted to scalar
[DEBUG crypto::sign_with_nonce] Message converted to Fp5Element
[DEBUG crypto::sign_with_nonce] Step 1: Computing R = nonce * G
[DEBUG crypto::sign_with_nonce] R encoded (full 40 bytes): 9a332d4e21dbd02a489513b6d0874ea46b56659367b10289876d3a429875cf78f746c0753b3e889d
[DEBUG crypto::sign_with_nonce] R Fp5 elements:
  R[0] = 3085206680840778650 (u64)
  R[1] = 11839549800881296712 (u64)
  R[2] = 9872648391562188395 (u64)
  R[3] = 8705305901537062279 (u64)
  R[4] = 11351391285886863095 (u64)
[DEBUG crypto::sign_with_nonce] Step 2: Computing challenge e = H(R || message)
[DEBUG crypto::sign_with_nonce] Pre-image prepared (10 elements):
  PreImage[0] = 3085206680840778650 (u64)
  PreImage[1] = 11839549800881296712 (u64)
  PreImage[2] = 9872648391562188395 (u64)
  PreImage[3] = 8705305901537062279 (u64)
  PreImage[4] = 11351391285886863095 (u64)
  PreImage[5] = 17244478296286850942 (u64)
  PreImage[6] = 9098983318528789383 (u64)
  PreImage[7] = 9746504533350463818 (u64)
  PreImage[8] = 9058829323515965890 (u64)
  PreImage[9] = 3470792950813850516 (u64)
[DEBUG crypto::sign_with_nonce] Challenge e computed (40 bytes): 2dac549907cd9eb6591b8e2993bec4492d5cb22e03b3998541947532a129a442861f2183493fa15e
[DEBUG crypto::sign_with_nonce] Challenge e (first 8 bytes as u64): 13159180593744096301
[DEBUG crypto::sign_with_nonce] Step 3: Computing s = nonce - e * private_key
[DEBUG crypto::sign_with_nonce] Response s computed (40 bytes): 684f343f20921ff6d9e29b02238dcc10b89a55a6a4d7a2fb1e5cc917a384986526da05ada21e214c
[DEBUG crypto::sign_with_nonce] Response s (first 8 bytes as u64): 17735054524805304168
[DEBUG crypto::sign_with_nonce] Step 4: Assembling signature (s || e)
[DEBUG crypto::sign_with_nonce] Final signature: 684f343f20921ff6d9e29b02238dcc10b89a55a6a4d7a2fb1e5cc917a384986526da05ada21e214c2dac549907cd9eb6591b8e
2993bec4492d5cb22e03b3998541947532a129a442861f2183493fa15e
[DEBUG crypto::sign_with_nonce] ========================================
[DEBUG signer::sign_with_fixed_nonce] Signature from crypto: 684f343f20921ff6d9e29b02238dcc10b89a55a6a4d7a2fb1e5cc917a384986526da05ada21e214c2dac549907
cd9eb6591b8e2993bec4492d5cb22e03b3998541947532a129a442861f2183493fa15e (length: 80)
[DEBUG signer::sign_with_fixed_nonce] Final signature: 684f343f20921ff6d9e29b02238dcc10b89a55a6a4d7a2fb1e5cc917a384986526da05ada21e214c2dac549907cd9eb6
591b8e2993bec4492d5cb22e03b3998541947532a129a442861f2183493fa15e
[DEBUG sign_transaction_internal] Signature returned (80 bytes): 684f343f20921ff6d9e29b02238dcc10b89a55a6a4d7a2fb1e5cc917a384986526da05ada21e214c2dac54
9907cd9eb6591b8e2993bec4492d5cb22e03b3998541947532a129a442861f2183493fa15e
[DEBUG sign_transaction_internal] Signature s (first 40 bytes): 684f343f20921ff6d9e29b02238dcc10b89a55a6a4d7a2fb1e5cc917a384986526da05ada21e214c
[DEBUG sign_transaction_internal] Signature e (last 40 bytes): 2dac549907cd9eb6591b8e2993bec4492d5cb22e03b3998541947532a129a442861f2183493fa15e
[DEBUG create_order] Signature generated: 684f343f20921ff6d9e29b02238dcc10b89a55a6a4d7a2fb1e5cc917a384986526da05ada21e214c2dac549907cd9eb6591b8e2993bec
4492d5cb22e03b3998541947532a129a442861f2183493fa15e (length: 80)
[DEBUG create_order] Signature (base64): aE80PyCSH/bZ4psCI43MELiaVaak16L7HlzJF6OEmGUm2gWtoh4hTC2sVJkHzZ62WRuOKZO+xEktXLIuA7OZhUGUdTKhKaRChh8hg0k/oV4=
[DEBUG create_order] Final transaction JSON: {"AccountIndex":237600,"ApiKeyIndex":4,"BaseAmount":1000,"ClientOrderIndex":1763069203021,"ExpiredAt":1763
070002680,"IsAsk":0,"MarketIndex":0,"Nonce":993,"OrderExpiry":0,"Price":500000000,"ReduceOnly":0,"Sig":"aE80PyCSH/bZ4psCI43MELiaVaak16L7HlzJF6OEmGUm2gW
toh4hTC2sVJkHzZ62WRuOKZO+xEktXLIuA7OZhUGUdTKhKaRChh8hg0k/oV4=","TimeInForce":0,"TriggerPrice":0,"Type":1}
[DEBUG create_order] Sending to: https://mainnet.zklighter.elliot.ai/api/v1/sendTx
[DEBUG create_order] Response status: 400 Bad Request, body: {"code":21120,"message":"invalid signature"}
[DEBUG create_order] ÔòÉÔòÉÔòÉÔòÉÔòÉÔòÉÔòÉÔòÉÔòÉÔòÉÔòÉÔòÉÔòÉÔòÉÔòÉÔòÉÔòÉÔòÉÔòÉÔòÉÔòÉÔòÉÔòÉÔòÉÔòÉÔòÉÔòÉÔòÉÔòÉÔòÉÔòÉÔòÉÔòÉÔòÉÔòÉÔòÉÔòÉÔòÉÔòÉÔòÉ
[DEBUG create_order] API RESPONSE RECEIVED
[DEBUG create_order] ÔòÉÔòÉÔòÉÔòÉÔòÉÔòÉÔòÉÔòÉÔòÉÔòÉÔòÉÔòÉÔòÉÔòÉÔòÉÔòÉÔòÉÔòÉÔòÉÔòÉÔòÉÔòÉÔòÉÔòÉÔòÉÔòÉÔòÉÔòÉÔòÉÔòÉÔòÉÔòÉÔòÉÔòÉÔòÉÔòÉÔòÉÔòÉÔòÉÔòÉ
[DEBUG create_order] Response code: 21120
[DEBUG create_order] Response message: invalid signature
[DEBUG create_order] Nonce used: 993
[DEBUG create_order] ÔØîÔØîÔØî INVALID SIGNATURE ERROR ÔØîÔØîÔØî (code 21120) - Nonce used: 993
[DEBUG create_order] ÔòÉÔòÉÔòÉÔòÉÔòÉÔòÉÔòÉÔòÉÔòÉÔòÉÔòÉÔòÉÔòÉÔòÉÔòÉÔòÉÔòÉÔòÉÔòÉÔòÉÔòÉÔòÉÔòÉÔòÉÔòÉÔòÉÔòÉÔòÉÔòÉÔòÉÔòÉÔòÉÔòÉÔòÉÔòÉÔòÉÔòÉÔòÉÔòÉÔòÉ
[DEBUG create_order] FAILED SIGNATURE - COMPARE WITH SUCCESSFUL ONES
[DEBUG create_order] ÔòÉÔòÉÔòÉÔòÉÔòÉÔòÉÔòÉÔòÉÔòÉÔòÉÔòÉÔòÉÔòÉÔòÉÔòÉÔòÉÔòÉÔòÉÔòÉÔòÉÔòÉÔòÉÔòÉÔòÉÔòÉÔòÉÔòÉÔòÉÔòÉÔòÉÔòÉÔòÉÔòÉÔòÉÔòÉÔòÉÔòÉÔòÉÔòÉÔòÉ
[DEBUG create_order] This could be nonce sync issue or signature computation issue
[DEBUG fetch_nonce_from_api] Requesting nonce from: https://mainnet.zklighter.elliot.ai/api/v1/nextNonce?account_index=237600&api_key_index=4
[DEBUG fetch_nonce_from_api] Received nonce: 993
[DEBUG refresh_nonce_cache] Refreshed nonce: 993
[DEBUG create_order] ========================================
  ÔØî [61] INVALID SIGNATURE (Code: 21120) - Check debug logs for nonce

[DEBUG create_order] ========================================
[DEBUG create_order] Starting order creation for client_order_index: 1763069203022
[DEBUG get_next_nonce_from_cache] Fetching nonce from API
[DEBUG fetch_nonce_from_api] Requesting nonce from: https://mainnet.zklighter.elliot.ai/api/v1/nextNonce?account_index=237600&api_key_index=4
[DEBUG fetch_nonce_from_api] Received nonce: 993
[DEBUG get_next_nonce_from_cache] Fetched nonce from API: 993
[DEBUG create_order] ========================================
[DEBUG create_order] Order: client_order_index=1763069203022
[DEBUG create_order] Nonce obtained: 993
[DEBUG create_order] ÔòÉÔòÉÔòÉÔòÉÔòÉÔòÉÔòÉÔòÉÔòÉÔòÉÔòÉÔòÉÔòÉÔòÉÔòÉÔòÉÔòÉÔòÉÔòÉÔòÉÔòÉÔòÉÔòÉÔòÉÔòÉÔòÉÔòÉÔòÉÔòÉÔòÉÔòÉÔòÉÔòÉÔòÉÔòÉÔòÉÔòÉÔòÉÔòÉÔòÉ
[DEBUG create_order] STARTING SIGNATURE COMPUTATION
[DEBUG create_order] ÔòÉÔòÉÔòÉÔòÉÔòÉÔòÉÔòÉÔòÉÔòÉÔòÉÔòÉÔòÉÔòÉÔòÉÔòÉÔòÉÔòÉÔòÉÔòÉÔòÉÔòÉÔòÉÔòÉÔòÉÔòÉÔòÉÔòÉÔòÉÔòÉÔòÉÔòÉÔòÉÔòÉÔòÉÔòÉÔòÉÔòÉÔòÉÔòÉÔòÉ
[DEBUG create_order] Timestamp: now=1763069407070, expired_at=1763070006070
[DEBUG create_order] Transaction JSON (before signing): {"AccountIndex":237600,"ApiKeyIndex":4,"BaseAmount":1000,"ClientOrderIndex":1763069203022,"Expi
redAt":1763070006070,"IsAsk":0,"MarketIndex":0,"Nonce":993,"OrderExpiry":0,"Price":500000000,"ReduceOnly":0,"Sig":"","TimeInForce":0,"TriggerPrice":0,"
Type":1}
[DEBUG sign_transaction_internal] Starting signature computation
[DEBUG sign_transaction_internal] tx_type: 14
[DEBUG sign_transaction_internal] Extracted fields:
  chain_id: 304
  nonce: 993
  expired_at: 1763070006070
  account_index: 237600
  api_key_index: 4
[DEBUG sign_transaction_internal] CREATE_ORDER fields:
  market_index: 0
  client_order_index: 1763069203022
  base_amount: 1000
  price: 500000000
  is_ask: 0
  order_type: 1
  time_in_force: 0
  reduce_only: 0
  trigger_price: 0
  order_expiry: 0
[DEBUG sign_transaction_internal] Hash input elements count: 16
[DEBUG sign_transaction_internal] Hash input elements:
  [0] Element 0: 304 (u64)
  [1] Element 1: 14 (u64)
  [2] Element 2: 993 (u64)
  [3] Element 3: 1763070006070 (u64)
  [4] Element 4: 237600 (u64)
  [5] Element 5: 4 (u64)
  [6] Element 6: 0 (u64)
  [7] Element 7: 1763069203022 (u64)
  [8] Element 8: 1000 (u64)
  [9] Element 9: 500000000 (u64)
  [10] Element 10: 0 (u64)
  [11] Element 11: 1 (u64)
  [12] Element 12: 0 (u64)
  [13] Element 13: 0 (u64)
  [14] Element 14: 0 (u64)
  [15] Element 15: 0 (u64)
[DEBUG sign_transaction_internal] Computing Poseidon2 hash with 16 elements
[DEBUG sign_transaction_internal] Transaction hash (40 bytes): b6af317efe238e3285024b7ce8100f6d6eda09f2b425d0fcf58ad3e2aa015b23bd75edffbad201b3
[DEBUG sign_transaction_internal] Transaction hash (first 8 bytes as u64): 3642888724535160758
[DEBUG sign_transaction_internal] Calling key_manager.sign() with hash: 
b6af317efe238e3285024b7ce8100f6d6eda09f2b425d0fcf58ad3e2aa015b23bd75edffbad201b3
[DEBUG signer::sign] Starting signature generation
[DEBUG signer::sign] Message hash: b6af317efe238e3285024b7ce8100f6d6eda09f2b425d0fcf58ad3e2aa015b23bd75edffbad201b3
[DEBUG signer::sign] Generated random nonce: 6f8ad58d10f8c73a1f04ea40811626bce455b8646eddfca39e0ceae5bcad0ea16654e5a9e1b4f986
[DEBUG signer::sign_with_fixed_nonce] Signing with fixed nonce
[DEBUG signer::sign_with_fixed_nonce] Private key (first 16 bytes): 79699d9819553fc6eee1b5e50af049d7...
[DEBUG signer::sign_with_fixed_nonce] Calling crypto::schnorr::sign_with_nonce
[DEBUG crypto::sign_with_nonce] ========================================
[DEBUG crypto::sign_with_nonce] Starting Schnorr signature
[DEBUG crypto::sign_with_nonce] Private key length: 40
[DEBUG crypto::sign_with_nonce] Message length: 40
[DEBUG crypto::sign_with_nonce] Nonce bytes length: 40
[DEBUG crypto::sign_with_nonce] Message hash: b6af317efe238e3285024b7ce8100f6d6eda09f2b425d0fcf58ad3e2aa015b23bd75edffbad201b3
[DEBUG crypto::sign_with_nonce] Nonce bytes: 6f8ad58d10f8c73a1f04ea40811626bce455b8646eddfca39e0ceae5bcad0ea16654e5a9e1b4f986
[DEBUG crypto::sign_with_nonce] Private key converted to scalar
[DEBUG crypto::sign_with_nonce] Nonce converted to scalar
[DEBUG crypto::sign_with_nonce] Message converted to Fp5Element
[DEBUG crypto::sign_with_nonce] Step 1: Computing R = nonce * G
[DEBUG crypto::sign_with_nonce] R encoded (full 40 bytes): 717d59cc111816f4fb6ba481e1c14f6b2fa9a5e40161352e12ac5638eded131bb2684481c3b80337
[DEBUG crypto::sign_with_nonce] R Fp5 elements:
  R[0] = 17588271859463978353 (u64)
  R[1] = 7732612259505269755 (u64)
  R[2] = 3329674160269273391 (u64)
  R[3] = 1951164666689793042 (u64)
  R[4] = 3964215246843046066 (u64)
[DEBUG crypto::sign_with_nonce] Step 2: Computing challenge e = H(R || message)
[DEBUG crypto::sign_with_nonce] Pre-image prepared (10 elements):
  PreImage[0] = 17588271859463978353 (u64)
  PreImage[1] = 7732612259505269755 (u64)
  PreImage[2] = 3329674160269273391 (u64)
  PreImage[3] = 1951164666689793042 (u64)
  PreImage[4] = 3964215246843046066 (u64)
  PreImage[5] = 3642888724535160758 (u64)
  PreImage[6] = 7858518465488552581 (u64)
  PreImage[7] = 18217101951798729326 (u64)
  PreImage[8] = 2547631847669730037 (u64)
  PreImage[9] = 12898822508365313469 (u64)
[DEBUG crypto::sign_with_nonce] Challenge e computed (40 bytes): 422ff1d2f80bc1ac93ee44cf5921f56025f7a4ad084984a783c4204b4a343ed400352fa8486d9102
[DEBUG crypto::sign_with_nonce] Challenge e (first 8 bytes as u64): 12448244008347578178
[DEBUG crypto::sign_with_nonce] Step 3: Computing s = nonce - e * private_key
[DEBUG crypto::sign_with_nonce] Response s computed (40 bytes): c65f5a42b7873a0553da0d01d6f6d2c8359ebf752e12a430bc5b5c2e1c3b44cd72c12ed6b5577734
[DEBUG crypto::sign_with_nonce] Response s (first 8 bytes as u64): 376762740000841670
[DEBUG crypto::sign_with_nonce] Step 4: Assembling signature (s || e)
[DEBUG crypto::sign_with_nonce] Final signature: c65f5a42b7873a0553da0d01d6f6d2c8359ebf752e12a430bc5b5c2e1c3b44cd72c12ed6b5577734422ff1d2f80bc1ac93ee44
cf5921f56025f7a4ad084984a783c4204b4a343ed400352fa8486d9102
[DEBUG crypto::sign_with_nonce] ========================================
[DEBUG signer::sign_with_fixed_nonce] Signature from crypto: c65f5a42b7873a0553da0d01d6f6d2c8359ebf752e12a430bc5b5c2e1c3b44cd72c12ed6b5577734422ff1d2f8
0bc1ac93ee44cf5921f56025f7a4ad084984a783c4204b4a343ed400352fa8486d9102 (length: 80)
[DEBUG signer::sign_with_fixed_nonce] Final signature: c65f5a42b7873a0553da0d01d6f6d2c8359ebf752e12a430bc5b5c2e1c3b44cd72c12ed6b5577734422ff1d2f80bc1ac
93ee44cf5921f56025f7a4ad084984a783c4204b4a343ed400352fa8486d9102
[DEBUG sign_transaction_internal] Signature returned (80 bytes): c65f5a42b7873a0553da0d01d6f6d2c8359ebf752e12a430bc5b5c2e1c3b44cd72c12ed6b5577734422ff1
d2f80bc1ac93ee44cf5921f56025f7a4ad084984a783c4204b4a343ed400352fa8486d9102
[DEBUG sign_transaction_internal] Signature s (first 40 bytes): c65f5a42b7873a0553da0d01d6f6d2c8359ebf752e12a430bc5b5c2e1c3b44cd72c12ed6b5577734
[DEBUG sign_transaction_internal] Signature e (last 40 bytes): 422ff1d2f80bc1ac93ee44cf5921f56025f7a4ad084984a783c4204b4a343ed400352fa8486d9102
[DEBUG create_order] Signature generated: c65f5a42b7873a0553da0d01d6f6d2c8359ebf752e12a430bc5b5c2e1c3b44cd72c12ed6b5577734422ff1d2f80bc1ac93ee44cf5921f
56025f7a4ad084984a783c4204b4a343ed400352fa8486d9102 (length: 80)
[DEBUG create_order] Signature (base64): xl9aQreHOgVT2g0B1vbSyDWev3UuEqQwvFtcLhw7RM1ywS7WtVd3NEIv8dL4C8Gsk+5Ez1kh9WAl96StCEmEp4PEIEtKND7UADUvqEhtkQI=
[DEBUG create_order] Final transaction JSON: {"AccountIndex":237600,"ApiKeyIndex":4,"BaseAmount":1000,"ClientOrderIndex":1763069203022,"ExpiredAt":1763
070006070,"IsAsk":0,"MarketIndex":0,"Nonce":993,"OrderExpiry":0,"Price":500000000,"ReduceOnly":0,"Sig":"xl9aQreHOgVT2g0B1vbSyDWev3UuEqQwvFtcLhw7RM1ywS7
WtVd3NEIv8dL4C8Gsk+5Ez1kh9WAl96StCEmEp4PEIEtKND7UADUvqEhtkQI=","TimeInForce":0,"TriggerPrice":0,"Type":1}
[DEBUG create_order] Sending to: https://mainnet.zklighter.elliot.ai/api/v1/sendTx
[DEBUG create_order] Response status: 400 Bad Request, body: {"code":21120,"message":"invalid signature"}
[DEBUG create_order] ÔòÉÔòÉÔòÉÔòÉÔòÉÔòÉÔòÉÔòÉÔòÉÔòÉÔòÉÔòÉÔòÉÔòÉÔòÉÔòÉÔòÉÔòÉÔòÉÔòÉÔòÉÔòÉÔòÉÔòÉÔòÉÔòÉÔòÉÔòÉÔòÉÔòÉÔòÉÔòÉÔòÉÔòÉÔòÉÔòÉÔòÉÔòÉÔòÉÔòÉ
[DEBUG create_order] API RESPONSE RECEIVED
[DEBUG create_order] ÔòÉÔòÉÔòÉÔòÉÔòÉÔòÉÔòÉÔòÉÔòÉÔòÉÔòÉÔòÉÔòÉÔòÉÔòÉÔòÉÔòÉÔòÉÔòÉÔòÉÔòÉÔòÉÔòÉÔòÉÔòÉÔòÉÔòÉÔòÉÔòÉÔòÉÔòÉÔòÉÔòÉÔòÉÔòÉÔòÉÔòÉÔòÉÔòÉÔòÉ
[DEBUG create_order] Response code: 21120
[DEBUG create_order] Response message: invalid signature
[DEBUG create_order] Nonce used: 993
[DEBUG create_order] ÔØîÔØîÔØî INVALID SIGNATURE ERROR ÔØîÔØîÔØî (code 21120) - Nonce used: 993
[DEBUG create_order] ÔòÉÔòÉÔòÉÔòÉÔòÉÔòÉÔòÉÔòÉÔòÉÔòÉÔòÉÔòÉÔòÉÔòÉÔòÉÔòÉÔòÉÔòÉÔòÉÔòÉÔòÉÔòÉÔòÉÔòÉÔòÉÔòÉÔòÉÔòÉÔòÉÔòÉÔòÉÔòÉÔòÉÔòÉÔòÉÔòÉÔòÉÔòÉÔòÉÔòÉ
[DEBUG create_order] FAILED SIGNATURE - COMPARE WITH SUCCESSFUL ONES
[DEBUG create_order] ÔòÉÔòÉÔòÉÔòÉÔòÉÔòÉÔòÉÔòÉÔòÉÔòÉÔòÉÔòÉÔòÉÔòÉÔòÉÔòÉÔòÉÔòÉÔòÉÔòÉÔòÉÔòÉÔòÉÔòÉÔòÉÔòÉÔòÉÔòÉÔòÉÔòÉÔòÉÔòÉÔòÉÔòÉÔòÉÔòÉÔòÉÔòÉÔòÉÔòÉ
[DEBUG create_order] This could be nonce sync issue or signature computation issue
[DEBUG fetch_nonce_from_api] Requesting nonce from: https://mainnet.zklighter.elliot.ai/api/v1/nextNonce?account_index=237600&api_key_index=4
[DEBUG fetch_nonce_from_api] Received nonce: 993
[DEBUG refresh_nonce_cache] Refreshed nonce: 993
[DEBUG create_order] ========================================
  ÔØî [62] INVALID SIGNATURE (Code: 21120) - Check debug logs for nonce

[DEBUG create_order] ========================================
[DEBUG create_order] Starting order creation for client_order_index: 1763069203023
[DEBUG get_next_nonce_from_cache] Fetching nonce from API
[DEBUG fetch_nonce_from_api] Requesting nonce from: https://mainnet.zklighter.elliot.ai/api/v1/nextNonce?account_index=237600&api_key_index=4
[DEBUG fetch_nonce_from_api] Received nonce: 993
[DEBUG get_next_nonce_from_cache] Fetched nonce from API: 993
[DEBUG create_order] ========================================
[DEBUG create_order] Order: client_order_index=1763069203023
[DEBUG create_order] Nonce obtained: 993
[DEBUG create_order] ÔòÉÔòÉÔòÉÔòÉÔòÉÔòÉÔòÉÔòÉÔòÉÔòÉÔòÉÔòÉÔòÉÔòÉÔòÉÔòÉÔòÉÔòÉÔòÉÔòÉÔòÉÔòÉÔòÉÔòÉÔòÉÔòÉÔòÉÔòÉÔòÉÔòÉÔòÉÔòÉÔòÉÔòÉÔòÉÔòÉÔòÉÔòÉÔòÉÔòÉ
[DEBUG create_order] STARTING SIGNATURE COMPUTATION
[DEBUG create_order] ÔòÉÔòÉÔòÉÔòÉÔòÉÔòÉÔòÉÔòÉÔòÉÔòÉÔòÉÔòÉÔòÉÔòÉÔòÉÔòÉÔòÉÔòÉÔòÉÔòÉÔòÉÔòÉÔòÉÔòÉÔòÉÔòÉÔòÉÔòÉÔòÉÔòÉÔòÉÔòÉÔòÉÔòÉÔòÉÔòÉÔòÉÔòÉÔòÉÔòÉ
[DEBUG create_order] Timestamp: now=1763069410453, expired_at=1763070009453
[DEBUG create_order] Transaction JSON (before signing): {"AccountIndex":237600,"ApiKeyIndex":4,"BaseAmount":1000,"ClientOrderIndex":1763069203023,"Expi
redAt":1763070009453,"IsAsk":0,"MarketIndex":0,"Nonce":993,"OrderExpiry":0,"Price":500000000,"ReduceOnly":0,"Sig":"","TimeInForce":0,"TriggerPrice":0,"
Type":1}
[DEBUG sign_transaction_internal] Starting signature computation
[DEBUG sign_transaction_internal] tx_type: 14
[DEBUG sign_transaction_internal] Extracted fields:
  chain_id: 304
  nonce: 993
  expired_at: 1763070009453
  account_index: 237600
  api_key_index: 4
[DEBUG sign_transaction_internal] CREATE_ORDER fields:
  market_index: 0
  client_order_index: 1763069203023
  base_amount: 1000
  price: 500000000
  is_ask: 0
  order_type: 1
  time_in_force: 0
  reduce_only: 0
  trigger_price: 0
  order_expiry: 0
[DEBUG sign_transaction_internal] Hash input elements count: 16
[DEBUG sign_transaction_internal] Hash input elements:
  [0] Element 0: 304 (u64)
  [1] Element 1: 14 (u64)
  [2] Element 2: 993 (u64)
  [3] Element 3: 1763070009453 (u64)
  [4] Element 4: 237600 (u64)
  [5] Element 5: 4 (u64)
  [6] Element 6: 0 (u64)
  [7] Element 7: 1763069203023 (u64)
  [8] Element 8: 1000 (u64)
  [9] Element 9: 500000000 (u64)
  [10] Element 10: 0 (u64)
  [11] Element 11: 1 (u64)
  [12] Element 12: 0 (u64)
  [13] Element 13: 0 (u64)
  [14] Element 14: 0 (u64)
  [15] Element 15: 0 (u64)
[DEBUG sign_transaction_internal] Computing Poseidon2 hash with 16 elements
[DEBUG sign_transaction_internal] Transaction hash (40 bytes): 57d5ca59db9cbacc5096e76f21ccffc19b53dff76d6ae6bad229ef90944b22e25fe572f17f78373f
[DEBUG sign_transaction_internal] Transaction hash (first 8 bytes as u64): 14752275995323716951
[DEBUG sign_transaction_internal] Calling key_manager.sign() with hash: 
57d5ca59db9cbacc5096e76f21ccffc19b53dff76d6ae6bad229ef90944b22e25fe572f17f78373f
[DEBUG signer::sign] Starting signature generation
[DEBUG signer::sign] Message hash: 57d5ca59db9cbacc5096e76f21ccffc19b53dff76d6ae6bad229ef90944b22e25fe572f17f78373f
[DEBUG signer::sign] Generated random nonce: c410d44d4a2d5fe7c0d8a02be8b01ac310b1393c9b9b96a66e38bab4a112358b3936403de2e17975
[DEBUG signer::sign_with_fixed_nonce] Signing with fixed nonce
[DEBUG signer::sign_with_fixed_nonce] Private key (first 16 bytes): 79699d9819553fc6eee1b5e50af049d7...
[DEBUG signer::sign_with_fixed_nonce] Calling crypto::schnorr::sign_with_nonce
[DEBUG crypto::sign_with_nonce] ========================================
[DEBUG crypto::sign_with_nonce] Starting Schnorr signature
[DEBUG crypto::sign_with_nonce] Private key length: 40
[DEBUG crypto::sign_with_nonce] Message length: 40
[DEBUG crypto::sign_with_nonce] Nonce bytes length: 40
[DEBUG crypto::sign_with_nonce] Message hash: 57d5ca59db9cbacc5096e76f21ccffc19b53dff76d6ae6bad229ef90944b22e25fe572f17f78373f
[DEBUG crypto::sign_with_nonce] Nonce bytes: c410d44d4a2d5fe7c0d8a02be8b01ac310b1393c9b9b96a66e38bab4a112358b3936403de2e17975
[DEBUG crypto::sign_with_nonce] Private key converted to scalar
[DEBUG crypto::sign_with_nonce] Nonce converted to scalar
[DEBUG crypto::sign_with_nonce] Message converted to Fp5Element
[DEBUG crypto::sign_with_nonce] Step 1: Computing R = nonce * G
[DEBUG crypto::sign_with_nonce] R encoded (full 40 bytes): 7b066a65aae7c134a6c669b62a5891959223b1ed4d4e17e806b549bed6818e1dbbf1f54c47b7ee81
[DEBUG crypto::sign_with_nonce] R Fp5 elements:
  R[0] = 3801574279509313147 (u64)
  R[1] = 10777492323746563750 (u64)
  R[2] = 16723921837870883730 (u64)
  R[3] = 2129782433108309254 (u64)
  R[4] = 9362622192211587515 (u64)
[DEBUG crypto::sign_with_nonce] Step 2: Computing challenge e = H(R || message)
[DEBUG crypto::sign_with_nonce] Pre-image prepared (10 elements):
  PreImage[0] = 3801574279509313147 (u64)
  PreImage[1] = 10777492323746563750 (u64)
  PreImage[2] = 16723921837870883730 (u64)
  PreImage[3] = 2129782433108309254 (u64)
  PreImage[4] = 9362622192211587515 (u64)
  PreImage[5] = 14752275995323716951 (u64)
  PreImage[6] = 13979116212364744272 (u64)
  PreImage[7] = 13467568756240634779 (u64)
  PreImage[8] = 16294669503238711762 (u64)
  PreImage[9] = 4555242039015564639 (u64)
[DEBUG crypto::sign_with_nonce] Challenge e computed (40 bytes): 974912b6b2ceace900612164151dc6cbd39aafc58cb311c159f3f64653e39ba0cb0f7078263c1d37
[DEBUG crypto::sign_with_nonce] Challenge e (first 8 bytes as u64): 16838060373785594263
[DEBUG crypto::sign_with_nonce] Step 3: Computing s = nonce - e * private_key
[DEBUG crypto::sign_with_nonce] Response s computed (40 bytes): 4779d1e3e41e639a3a354ad93b821b3235f9b746b49bf99fe4935d7898b1d613f3a15c23b729b471
[DEBUG crypto::sign_with_nonce] Response s (first 8 bytes as u64): 11124769472958789959
[DEBUG crypto::sign_with_nonce] Step 4: Assembling signature (s || e)
[DEBUG crypto::sign_with_nonce] Final signature: 4779d1e3e41e639a3a354ad93b821b3235f9b746b49bf99fe4935d7898b1d613f3a15c23b729b471974912b6b2ceace9006121
64151dc6cbd39aafc58cb311c159f3f64653e39ba0cb0f7078263c1d37
[DEBUG crypto::sign_with_nonce] ========================================
[DEBUG signer::sign_with_fixed_nonce] Signature from crypto: 4779d1e3e41e639a3a354ad93b821b3235f9b746b49bf99fe4935d7898b1d613f3a15c23b729b471974912b6b2
ceace900612164151dc6cbd39aafc58cb311c159f3f64653e39ba0cb0f7078263c1d37 (length: 80)
[DEBUG signer::sign_with_fixed_nonce] Final signature: 4779d1e3e41e639a3a354ad93b821b3235f9b746b49bf99fe4935d7898b1d613f3a15c23b729b471974912b6b2ceace9
00612164151dc6cbd39aafc58cb311c159f3f64653e39ba0cb0f7078263c1d37
[DEBUG sign_transaction_internal] Signature returned (80 bytes): 4779d1e3e41e639a3a354ad93b821b3235f9b746b49bf99fe4935d7898b1d613f3a15c23b729b471974912
b6b2ceace900612164151dc6cbd39aafc58cb311c159f3f64653e39ba0cb0f7078263c1d37
[DEBUG sign_transaction_internal] Signature s (first 40 bytes): 4779d1e3e41e639a3a354ad93b821b3235f9b746b49bf99fe4935d7898b1d613f3a15c23b729b471
[DEBUG sign_transaction_internal] Signature e (last 40 bytes): 974912b6b2ceace900612164151dc6cbd39aafc58cb311c159f3f64653e39ba0cb0f7078263c1d37
[DEBUG create_order] Signature generated: 4779d1e3e41e639a3a354ad93b821b3235f9b746b49bf99fe4935d7898b1d613f3a15c23b729b471974912b6b2ceace900612164151dc
6cbd39aafc58cb311c159f3f64653e39ba0cb0f7078263c1d37 (length: 80)
[DEBUG create_order] Signature (base64): R3nR4+QeY5o6NUrZO4IbMjX5t0a0m/mf5JNdeJix1hPzoVwjtym0cZdJErayzqzpAGEhZBUdxsvTmq/FjLMRwVnz9kZT45ugyw9weCY8HTc=
[DEBUG create_order] Final transaction JSON: {"AccountIndex":237600,"ApiKeyIndex":4,"BaseAmount":1000,"ClientOrderIndex":1763069203023,"ExpiredAt":1763
070009453,"IsAsk":0,"MarketIndex":0,"Nonce":993,"OrderExpiry":0,"Price":500000000,"ReduceOnly":0,"Sig":"R3nR4+QeY5o6NUrZO4IbMjX5t0a0m/mf5JNdeJix1hPzoVw
jtym0cZdJErayzqzpAGEhZBUdxsvTmq/FjLMRwVnz9kZT45ugyw9weCY8HTc=","TimeInForce":0,"TriggerPrice":0,"Type":1}
[DEBUG create_order] Sending to: https://mainnet.zklighter.elliot.ai/api/v1/sendTx
[DEBUG create_order] Response status: 200 OK, body: {"code":200,"message":"{\"ratelimit\": \"694 volume quota remained\"}","tx_hash":"57d5ca59db9cbacc5
096e76f21ccffc19b53dff76d6ae6bad229ef90944b22e25fe572f17f78373f","predicted_execution_time_ms":1763069409680,"volume_quota_remaining":694}
[DEBUG create_order] ÔòÉÔòÉÔòÉÔòÉÔòÉÔòÉÔòÉÔòÉÔòÉÔòÉÔòÉÔòÉÔòÉÔòÉÔòÉÔòÉÔòÉÔòÉÔòÉÔòÉÔòÉÔòÉÔòÉÔòÉÔòÉÔòÉÔòÉÔòÉÔòÉÔòÉÔòÉÔòÉÔòÉÔòÉÔòÉÔòÉÔòÉÔòÉÔòÉÔòÉ
[DEBUG create_order] API RESPONSE RECEIVED
[DEBUG create_order] ÔòÉÔòÉÔòÉÔòÉÔòÉÔòÉÔòÉÔòÉÔòÉÔòÉÔòÉÔòÉÔòÉÔòÉÔòÉÔòÉÔòÉÔòÉÔòÉÔòÉÔòÉÔòÉÔòÉÔòÉÔòÉÔòÉÔòÉÔòÉÔòÉÔòÉÔòÉÔòÉÔòÉÔòÉÔòÉÔòÉÔòÉÔòÉÔòÉÔòÉ
[DEBUG create_order] Response code: 200
[DEBUG create_order] Response message: {"ratelimit": "694 volume quota remained"}
[DEBUG create_order] Nonce used: 993
[DEBUG create_order] Ô£àÔ£àÔ£à SUCCESS Ô£àÔ£àÔ£à - Transaction succeeded with nonce 993
[DEBUG create_order] ÔòÉÔòÉÔòÉÔòÉÔòÉÔòÉÔòÉÔòÉÔòÉÔòÉÔòÉÔòÉÔòÉÔòÉÔòÉÔòÉÔòÉÔòÉÔòÉÔòÉÔòÉÔòÉÔòÉÔòÉÔòÉÔòÉÔòÉÔòÉÔòÉÔòÉÔòÉÔòÉÔòÉÔòÉÔòÉÔòÉÔòÉÔòÉÔòÉÔòÉ
[DEBUG create_order] SUCCESSFUL SIGNATURE - SAVE THIS FOR COMPARISON
[DEBUG create_order] ÔòÉÔòÉÔòÉÔòÉÔòÉÔòÉÔòÉÔòÉÔòÉÔòÉÔòÉÔòÉÔòÉÔòÉÔòÉÔòÉÔòÉÔòÉÔòÉÔòÉÔòÉÔòÉÔòÉÔòÉÔòÉÔòÉÔòÉÔòÉÔòÉÔòÉÔòÉÔòÉÔòÉÔòÉÔòÉÔòÉÔòÉÔòÉÔòÉÔòÉ
[DEBUG create_order] ========================================

[DEBUG create_order] ========================================
[DEBUG create_order] Starting order creation for client_order_index: 1763069203024
[DEBUG get_next_nonce_from_cache] Fetching nonce from API
[DEBUG fetch_nonce_from_api] Requesting nonce from: https://mainnet.zklighter.elliot.ai/api/v1/nextNonce?account_index=237600&api_key_index=4
[DEBUG fetch_nonce_from_api] Received nonce: 994
[DEBUG get_next_nonce_from_cache] Fetched nonce from API: 994
[DEBUG create_order] ========================================
[DEBUG create_order] Order: client_order_index=1763069203024
[DEBUG create_order] Nonce obtained: 994
[DEBUG create_order] ÔòÉÔòÉÔòÉÔòÉÔòÉÔòÉÔòÉÔòÉÔòÉÔòÉÔòÉÔòÉÔòÉÔòÉÔòÉÔòÉÔòÉÔòÉÔòÉÔòÉÔòÉÔòÉÔòÉÔòÉÔòÉÔòÉÔòÉÔòÉÔòÉÔòÉÔòÉÔòÉÔòÉÔòÉÔòÉÔòÉÔòÉÔòÉÔòÉÔòÉ
[DEBUG create_order] STARTING SIGNATURE COMPUTATION
[DEBUG create_order] ÔòÉÔòÉÔòÉÔòÉÔòÉÔòÉÔòÉÔòÉÔòÉÔòÉÔòÉÔòÉÔòÉÔòÉÔòÉÔòÉÔòÉÔòÉÔòÉÔòÉÔòÉÔòÉÔòÉÔòÉÔòÉÔòÉÔòÉÔòÉÔòÉÔòÉÔòÉÔòÉÔòÉÔòÉÔòÉÔòÉÔòÉÔòÉÔòÉÔòÉ
[DEBUG create_order] Timestamp: now=1763069413736, expired_at=1763070012736
[DEBUG create_order] Transaction JSON (before signing): {"AccountIndex":237600,"ApiKeyIndex":4,"BaseAmount":1000,"ClientOrderIndex":1763069203024,"Expi
redAt":1763070012736,"IsAsk":0,"MarketIndex":0,"Nonce":994,"OrderExpiry":0,"Price":500000000,"ReduceOnly":0,"Sig":"","TimeInForce":0,"TriggerPrice":0,"
Type":1}
[DEBUG sign_transaction_internal] Starting signature computation
[DEBUG sign_transaction_internal] tx_type: 14
[DEBUG sign_transaction_internal] Extracted fields:
  chain_id: 304
  nonce: 994
  expired_at: 1763070012736
  account_index: 237600
  api_key_index: 4
[DEBUG sign_transaction_internal] CREATE_ORDER fields:
  market_index: 0
  client_order_index: 1763069203024
  base_amount: 1000
  price: 500000000
  is_ask: 0
  order_type: 1
  time_in_force: 0
  reduce_only: 0
  trigger_price: 0
  order_expiry: 0
[DEBUG sign_transaction_internal] Hash input elements count: 16
[DEBUG sign_transaction_internal] Hash input elements:
  [0] Element 0: 304 (u64)
  [1] Element 1: 14 (u64)
  [2] Element 2: 994 (u64)
  [3] Element 3: 1763070012736 (u64)
  [4] Element 4: 237600 (u64)
  [5] Element 5: 4 (u64)
  [6] Element 6: 0 (u64)
  [7] Element 7: 1763069203024 (u64)
  [8] Element 8: 1000 (u64)
  [9] Element 9: 500000000 (u64)
  [10] Element 10: 0 (u64)
  [11] Element 11: 1 (u64)
  [12] Element 12: 0 (u64)
  [13] Element 13: 0 (u64)
  [14] Element 14: 0 (u64)
  [15] Element 15: 0 (u64)
[DEBUG sign_transaction_internal] Computing Poseidon2 hash with 16 elements
[DEBUG sign_transaction_internal] Transaction hash (40 bytes): 37ea413dd04dfabb6364f14fba0aa96c0ba41c9cc76e8d350e4ada18147b2ac73ec86bfd5e1d223f
[DEBUG sign_transaction_internal] Transaction hash (first 8 bytes as u64): 13545224386046454327
[DEBUG sign_transaction_internal] Calling key_manager.sign() with hash: 
37ea413dd04dfabb6364f14fba0aa96c0ba41c9cc76e8d350e4ada18147b2ac73ec86bfd5e1d223f
[DEBUG signer::sign] Starting signature generation
[DEBUG signer::sign] Message hash: 37ea413dd04dfabb6364f14fba0aa96c0ba41c9cc76e8d350e4ada18147b2ac73ec86bfd5e1d223f
[DEBUG signer::sign] Generated random nonce: 168c448209347bfaa285d01d65c609b64caa8008a9648101327307ca22ed11e8be55915c739bce94
[DEBUG signer::sign_with_fixed_nonce] Signing with fixed nonce
[DEBUG signer::sign_with_fixed_nonce] Private key (first 16 bytes): 79699d9819553fc6eee1b5e50af049d7...
[DEBUG signer::sign_with_fixed_nonce] Calling crypto::schnorr::sign_with_nonce
[DEBUG crypto::sign_with_nonce] ========================================
[DEBUG crypto::sign_with_nonce] Starting Schnorr signature
[DEBUG crypto::sign_with_nonce] Private key length: 40
[DEBUG crypto::sign_with_nonce] Message length: 40
[DEBUG crypto::sign_with_nonce] Nonce bytes length: 40
[DEBUG crypto::sign_with_nonce] Message hash: 37ea413dd04dfabb6364f14fba0aa96c0ba41c9cc76e8d350e4ada18147b2ac73ec86bfd5e1d223f
[DEBUG crypto::sign_with_nonce] Nonce bytes: 168c448209347bfaa285d01d65c609b64caa8008a9648101327307ca22ed11e8be55915c739bce94
[DEBUG crypto::sign_with_nonce] Private key converted to scalar
[DEBUG crypto::sign_with_nonce] Nonce converted to scalar
[DEBUG crypto::sign_with_nonce] Message converted to Fp5Element
[DEBUG crypto::sign_with_nonce] Step 1: Computing R = nonce * G
[DEBUG crypto::sign_with_nonce] R encoded (full 40 bytes): 6063360bdcbc23169041139c75203504eab3a0dd238c3858cd97f497b7b371ca308a5b4974be6fa7
[DEBUG crypto::sign_with_nonce] R Fp5 elements:
  R[0] = 1595326346286228320 (u64)
  R[1] = 303184239419146640 (u64)
  R[2] = 6356984959703495658 (u64)
  R[3] = 14587638269139523533 (u64)
  R[4] = 12065071333405067824 (u64)
[DEBUG crypto::sign_with_nonce] Step 2: Computing challenge e = H(R || message)
[DEBUG crypto::sign_with_nonce] Pre-image prepared (10 elements):
  PreImage[0] = 1595326346286228320 (u64)
  PreImage[1] = 303184239419146640 (u64)
  PreImage[2] = 6356984959703495658 (u64)
  PreImage[3] = 14587638269139523533 (u64)
  PreImage[4] = 12065071333405067824 (u64)
  PreImage[5] = 13545224386046454327 (u64)
  PreImage[6] = 7829801222481732707 (u64)
  PreImage[7] = 3858862259323053067 (u64)
  PreImage[8] = 14351418488816028174 (u64)
  PreImage[9] = 4549230867413452862 (u64)
[DEBUG crypto::sign_with_nonce] Challenge e computed (40 bytes): 8d3b025dce3e44df8219bb58f782f8c814270fdddef0b804f2a8aa17a821d94e85b1d253c2629e52
[DEBUG crypto::sign_with_nonce] Challenge e (first 8 bytes as u64): 16088052824918866829
[DEBUG crypto::sign_with_nonce] Step 3: Computing s = nonce - e * private_key
[DEBUG crypto::sign_with_nonce] Response s computed (40 bytes): e8de8bae79f4903a9fe0596b9e2eeaeb18bc52cf16f5f62bb9c2ce682ff1a90da5430c16c01ba524
[DEBUG crypto::sign_with_nonce] Response s (first 8 bytes as u64): 4220141654302777064
[DEBUG crypto::sign_with_nonce] Step 4: Assembling signature (s || e)
[DEBUG crypto::sign_with_nonce] Final signature: e8de8bae79f4903a9fe0596b9e2eeaeb18bc52cf16f5f62bb9c2ce682ff1a90da5430c16c01ba5248d3b025dce3e44df8219bb
58f782f8c814270fdddef0b804f2a8aa17a821d94e85b1d253c2629e52
[DEBUG crypto::sign_with_nonce] ========================================
[DEBUG signer::sign_with_fixed_nonce] Signature from crypto: e8de8bae79f4903a9fe0596b9e2eeaeb18bc52cf16f5f62bb9c2ce682ff1a90da5430c16c01ba5248d3b025dce
3e44df8219bb58f782f8c814270fdddef0b804f2a8aa17a821d94e85b1d253c2629e52 (length: 80)
[DEBUG signer::sign_with_fixed_nonce] Final signature: e8de8bae79f4903a9fe0596b9e2eeaeb18bc52cf16f5f62bb9c2ce682ff1a90da5430c16c01ba5248d3b025dce3e44df
8219bb58f782f8c814270fdddef0b804f2a8aa17a821d94e85b1d253c2629e52
[DEBUG sign_transaction_internal] Signature returned (80 bytes): e8de8bae79f4903a9fe0596b9e2eeaeb18bc52cf16f5f62bb9c2ce682ff1a90da5430c16c01ba5248d3b02
5dce3e44df8219bb58f782f8c814270fdddef0b804f2a8aa17a821d94e85b1d253c2629e52
[DEBUG sign_transaction_internal] Signature s (first 40 bytes): e8de8bae79f4903a9fe0596b9e2eeaeb18bc52cf16f5f62bb9c2ce682ff1a90da5430c16c01ba524
[DEBUG sign_transaction_internal] Signature e (last 40 bytes): 8d3b025dce3e44df8219bb58f782f8c814270fdddef0b804f2a8aa17a821d94e85b1d253c2629e52
[DEBUG create_order] Signature generated: e8de8bae79f4903a9fe0596b9e2eeaeb18bc52cf16f5f62bb9c2ce682ff1a90da5430c16c01ba5248d3b025dce3e44df8219bb58f782f
8c814270fdddef0b804f2a8aa17a821d94e85b1d253c2629e52 (length: 80)
[DEBUG create_order] Signature (base64): 6N6Lrnn0kDqf4Flrni7q6xi8Us8W9fYrucLOaC/xqQ2lQwwWwBulJI07Al3OPkTfghm7WPeC+MgUJw/d3vC4BPKoqheoIdlOhbHSU8JinlI=
[DEBUG create_order] Final transaction JSON: {"AccountIndex":237600,"ApiKeyIndex":4,"BaseAmount":1000,"ClientOrderIndex":1763069203024,"ExpiredAt":1763
070012736,"IsAsk":0,"MarketIndex":0,"Nonce":994,"OrderExpiry":0,"Price":500000000,"ReduceOnly":0,"Sig":"6N6Lrnn0kDqf4Flrni7q6xi8Us8W9fYrucLOaC/xqQ2lQww
WwBulJI07Al3OPkTfghm7WPeC+MgUJw/d3vC4BPKoqheoIdlOhbHSU8JinlI=","TimeInForce":0,"TriggerPrice":0,"Type":1}
[DEBUG create_order] Sending to: https://mainnet.zklighter.elliot.ai/api/v1/sendTx
[DEBUG create_order] Response status: 400 Bad Request, body: {"code":21120,"message":"invalid signature"}
[DEBUG create_order] ÔòÉÔòÉÔòÉÔòÉÔòÉÔòÉÔòÉÔòÉÔòÉÔòÉÔòÉÔòÉÔòÉÔòÉÔòÉÔòÉÔòÉÔòÉÔòÉÔòÉÔòÉÔòÉÔòÉÔòÉÔòÉÔòÉÔòÉÔòÉÔòÉÔòÉÔòÉÔòÉÔòÉÔòÉÔòÉÔòÉÔòÉÔòÉÔòÉÔòÉ
[DEBUG create_order] API RESPONSE RECEIVED
[DEBUG create_order] ÔòÉÔòÉÔòÉÔòÉÔòÉÔòÉÔòÉÔòÉÔòÉÔòÉÔòÉÔòÉÔòÉÔòÉÔòÉÔòÉÔòÉÔòÉÔòÉÔòÉÔòÉÔòÉÔòÉÔòÉÔòÉÔòÉÔòÉÔòÉÔòÉÔòÉÔòÉÔòÉÔòÉÔòÉÔòÉÔòÉÔòÉÔòÉÔòÉÔòÉ
[DEBUG create_order] Response code: 21120
[DEBUG create_order] Response message: invalid signature
[DEBUG create_order] Nonce used: 994
[DEBUG create_order] ÔØîÔØîÔØî INVALID SIGNATURE ERROR ÔØîÔØîÔØî (code 21120) - Nonce used: 994
[DEBUG create_order] ÔòÉÔòÉÔòÉÔòÉÔòÉÔòÉÔòÉÔòÉÔòÉÔòÉÔòÉÔòÉÔòÉÔòÉÔòÉÔòÉÔòÉÔòÉÔòÉÔòÉÔòÉÔòÉÔòÉÔòÉÔòÉÔòÉÔòÉÔòÉÔòÉÔòÉÔòÉÔòÉÔòÉÔòÉÔòÉÔòÉÔòÉÔòÉÔòÉÔòÉ
[DEBUG create_order] FAILED SIGNATURE - COMPARE WITH SUCCESSFUL ONES
[DEBUG create_order] ÔòÉÔòÉÔòÉÔòÉÔòÉÔòÉÔòÉÔòÉÔòÉÔòÉÔòÉÔòÉÔòÉÔòÉÔòÉÔòÉÔòÉÔòÉÔòÉÔòÉÔòÉÔòÉÔòÉÔòÉÔòÉÔòÉÔòÉÔòÉÔòÉÔòÉÔòÉÔòÉÔòÉÔòÉÔòÉÔòÉÔòÉÔòÉÔòÉÔòÉ
[DEBUG create_order] This could be nonce sync issue or signature computation issue
[DEBUG fetch_nonce_from_api] Requesting nonce from: https://mainnet.zklighter.elliot.ai/api/v1/nextNonce?account_index=237600&api_key_index=4
[DEBUG fetch_nonce_from_api] Received nonce: 994
[DEBUG refresh_nonce_cache] Refreshed nonce: 994
[DEBUG create_order] ========================================
  ÔØî [64] INVALID SIGNATURE (Code: 21120) - Check debug logs for nonce

[DEBUG create_order] ========================================
[DEBUG create_order] Starting order creation for client_order_index: 1763069203025
[DEBUG get_next_nonce_from_cache] Fetching nonce from API
[DEBUG fetch_nonce_from_api] Requesting nonce from: https://mainnet.zklighter.elliot.ai/api/v1/nextNonce?account_index=237600&api_key_index=4
[DEBUG fetch_nonce_from_api] Received nonce: 994
[DEBUG get_next_nonce_from_cache] Fetched nonce from API: 994
[DEBUG create_order] ========================================
[DEBUG create_order] Order: client_order_index=1763069203025
[DEBUG create_order] Nonce obtained: 994
[DEBUG create_order] ÔòÉÔòÉÔòÉÔòÉÔòÉÔòÉÔòÉÔòÉÔòÉÔòÉÔòÉÔòÉÔòÉÔòÉÔòÉÔòÉÔòÉÔòÉÔòÉÔòÉÔòÉÔòÉÔòÉÔòÉÔòÉÔòÉÔòÉÔòÉÔòÉÔòÉÔòÉÔòÉÔòÉÔòÉÔòÉÔòÉÔòÉÔòÉÔòÉÔòÉ
[DEBUG create_order] STARTING SIGNATURE COMPUTATION
[DEBUG create_order] ÔòÉÔòÉÔòÉÔòÉÔòÉÔòÉÔòÉÔòÉÔòÉÔòÉÔòÉÔòÉÔòÉÔòÉÔòÉÔòÉÔòÉÔòÉÔòÉÔòÉÔòÉÔòÉÔòÉÔòÉÔòÉÔòÉÔòÉÔòÉÔòÉÔòÉÔòÉÔòÉÔòÉÔòÉÔòÉÔòÉÔòÉÔòÉÔòÉÔòÉ
[DEBUG create_order] Timestamp: now=1763069417118, expired_at=1763070016118
[DEBUG create_order] Transaction JSON (before signing): {"AccountIndex":237600,"ApiKeyIndex":4,"BaseAmount":1000,"ClientOrderIndex":1763069203025,"Expi
redAt":1763070016118,"IsAsk":0,"MarketIndex":0,"Nonce":994,"OrderExpiry":0,"Price":500000000,"ReduceOnly":0,"Sig":"","TimeInForce":0,"TriggerPrice":0,"
Type":1}
[DEBUG sign_transaction_internal] Starting signature computation
[DEBUG sign_transaction_internal] tx_type: 14
[DEBUG sign_transaction_internal] Extracted fields:
  chain_id: 304
  nonce: 994
  expired_at: 1763070016118
  account_index: 237600
  api_key_index: 4
[DEBUG sign_transaction_internal] CREATE_ORDER fields:
  market_index: 0
  client_order_index: 1763069203025
  base_amount: 1000
  price: 500000000
  is_ask: 0
  order_type: 1
  time_in_force: 0
  reduce_only: 0
  trigger_price: 0
  order_expiry: 0
[DEBUG sign_transaction_internal] Hash input elements count: 16
[DEBUG sign_transaction_internal] Hash input elements:
  [0] Element 0: 304 (u64)
  [1] Element 1: 14 (u64)
  [2] Element 2: 994 (u64)
  [3] Element 3: 1763070016118 (u64)
  [4] Element 4: 237600 (u64)
  [5] Element 5: 4 (u64)
  [6] Element 6: 0 (u64)
  [7] Element 7: 1763069203025 (u64)
  [8] Element 8: 1000 (u64)
  [9] Element 9: 500000000 (u64)
  [10] Element 10: 0 (u64)
  [11] Element 11: 1 (u64)
  [12] Element 12: 0 (u64)
  [13] Element 13: 0 (u64)
  [14] Element 14: 0 (u64)
  [15] Element 15: 0 (u64)
[DEBUG sign_transaction_internal] Computing Poseidon2 hash with 16 elements
[DEBUG sign_transaction_internal] Transaction hash (40 bytes): 3c443adce1c1f2de537fcc11880b18bfb3bb3d31be5f086b071cdc58089fad9673f16dc76f410fb8
[DEBUG sign_transaction_internal] Transaction hash (first 8 bytes as u64): 16065115996590588988
[DEBUG sign_transaction_internal] Calling key_manager.sign() with hash: 
3c443adce1c1f2de537fcc11880b18bfb3bb3d31be5f086b071cdc58089fad9673f16dc76f410fb8
[DEBUG signer::sign] Starting signature generation
[DEBUG signer::sign] Message hash: 3c443adce1c1f2de537fcc11880b18bfb3bb3d31be5f086b071cdc58089fad9673f16dc76f410fb8
[DEBUG signer::sign] Generated random nonce: 3de99e9d2d6e27e4f50a1bee4130ab463c4a3a5c716cbd3fedbbbe354168621777e10ae4b83e4488
[DEBUG signer::sign_with_fixed_nonce] Signing with fixed nonce
[DEBUG signer::sign_with_fixed_nonce] Private key (first 16 bytes): 79699d9819553fc6eee1b5e50af049d7...
[DEBUG signer::sign_with_fixed_nonce] Calling crypto::schnorr::sign_with_nonce
[DEBUG crypto::sign_with_nonce] ========================================
[DEBUG crypto::sign_with_nonce] Starting Schnorr signature
[DEBUG crypto::sign_with_nonce] Private key length: 40
[DEBUG crypto::sign_with_nonce] Message length: 40
[DEBUG crypto::sign_with_nonce] Nonce bytes length: 40
[DEBUG crypto::sign_with_nonce] Message hash: 3c443adce1c1f2de537fcc11880b18bfb3bb3d31be5f086b071cdc58089fad9673f16dc76f410fb8
[DEBUG crypto::sign_with_nonce] Nonce bytes: 3de99e9d2d6e27e4f50a1bee4130ab463c4a3a5c716cbd3fedbbbe354168621777e10ae4b83e4488
[DEBUG crypto::sign_with_nonce] Private key converted to scalar
[DEBUG crypto::sign_with_nonce] Nonce converted to scalar
[DEBUG crypto::sign_with_nonce] Message converted to Fp5Element
[DEBUG crypto::sign_with_nonce] Step 1: Computing R = nonce * G
[DEBUG crypto::sign_with_nonce] R encoded (full 40 bytes): dc4e0539a76f511d7e6057a04bf75aa130c133ab7606a4131b82a1264601aed5bfd165284a4a69ad
[DEBUG crypto::sign_with_nonce] R Fp5 elements:
  R[0] = 2112592464220344028 (u64)
  R[1] = 11626877292195045502 (u64)
  R[2] = 1415263289649381680 (u64)
  R[3] = 15397245576833761819 (u64)
  R[4] = 12495600323481948607 (u64)
[DEBUG crypto::sign_with_nonce] Step 2: Computing challenge e = H(R || message)
[DEBUG crypto::sign_with_nonce] Pre-image prepared (10 elements):
  PreImage[0] = 2112592464220344028 (u64)
  PreImage[1] = 11626877292195045502 (u64)
  PreImage[2] = 1415263289649381680 (u64)
  PreImage[3] = 15397245576833761819 (u64)
  PreImage[4] = 12495600323481948607 (u64)
  PreImage[5] = 16065115996590588988 (u64)
  PreImage[6] = 13769768539727363923 (u64)
  PreImage[7] = 7712519632346528691 (u64)
  PreImage[8] = 10857509134859508743 (u64)
  PreImage[9] = 13262891375972446579 (u64)
[DEBUG crypto::sign_with_nonce] Challenge e computed (40 bytes): a7a753ccb53228cc9982a988dfa7f601904228fbf547abd24a0499e8c8387d4764307c4b313a1107
[DEBUG crypto::sign_with_nonce] Challenge e (first 8 bytes as u64): 14711063939204229031
[DEBUG crypto::sign_with_nonce] Step 3: Computing s = nonce - e * private_key
[DEBUG crypto::sign_with_nonce] Response s computed (40 bytes): c88621b599f8378566338d65084df5fc4a1577a09a2bbd5b6862e64b01a2cd5bc7eac17c806b041c
[DEBUG crypto::sign_with_nonce] Response s (first 8 bytes as u64): 9599414469816059592
[DEBUG crypto::sign_with_nonce] Step 4: Assembling signature (s || e)
[DEBUG crypto::sign_with_nonce] Final signature: c88621b599f8378566338d65084df5fc4a1577a09a2bbd5b6862e64b01a2cd5bc7eac17c806b041ca7a753ccb53228cc9982a9
88dfa7f601904228fbf547abd24a0499e8c8387d4764307c4b313a1107
[DEBUG crypto::sign_with_nonce] ========================================
[DEBUG signer::sign_with_fixed_nonce] Signature from crypto: c88621b599f8378566338d65084df5fc4a1577a09a2bbd5b6862e64b01a2cd5bc7eac17c806b041ca7a753ccb5
3228cc9982a988dfa7f601904228fbf547abd24a0499e8c8387d4764307c4b313a1107 (length: 80)
[DEBUG signer::sign_with_fixed_nonce] Final signature: c88621b599f8378566338d65084df5fc4a1577a09a2bbd5b6862e64b01a2cd5bc7eac17c806b041ca7a753ccb53228cc
9982a988dfa7f601904228fbf547abd24a0499e8c8387d4764307c4b313a1107
[DEBUG sign_transaction_internal] Signature returned (80 bytes): c88621b599f8378566338d65084df5fc4a1577a09a2bbd5b6862e64b01a2cd5bc7eac17c806b041ca7a753
ccb53228cc9982a988dfa7f601904228fbf547abd24a0499e8c8387d4764307c4b313a1107
[DEBUG sign_transaction_internal] Signature s (first 40 bytes): c88621b599f8378566338d65084df5fc4a1577a09a2bbd5b6862e64b01a2cd5bc7eac17c806b041c
[DEBUG sign_transaction_internal] Signature e (last 40 bytes): a7a753ccb53228cc9982a988dfa7f601904228fbf547abd24a0499e8c8387d4764307c4b313a1107
[DEBUG create_order] Signature generated: c88621b599f8378566338d65084df5fc4a1577a09a2bbd5b6862e64b01a2cd5bc7eac17c806b041ca7a753ccb53228cc9982a988dfa7f
601904228fbf547abd24a0499e8c8387d4764307c4b313a1107 (length: 80)
[DEBUG create_order] Signature (base64): yIYhtZn4N4VmM41lCE31/EoVd6CaK71baGLmSwGizVvH6sF8gGsEHKenU8y1MijMmYKpiN+n9gGQQij79Uer0koEmejIOH1HZDB8SzE6EQc=
[DEBUG create_order] Final transaction JSON: {"AccountIndex":237600,"ApiKeyIndex":4,"BaseAmount":1000,"ClientOrderIndex":1763069203025,"ExpiredAt":1763
070016118,"IsAsk":0,"MarketIndex":0,"Nonce":994,"OrderExpiry":0,"Price":500000000,"ReduceOnly":0,"Sig":"yIYhtZn4N4VmM41lCE31/EoVd6CaK71baGLmSwGizVvH6sF
8gGsEHKenU8y1MijMmYKpiN+n9gGQQij79Uer0koEmejIOH1HZDB8SzE6EQc=","TimeInForce":0,"TriggerPrice":0,"Type":1}
[DEBUG create_order] Sending to: https://mainnet.zklighter.elliot.ai/api/v1/sendTx
[DEBUG create_order] Response status: 400 Bad Request, body: {"code":21120,"message":"invalid signature"}
[DEBUG create_order] ÔòÉÔòÉÔòÉÔòÉÔòÉÔòÉÔòÉÔòÉÔòÉÔòÉÔòÉÔòÉÔòÉÔòÉÔòÉÔòÉÔòÉÔòÉÔòÉÔòÉÔòÉÔòÉÔòÉÔòÉÔòÉÔòÉÔòÉÔòÉÔòÉÔòÉÔòÉÔòÉÔòÉÔòÉÔòÉÔòÉÔòÉÔòÉÔòÉÔòÉ
[DEBUG create_order] API RESPONSE RECEIVED
[DEBUG create_order] ÔòÉÔòÉÔòÉÔòÉÔòÉÔòÉÔòÉÔòÉÔòÉÔòÉÔòÉÔòÉÔòÉÔòÉÔòÉÔòÉÔòÉÔòÉÔòÉÔòÉÔòÉÔòÉÔòÉÔòÉÔòÉÔòÉÔòÉÔòÉÔòÉÔòÉÔòÉÔòÉÔòÉÔòÉÔòÉÔòÉÔòÉÔòÉÔòÉÔòÉ
[DEBUG create_order] Response code: 21120
[DEBUG create_order] Response message: invalid signature
[DEBUG create_order] Nonce used: 994
[DEBUG create_order] ÔØîÔØîÔØî INVALID SIGNATURE ERROR ÔØîÔØîÔØî (code 21120) - Nonce used: 994
[DEBUG create_order] ÔòÉÔòÉÔòÉÔòÉÔòÉÔòÉÔòÉÔòÉÔòÉÔòÉÔòÉÔòÉÔòÉÔòÉÔòÉÔòÉÔòÉÔòÉÔòÉÔòÉÔòÉÔòÉÔòÉÔòÉÔòÉÔòÉÔòÉÔòÉÔòÉÔòÉÔòÉÔòÉÔòÉÔòÉÔòÉÔòÉÔòÉÔòÉÔòÉÔòÉ
[DEBUG create_order] FAILED SIGNATURE - COMPARE WITH SUCCESSFUL ONES
[DEBUG create_order] ÔòÉÔòÉÔòÉÔòÉÔòÉÔòÉÔòÉÔòÉÔòÉÔòÉÔòÉÔòÉÔòÉÔòÉÔòÉÔòÉÔòÉÔòÉÔòÉÔòÉÔòÉÔòÉÔòÉÔòÉÔòÉÔòÉÔòÉÔòÉÔòÉÔòÉÔòÉÔòÉÔòÉÔòÉÔòÉÔòÉÔòÉÔòÉÔòÉÔòÉ
[DEBUG create_order] This could be nonce sync issue or signature computation issue
[DEBUG fetch_nonce_from_api] Requesting nonce from: https://mainnet.zklighter.elliot.ai/api/v1/nextNonce?account_index=237600&api_key_index=4
[DEBUG fetch_nonce_from_api] Received nonce: 994
[DEBUG refresh_nonce_cache] Refreshed nonce: 994
[DEBUG create_order] ========================================
  ÔØî [65] INVALID SIGNATURE (Code: 21120) - Check debug logs for nonce

[DEBUG create_order] ========================================
[DEBUG create_order] Starting order creation for client_order_index: 1763069203026
[DEBUG get_next_nonce_from_cache] Fetching nonce from API
[DEBUG fetch_nonce_from_api] Requesting nonce from: https://mainnet.zklighter.elliot.ai/api/v1/nextNonce?account_index=237600&api_key_index=4
[DEBUG fetch_nonce_from_api] Received nonce: 994
[DEBUG get_next_nonce_from_cache] Fetched nonce from API: 994
[DEBUG create_order] ========================================
[DEBUG create_order] Order: client_order_index=1763069203026
[DEBUG create_order] Nonce obtained: 994
[DEBUG create_order] ÔòÉÔòÉÔòÉÔòÉÔòÉÔòÉÔòÉÔòÉÔòÉÔòÉÔòÉÔòÉÔòÉÔòÉÔòÉÔòÉÔòÉÔòÉÔòÉÔòÉÔòÉÔòÉÔòÉÔòÉÔòÉÔòÉÔòÉÔòÉÔòÉÔòÉÔòÉÔòÉÔòÉÔòÉÔòÉÔòÉÔòÉÔòÉÔòÉÔòÉ
[DEBUG create_order] STARTING SIGNATURE COMPUTATION
[DEBUG create_order] ÔòÉÔòÉÔòÉÔòÉÔòÉÔòÉÔòÉÔòÉÔòÉÔòÉÔòÉÔòÉÔòÉÔòÉÔòÉÔòÉÔòÉÔòÉÔòÉÔòÉÔòÉÔòÉÔòÉÔòÉÔòÉÔòÉÔòÉÔòÉÔòÉÔòÉÔòÉÔòÉÔòÉÔòÉÔòÉÔòÉÔòÉÔòÉÔòÉÔòÉ
[DEBUG create_order] Timestamp: now=1763069420503, expired_at=1763070019503
[DEBUG create_order] Transaction JSON (before signing): {"AccountIndex":237600,"ApiKeyIndex":4,"BaseAmount":1000,"ClientOrderIndex":1763069203026,"Expi
redAt":1763070019503,"IsAsk":0,"MarketIndex":0,"Nonce":994,"OrderExpiry":0,"Price":500000000,"ReduceOnly":0,"Sig":"","TimeInForce":0,"TriggerPrice":0,"
Type":1}
[DEBUG sign_transaction_internal] Starting signature computation
[DEBUG sign_transaction_internal] tx_type: 14
[DEBUG sign_transaction_internal] Extracted fields:
  chain_id: 304
  nonce: 994
  expired_at: 1763070019503
  account_index: 237600
  api_key_index: 4
[DEBUG sign_transaction_internal] CREATE_ORDER fields:
  market_index: 0
  client_order_index: 1763069203026
  base_amount: 1000
  price: 500000000
  is_ask: 0
  order_type: 1
  time_in_force: 0
  reduce_only: 0
  trigger_price: 0
  order_expiry: 0
[DEBUG sign_transaction_internal] Hash input elements count: 16
[DEBUG sign_transaction_internal] Hash input elements:
  [0] Element 0: 304 (u64)
  [1] Element 1: 14 (u64)
  [2] Element 2: 994 (u64)
  [3] Element 3: 1763070019503 (u64)
  [4] Element 4: 237600 (u64)
  [5] Element 5: 4 (u64)
  [6] Element 6: 0 (u64)
  [7] Element 7: 1763069203026 (u64)
  [8] Element 8: 1000 (u64)
  [9] Element 9: 500000000 (u64)
  [10] Element 10: 0 (u64)
  [11] Element 11: 1 (u64)
  [12] Element 12: 0 (u64)
  [13] Element 13: 0 (u64)
  [14] Element 14: 0 (u64)
  [15] Element 15: 0 (u64)
[DEBUG sign_transaction_internal] Computing Poseidon2 hash with 16 elements
[DEBUG sign_transaction_internal] Transaction hash (40 bytes): 3897631e916bef9ddf87b8fcf2caf87e99bb23423f5fe6cd922c0b8a7d5d3178c6d32216027a3944
[DEBUG sign_transaction_internal] Transaction hash (first 8 bytes as u64): 11380433054412805944
[DEBUG sign_transaction_internal] Calling key_manager.sign() with hash: 
3897631e916bef9ddf87b8fcf2caf87e99bb23423f5fe6cd922c0b8a7d5d3178c6d32216027a3944
[DEBUG signer::sign] Starting signature generation
[DEBUG signer::sign] Message hash: 3897631e916bef9ddf87b8fcf2caf87e99bb23423f5fe6cd922c0b8a7d5d3178c6d32216027a3944
[DEBUG signer::sign] Generated random nonce: e9318e8a9fc7629520412c8093ee76a80153354ead677544e9c5a4517d2b58fb06e9fc9fc5176c82
[DEBUG signer::sign_with_fixed_nonce] Signing with fixed nonce
[DEBUG signer::sign_with_fixed_nonce] Private key (first 16 bytes): 79699d9819553fc6eee1b5e50af049d7...
[DEBUG signer::sign_with_fixed_nonce] Calling crypto::schnorr::sign_with_nonce
[DEBUG crypto::sign_with_nonce] ========================================
[DEBUG crypto::sign_with_nonce] Starting Schnorr signature
[DEBUG crypto::sign_with_nonce] Private key length: 40
[DEBUG crypto::sign_with_nonce] Message length: 40
[DEBUG crypto::sign_with_nonce] Nonce bytes length: 40
[DEBUG crypto::sign_with_nonce] Message hash: 3897631e916bef9ddf87b8fcf2caf87e99bb23423f5fe6cd922c0b8a7d5d3178c6d32216027a3944
[DEBUG crypto::sign_with_nonce] Nonce bytes: e9318e8a9fc7629520412c8093ee76a80153354ead677544e9c5a4517d2b58fb06e9fc9fc5176c82
[DEBUG crypto::sign_with_nonce] Private key converted to scalar
[DEBUG crypto::sign_with_nonce] Nonce converted to scalar
[DEBUG crypto::sign_with_nonce] Message converted to Fp5Element
[DEBUG crypto::sign_with_nonce] Step 1: Computing R = nonce * G
[DEBUG crypto::sign_with_nonce] R encoded (full 40 bytes): 35c1c64caed9975636f284f7d60b9a0325ab1a99c37480b7ccefc7a9b2ed7d537f649377115285b8
[DEBUG crypto::sign_with_nonce] R Fp5 elements:
  R[0] = 6239695151380742453 (u64)
  R[1] = 259532946430816822 (u64)
  R[2] = 13222696889395882789 (u64)
  R[3] = 6016226028845264844 (u64)
  R[4] = 13296123709855327359 (u64)
[DEBUG crypto::sign_with_nonce] Step 2: Computing challenge e = H(R || message)
[DEBUG crypto::sign_with_nonce] Pre-image prepared (10 elements):
  PreImage[0] = 6239695151380742453 (u64)
  PreImage[1] = 259532946430816822 (u64)
  PreImage[2] = 13222696889395882789 (u64)
  PreImage[3] = 6016226028845264844 (u64)
  PreImage[4] = 13296123709855327359 (u64)
  PreImage[5] = 11380433054412805944 (u64)
  PreImage[6] = 9149285787974010847 (u64)
  PreImage[7] = 14836650747715894169 (u64)
  PreImage[8] = 8660806352178457746 (u64)
  PreImage[9] = 4916094617631511494 (u64)
[DEBUG crypto::sign_with_nonce] Challenge e computed (40 bytes): ecbc65787ab27ff89e7f7d168ba1728f21c1f19294c578d85c668eb1c9f46de2e5e012ea0bf26752
[DEBUG crypto::sign_with_nonce] Challenge e (first 8 bytes as u64): 17906226882524069100
[DEBUG crypto::sign_with_nonce] Step 3: Computing s = nonce - e * private_key
[DEBUG crypto::sign_with_nonce] Response s computed (40 bytes): 01b8c957d81808ec9293f5d40685ca0dfa9fdd09e36672992f4bbc7dd6534e26d94643cab70cd704
[DEBUG crypto::sign_with_nonce] Response s (first 8 bytes as u64): 17007871310229518337
[DEBUG crypto::sign_with_nonce] Step 4: Assembling signature (s || e)
[DEBUG crypto::sign_with_nonce] Final signature: 01b8c957d81808ec9293f5d40685ca0dfa9fdd09e36672992f4bbc7dd6534e26d94643cab70cd704ecbc65787ab27ff89e7f7d
168ba1728f21c1f19294c578d85c668eb1c9f46de2e5e012ea0bf26752
[DEBUG crypto::sign_with_nonce] ========================================
[DEBUG signer::sign_with_fixed_nonce] Signature from crypto: 01b8c957d81808ec9293f5d40685ca0dfa9fdd09e36672992f4bbc7dd6534e26d94643cab70cd704ecbc65787a
b27ff89e7f7d168ba1728f21c1f19294c578d85c668eb1c9f46de2e5e012ea0bf26752 (length: 80)
[DEBUG signer::sign_with_fixed_nonce] Final signature: 01b8c957d81808ec9293f5d40685ca0dfa9fdd09e36672992f4bbc7dd6534e26d94643cab70cd704ecbc65787ab27ff8
9e7f7d168ba1728f21c1f19294c578d85c668eb1c9f46de2e5e012ea0bf26752
[DEBUG sign_transaction_internal] Signature returned (80 bytes): 01b8c957d81808ec9293f5d40685ca0dfa9fdd09e36672992f4bbc7dd6534e26d94643cab70cd704ecbc65
787ab27ff89e7f7d168ba1728f21c1f19294c578d85c668eb1c9f46de2e5e012ea0bf26752
[DEBUG sign_transaction_internal] Signature s (first 40 bytes): 01b8c957d81808ec9293f5d40685ca0dfa9fdd09e36672992f4bbc7dd6534e26d94643cab70cd704
[DEBUG sign_transaction_internal] Signature e (last 40 bytes): ecbc65787ab27ff89e7f7d168ba1728f21c1f19294c578d85c668eb1c9f46de2e5e012ea0bf26752
[DEBUG create_order] Signature generated: 01b8c957d81808ec9293f5d40685ca0dfa9fdd09e36672992f4bbc7dd6534e26d94643cab70cd704ecbc65787ab27ff89e7f7d168ba17
28f21c1f19294c578d85c668eb1c9f46de2e5e012ea0bf26752 (length: 80)
[DEBUG create_order] Signature (base64): AbjJV9gYCOySk/XUBoXKDfqf3QnjZnKZL0u8fdZTTibZRkPKtwzXBOy8ZXh6sn/4nn99Fouhco8hwfGSlMV42FxmjrHJ9G3i5eAS6gvyZ1I=
[DEBUG create_order] Final transaction JSON: {"AccountIndex":237600,"ApiKeyIndex":4,"BaseAmount":1000,"ClientOrderIndex":1763069203026,"ExpiredAt":1763
070019503,"IsAsk":0,"MarketIndex":0,"Nonce":994,"OrderExpiry":0,"Price":500000000,"ReduceOnly":0,"Sig":"AbjJV9gYCOySk/XUBoXKDfqf3QnjZnKZL0u8fdZTTibZRkP
KtwzXBOy8ZXh6sn/4nn99Fouhco8hwfGSlMV42FxmjrHJ9G3i5eAS6gvyZ1I=","TimeInForce":0,"TriggerPrice":0,"Type":1}
[DEBUG create_order] Sending to: https://mainnet.zklighter.elliot.ai/api/v1/sendTx
[DEBUG create_order] Response status: 200 OK, body: {"code":200,"message":"{\"ratelimit\": \"didn't use volume 
quota\"}","tx_hash":"3897631e916bef9ddf87b8fcf2caf87e99bb23423f5fe6cd922c0b8a7d5d3178c6d32216027a3944","predicted_execution_time_ms":1763069419716}
[DEBUG create_order] ÔòÉÔòÉÔòÉÔòÉÔòÉÔòÉÔòÉÔòÉÔòÉÔòÉÔòÉÔòÉÔòÉÔòÉÔòÉÔòÉÔòÉÔòÉÔòÉÔòÉÔòÉÔòÉÔòÉÔòÉÔòÉÔòÉÔòÉÔòÉÔòÉÔòÉÔòÉÔòÉÔòÉÔòÉÔòÉÔòÉÔòÉÔòÉÔòÉÔòÉ
[DEBUG create_order] API RESPONSE RECEIVED
[DEBUG create_order] ÔòÉÔòÉÔòÉÔòÉÔòÉÔòÉÔòÉÔòÉÔòÉÔòÉÔòÉÔòÉÔòÉÔòÉÔòÉÔòÉÔòÉÔòÉÔòÉÔòÉÔòÉÔòÉÔòÉÔòÉÔòÉÔòÉÔòÉÔòÉÔòÉÔòÉÔòÉÔòÉÔòÉÔòÉÔòÉÔòÉÔòÉÔòÉÔòÉÔòÉ
[DEBUG create_order] Response code: 200
[DEBUG create_order] Response message: {"ratelimit": "didn't use volume quota"}
[DEBUG create_order] Nonce used: 994
[DEBUG create_order] Ô£àÔ£àÔ£à SUCCESS Ô£àÔ£àÔ£à - Transaction succeeded with nonce 994
[DEBUG create_order] ÔòÉÔòÉÔòÉÔòÉÔòÉÔòÉÔòÉÔòÉÔòÉÔòÉÔòÉÔòÉÔòÉÔòÉÔòÉÔòÉÔòÉÔòÉÔòÉÔòÉÔòÉÔòÉÔòÉÔòÉÔòÉÔòÉÔòÉÔòÉÔòÉÔòÉÔòÉÔòÉÔòÉÔòÉÔòÉÔòÉÔòÉÔòÉÔòÉÔòÉ
[DEBUG create_order] SUCCESSFUL SIGNATURE - SAVE THIS FOR COMPARISON
[DEBUG create_order] ÔòÉÔòÉÔòÉÔòÉÔòÉÔòÉÔòÉÔòÉÔòÉÔòÉÔòÉÔòÉÔòÉÔòÉÔòÉÔòÉÔòÉÔòÉÔòÉÔòÉÔòÉÔòÉÔòÉÔòÉÔòÉÔòÉÔòÉÔòÉÔòÉÔòÉÔòÉÔòÉÔòÉÔòÉÔòÉÔòÉÔòÉÔòÉÔòÉÔòÉ
[DEBUG create_order] ========================================

[DEBUG create_order] ========================================
[DEBUG create_order] Starting order creation for client_order_index: 1763069203027
[DEBUG get_next_nonce_from_cache] Fetching nonce from API
[DEBUG fetch_nonce_from_api] Requesting nonce from: https://mainnet.zklighter.elliot.ai/api/v1/nextNonce?account_index=237600&api_key_index=4
[DEBUG fetch_nonce_from_api] Received nonce: 995
[DEBUG get_next_nonce_from_cache] Fetched nonce from API: 995
[DEBUG create_order] ========================================
[DEBUG create_order] Order: client_order_index=1763069203027
[DEBUG create_order] Nonce obtained: 995
[DEBUG create_order] ÔòÉÔòÉÔòÉÔòÉÔòÉÔòÉÔòÉÔòÉÔòÉÔòÉÔòÉÔòÉÔòÉÔòÉÔòÉÔòÉÔòÉÔòÉÔòÉÔòÉÔòÉÔòÉÔòÉÔòÉÔòÉÔòÉÔòÉÔòÉÔòÉÔòÉÔòÉÔòÉÔòÉÔòÉÔòÉÔòÉÔòÉÔòÉÔòÉÔòÉ
[DEBUG create_order] STARTING SIGNATURE COMPUTATION
[DEBUG create_order] ÔòÉÔòÉÔòÉÔòÉÔòÉÔòÉÔòÉÔòÉÔòÉÔòÉÔòÉÔòÉÔòÉÔòÉÔòÉÔòÉÔòÉÔòÉÔòÉÔòÉÔòÉÔòÉÔòÉÔòÉÔòÉÔòÉÔòÉÔòÉÔòÉÔòÉÔòÉÔòÉÔòÉÔòÉÔòÉÔòÉÔòÉÔòÉÔòÉÔòÉ
[DEBUG create_order] Timestamp: now=1763069423770, expired_at=1763070022770
[DEBUG create_order] Transaction JSON (before signing): {"AccountIndex":237600,"ApiKeyIndex":4,"BaseAmount":1000,"ClientOrderIndex":1763069203027,"Expi
redAt":1763070022770,"IsAsk":0,"MarketIndex":0,"Nonce":995,"OrderExpiry":0,"Price":500000000,"ReduceOnly":0,"Sig":"","TimeInForce":0,"TriggerPrice":0,"
Type":1}
[DEBUG sign_transaction_internal] Starting signature computation
[DEBUG sign_transaction_internal] tx_type: 14
[DEBUG sign_transaction_internal] Extracted fields:
  chain_id: 304
  nonce: 995
  expired_at: 1763070022770
  account_index: 237600
  api_key_index: 4
[DEBUG sign_transaction_internal] CREATE_ORDER fields:
  market_index: 0
  client_order_index: 1763069203027
  base_amount: 1000
  price: 500000000
  is_ask: 0
  order_type: 1
  time_in_force: 0
  reduce_only: 0
  trigger_price: 0
  order_expiry: 0
[DEBUG sign_transaction_internal] Hash input elements count: 16
[DEBUG sign_transaction_internal] Hash input elements:
  [0] Element 0: 304 (u64)
  [1] Element 1: 14 (u64)
  [2] Element 2: 995 (u64)
  [3] Element 3: 1763070022770 (u64)
  [4] Element 4: 237600 (u64)
  [5] Element 5: 4 (u64)
  [6] Element 6: 0 (u64)
  [7] Element 7: 1763069203027 (u64)
  [8] Element 8: 1000 (u64)
  [9] Element 9: 500000000 (u64)
  [10] Element 10: 0 (u64)
  [11] Element 11: 1 (u64)
  [12] Element 12: 0 (u64)
  [13] Element 13: 0 (u64)
  [14] Element 14: 0 (u64)
  [15] Element 15: 0 (u64)
[DEBUG sign_transaction_internal] Computing Poseidon2 hash with 16 elements
[DEBUG sign_transaction_internal] Transaction hash (40 bytes): 68f8625e6d097cf1d53a4d354aebf36d21508bdcac255934942e6bf471eb9f84682bf045403aaf86
[DEBUG sign_transaction_internal] Transaction hash (first 8 bytes as u64): 17400793425592383592
[DEBUG sign_transaction_internal] Calling key_manager.sign() with hash: 
68f8625e6d097cf1d53a4d354aebf36d21508bdcac255934942e6bf471eb9f84682bf045403aaf86
[DEBUG signer::sign] Starting signature generation
[DEBUG signer::sign] Message hash: 68f8625e6d097cf1d53a4d354aebf36d21508bdcac255934942e6bf471eb9f84682bf045403aaf86
[DEBUG signer::sign] Generated random nonce: a35b48113f87f64dd631656129c370c983a87771ed62acfca1ca220ecc195fa1f435b51b1baa1434
[DEBUG signer::sign_with_fixed_nonce] Signing with fixed nonce
[DEBUG signer::sign_with_fixed_nonce] Private key (first 16 bytes): 79699d9819553fc6eee1b5e50af049d7...
[DEBUG signer::sign_with_fixed_nonce] Calling crypto::schnorr::sign_with_nonce
[DEBUG crypto::sign_with_nonce] ========================================
[DEBUG crypto::sign_with_nonce] Starting Schnorr signature
[DEBUG crypto::sign_with_nonce] Private key length: 40
[DEBUG crypto::sign_with_nonce] Message length: 40
[DEBUG crypto::sign_with_nonce] Nonce bytes length: 40
[DEBUG crypto::sign_with_nonce] Message hash: 68f8625e6d097cf1d53a4d354aebf36d21508bdcac255934942e6bf471eb9f84682bf045403aaf86
[DEBUG crypto::sign_with_nonce] Nonce bytes: a35b48113f87f64dd631656129c370c983a87771ed62acfca1ca220ecc195fa1f435b51b1baa1434
[DEBUG crypto::sign_with_nonce] Private key converted to scalar
[DEBUG crypto::sign_with_nonce] Nonce converted to scalar
[DEBUG crypto::sign_with_nonce] Message converted to Fp5Element
[DEBUG crypto::sign_with_nonce] Step 1: Computing R = nonce * G
[DEBUG crypto::sign_with_nonce] R encoded (full 40 bytes): 0e956c147cf3c37d3716e5561ba0bf6e756b88bb540dfeb50d19e54ce94dc8207eb20136a7cc0817
[DEBUG crypto::sign_with_nonce] R Fp5 elements:
  R[0] = 9062354589443724558 (u64)
  R[1] = 7980273104006223415 (u64)
  R[2] = 13113933822524156789 (u64)
  R[3] = 2362223668968626445 (u64)
  R[4] = 1659801481223713406 (u64)
[DEBUG crypto::sign_with_nonce] Step 2: Computing challenge e = H(R || message)
[DEBUG crypto::sign_with_nonce] Pre-image prepared (10 elements):
  PreImage[0] = 9062354589443724558 (u64)
  PreImage[1] = 7980273104006223415 (u64)
  PreImage[2] = 13113933822524156789 (u64)
  PreImage[3] = 2362223668968626445 (u64)
  PreImage[4] = 1659801481223713406 (u64)
  PreImage[5] = 17400793425592383592 (u64)
  PreImage[6] = 7922934873429195477 (u64)
  PreImage[7] = 3772087587264221217 (u64)
  PreImage[8] = 9556615808967978644 (u64)
  PreImage[9] = 9705039769732393832 (u64)
[DEBUG crypto::sign_with_nonce] Challenge e computed (40 bytes): 219d196021496ec4935090406f903ac0193f28acf98293325b6b26fdb0330dff6a35537117a34e0b
[DEBUG crypto::sign_with_nonce] Challenge e (first 8 bytes as u64): 14154331086567087393
[DEBUG crypto::sign_with_nonce] Step 3: Computing s = nonce - e * private_key
[DEBUG crypto::sign_with_nonce] Response s computed (40 bytes): a1104ddc55a2bba987416264fde732f57e80805bddffdf56b8c45928c5dbe9418f5b2b5f662de22d
[DEBUG crypto::sign_with_nonce] Response s (first 8 bytes as u64): 12230547702706671777
[DEBUG crypto::sign_with_nonce] Step 4: Assembling signature (s || e)
[DEBUG crypto::sign_with_nonce] Final signature: a1104ddc55a2bba987416264fde732f57e80805bddffdf56b8c45928c5dbe9418f5b2b5f662de22d219d196021496ec4935090
406f903ac0193f28acf98293325b6b26fdb0330dff6a35537117a34e0b
[DEBUG crypto::sign_with_nonce] ========================================
[DEBUG signer::sign_with_fixed_nonce] Signature from crypto: a1104ddc55a2bba987416264fde732f57e80805bddffdf56b8c45928c5dbe9418f5b2b5f662de22d219d196021
496ec4935090406f903ac0193f28acf98293325b6b26fdb0330dff6a35537117a34e0b (length: 80)
[DEBUG signer::sign_with_fixed_nonce] Final signature: a1104ddc55a2bba987416264fde732f57e80805bddffdf56b8c45928c5dbe9418f5b2b5f662de22d219d196021496ec4
935090406f903ac0193f28acf98293325b6b26fdb0330dff6a35537117a34e0b
[DEBUG sign_transaction_internal] Signature returned (80 bytes): a1104ddc55a2bba987416264fde732f57e80805bddffdf56b8c45928c5dbe9418f5b2b5f662de22d219d19
6021496ec4935090406f903ac0193f28acf98293325b6b26fdb0330dff6a35537117a34e0b
[DEBUG sign_transaction_internal] Signature s (first 40 bytes): a1104ddc55a2bba987416264fde732f57e80805bddffdf56b8c45928c5dbe9418f5b2b5f662de22d
[DEBUG sign_transaction_internal] Signature e (last 40 bytes): 219d196021496ec4935090406f903ac0193f28acf98293325b6b26fdb0330dff6a35537117a34e0b
[DEBUG create_order] Signature generated: a1104ddc55a2bba987416264fde732f57e80805bddffdf56b8c45928c5dbe9418f5b2b5f662de22d219d196021496ec4935090406f903
ac0193f28acf98293325b6b26fdb0330dff6a35537117a34e0b (length: 80)
[DEBUG create_order] Signature (base64): oRBN3FWiu6mHQWJk/ecy9X6AgFvd/99WuMRZKMXb6UGPWytfZi3iLSGdGWAhSW7Ek1CQQG+QOsAZPyis+YKTMltrJv2wMw3/ajVTcRejTgs=
[DEBUG create_order] Final transaction JSON: {"AccountIndex":237600,"ApiKeyIndex":4,"BaseAmount":1000,"ClientOrderIndex":1763069203027,"ExpiredAt":1763
070022770,"IsAsk":0,"MarketIndex":0,"Nonce":995,"OrderExpiry":0,"Price":500000000,"ReduceOnly":0,"Sig":"oRBN3FWiu6mHQWJk/ecy9X6AgFvd/99WuMRZKMXb6UGPWyt
fZi3iLSGdGWAhSW7Ek1CQQG+QOsAZPyis+YKTMltrJv2wMw3/ajVTcRejTgs=","TimeInForce":0,"TriggerPrice":0,"Type":1}
[DEBUG create_order] Sending to: https://mainnet.zklighter.elliot.ai/api/v1/sendTx
[DEBUG create_order] Response status: 200 OK, body: {"code":200,"message":"{\"ratelimit\": \"697 volume quota remained\"}","tx_hash":"68f8625e6d097cf1d
53a4d354aebf36d21508bdcac255934942e6bf471eb9f84682bf045403aaf86","predicted_execution_time_ms":1763069422992,"volume_quota_remaining":697}
[DEBUG create_order] ÔòÉÔòÉÔòÉÔòÉÔòÉÔòÉÔòÉÔòÉÔòÉÔòÉÔòÉÔòÉÔòÉÔòÉÔòÉÔòÉÔòÉÔòÉÔòÉÔòÉÔòÉÔòÉÔòÉÔòÉÔòÉÔòÉÔòÉÔòÉÔòÉÔòÉÔòÉÔòÉÔòÉÔòÉÔòÉÔòÉÔòÉÔòÉÔòÉÔòÉ
[DEBUG create_order] API RESPONSE RECEIVED
[DEBUG create_order] ÔòÉÔòÉÔòÉÔòÉÔòÉÔòÉÔòÉÔòÉÔòÉÔòÉÔòÉÔòÉÔòÉÔòÉÔòÉÔòÉÔòÉÔòÉÔòÉÔòÉÔòÉÔòÉÔòÉÔòÉÔòÉÔòÉÔòÉÔòÉÔòÉÔòÉÔòÉÔòÉÔòÉÔòÉÔòÉÔòÉÔòÉÔòÉÔòÉÔòÉ
[DEBUG create_order] Response code: 200
[DEBUG create_order] Response message: {"ratelimit": "697 volume quota remained"}
[DEBUG create_order] Nonce used: 995
[DEBUG create_order] Ô£àÔ£àÔ£à SUCCESS Ô£àÔ£àÔ£à - Transaction succeeded with nonce 995
[DEBUG create_order] ÔòÉÔòÉÔòÉÔòÉÔòÉÔòÉÔòÉÔòÉÔòÉÔòÉÔòÉÔòÉÔòÉÔòÉÔòÉÔòÉÔòÉÔòÉÔòÉÔòÉÔòÉÔòÉÔòÉÔòÉÔòÉÔòÉÔòÉÔòÉÔòÉÔòÉÔòÉÔòÉÔòÉÔòÉÔòÉÔòÉÔòÉÔòÉÔòÉÔòÉ
[DEBUG create_order] SUCCESSFUL SIGNATURE - SAVE THIS FOR COMPARISON
[DEBUG create_order] ÔòÉÔòÉÔòÉÔòÉÔòÉÔòÉÔòÉÔòÉÔòÉÔòÉÔòÉÔòÉÔòÉÔòÉÔòÉÔòÉÔòÉÔòÉÔòÉÔòÉÔòÉÔòÉÔòÉÔòÉÔòÉÔòÉÔòÉÔòÉÔòÉÔòÉÔòÉÔòÉÔòÉÔòÉÔòÉÔòÉÔòÉÔòÉÔòÉÔòÉ
[DEBUG create_order] ========================================

[DEBUG create_order] ========================================
[DEBUG create_order] Starting order creation for client_order_index: 1763069203028
[DEBUG get_next_nonce_from_cache] Fetching nonce from API
[DEBUG fetch_nonce_from_api] Requesting nonce from: https://mainnet.zklighter.elliot.ai/api/v1/nextNonce?account_index=237600&api_key_index=4
[DEBUG fetch_nonce_from_api] Received nonce: 996
[DEBUG get_next_nonce_from_cache] Fetched nonce from API: 996
[DEBUG create_order] ========================================
[DEBUG create_order] Order: client_order_index=1763069203028
[DEBUG create_order] Nonce obtained: 996
[DEBUG create_order] ÔòÉÔòÉÔòÉÔòÉÔòÉÔòÉÔòÉÔòÉÔòÉÔòÉÔòÉÔòÉÔòÉÔòÉÔòÉÔòÉÔòÉÔòÉÔòÉÔòÉÔòÉÔòÉÔòÉÔòÉÔòÉÔòÉÔòÉÔòÉÔòÉÔòÉÔòÉÔòÉÔòÉÔòÉÔòÉÔòÉÔòÉÔòÉÔòÉÔòÉ
[DEBUG create_order] STARTING SIGNATURE COMPUTATION
[DEBUG create_order] ÔòÉÔòÉÔòÉÔòÉÔòÉÔòÉÔòÉÔòÉÔòÉÔòÉÔòÉÔòÉÔòÉÔòÉÔòÉÔòÉÔòÉÔòÉÔòÉÔòÉÔòÉÔòÉÔòÉÔòÉÔòÉÔòÉÔòÉÔòÉÔòÉÔòÉÔòÉÔòÉÔòÉÔòÉÔòÉÔòÉÔòÉÔòÉÔòÉÔòÉ
[DEBUG create_order] Timestamp: now=1763069427056, expired_at=1763070026056
[DEBUG create_order] Transaction JSON (before signing): {"AccountIndex":237600,"ApiKeyIndex":4,"BaseAmount":1000,"ClientOrderIndex":1763069203028,"Expi
redAt":1763070026056,"IsAsk":0,"MarketIndex":0,"Nonce":996,"OrderExpiry":0,"Price":500000000,"ReduceOnly":0,"Sig":"","TimeInForce":0,"TriggerPrice":0,"
Type":1}
[DEBUG sign_transaction_internal] Starting signature computation
[DEBUG sign_transaction_internal] tx_type: 14
[DEBUG sign_transaction_internal] Extracted fields:
  chain_id: 304
  nonce: 996
  expired_at: 1763070026056
  account_index: 237600
  api_key_index: 4
[DEBUG sign_transaction_internal] CREATE_ORDER fields:
  market_index: 0
  client_order_index: 1763069203028
  base_amount: 1000
  price: 500000000
  is_ask: 0
  order_type: 1
  time_in_force: 0
  reduce_only: 0
  trigger_price: 0
  order_expiry: 0
[DEBUG sign_transaction_internal] Hash input elements count: 16
[DEBUG sign_transaction_internal] Hash input elements:
  [0] Element 0: 304 (u64)
  [1] Element 1: 14 (u64)
  [2] Element 2: 996 (u64)
  [3] Element 3: 1763070026056 (u64)
  [4] Element 4: 237600 (u64)
  [5] Element 5: 4 (u64)
  [6] Element 6: 0 (u64)
  [7] Element 7: 1763069203028 (u64)
  [8] Element 8: 1000 (u64)
  [9] Element 9: 500000000 (u64)
  [10] Element 10: 0 (u64)
  [11] Element 11: 1 (u64)
  [12] Element 12: 0 (u64)
  [13] Element 13: 0 (u64)
  [14] Element 14: 0 (u64)
  [15] Element 15: 0 (u64)
[DEBUG sign_transaction_internal] Computing Poseidon2 hash with 16 elements
[DEBUG sign_transaction_internal] Transaction hash (40 bytes): 0c74d760e453bec270ff2c43e4334f4279860888ee157ba55eef1a696f1055069af4a1297b290ad6
[DEBUG sign_transaction_internal] Transaction hash (first 8 bytes as u64): 14032745729275425804
[DEBUG sign_transaction_internal] Calling key_manager.sign() with hash: 
0c74d760e453bec270ff2c43e4334f4279860888ee157ba55eef1a696f1055069af4a1297b290ad6
[DEBUG signer::sign] Starting signature generation
[DEBUG signer::sign] Message hash: 0c74d760e453bec270ff2c43e4334f4279860888ee157ba55eef1a696f1055069af4a1297b290ad6
[DEBUG signer::sign] Generated random nonce: c2431ee913b87e1cbc14bb145877cda36b42082d41eb0294d80864d1e00745e2c3d255a2e4a48b57
[DEBUG signer::sign_with_fixed_nonce] Signing with fixed nonce
[DEBUG signer::sign_with_fixed_nonce] Private key (first 16 bytes): 79699d9819553fc6eee1b5e50af049d7...
[DEBUG signer::sign_with_fixed_nonce] Calling crypto::schnorr::sign_with_nonce
[DEBUG crypto::sign_with_nonce] ========================================
[DEBUG crypto::sign_with_nonce] Starting Schnorr signature
[DEBUG crypto::sign_with_nonce] Private key length: 40
[DEBUG crypto::sign_with_nonce] Message length: 40
[DEBUG crypto::sign_with_nonce] Nonce bytes length: 40
[DEBUG crypto::sign_with_nonce] Message hash: 0c74d760e453bec270ff2c43e4334f4279860888ee157ba55eef1a696f1055069af4a1297b290ad6
[DEBUG crypto::sign_with_nonce] Nonce bytes: c2431ee913b87e1cbc14bb145877cda36b42082d41eb0294d80864d1e00745e2c3d255a2e4a48b57
[DEBUG crypto::sign_with_nonce] Private key converted to scalar
[DEBUG crypto::sign_with_nonce] Nonce converted to scalar
[DEBUG crypto::sign_with_nonce] Message converted to Fp5Element
[DEBUG crypto::sign_with_nonce] Step 1: Computing R = nonce * G
[DEBUG crypto::sign_with_nonce] R encoded (full 40 bytes): 18092dc6ec78d447852ef0fde96b8e912364fb47747b5c38b5e69e45bfcb482d73cd22191830eb56
[DEBUG crypto::sign_with_nonce] R Fp5 elements:
  R[0] = 5175894830087997720 (u64)
  R[1] = 10488439234924392069 (u64)
  R[2] = 4061256703335425059 (u64)
  R[3] = 3263081952397158069 (u64)
  R[4] = 6263152586847866227 (u64)
[DEBUG crypto::sign_with_nonce] Step 2: Computing challenge e = H(R || message)
[DEBUG crypto::sign_with_nonce] Pre-image prepared (10 elements):
  PreImage[0] = 5175894830087997720 (u64)
  PreImage[1] = 10488439234924392069 (u64)
  PreImage[2] = 4061256703335425059 (u64)
  PreImage[3] = 3263081952397158069 (u64)
  PreImage[4] = 6263152586847866227 (u64)
  PreImage[5] = 14032745729275425804 (u64)
  PreImage[6] = 4778094785135968112 (u64)
  PreImage[7] = 11924148552622179961 (u64)
  PreImage[8] = 456289007938760542 (u64)
  PreImage[9] = 15423185482839880858 (u64)
[DEBUG crypto::sign_with_nonce] Challenge e computed (40 bytes): 76a26d66eb70fde6e2d8e1089178c00740118baafa244f9df5943b623693b2f7b58fa13069ac1b3a
[DEBUG crypto::sign_with_nonce] Challenge e (first 8 bytes as u64): 16644583954169307766
[DEBUG crypto::sign_with_nonce] Step 3: Computing s = nonce - e * private_key
[DEBUG crypto::sign_with_nonce] Response s computed (40 bytes): 7baf6ed1758761fcaded44f040f190cc7d2c2a72b3695122b118b088974057ddfdffdcc30860d81d
[DEBUG crypto::sign_with_nonce] Response s (first 8 bytes as u64): 18185965710393388923
[DEBUG crypto::sign_with_nonce] Step 4: Assembling signature (s || e)
[DEBUG crypto::sign_with_nonce] Final signature: 7baf6ed1758761fcaded44f040f190cc7d2c2a72b3695122b118b088974057ddfdffdcc30860d81d76a26d66eb70fde6e2d8e1
089178c00740118baafa244f9df5943b623693b2f7b58fa13069ac1b3a
[DEBUG crypto::sign_with_nonce] ========================================
[DEBUG signer::sign_with_fixed_nonce] Signature from crypto: 7baf6ed1758761fcaded44f040f190cc7d2c2a72b3695122b118b088974057ddfdffdcc30860d81d76a26d66eb
70fde6e2d8e1089178c00740118baafa244f9df5943b623693b2f7b58fa13069ac1b3a (length: 80)
[DEBUG signer::sign_with_fixed_nonce] Final signature: 7baf6ed1758761fcaded44f040f190cc7d2c2a72b3695122b118b088974057ddfdffdcc30860d81d76a26d66eb70fde6
e2d8e1089178c00740118baafa244f9df5943b623693b2f7b58fa13069ac1b3a
[DEBUG sign_transaction_internal] Signature returned (80 bytes): 7baf6ed1758761fcaded44f040f190cc7d2c2a72b3695122b118b088974057ddfdffdcc30860d81d76a26d
66eb70fde6e2d8e1089178c00740118baafa244f9df5943b623693b2f7b58fa13069ac1b3a
[DEBUG sign_transaction_internal] Signature s (first 40 bytes): 7baf6ed1758761fcaded44f040f190cc7d2c2a72b3695122b118b088974057ddfdffdcc30860d81d
[DEBUG sign_transaction_internal] Signature e (last 40 bytes): 76a26d66eb70fde6e2d8e1089178c00740118baafa244f9df5943b623693b2f7b58fa13069ac1b3a
[DEBUG create_order] Signature generated: 7baf6ed1758761fcaded44f040f190cc7d2c2a72b3695122b118b088974057ddfdffdcc30860d81d76a26d66eb70fde6e2d8e1089178c
00740118baafa244f9df5943b623693b2f7b58fa13069ac1b3a (length: 80)
[DEBUG create_order] Signature (base64): e69u0XWHYfyt7UTwQPGQzH0sKnKzaVEisRiwiJdAV939/9zDCGDYHXaibWbrcP3m4tjhCJF4wAdAEYuq+iRPnfWUO2I2k7L3tY+hMGmsGzo=
[DEBUG create_order] Final transaction JSON: {"AccountIndex":237600,"ApiKeyIndex":4,"BaseAmount":1000,"ClientOrderIndex":1763069203028,"ExpiredAt":1763
070026056,"IsAsk":0,"MarketIndex":0,"Nonce":996,"OrderExpiry":0,"Price":500000000,"ReduceOnly":0,"Sig":"e69u0XWHYfyt7UTwQPGQzH0sKnKzaVEisRiwiJdAV939/9z
DCGDYHXaibWbrcP3m4tjhCJF4wAdAEYuq+iRPnfWUO2I2k7L3tY+hMGmsGzo=","TimeInForce":0,"TriggerPrice":0,"Type":1}
[DEBUG create_order] Sending to: https://mainnet.zklighter.elliot.ai/api/v1/sendTx
[DEBUG create_order] Response status: 200 OK, body: {"code":200,"message":"{\"ratelimit\": \"696 volume quota remained\"}","tx_hash":"0c74d760e453bec27
0ff2c43e4334f4279860888ee157ba55eef1a696f1055069af4a1297b290ad6","predicted_execution_time_ms":1763069426265,"volume_quota_remaining":696}
[DEBUG create_order] ÔòÉÔòÉÔòÉÔòÉÔòÉÔòÉÔòÉÔòÉÔòÉÔòÉÔòÉÔòÉÔòÉÔòÉÔòÉÔòÉÔòÉÔòÉÔòÉÔòÉÔòÉÔòÉÔòÉÔòÉÔòÉÔòÉÔòÉÔòÉÔòÉÔòÉÔòÉÔòÉÔòÉÔòÉÔòÉÔòÉÔòÉÔòÉÔòÉÔòÉ
[DEBUG create_order] API RESPONSE RECEIVED
[DEBUG create_order] ÔòÉÔòÉÔòÉÔòÉÔòÉÔòÉÔòÉÔòÉÔòÉÔòÉÔòÉÔòÉÔòÉÔòÉÔòÉÔòÉÔòÉÔòÉÔòÉÔòÉÔòÉÔòÉÔòÉÔòÉÔòÉÔòÉÔòÉÔòÉÔòÉÔòÉÔòÉÔòÉÔòÉÔòÉÔòÉÔòÉÔòÉÔòÉÔòÉÔòÉ
[DEBUG create_order] Response code: 200
[DEBUG create_order] Response message: {"ratelimit": "696 volume quota remained"}
[DEBUG create_order] Nonce used: 996
[DEBUG create_order] Ô£àÔ£àÔ£à SUCCESS Ô£àÔ£àÔ£à - Transaction succeeded with nonce 996
[DEBUG create_order] ÔòÉÔòÉÔòÉÔòÉÔòÉÔòÉÔòÉÔòÉÔòÉÔòÉÔòÉÔòÉÔòÉÔòÉÔòÉÔòÉÔòÉÔòÉÔòÉÔòÉÔòÉÔòÉÔòÉÔòÉÔòÉÔòÉÔòÉÔòÉÔòÉÔòÉÔòÉÔòÉÔòÉÔòÉÔòÉÔòÉÔòÉÔòÉÔòÉÔòÉ
[DEBUG create_order] SUCCESSFUL SIGNATURE - SAVE THIS FOR COMPARISON
[DEBUG create_order] ÔòÉÔòÉÔòÉÔòÉÔòÉÔòÉÔòÉÔòÉÔòÉÔòÉÔòÉÔòÉÔòÉÔòÉÔòÉÔòÉÔòÉÔòÉÔòÉÔòÉÔòÉÔòÉÔòÉÔòÉÔòÉÔòÉÔòÉÔòÉÔòÉÔòÉÔòÉÔòÉÔòÉÔòÉÔòÉÔòÉÔòÉÔòÉÔòÉÔòÉ
[DEBUG create_order] ========================================

[DEBUG create_order] ========================================
[DEBUG create_order] Starting order creation for client_order_index: 1763069203029
[DEBUG get_next_nonce_from_cache] Fetching nonce from API
[DEBUG fetch_nonce_from_api] Requesting nonce from: https://mainnet.zklighter.elliot.ai/api/v1/nextNonce?account_index=237600&api_key_index=4
[DEBUG fetch_nonce_from_api] Received nonce: 997
[DEBUG get_next_nonce_from_cache] Fetched nonce from API: 997
[DEBUG create_order] ========================================
[DEBUG create_order] Order: client_order_index=1763069203029
[DEBUG create_order] Nonce obtained: 997
[DEBUG create_order] ÔòÉÔòÉÔòÉÔòÉÔòÉÔòÉÔòÉÔòÉÔòÉÔòÉÔòÉÔòÉÔòÉÔòÉÔòÉÔòÉÔòÉÔòÉÔòÉÔòÉÔòÉÔòÉÔòÉÔòÉÔòÉÔòÉÔòÉÔòÉÔòÉÔòÉÔòÉÔòÉÔòÉÔòÉÔòÉÔòÉÔòÉÔòÉÔòÉÔòÉ
[DEBUG create_order] STARTING SIGNATURE COMPUTATION
[DEBUG create_order] ÔòÉÔòÉÔòÉÔòÉÔòÉÔòÉÔòÉÔòÉÔòÉÔòÉÔòÉÔòÉÔòÉÔòÉÔòÉÔòÉÔòÉÔòÉÔòÉÔòÉÔòÉÔòÉÔòÉÔòÉÔòÉÔòÉÔòÉÔòÉÔòÉÔòÉÔòÉÔòÉÔòÉÔòÉÔòÉÔòÉÔòÉÔòÉÔòÉÔòÉ
[DEBUG create_order] Timestamp: now=1763069430324, expired_at=1763070029324
[DEBUG create_order] Transaction JSON (before signing): {"AccountIndex":237600,"ApiKeyIndex":4,"BaseAmount":1000,"ClientOrderIndex":1763069203029,"Expi
redAt":1763070029324,"IsAsk":0,"MarketIndex":0,"Nonce":997,"OrderExpiry":0,"Price":500000000,"ReduceOnly":0,"Sig":"","TimeInForce":0,"TriggerPrice":0,"
Type":1}
[DEBUG sign_transaction_internal] Starting signature computation
[DEBUG sign_transaction_internal] tx_type: 14
[DEBUG sign_transaction_internal] Extracted fields:
  chain_id: 304
  nonce: 997
  expired_at: 1763070029324
  account_index: 237600
  api_key_index: 4
[DEBUG sign_transaction_internal] CREATE_ORDER fields:
  market_index: 0
  client_order_index: 1763069203029
  base_amount: 1000
  price: 500000000
  is_ask: 0
  order_type: 1
  time_in_force: 0
  reduce_only: 0
  trigger_price: 0
  order_expiry: 0
[DEBUG sign_transaction_internal] Hash input elements count: 16
[DEBUG sign_transaction_internal] Hash input elements:
  [0] Element 0: 304 (u64)
  [1] Element 1: 14 (u64)
  [2] Element 2: 997 (u64)
  [3] Element 3: 1763070029324 (u64)
  [4] Element 4: 237600 (u64)
  [5] Element 5: 4 (u64)
  [6] Element 6: 0 (u64)
  [7] Element 7: 1763069203029 (u64)
  [8] Element 8: 1000 (u64)
  [9] Element 9: 500000000 (u64)
  [10] Element 10: 0 (u64)
  [11] Element 11: 1 (u64)
  [12] Element 12: 0 (u64)
  [13] Element 13: 0 (u64)
  [14] Element 14: 0 (u64)
  [15] Element 15: 0 (u64)
[DEBUG sign_transaction_internal] Computing Poseidon2 hash with 16 elements
[DEBUG sign_transaction_internal] Transaction hash (40 bytes): 3b8eff87e33f587fbb8f58fc027e297ff73efcd45cdb600241a10996f89e8550322da16ce201ffec
[DEBUG sign_transaction_internal] Transaction hash (first 8 bytes as u64): 9176154487239183931
[DEBUG sign_transaction_internal] Calling key_manager.sign() with hash: 
3b8eff87e33f587fbb8f58fc027e297ff73efcd45cdb600241a10996f89e8550322da16ce201ffec
[DEBUG signer::sign] Starting signature generation
[DEBUG signer::sign] Message hash: 3b8eff87e33f587fbb8f58fc027e297ff73efcd45cdb600241a10996f89e8550322da16ce201ffec
[DEBUG signer::sign] Generated random nonce: dc0bea0ebfd21d69ec0b0f7c7d468fe073db68d9e1842ef144317f2603edf0779a9500413116fb66
[DEBUG signer::sign_with_fixed_nonce] Signing with fixed nonce
[DEBUG signer::sign_with_fixed_nonce] Private key (first 16 bytes): 79699d9819553fc6eee1b5e50af049d7...
[DEBUG signer::sign_with_fixed_nonce] Calling crypto::schnorr::sign_with_nonce
[DEBUG crypto::sign_with_nonce] ========================================
[DEBUG crypto::sign_with_nonce] Starting Schnorr signature
[DEBUG crypto::sign_with_nonce] Private key length: 40
[DEBUG crypto::sign_with_nonce] Message length: 40
[DEBUG crypto::sign_with_nonce] Nonce bytes length: 40
[DEBUG crypto::sign_with_nonce] Message hash: 3b8eff87e33f587fbb8f58fc027e297ff73efcd45cdb600241a10996f89e8550322da16ce201ffec
[DEBUG crypto::sign_with_nonce] Nonce bytes: dc0bea0ebfd21d69ec0b0f7c7d468fe073db68d9e1842ef144317f2603edf0779a9500413116fb66
[DEBUG crypto::sign_with_nonce] Private key converted to scalar
[DEBUG crypto::sign_with_nonce] Nonce converted to scalar
[DEBUG crypto::sign_with_nonce] Message converted to Fp5Element
[DEBUG crypto::sign_with_nonce] Step 1: Computing R = nonce * G
[DEBUG crypto::sign_with_nonce] R encoded (full 40 bytes): e2296e85d28de78083bd57c180034754b4dacef42d458072fb97f6e18c324e308bbb90a383076a1a
[DEBUG crypto::sign_with_nonce] R Fp5 elements:
  R[0] = 9288548691796175330 (u64)
  R[1] = 6072826474066853251 (u64)
  R[2] = 8250670581025790644 (u64)
  R[3] = 3480775142671816699 (u64)
  R[4] = 1903342054483737483 (u64)
[DEBUG crypto::sign_with_nonce] Step 2: Computing challenge e = H(R || message)
[DEBUG crypto::sign_with_nonce] Pre-image prepared (10 elements):
  PreImage[0] = 9288548691796175330 (u64)
  PreImage[1] = 6072826474066853251 (u64)
  PreImage[2] = 8250670581025790644 (u64)
  PreImage[3] = 3480775142671816699 (u64)
  PreImage[4] = 1903342054483737483 (u64)
  PreImage[5] = 9176154487239183931 (u64)
  PreImage[6] = 9162993468150681531 (u64)
  PreImage[7] = 171377977596854007 (u64)
  PreImage[8] = 5802218485443043649 (u64)
  PreImage[9] = 17077370384008949042 (u64)
[DEBUG crypto::sign_with_nonce] Challenge e computed (40 bytes): 8c0195ead23a85d418119d1a2a2b77bad7c32d1c40b8d3f498ad3d58e3ea72a299fe432c5103b046
[DEBUG crypto::sign_with_nonce] Challenge e (first 8 bytes as u64): 15313710785496416652
[DEBUG crypto::sign_with_nonce] Step 3: Computing s = nonce - e * private_key
[DEBUG crypto::sign_with_nonce] Response s computed (40 bytes): 9340390562ac9eb7978639e1c98665e1440118869b333f1eb7afa80ce4a0122b36bfc8f306b46a0c
[DEBUG crypto::sign_with_nonce] Response s (first 8 bytes as u64): 13231202292255506579
[DEBUG crypto::sign_with_nonce] Step 4: Assembling signature (s || e)
[DEBUG crypto::sign_with_nonce] Final signature: 9340390562ac9eb7978639e1c98665e1440118869b333f1eb7afa80ce4a0122b36bfc8f306b46a0c8c0195ead23a85d418119d
1a2a2b77bad7c32d1c40b8d3f498ad3d58e3ea72a299fe432c5103b046
[DEBUG crypto::sign_with_nonce] ========================================
[DEBUG signer::sign_with_fixed_nonce] Signature from crypto: 9340390562ac9eb7978639e1c98665e1440118869b333f1eb7afa80ce4a0122b36bfc8f306b46a0c8c0195ead2
3a85d418119d1a2a2b77bad7c32d1c40b8d3f498ad3d58e3ea72a299fe432c5103b046 (length: 80)
[DEBUG signer::sign_with_fixed_nonce] Final signature: 9340390562ac9eb7978639e1c98665e1440118869b333f1eb7afa80ce4a0122b36bfc8f306b46a0c8c0195ead23a85d4
18119d1a2a2b77bad7c32d1c40b8d3f498ad3d58e3ea72a299fe432c5103b046
[DEBUG sign_transaction_internal] Signature returned (80 bytes): 9340390562ac9eb7978639e1c98665e1440118869b333f1eb7afa80ce4a0122b36bfc8f306b46a0c8c0195
ead23a85d418119d1a2a2b77bad7c32d1c40b8d3f498ad3d58e3ea72a299fe432c5103b046
[DEBUG sign_transaction_internal] Signature s (first 40 bytes): 9340390562ac9eb7978639e1c98665e1440118869b333f1eb7afa80ce4a0122b36bfc8f306b46a0c
[DEBUG sign_transaction_internal] Signature e (last 40 bytes): 8c0195ead23a85d418119d1a2a2b77bad7c32d1c40b8d3f498ad3d58e3ea72a299fe432c5103b046
[DEBUG create_order] Signature generated: 9340390562ac9eb7978639e1c98665e1440118869b333f1eb7afa80ce4a0122b36bfc8f306b46a0c8c0195ead23a85d418119d1a2a2b7
7bad7c32d1c40b8d3f498ad3d58e3ea72a299fe432c5103b046 (length: 80)
[DEBUG create_order] Signature (base64): k0A5BWKsnreXhjnhyYZl4UQBGIabMz8et6+oDOSgEis2v8jzBrRqDIwBlerSOoXUGBGdGiord7rXwy0cQLjT9JitPVjj6nKimf5DLFEDsEY=
[DEBUG create_order] Final transaction JSON: {"AccountIndex":237600,"ApiKeyIndex":4,"BaseAmount":1000,"ClientOrderIndex":1763069203029,"ExpiredAt":1763
070029324,"IsAsk":0,"MarketIndex":0,"Nonce":997,"OrderExpiry":0,"Price":500000000,"ReduceOnly":0,"Sig":"k0A5BWKsnreXhjnhyYZl4UQBGIabMz8et6+oDOSgEis2v8j
zBrRqDIwBlerSOoXUGBGdGiord7rXwy0cQLjT9JitPVjj6nKimf5DLFEDsEY=","TimeInForce":0,"TriggerPrice":0,"Type":1}
[DEBUG create_order] Sending to: https://mainnet.zklighter.elliot.ai/api/v1/sendTx
[DEBUG create_order] Response status: 200 OK, body: {"code":200,"message":"{\"ratelimit\": \"695 volume quota remained\"}","tx_hash":"3b8eff87e33f587fb
b8f58fc027e297ff73efcd45cdb600241a10996f89e8550322da16ce201ffec","predicted_execution_time_ms":1763069429533,"volume_quota_remaining":695}
[DEBUG create_order] ÔòÉÔòÉÔòÉÔòÉÔòÉÔòÉÔòÉÔòÉÔòÉÔòÉÔòÉÔòÉÔòÉÔòÉÔòÉÔòÉÔòÉÔòÉÔòÉÔòÉÔòÉÔòÉÔòÉÔòÉÔòÉÔòÉÔòÉÔòÉÔòÉÔòÉÔòÉÔòÉÔòÉÔòÉÔòÉÔòÉÔòÉÔòÉÔòÉÔòÉ
[DEBUG create_order] API RESPONSE RECEIVED
[DEBUG create_order] ÔòÉÔòÉÔòÉÔòÉÔòÉÔòÉÔòÉÔòÉÔòÉÔòÉÔòÉÔòÉÔòÉÔòÉÔòÉÔòÉÔòÉÔòÉÔòÉÔòÉÔòÉÔòÉÔòÉÔòÉÔòÉÔòÉÔòÉÔòÉÔòÉÔòÉÔòÉÔòÉÔòÉÔòÉÔòÉÔòÉÔòÉÔòÉÔòÉÔòÉ
[DEBUG create_order] Response code: 200
[DEBUG create_order] Response message: {"ratelimit": "695 volume quota remained"}
[DEBUG create_order] Nonce used: 997
[DEBUG create_order] Ô£àÔ£àÔ£à SUCCESS Ô£àÔ£àÔ£à - Transaction succeeded with nonce 997
[DEBUG create_order] ÔòÉÔòÉÔòÉÔòÉÔòÉÔòÉÔòÉÔòÉÔòÉÔòÉÔòÉÔòÉÔòÉÔòÉÔòÉÔòÉÔòÉÔòÉÔòÉÔòÉÔòÉÔòÉÔòÉÔòÉÔòÉÔòÉÔòÉÔòÉÔòÉÔòÉÔòÉÔòÉÔòÉÔòÉÔòÉÔòÉÔòÉÔòÉÔòÉÔòÉ
[DEBUG create_order] SUCCESSFUL SIGNATURE - SAVE THIS FOR COMPARISON
[DEBUG create_order] ÔòÉÔòÉÔòÉÔòÉÔòÉÔòÉÔòÉÔòÉÔòÉÔòÉÔòÉÔòÉÔòÉÔòÉÔòÉÔòÉÔòÉÔòÉÔòÉÔòÉÔòÉÔòÉÔòÉÔòÉÔòÉÔòÉÔòÉÔòÉÔòÉÔòÉÔòÉÔòÉÔòÉÔòÉÔòÉÔòÉÔòÉÔòÉÔòÉÔòÉ
[DEBUG create_order] ========================================

[70/100] Sending order (nonce managed internally)
[DEBUG create_order] ========================================
[DEBUG create_order] Starting order creation for client_order_index: 1763069203030
[DEBUG get_next_nonce_from_cache] Fetching nonce from API
[DEBUG fetch_nonce_from_api] Requesting nonce from: https://mainnet.zklighter.elliot.ai/api/v1/nextNonce?account_index=237600&api_key_index=4
[DEBUG fetch_nonce_from_api] Received nonce: 998
[DEBUG get_next_nonce_from_cache] Fetched nonce from API: 998
[DEBUG create_order] ========================================
[DEBUG create_order] Order: client_order_index=1763069203030
[DEBUG create_order] Nonce obtained: 998
[DEBUG create_order] ÔòÉÔòÉÔòÉÔòÉÔòÉÔòÉÔòÉÔòÉÔòÉÔòÉÔòÉÔòÉÔòÉÔòÉÔòÉÔòÉÔòÉÔòÉÔòÉÔòÉÔòÉÔòÉÔòÉÔòÉÔòÉÔòÉÔòÉÔòÉÔòÉÔòÉÔòÉÔòÉÔòÉÔòÉÔòÉÔòÉÔòÉÔòÉÔòÉÔòÉ
[DEBUG create_order] STARTING SIGNATURE COMPUTATION
[DEBUG create_order] ÔòÉÔòÉÔòÉÔòÉÔòÉÔòÉÔòÉÔòÉÔòÉÔòÉÔòÉÔòÉÔòÉÔòÉÔòÉÔòÉÔòÉÔòÉÔòÉÔòÉÔòÉÔòÉÔòÉÔòÉÔòÉÔòÉÔòÉÔòÉÔòÉÔòÉÔòÉÔòÉÔòÉÔòÉÔòÉÔòÉÔòÉÔòÉÔòÉÔòÉ
[DEBUG create_order] Timestamp: now=1763069433591, expired_at=1763070032591
[DEBUG create_order] Transaction JSON (before signing): {"AccountIndex":237600,"ApiKeyIndex":4,"BaseAmount":1000,"ClientOrderIndex":1763069203030,"Expi
redAt":1763070032591,"IsAsk":0,"MarketIndex":0,"Nonce":998,"OrderExpiry":0,"Price":500000000,"ReduceOnly":0,"Sig":"","TimeInForce":0,"TriggerPrice":0,"
Type":1}
[DEBUG sign_transaction_internal] Starting signature computation
[DEBUG sign_transaction_internal] tx_type: 14
[DEBUG sign_transaction_internal] Extracted fields:
  chain_id: 304
  nonce: 998
  expired_at: 1763070032591
  account_index: 237600
  api_key_index: 4
[DEBUG sign_transaction_internal] CREATE_ORDER fields:
  market_index: 0
  client_order_index: 1763069203030
  base_amount: 1000
  price: 500000000
  is_ask: 0
  order_type: 1
  time_in_force: 0
  reduce_only: 0
  trigger_price: 0
  order_expiry: 0
[DEBUG sign_transaction_internal] Hash input elements count: 16
[DEBUG sign_transaction_internal] Hash input elements:
  [0] Element 0: 304 (u64)
  [1] Element 1: 14 (u64)
  [2] Element 2: 998 (u64)
  [3] Element 3: 1763070032591 (u64)
  [4] Element 4: 237600 (u64)
  [5] Element 5: 4 (u64)
  [6] Element 6: 0 (u64)
  [7] Element 7: 1763069203030 (u64)
  [8] Element 8: 1000 (u64)
  [9] Element 9: 500000000 (u64)
  [10] Element 10: 0 (u64)
  [11] Element 11: 1 (u64)
  [12] Element 12: 0 (u64)
  [13] Element 13: 0 (u64)
  [14] Element 14: 0 (u64)
  [15] Element 15: 0 (u64)
[DEBUG sign_transaction_internal] Computing Poseidon2 hash with 16 elements
[DEBUG sign_transaction_internal] Transaction hash (40 bytes): 77510f6e7388724fecbbd5cf8f76aabda3a1c33b440141e556f40fcf0ca4bf70543261b91c97f4f3
[DEBUG sign_transaction_internal] Transaction hash (first 8 bytes as u64): 5724788105690435959
[DEBUG sign_transaction_internal] Calling key_manager.sign() with hash: 
77510f6e7388724fecbbd5cf8f76aabda3a1c33b440141e556f40fcf0ca4bf70543261b91c97f4f3
[DEBUG signer::sign] Starting signature generation
[DEBUG signer::sign] Message hash: 77510f6e7388724fecbbd5cf8f76aabda3a1c33b440141e556f40fcf0ca4bf70543261b91c97f4f3
[DEBUG signer::sign] Generated random nonce: 1c0148d76075982eee288ad654b00af09c2239ef78341c11b33c5f8488713c6c4bf356cc2dfad58b
[DEBUG signer::sign_with_fixed_nonce] Signing with fixed nonce
[DEBUG signer::sign_with_fixed_nonce] Private key (first 16 bytes): 79699d9819553fc6eee1b5e50af049d7...
[DEBUG signer::sign_with_fixed_nonce] Calling crypto::schnorr::sign_with_nonce
[DEBUG crypto::sign_with_nonce] ========================================
[DEBUG crypto::sign_with_nonce] Starting Schnorr signature
[DEBUG crypto::sign_with_nonce] Private key length: 40
[DEBUG crypto::sign_with_nonce] Message length: 40
[DEBUG crypto::sign_with_nonce] Nonce bytes length: 40
[DEBUG crypto::sign_with_nonce] Message hash: 77510f6e7388724fecbbd5cf8f76aabda3a1c33b440141e556f40fcf0ca4bf70543261b91c97f4f3
[DEBUG crypto::sign_with_nonce] Nonce bytes: 1c0148d76075982eee288ad654b00af09c2239ef78341c11b33c5f8488713c6c4bf356cc2dfad58b
[DEBUG crypto::sign_with_nonce] Private key converted to scalar
[DEBUG crypto::sign_with_nonce] Nonce converted to scalar
[DEBUG crypto::sign_with_nonce] Message converted to Fp5Element
[DEBUG crypto::sign_with_nonce] Step 1: Computing R = nonce * G
[DEBUG crypto::sign_with_nonce] R encoded (full 40 bytes): 42a8859da3f551f47382b88106014854369b005be0b2ff9c430cdb9ccd3766effa8386ecc3bece76
[DEBUG crypto::sign_with_nonce] R Fp5 elements:
  R[0] = 17605122501439236162 (u64)
  R[1] = 6073105224966898291 (u64)
  R[2] = 11312957465647160118 (u64)
  R[3] = 17250536778928688195 (u64)
  R[4] = 8560989690374030330 (u64)
[DEBUG crypto::sign_with_nonce] Step 2: Computing challenge e = H(R || message)
[DEBUG crypto::sign_with_nonce] Pre-image prepared (10 elements):
  PreImage[0] = 17605122501439236162 (u64)
  PreImage[1] = 6073105224966898291 (u64)
  PreImage[2] = 11312957465647160118 (u64)
  PreImage[3] = 17250536778928688195 (u64)
  PreImage[4] = 8560989690374030330 (u64)
  PreImage[5] = 5724788105690435959 (u64)
  PreImage[6] = 13666866379248483308 (u64)
  PreImage[7] = 16519486300743770531 (u64)
  PreImage[8] = 8124392627720156246 (u64)
  PreImage[9] = 17578841395158921812 (u64)
[DEBUG crypto::sign_with_nonce] Challenge e computed (40 bytes): 636ee91fcc96b69b1836c075d914bb26aff754b8e48ee9330194c8aec4eb346bb543e5bdb88b642c
[DEBUG crypto::sign_with_nonce] Challenge e (first 8 bytes as u64): 11220321325093056099
[DEBUG crypto::sign_with_nonce] Step 3: Computing s = nonce - e * private_key
[DEBUG crypto::sign_with_nonce] Response s computed (40 bytes): 3f468920234f8ac7b2cedbc82f6d5ded148af6c0a9e7b608b1508edc0b7b4b3e9fd0857b26bde854
[DEBUG crypto::sign_with_nonce] Response s (first 8 bytes as u64): 14378391772622046783
[DEBUG crypto::sign_with_nonce] Step 4: Assembling signature (s || e)
[DEBUG crypto::sign_with_nonce] Final signature: 3f468920234f8ac7b2cedbc82f6d5ded148af6c0a9e7b608b1508edc0b7b4b3e9fd0857b26bde854636ee91fcc96b69b1836c0
75d914bb26aff754b8e48ee9330194c8aec4eb346bb543e5bdb88b642c
[DEBUG crypto::sign_with_nonce] ========================================
[DEBUG signer::sign_with_fixed_nonce] Signature from crypto: 3f468920234f8ac7b2cedbc82f6d5ded148af6c0a9e7b608b1508edc0b7b4b3e9fd0857b26bde854636ee91fcc
96b69b1836c075d914bb26aff754b8e48ee9330194c8aec4eb346bb543e5bdb88b642c (length: 80)
[DEBUG signer::sign_with_fixed_nonce] Final signature: 3f468920234f8ac7b2cedbc82f6d5ded148af6c0a9e7b608b1508edc0b7b4b3e9fd0857b26bde854636ee91fcc96b69b
1836c075d914bb26aff754b8e48ee9330194c8aec4eb346bb543e5bdb88b642c
[DEBUG sign_transaction_internal] Signature returned (80 bytes): 3f468920234f8ac7b2cedbc82f6d5ded148af6c0a9e7b608b1508edc0b7b4b3e9fd0857b26bde854636ee9
1fcc96b69b1836c075d914bb26aff754b8e48ee9330194c8aec4eb346bb543e5bdb88b642c
[DEBUG sign_transaction_internal] Signature s (first 40 bytes): 3f468920234f8ac7b2cedbc82f6d5ded148af6c0a9e7b608b1508edc0b7b4b3e9fd0857b26bde854
[DEBUG sign_transaction_internal] Signature e (last 40 bytes): 636ee91fcc96b69b1836c075d914bb26aff754b8e48ee9330194c8aec4eb346bb543e5bdb88b642c
[DEBUG create_order] Signature generated: 3f468920234f8ac7b2cedbc82f6d5ded148af6c0a9e7b608b1508edc0b7b4b3e9fd0857b26bde854636ee91fcc96b69b1836c075d914b
b26aff754b8e48ee9330194c8aec4eb346bb543e5bdb88b642c (length: 80)
[DEBUG create_order] Signature (base64): P0aJICNPiseyztvIL21d7RSK9sCp57YIsVCO3At7Sz6f0IV7Jr3oVGNu6R/MlrabGDbAddkUuyav91S45I7pMwGUyK7E6zRrtUPlvbiLZCw=
[DEBUG create_order] Final transaction JSON: {"AccountIndex":237600,"ApiKeyIndex":4,"BaseAmount":1000,"ClientOrderIndex":1763069203030,"ExpiredAt":1763
070032591,"IsAsk":0,"MarketIndex":0,"Nonce":998,"OrderExpiry":0,"Price":500000000,"ReduceOnly":0,"Sig":"P0aJICNPiseyztvIL21d7RSK9sCp57YIsVCO3At7Sz6f0IV
7Jr3oVGNu6R/MlrabGDbAddkUuyav91S45I7pMwGUyK7E6zRrtUPlvbiLZCw=","TimeInForce":0,"TriggerPrice":0,"Type":1}
[DEBUG create_order] Sending to: https://mainnet.zklighter.elliot.ai/api/v1/sendTx
[DEBUG create_order] Response status: 400 Bad Request, body: {"code":21120,"message":"invalid signature"}
[DEBUG create_order] ÔòÉÔòÉÔòÉÔòÉÔòÉÔòÉÔòÉÔòÉÔòÉÔòÉÔòÉÔòÉÔòÉÔòÉÔòÉÔòÉÔòÉÔòÉÔòÉÔòÉÔòÉÔòÉÔòÉÔòÉÔòÉÔòÉÔòÉÔòÉÔòÉÔòÉÔòÉÔòÉÔòÉÔòÉÔòÉÔòÉÔòÉÔòÉÔòÉÔòÉ
[DEBUG create_order] API RESPONSE RECEIVED
[DEBUG create_order] ÔòÉÔòÉÔòÉÔòÉÔòÉÔòÉÔòÉÔòÉÔòÉÔòÉÔòÉÔòÉÔòÉÔòÉÔòÉÔòÉÔòÉÔòÉÔòÉÔòÉÔòÉÔòÉÔòÉÔòÉÔòÉÔòÉÔòÉÔòÉÔòÉÔòÉÔòÉÔòÉÔòÉÔòÉÔòÉÔòÉÔòÉÔòÉÔòÉÔòÉ
[DEBUG create_order] Response code: 21120
[DEBUG create_order] Response message: invalid signature
[DEBUG create_order] Nonce used: 998
[DEBUG create_order] ÔØîÔØîÔØî INVALID SIGNATURE ERROR ÔØîÔØîÔØî (code 21120) - Nonce used: 998
[DEBUG create_order] ÔòÉÔòÉÔòÉÔòÉÔòÉÔòÉÔòÉÔòÉÔòÉÔòÉÔòÉÔòÉÔòÉÔòÉÔòÉÔòÉÔòÉÔòÉÔòÉÔòÉÔòÉÔòÉÔòÉÔòÉÔòÉÔòÉÔòÉÔòÉÔòÉÔòÉÔòÉÔòÉÔòÉÔòÉÔòÉÔòÉÔòÉÔòÉÔòÉÔòÉ
[DEBUG create_order] FAILED SIGNATURE - COMPARE WITH SUCCESSFUL ONES
[DEBUG create_order] ÔòÉÔòÉÔòÉÔòÉÔòÉÔòÉÔòÉÔòÉÔòÉÔòÉÔòÉÔòÉÔòÉÔòÉÔòÉÔòÉÔòÉÔòÉÔòÉÔòÉÔòÉÔòÉÔòÉÔòÉÔòÉÔòÉÔòÉÔòÉÔòÉÔòÉÔòÉÔòÉÔòÉÔòÉÔòÉÔòÉÔòÉÔòÉÔòÉÔòÉ
[DEBUG create_order] This could be nonce sync issue or signature computation issue
[DEBUG fetch_nonce_from_api] Requesting nonce from: https://mainnet.zklighter.elliot.ai/api/v1/nextNonce?account_index=237600&api_key_index=4
[DEBUG fetch_nonce_from_api] Received nonce: 998
[DEBUG refresh_nonce_cache] Refreshed nonce: 998
[DEBUG create_order] ========================================
  ÔØî [70] INVALID SIGNATURE (Code: 21120) - Check debug logs for nonce

[DEBUG create_order] ========================================
[DEBUG create_order] Starting order creation for client_order_index: 1763069203031
[DEBUG get_next_nonce_from_cache] Fetching nonce from API
[DEBUG fetch_nonce_from_api] Requesting nonce from: https://mainnet.zklighter.elliot.ai/api/v1/nextNonce?account_index=237600&api_key_index=4
[DEBUG fetch_nonce_from_api] Received nonce: 998
[DEBUG get_next_nonce_from_cache] Fetched nonce from API: 998
[DEBUG create_order] ========================================
[DEBUG create_order] Order: client_order_index=1763069203031
[DEBUG create_order] Nonce obtained: 998
[DEBUG create_order] ÔòÉÔòÉÔòÉÔòÉÔòÉÔòÉÔòÉÔòÉÔòÉÔòÉÔòÉÔòÉÔòÉÔòÉÔòÉÔòÉÔòÉÔòÉÔòÉÔòÉÔòÉÔòÉÔòÉÔòÉÔòÉÔòÉÔòÉÔòÉÔòÉÔòÉÔòÉÔòÉÔòÉÔòÉÔòÉÔòÉÔòÉÔòÉÔòÉÔòÉ
[DEBUG create_order] STARTING SIGNATURE COMPUTATION
[DEBUG create_order] ÔòÉÔòÉÔòÉÔòÉÔòÉÔòÉÔòÉÔòÉÔòÉÔòÉÔòÉÔòÉÔòÉÔòÉÔòÉÔòÉÔòÉÔòÉÔòÉÔòÉÔòÉÔòÉÔòÉÔòÉÔòÉÔòÉÔòÉÔòÉÔòÉÔòÉÔòÉÔòÉÔòÉÔòÉÔòÉÔòÉÔòÉÔòÉÔòÉÔòÉ
[DEBUG create_order] Timestamp: now=1763069436976, expired_at=1763070035976
[DEBUG create_order] Transaction JSON (before signing): {"AccountIndex":237600,"ApiKeyIndex":4,"BaseAmount":1000,"ClientOrderIndex":1763069203031,"Expi
redAt":1763070035976,"IsAsk":0,"MarketIndex":0,"Nonce":998,"OrderExpiry":0,"Price":500000000,"ReduceOnly":0,"Sig":"","TimeInForce":0,"TriggerPrice":0,"
Type":1}
[DEBUG sign_transaction_internal] Starting signature computation
[DEBUG sign_transaction_internal] tx_type: 14
[DEBUG sign_transaction_internal] Extracted fields:
  chain_id: 304
  nonce: 998
  expired_at: 1763070035976
  account_index: 237600
  api_key_index: 4
[DEBUG sign_transaction_internal] CREATE_ORDER fields:
  market_index: 0
  client_order_index: 1763069203031
  base_amount: 1000
  price: 500000000
  is_ask: 0
  order_type: 1
  time_in_force: 0
  reduce_only: 0
  trigger_price: 0
  order_expiry: 0
[DEBUG sign_transaction_internal] Hash input elements count: 16
[DEBUG sign_transaction_internal] Hash input elements:
  [0] Element 0: 304 (u64)
  [1] Element 1: 14 (u64)
  [2] Element 2: 998 (u64)
  [3] Element 3: 1763070035976 (u64)
  [4] Element 4: 237600 (u64)
  [5] Element 5: 4 (u64)
  [6] Element 6: 0 (u64)
  [7] Element 7: 1763069203031 (u64)
  [8] Element 8: 1000 (u64)
  [9] Element 9: 500000000 (u64)
  [10] Element 10: 0 (u64)
  [11] Element 11: 1 (u64)
  [12] Element 12: 0 (u64)
  [13] Element 13: 0 (u64)
  [14] Element 14: 0 (u64)
  [15] Element 15: 0 (u64)
[DEBUG sign_transaction_internal] Computing Poseidon2 hash with 16 elements
[DEBUG sign_transaction_internal] Transaction hash (40 bytes): 7e3e72d441b65d7745e18ae94a9ed1a3efd457acbd4feeac37169c51b0ce3dd1360c6a38e6ffae64
[DEBUG sign_transaction_internal] Transaction hash (first 8 bytes as u64): 8601231257200901758
[DEBUG sign_transaction_internal] Calling key_manager.sign() with hash: 
7e3e72d441b65d7745e18ae94a9ed1a3efd457acbd4feeac37169c51b0ce3dd1360c6a38e6ffae64
[DEBUG signer::sign] Starting signature generation
[DEBUG signer::sign] Message hash: 7e3e72d441b65d7745e18ae94a9ed1a3efd457acbd4feeac37169c51b0ce3dd1360c6a38e6ffae64
[DEBUG signer::sign] Generated random nonce: 8ec81fc1520de2fc8534db9ebffd166ce436727cd542c41ca313f30ff6dc9b41deecdcead65355cc
[DEBUG signer::sign_with_fixed_nonce] Signing with fixed nonce
[DEBUG signer::sign_with_fixed_nonce] Private key (first 16 bytes): 79699d9819553fc6eee1b5e50af049d7...
[DEBUG signer::sign_with_fixed_nonce] Calling crypto::schnorr::sign_with_nonce
[DEBUG crypto::sign_with_nonce] ========================================
[DEBUG crypto::sign_with_nonce] Starting Schnorr signature
[DEBUG crypto::sign_with_nonce] Private key length: 40
[DEBUG crypto::sign_with_nonce] Message length: 40
[DEBUG crypto::sign_with_nonce] Nonce bytes length: 40
[DEBUG crypto::sign_with_nonce] Message hash: 7e3e72d441b65d7745e18ae94a9ed1a3efd457acbd4feeac37169c51b0ce3dd1360c6a38e6ffae64
[DEBUG crypto::sign_with_nonce] Nonce bytes: 8ec81fc1520de2fc8534db9ebffd166ce436727cd542c41ca313f30ff6dc9b41deecdcead65355cc
[DEBUG crypto::sign_with_nonce] Private key converted to scalar
[DEBUG crypto::sign_with_nonce] Nonce converted to scalar
[DEBUG crypto::sign_with_nonce] Message converted to Fp5Element
[DEBUG crypto::sign_with_nonce] Step 1: Computing R = nonce * G
[DEBUG crypto::sign_with_nonce] R encoded (full 40 bytes): a86acf47064fc3dd1fe1f035468b29bab9029c790e4f5db6923d4d32104dd1c1bf63d36fc2fd4f89
[DEBUG crypto::sign_with_nonce] R Fp5 elements:
  R[0] = 15979702791233825448 (u64)
  R[1] = 13414406098768683295 (u64)
  R[2] = 13140746211325379257 (u64)
  R[3] = 13966028651411357074 (u64)
  R[4] = 9894405917897876415 (u64)
[DEBUG crypto::sign_with_nonce] Step 2: Computing challenge e = H(R || message)
[DEBUG crypto::sign_with_nonce] Pre-image prepared (10 elements):
  PreImage[0] = 15979702791233825448 (u64)
  PreImage[1] = 13414406098768683295 (u64)
  PreImage[2] = 13140746211325379257 (u64)
  PreImage[3] = 13966028651411357074 (u64)
  PreImage[4] = 9894405917897876415 (u64)
  PreImage[5] = 8601231257200901758 (u64)
  PreImage[6] = 11804390142897742149 (u64)
  PreImage[7] = 12460984895039591663 (u64)
  PreImage[8] = 15077434384185038391 (u64)
  PreImage[9] = 7255017413994482742 (u64)
[DEBUG crypto::sign_with_nonce] Challenge e computed (40 bytes): ce9354d09a92ec777556e8919ed103bb9b16ff5097dc744b8a257a7099575484dfd2d4f375b3da1c
[DEBUG crypto::sign_with_nonce] Challenge e (first 8 bytes as u64): 8641442978634961870
[DEBUG crypto::sign_with_nonce] Step 3: Computing s = nonce - e * private_key
[DEBUG crypto::sign_with_nonce] Response s computed (40 bytes): c40385a4318e68df3724c980bd37525513efe5f8ca343eaa9b31e6c14d64b81084f3b8e2102021b0
[DEBUG crypto::sign_with_nonce] Response s (first 8 bytes as u64): 16098273211900560324
[DEBUG crypto::sign_with_nonce] Step 4: Assembling signature (s || e)
[DEBUG crypto::sign_with_nonce] Final signature: c40385a4318e68df3724c980bd37525513efe5f8ca343eaa9b31e6c14d64b81084f3b8e2102021b0ce9354d09a92ec777556e8
919ed103bb9b16ff5097dc744b8a257a7099575484dfd2d4f375b3da1c
[DEBUG crypto::sign_with_nonce] ========================================
[DEBUG signer::sign_with_fixed_nonce] Signature from crypto: c40385a4318e68df3724c980bd37525513efe5f8ca343eaa9b31e6c14d64b81084f3b8e2102021b0ce9354d09a
92ec777556e8919ed103bb9b16ff5097dc744b8a257a7099575484dfd2d4f375b3da1c (length: 80)
[DEBUG signer::sign_with_fixed_nonce] Final signature: c40385a4318e68df3724c980bd37525513efe5f8ca343eaa9b31e6c14d64b81084f3b8e2102021b0ce9354d09a92ec77
7556e8919ed103bb9b16ff5097dc744b8a257a7099575484dfd2d4f375b3da1c
[DEBUG sign_transaction_internal] Signature returned (80 bytes): c40385a4318e68df3724c980bd37525513efe5f8ca343eaa9b31e6c14d64b81084f3b8e2102021b0ce9354
d09a92ec777556e8919ed103bb9b16ff5097dc744b8a257a7099575484dfd2d4f375b3da1c
[DEBUG sign_transaction_internal] Signature s (first 40 bytes): c40385a4318e68df3724c980bd37525513efe5f8ca343eaa9b31e6c14d64b81084f3b8e2102021b0
[DEBUG sign_transaction_internal] Signature e (last 40 bytes): ce9354d09a92ec777556e8919ed103bb9b16ff5097dc744b8a257a7099575484dfd2d4f375b3da1c
[DEBUG create_order] Signature generated: c40385a4318e68df3724c980bd37525513efe5f8ca343eaa9b31e6c14d64b81084f3b8e2102021b0ce9354d09a92ec777556e8919ed10
3bb9b16ff5097dc744b8a257a7099575484dfd2d4f375b3da1c (length: 80)
[DEBUG create_order] Signature (base64): xAOFpDGOaN83JMmAvTdSVRPv5fjKND6qmzHmwU1kuBCE87jiECAhsM6TVNCakux3dVbokZ7RA7ubFv9Ql9x0S4olenCZV1SE39LU83Wz2hw=
[DEBUG create_order] Final transaction JSON: {"AccountIndex":237600,"ApiKeyIndex":4,"BaseAmount":1000,"ClientOrderIndex":1763069203031,"ExpiredAt":1763
070035976,"IsAsk":0,"MarketIndex":0,"Nonce":998,"OrderExpiry":0,"Price":500000000,"ReduceOnly":0,"Sig":"xAOFpDGOaN83JMmAvTdSVRPv5fjKND6qmzHmwU1kuBCE87j
iECAhsM6TVNCakux3dVbokZ7RA7ubFv9Ql9x0S4olenCZV1SE39LU83Wz2hw=","TimeInForce":0,"TriggerPrice":0,"Type":1}
[DEBUG create_order] Sending to: https://mainnet.zklighter.elliot.ai/api/v1/sendTx
[DEBUG create_order] Response status: 400 Bad Request, body: {"code":21120,"message":"invalid signature"}
[DEBUG create_order] ÔòÉÔòÉÔòÉÔòÉÔòÉÔòÉÔòÉÔòÉÔòÉÔòÉÔòÉÔòÉÔòÉÔòÉÔòÉÔòÉÔòÉÔòÉÔòÉÔòÉÔòÉÔòÉÔòÉÔòÉÔòÉÔòÉÔòÉÔòÉÔòÉÔòÉÔòÉÔòÉÔòÉÔòÉÔòÉÔòÉÔòÉÔòÉÔòÉÔòÉ
[DEBUG create_order] API RESPONSE RECEIVED
[DEBUG create_order] ÔòÉÔòÉÔòÉÔòÉÔòÉÔòÉÔòÉÔòÉÔòÉÔòÉÔòÉÔòÉÔòÉÔòÉÔòÉÔòÉÔòÉÔòÉÔòÉÔòÉÔòÉÔòÉÔòÉÔòÉÔòÉÔòÉÔòÉÔòÉÔòÉÔòÉÔòÉÔòÉÔòÉÔòÉÔòÉÔòÉÔòÉÔòÉÔòÉÔòÉ
[DEBUG create_order] Response code: 21120
[DEBUG create_order] Response message: invalid signature
[DEBUG create_order] Nonce used: 998
[DEBUG create_order] ÔØîÔØîÔØî INVALID SIGNATURE ERROR ÔØîÔØîÔØî (code 21120) - Nonce used: 998
[DEBUG create_order] ÔòÉÔòÉÔòÉÔòÉÔòÉÔòÉÔòÉÔòÉÔòÉÔòÉÔòÉÔòÉÔòÉÔòÉÔòÉÔòÉÔòÉÔòÉÔòÉÔòÉÔòÉÔòÉÔòÉÔòÉÔòÉÔòÉÔòÉÔòÉÔòÉÔòÉÔòÉÔòÉÔòÉÔòÉÔòÉÔòÉÔòÉÔòÉÔòÉÔòÉ
[DEBUG create_order] FAILED SIGNATURE - COMPARE WITH SUCCESSFUL ONES
[DEBUG create_order] ÔòÉÔòÉÔòÉÔòÉÔòÉÔòÉÔòÉÔòÉÔòÉÔòÉÔòÉÔòÉÔòÉÔòÉÔòÉÔòÉÔòÉÔòÉÔòÉÔòÉÔòÉÔòÉÔòÉÔòÉÔòÉÔòÉÔòÉÔòÉÔòÉÔòÉÔòÉÔòÉÔòÉÔòÉÔòÉÔòÉÔòÉÔòÉÔòÉÔòÉ
[DEBUG create_order] This could be nonce sync issue or signature computation issue
[DEBUG fetch_nonce_from_api] Requesting nonce from: https://mainnet.zklighter.elliot.ai/api/v1/nextNonce?account_index=237600&api_key_index=4
[DEBUG fetch_nonce_from_api] Received nonce: 998
[DEBUG refresh_nonce_cache] Refreshed nonce: 998
[DEBUG create_order] ========================================
  ÔØî [71] INVALID SIGNATURE (Code: 21120) - Check debug logs for nonce

[DEBUG create_order] ========================================
[DEBUG create_order] Starting order creation for client_order_index: 1763069203032
[DEBUG get_next_nonce_from_cache] Fetching nonce from API
[DEBUG fetch_nonce_from_api] Requesting nonce from: https://mainnet.zklighter.elliot.ai/api/v1/nextNonce?account_index=237600&api_key_index=4
[DEBUG fetch_nonce_from_api] Received nonce: 998
[DEBUG get_next_nonce_from_cache] Fetched nonce from API: 998
[DEBUG create_order] ========================================
[DEBUG create_order] Order: client_order_index=1763069203032
[DEBUG create_order] Nonce obtained: 998
[DEBUG create_order] ÔòÉÔòÉÔòÉÔòÉÔòÉÔòÉÔòÉÔòÉÔòÉÔòÉÔòÉÔòÉÔòÉÔòÉÔòÉÔòÉÔòÉÔòÉÔòÉÔòÉÔòÉÔòÉÔòÉÔòÉÔòÉÔòÉÔòÉÔòÉÔòÉÔòÉÔòÉÔòÉÔòÉÔòÉÔòÉÔòÉÔòÉÔòÉÔòÉÔòÉ
[DEBUG create_order] STARTING SIGNATURE COMPUTATION
[DEBUG create_order] ÔòÉÔòÉÔòÉÔòÉÔòÉÔòÉÔòÉÔòÉÔòÉÔòÉÔòÉÔòÉÔòÉÔòÉÔòÉÔòÉÔòÉÔòÉÔòÉÔòÉÔòÉÔòÉÔòÉÔòÉÔòÉÔòÉÔòÉÔòÉÔòÉÔòÉÔòÉÔòÉÔòÉÔòÉÔòÉÔòÉÔòÉÔòÉÔòÉÔòÉ
[DEBUG create_order] Timestamp: now=1763069440361, expired_at=1763070039361
[DEBUG create_order] Transaction JSON (before signing): {"AccountIndex":237600,"ApiKeyIndex":4,"BaseAmount":1000,"ClientOrderIndex":1763069203032,"Expi
redAt":1763070039361,"IsAsk":0,"MarketIndex":0,"Nonce":998,"OrderExpiry":0,"Price":500000000,"ReduceOnly":0,"Sig":"","TimeInForce":0,"TriggerPrice":0,"
Type":1}
[DEBUG sign_transaction_internal] Starting signature computation
[DEBUG sign_transaction_internal] tx_type: 14
[DEBUG sign_transaction_internal] Extracted fields:
  chain_id: 304
  nonce: 998
  expired_at: 1763070039361
  account_index: 237600
  api_key_index: 4
[DEBUG sign_transaction_internal] CREATE_ORDER fields:
  market_index: 0
  client_order_index: 1763069203032
  base_amount: 1000
  price: 500000000
  is_ask: 0
  order_type: 1
  time_in_force: 0
  reduce_only: 0
  trigger_price: 0
  order_expiry: 0
[DEBUG sign_transaction_internal] Hash input elements count: 16
[DEBUG sign_transaction_internal] Hash input elements:
  [0] Element 0: 304 (u64)
  [1] Element 1: 14 (u64)
  [2] Element 2: 998 (u64)
  [3] Element 3: 1763070039361 (u64)
  [4] Element 4: 237600 (u64)
  [5] Element 5: 4 (u64)
  [6] Element 6: 0 (u64)
  [7] Element 7: 1763069203032 (u64)
  [8] Element 8: 1000 (u64)
  [9] Element 9: 500000000 (u64)
  [10] Element 10: 0 (u64)
  [11] Element 11: 1 (u64)
  [12] Element 12: 0 (u64)
  [13] Element 13: 0 (u64)
  [14] Element 14: 0 (u64)
  [15] Element 15: 0 (u64)
[DEBUG sign_transaction_internal] Computing Poseidon2 hash with 16 elements
[DEBUG sign_transaction_internal] Transaction hash (40 bytes): f6e7d99e75829e000f6e6006c0e34a9af19a36758d13a6eba2b6677e274cd89a69eaf70ac92778d2
[DEBUG sign_transaction_internal] Transaction hash (first 8 bytes as u64): 44616488008148982
[DEBUG sign_transaction_internal] Calling key_manager.sign() with hash: 
f6e7d99e75829e000f6e6006c0e34a9af19a36758d13a6eba2b6677e274cd89a69eaf70ac92778d2
[DEBUG signer::sign] Starting signature generation
[DEBUG signer::sign] Message hash: f6e7d99e75829e000f6e6006c0e34a9af19a36758d13a6eba2b6677e274cd89a69eaf70ac92778d2
[DEBUG signer::sign] Generated random nonce: 4874091b49c1edd700184e9ebf25993ffeab8273164217759e40b289c0d0793f57add395fa9ff072
[DEBUG signer::sign_with_fixed_nonce] Signing with fixed nonce
[DEBUG signer::sign_with_fixed_nonce] Private key (first 16 bytes): 79699d9819553fc6eee1b5e50af049d7...
[DEBUG signer::sign_with_fixed_nonce] Calling crypto::schnorr::sign_with_nonce
[DEBUG crypto::sign_with_nonce] ========================================
[DEBUG crypto::sign_with_nonce] Starting Schnorr signature
[DEBUG crypto::sign_with_nonce] Private key length: 40
[DEBUG crypto::sign_with_nonce] Message length: 40
[DEBUG crypto::sign_with_nonce] Nonce bytes length: 40
[DEBUG crypto::sign_with_nonce] Message hash: f6e7d99e75829e000f6e6006c0e34a9af19a36758d13a6eba2b6677e274cd89a69eaf70ac92778d2
[DEBUG crypto::sign_with_nonce] Nonce bytes: 4874091b49c1edd700184e9ebf25993ffeab8273164217759e40b289c0d0793f57add395fa9ff072
[DEBUG crypto::sign_with_nonce] Private key converted to scalar
[DEBUG crypto::sign_with_nonce] Nonce converted to scalar
[DEBUG crypto::sign_with_nonce] Message converted to Fp5Element
[DEBUG crypto::sign_with_nonce] Step 1: Computing R = nonce * G
[DEBUG crypto::sign_with_nonce] R encoded (full 40 bytes): 65bcff786cca5cf687e67b8fb85a9004abbf7b1f4ffbea99ba63910802206e7dbedab9e6e1c4bca5
[DEBUG crypto::sign_with_nonce] R Fp5 elements:
  R[0] = 17752286398422957157 (u64)
  R[1] = 328862521525790343 (u64)
  R[2] = 11090953349602459563 (u64)
  R[3] = 9038196695284933562 (u64)
  R[4] = 11942636786397338302 (u64)
[DEBUG crypto::sign_with_nonce] Step 2: Computing challenge e = H(R || message)
[DEBUG crypto::sign_with_nonce] Pre-image prepared (10 elements):
  PreImage[0] = 17752286398422957157 (u64)
  PreImage[1] = 328862521525790343 (u64)
  PreImage[2] = 11090953349602459563 (u64)
  PreImage[3] = 9038196695284933562 (u64)
  PreImage[4] = 11942636786397338302 (u64)
  PreImage[5] = 44616488008148982 (u64)
  PreImage[6] = 11117949043997699599 (u64)
  PreImage[7] = 16980280943324863217 (u64)
  PreImage[8] = 11157751809318565538 (u64)
  PreImage[9] = 15165915489596074601 (u64)
[DEBUG crypto::sign_with_nonce] Challenge e computed (40 bytes): 26b4f9746e0d114bc91111552c7dfde3bac0311f0b8d789575ff7bfa9c2e31ee31bf124ace4e4a4d
[DEBUG crypto::sign_with_nonce] Challenge e (first 8 bytes as u64): 5409119395508761638
[DEBUG crypto::sign_with_nonce] Step 3: Computing s = nonce - e * private_key
[DEBUG crypto::sign_with_nonce] Response s computed (40 bytes): 97f0cc31719bb44655ff7fa34fecab3debf601a4dac17b1318f5915fc09148f7c36c925796805760
[DEBUG crypto::sign_with_nonce] Response s (first 8 bytes as u64): 5094867988931997847
[DEBUG crypto::sign_with_nonce] Step 4: Assembling signature (s || e)
[DEBUG crypto::sign_with_nonce] Final signature: 97f0cc31719bb44655ff7fa34fecab3debf601a4dac17b1318f5915fc09148f7c36c92579680576026b4f9746e0d114bc91111
552c7dfde3bac0311f0b8d789575ff7bfa9c2e31ee31bf124ace4e4a4d
[DEBUG crypto::sign_with_nonce] ========================================
[DEBUG signer::sign_with_fixed_nonce] Signature from crypto: 97f0cc31719bb44655ff7fa34fecab3debf601a4dac17b1318f5915fc09148f7c36c92579680576026b4f9746e
0d114bc91111552c7dfde3bac0311f0b8d789575ff7bfa9c2e31ee31bf124ace4e4a4d (length: 80)
[DEBUG signer::sign_with_fixed_nonce] Final signature: 97f0cc31719bb44655ff7fa34fecab3debf601a4dac17b1318f5915fc09148f7c36c92579680576026b4f9746e0d114b
c91111552c7dfde3bac0311f0b8d789575ff7bfa9c2e31ee31bf124ace4e4a4d
[DEBUG sign_transaction_internal] Signature returned (80 bytes): 97f0cc31719bb44655ff7fa34fecab3debf601a4dac17b1318f5915fc09148f7c36c92579680576026b4f9
746e0d114bc91111552c7dfde3bac0311f0b8d789575ff7bfa9c2e31ee31bf124ace4e4a4d
[DEBUG sign_transaction_internal] Signature s (first 40 bytes): 97f0cc31719bb44655ff7fa34fecab3debf601a4dac17b1318f5915fc09148f7c36c925796805760
[DEBUG sign_transaction_internal] Signature e (last 40 bytes): 26b4f9746e0d114bc91111552c7dfde3bac0311f0b8d789575ff7bfa9c2e31ee31bf124ace4e4a4d
[DEBUG create_order] Signature generated: 97f0cc31719bb44655ff7fa34fecab3debf601a4dac17b1318f5915fc09148f7c36c92579680576026b4f9746e0d114bc91111552c7df
de3bac0311f0b8d789575ff7bfa9c2e31ee31bf124ace4e4a4d (length: 80)
[DEBUG create_order] Signature (base64): l/DMMXGbtEZV/3+jT+yrPev2AaTawXsTGPWRX8CRSPfDbJJXloBXYCa0+XRuDRFLyRERVSx9/eO6wDEfC414lXX/e/qcLjHuMb8SSs5OSk0=
[DEBUG create_order] Final transaction JSON: {"AccountIndex":237600,"ApiKeyIndex":4,"BaseAmount":1000,"ClientOrderIndex":1763069203032,"ExpiredAt":1763
070039361,"IsAsk":0,"MarketIndex":0,"Nonce":998,"OrderExpiry":0,"Price":500000000,"ReduceOnly":0,"Sig":"l/DMMXGbtEZV/3+jT+yrPev2AaTawXsTGPWRX8CRSPfDbJJ
XloBXYCa0+XRuDRFLyRERVSx9/eO6wDEfC414lXX/e/qcLjHuMb8SSs5OSk0=","TimeInForce":0,"TriggerPrice":0,"Type":1}
[DEBUG create_order] Sending to: https://mainnet.zklighter.elliot.ai/api/v1/sendTx
[DEBUG create_order] Response status: 200 OK, body: {"code":200,"message":"{\"ratelimit\": \"didn't use volume 
quota\"}","tx_hash":"f6e7d99e75829e000f6e6006c0e34a9af19a36758d13a6eba2b6677e274cd89a69eaf70ac92778d2","predicted_execution_time_ms":1763069439574}
[DEBUG create_order] ÔòÉÔòÉÔòÉÔòÉÔòÉÔòÉÔòÉÔòÉÔòÉÔòÉÔòÉÔòÉÔòÉÔòÉÔòÉÔòÉÔòÉÔòÉÔòÉÔòÉÔòÉÔòÉÔòÉÔòÉÔòÉÔòÉÔòÉÔòÉÔòÉÔòÉÔòÉÔòÉÔòÉÔòÉÔòÉÔòÉÔòÉÔòÉÔòÉÔòÉ
[DEBUG create_order] API RESPONSE RECEIVED
[DEBUG create_order] ÔòÉÔòÉÔòÉÔòÉÔòÉÔòÉÔòÉÔòÉÔòÉÔòÉÔòÉÔòÉÔòÉÔòÉÔòÉÔòÉÔòÉÔòÉÔòÉÔòÉÔòÉÔòÉÔòÉÔòÉÔòÉÔòÉÔòÉÔòÉÔòÉÔòÉÔòÉÔòÉÔòÉÔòÉÔòÉÔòÉÔòÉÔòÉÔòÉÔòÉ
[DEBUG create_order] Response code: 200
[DEBUG create_order] Response message: {"ratelimit": "didn't use volume quota"}
[DEBUG create_order] Nonce used: 998
[DEBUG create_order] Ô£àÔ£àÔ£à SUCCESS Ô£àÔ£àÔ£à - Transaction succeeded with nonce 998
[DEBUG create_order] ÔòÉÔòÉÔòÉÔòÉÔòÉÔòÉÔòÉÔòÉÔòÉÔòÉÔòÉÔòÉÔòÉÔòÉÔòÉÔòÉÔòÉÔòÉÔòÉÔòÉÔòÉÔòÉÔòÉÔòÉÔòÉÔòÉÔòÉÔòÉÔòÉÔòÉÔòÉÔòÉÔòÉÔòÉÔòÉÔòÉÔòÉÔòÉÔòÉÔòÉ
[DEBUG create_order] SUCCESSFUL SIGNATURE - SAVE THIS FOR COMPARISON
[DEBUG create_order] ÔòÉÔòÉÔòÉÔòÉÔòÉÔòÉÔòÉÔòÉÔòÉÔòÉÔòÉÔòÉÔòÉÔòÉÔòÉÔòÉÔòÉÔòÉÔòÉÔòÉÔòÉÔòÉÔòÉÔòÉÔòÉÔòÉÔòÉÔòÉÔòÉÔòÉÔòÉÔòÉÔòÉÔòÉÔòÉÔòÉÔòÉÔòÉÔòÉÔòÉ
[DEBUG create_order] ========================================

[DEBUG create_order] ========================================
[DEBUG create_order] Starting order creation for client_order_index: 1763069203033
[DEBUG get_next_nonce_from_cache] Fetching nonce from API
[DEBUG fetch_nonce_from_api] Requesting nonce from: https://mainnet.zklighter.elliot.ai/api/v1/nextNonce?account_index=237600&api_key_index=4
[DEBUG fetch_nonce_from_api] Received nonce: 999
[DEBUG get_next_nonce_from_cache] Fetched nonce from API: 999
[DEBUG create_order] ========================================
[DEBUG create_order] Order: client_order_index=1763069203033
[DEBUG create_order] Nonce obtained: 999
[DEBUG create_order] ÔòÉÔòÉÔòÉÔòÉÔòÉÔòÉÔòÉÔòÉÔòÉÔòÉÔòÉÔòÉÔòÉÔòÉÔòÉÔòÉÔòÉÔòÉÔòÉÔòÉÔòÉÔòÉÔòÉÔòÉÔòÉÔòÉÔòÉÔòÉÔòÉÔòÉÔòÉÔòÉÔòÉÔòÉÔòÉÔòÉÔòÉÔòÉÔòÉÔòÉ
[DEBUG create_order] STARTING SIGNATURE COMPUTATION
[DEBUG create_order] ÔòÉÔòÉÔòÉÔòÉÔòÉÔòÉÔòÉÔòÉÔòÉÔòÉÔòÉÔòÉÔòÉÔòÉÔòÉÔòÉÔòÉÔòÉÔòÉÔòÉÔòÉÔòÉÔòÉÔòÉÔòÉÔòÉÔòÉÔòÉÔòÉÔòÉÔòÉÔòÉÔòÉÔòÉÔòÉÔòÉÔòÉÔòÉÔòÉÔòÉ
[DEBUG create_order] Timestamp: now=1763069443639, expired_at=1763070042639
[DEBUG create_order] Transaction JSON (before signing): {"AccountIndex":237600,"ApiKeyIndex":4,"BaseAmount":1000,"ClientOrderIndex":1763069203033,"Expi
redAt":1763070042639,"IsAsk":0,"MarketIndex":0,"Nonce":999,"OrderExpiry":0,"Price":500000000,"ReduceOnly":0,"Sig":"","TimeInForce":0,"TriggerPrice":0,"
Type":1}
[DEBUG sign_transaction_internal] Starting signature computation
[DEBUG sign_transaction_internal] tx_type: 14
[DEBUG sign_transaction_internal] Extracted fields:
  chain_id: 304
  nonce: 999
  expired_at: 1763070042639
  account_index: 237600
  api_key_index: 4
[DEBUG sign_transaction_internal] CREATE_ORDER fields:
  market_index: 0
  client_order_index: 1763069203033
  base_amount: 1000
  price: 500000000
  is_ask: 0
  order_type: 1
  time_in_force: 0
  reduce_only: 0
  trigger_price: 0
  order_expiry: 0
[DEBUG sign_transaction_internal] Hash input elements count: 16
[DEBUG sign_transaction_internal] Hash input elements:
  [0] Element 0: 304 (u64)
  [1] Element 1: 14 (u64)
  [2] Element 2: 999 (u64)
  [3] Element 3: 1763070042639 (u64)
  [4] Element 4: 237600 (u64)
  [5] Element 5: 4 (u64)
  [6] Element 6: 0 (u64)
  [7] Element 7: 1763069203033 (u64)
  [8] Element 8: 1000 (u64)
  [9] Element 9: 500000000 (u64)
  [10] Element 10: 0 (u64)
  [11] Element 11: 1 (u64)
  [12] Element 12: 0 (u64)
  [13] Element 13: 0 (u64)
  [14] Element 14: 0 (u64)
  [15] Element 15: 0 (u64)
[DEBUG sign_transaction_internal] Computing Poseidon2 hash with 16 elements
[DEBUG sign_transaction_internal] Transaction hash (40 bytes): c73bc74a0394fab303f90e9044aa5c5a3be959a3e28b6aa009d5976e1d58f4e00a225cfa7f1837c1
[DEBUG sign_transaction_internal] Transaction hash (first 8 bytes as u64): 12968840818827148231
[DEBUG sign_transaction_internal] Calling key_manager.sign() with hash: 
c73bc74a0394fab303f90e9044aa5c5a3be959a3e28b6aa009d5976e1d58f4e00a225cfa7f1837c1
[DEBUG signer::sign] Starting signature generation
[DEBUG signer::sign] Message hash: c73bc74a0394fab303f90e9044aa5c5a3be959a3e28b6aa009d5976e1d58f4e00a225cfa7f1837c1
[DEBUG signer::sign] Generated random nonce: 097676ee56b1d912bc28adf734e1dc11693183319094076c6d11f7b535d3ef0ea26f102602ffeb89
[DEBUG signer::sign_with_fixed_nonce] Signing with fixed nonce
[DEBUG signer::sign_with_fixed_nonce] Private key (first 16 bytes): 79699d9819553fc6eee1b5e50af049d7...
[DEBUG signer::sign_with_fixed_nonce] Calling crypto::schnorr::sign_with_nonce
[DEBUG crypto::sign_with_nonce] ========================================
[DEBUG crypto::sign_with_nonce] Starting Schnorr signature
[DEBUG crypto::sign_with_nonce] Private key length: 40
[DEBUG crypto::sign_with_nonce] Message length: 40
[DEBUG crypto::sign_with_nonce] Nonce bytes length: 40
[DEBUG crypto::sign_with_nonce] Message hash: c73bc74a0394fab303f90e9044aa5c5a3be959a3e28b6aa009d5976e1d58f4e00a225cfa7f1837c1
[DEBUG crypto::sign_with_nonce] Nonce bytes: 097676ee56b1d912bc28adf734e1dc11693183319094076c6d11f7b535d3ef0ea26f102602ffeb89
[DEBUG crypto::sign_with_nonce] Private key converted to scalar
[DEBUG crypto::sign_with_nonce] Nonce converted to scalar
[DEBUG crypto::sign_with_nonce] Message converted to Fp5Element
[DEBUG crypto::sign_with_nonce] Step 1: Computing R = nonce * G
[DEBUG crypto::sign_with_nonce] R encoded (full 40 bytes): d8e5ad7f3083dff7ff730e95cf1852a2cb10b51d63b584a61f3b35f4d043f2333f2df7281b3661aa
[DEBUG crypto::sign_with_nonce] R Fp5 elements:
  R[0] = 17861138891498448344 (u64)
  R[1] = 11696438462072648703 (u64)
  R[2] = 11998914744526639307 (u64)
  R[3] = 3743128805027691295 (u64)
  R[4] = 12277153549467987263 (u64)
[DEBUG crypto::sign_with_nonce] Step 2: Computing challenge e = H(R || message)
[DEBUG crypto::sign_with_nonce] Pre-image prepared (10 elements):
  PreImage[0] = 17861138891498448344 (u64)
  PreImage[1] = 11696438462072648703 (u64)
  PreImage[2] = 11998914744526639307 (u64)
  PreImage[3] = 3743128805027691295 (u64)
  PreImage[4] = 12277153549467987263 (u64)
  PreImage[5] = 12968840818827148231 (u64)
  PreImage[6] = 6511266372722292995 (u64)
  PreImage[7] = 11559205199119247675 (u64)
  PreImage[8] = 16209677842245997833 (u64)
  PreImage[9] = 13922623710979432970 (u64)
[DEBUG crypto::sign_with_nonce] Challenge e computed (40 bytes): 9855ac4d2945ddb062fdea38caf325184f1531684400e133906ac12b11291e95ac010afc247e254a
[DEBUG crypto::sign_with_nonce] Challenge e (first 8 bytes as u64): 12744418564227487128
[DEBUG crypto::sign_with_nonce] Step 3: Computing s = nonce - e * private_key
[DEBUG crypto::sign_with_nonce] Response s computed (40 bytes): 149881bb033e3bb1206931def99545f8cfc1fe37fb884d2dcc048565ac4b3e4a7dc21801af336413
[DEBUG crypto::sign_with_nonce] Response s (first 8 bytes as u64): 12770869354090829844
[DEBUG crypto::sign_with_nonce] Step 4: Assembling signature (s || e)
[DEBUG crypto::sign_with_nonce] Final signature: 149881bb033e3bb1206931def99545f8cfc1fe37fb884d2dcc048565ac4b3e4a7dc21801af3364139855ac4d2945ddb062fdea
38caf325184f1531684400e133906ac12b11291e95ac010afc247e254a
[DEBUG crypto::sign_with_nonce] ========================================
[DEBUG signer::sign_with_fixed_nonce] Signature from crypto: 149881bb033e3bb1206931def99545f8cfc1fe37fb884d2dcc048565ac4b3e4a7dc21801af3364139855ac4d29
45ddb062fdea38caf325184f1531684400e133906ac12b11291e95ac010afc247e254a (length: 80)
[DEBUG signer::sign_with_fixed_nonce] Final signature: 149881bb033e3bb1206931def99545f8cfc1fe37fb884d2dcc048565ac4b3e4a7dc21801af3364139855ac4d2945ddb0
62fdea38caf325184f1531684400e133906ac12b11291e95ac010afc247e254a
[DEBUG sign_transaction_internal] Signature returned (80 bytes): 149881bb033e3bb1206931def99545f8cfc1fe37fb884d2dcc048565ac4b3e4a7dc21801af3364139855ac
4d2945ddb062fdea38caf325184f1531684400e133906ac12b11291e95ac010afc247e254a
[DEBUG sign_transaction_internal] Signature s (first 40 bytes): 149881bb033e3bb1206931def99545f8cfc1fe37fb884d2dcc048565ac4b3e4a7dc21801af336413
[DEBUG sign_transaction_internal] Signature e (last 40 bytes): 9855ac4d2945ddb062fdea38caf325184f1531684400e133906ac12b11291e95ac010afc247e254a
[DEBUG create_order] Signature generated: 149881bb033e3bb1206931def99545f8cfc1fe37fb884d2dcc048565ac4b3e4a7dc21801af3364139855ac4d2945ddb062fdea38caf32
5184f1531684400e133906ac12b11291e95ac010afc247e254a (length: 80)
[DEBUG create_order] Signature (base64): FJiBuwM+O7EgaTHe+ZVF+M/B/jf7iE0tzASFZaxLPkp9whgBrzNkE5hVrE0pRd2wYv3qOMrzJRhPFTFoRADhM5BqwSsRKR6VrAEK/CR+JUo=
[DEBUG create_order] Final transaction JSON: {"AccountIndex":237600,"ApiKeyIndex":4,"BaseAmount":1000,"ClientOrderIndex":1763069203033,"ExpiredAt":1763
070042639,"IsAsk":0,"MarketIndex":0,"Nonce":999,"OrderExpiry":0,"Price":500000000,"ReduceOnly":0,"Sig":"FJiBuwM+O7EgaTHe+ZVF+M/B/jf7iE0tzASFZaxLPkp9whg
BrzNkE5hVrE0pRd2wYv3qOMrzJRhPFTFoRADhM5BqwSsRKR6VrAEK/CR+JUo=","TimeInForce":0,"TriggerPrice":0,"Type":1}
[DEBUG create_order] Sending to: https://mainnet.zklighter.elliot.ai/api/v1/sendTx
[DEBUG create_order] Response status: 400 Bad Request, body: {"code":21120,"message":"invalid signature"}
[DEBUG create_order] ÔòÉÔòÉÔòÉÔòÉÔòÉÔòÉÔòÉÔòÉÔòÉÔòÉÔòÉÔòÉÔòÉÔòÉÔòÉÔòÉÔòÉÔòÉÔòÉÔòÉÔòÉÔòÉÔòÉÔòÉÔòÉÔòÉÔòÉÔòÉÔòÉÔòÉÔòÉÔòÉÔòÉÔòÉÔòÉÔòÉÔòÉÔòÉÔòÉÔòÉ
[DEBUG create_order] API RESPONSE RECEIVED
[DEBUG create_order] ÔòÉÔòÉÔòÉÔòÉÔòÉÔòÉÔòÉÔòÉÔòÉÔòÉÔòÉÔòÉÔòÉÔòÉÔòÉÔòÉÔòÉÔòÉÔòÉÔòÉÔòÉÔòÉÔòÉÔòÉÔòÉÔòÉÔòÉÔòÉÔòÉÔòÉÔòÉÔòÉÔòÉÔòÉÔòÉÔòÉÔòÉÔòÉÔòÉÔòÉ
[DEBUG create_order] Response code: 21120
[DEBUG create_order] Response message: invalid signature
[DEBUG create_order] Nonce used: 999
[DEBUG create_order] ÔØîÔØîÔØî INVALID SIGNATURE ERROR ÔØîÔØîÔØî (code 21120) - Nonce used: 999
[DEBUG create_order] ÔòÉÔòÉÔòÉÔòÉÔòÉÔòÉÔòÉÔòÉÔòÉÔòÉÔòÉÔòÉÔòÉÔòÉÔòÉÔòÉÔòÉÔòÉÔòÉÔòÉÔòÉÔòÉÔòÉÔòÉÔòÉÔòÉÔòÉÔòÉÔòÉÔòÉÔòÉÔòÉÔòÉÔòÉÔòÉÔòÉÔòÉÔòÉÔòÉÔòÉ
[DEBUG create_order] FAILED SIGNATURE - COMPARE WITH SUCCESSFUL ONES
[DEBUG create_order] ÔòÉÔòÉÔòÉÔòÉÔòÉÔòÉÔòÉÔòÉÔòÉÔòÉÔòÉÔòÉÔòÉÔòÉÔòÉÔòÉÔòÉÔòÉÔòÉÔòÉÔòÉÔòÉÔòÉÔòÉÔòÉÔòÉÔòÉÔòÉÔòÉÔòÉÔòÉÔòÉÔòÉÔòÉÔòÉÔòÉÔòÉÔòÉÔòÉÔòÉ
[DEBUG create_order] This could be nonce sync issue or signature computation issue
[DEBUG fetch_nonce_from_api] Requesting nonce from: https://mainnet.zklighter.elliot.ai/api/v1/nextNonce?account_index=237600&api_key_index=4
[DEBUG fetch_nonce_from_api] Received nonce: 999
[DEBUG refresh_nonce_cache] Refreshed nonce: 999
[DEBUG create_order] ========================================
  ÔØî [73] INVALID SIGNATURE (Code: 21120) - Check debug logs for nonce

[DEBUG create_order] ========================================
[DEBUG create_order] Starting order creation for client_order_index: 1763069203034
[DEBUG get_next_nonce_from_cache] Fetching nonce from API
[DEBUG fetch_nonce_from_api] Requesting nonce from: https://mainnet.zklighter.elliot.ai/api/v1/nextNonce?account_index=237600&api_key_index=4
[DEBUG fetch_nonce_from_api] Received nonce: 999
[DEBUG get_next_nonce_from_cache] Fetched nonce from API: 999
[DEBUG create_order] ========================================
[DEBUG create_order] Order: client_order_index=1763069203034
[DEBUG create_order] Nonce obtained: 999
[DEBUG create_order] ÔòÉÔòÉÔòÉÔòÉÔòÉÔòÉÔòÉÔòÉÔòÉÔòÉÔòÉÔòÉÔòÉÔòÉÔòÉÔòÉÔòÉÔòÉÔòÉÔòÉÔòÉÔòÉÔòÉÔòÉÔòÉÔòÉÔòÉÔòÉÔòÉÔòÉÔòÉÔòÉÔòÉÔòÉÔòÉÔòÉÔòÉÔòÉÔòÉÔòÉ
[DEBUG create_order] STARTING SIGNATURE COMPUTATION
[DEBUG create_order] ÔòÉÔòÉÔòÉÔòÉÔòÉÔòÉÔòÉÔòÉÔòÉÔòÉÔòÉÔòÉÔòÉÔòÉÔòÉÔòÉÔòÉÔòÉÔòÉÔòÉÔòÉÔòÉÔòÉÔòÉÔòÉÔòÉÔòÉÔòÉÔòÉÔòÉÔòÉÔòÉÔòÉÔòÉÔòÉÔòÉÔòÉÔòÉÔòÉÔòÉ
[DEBUG create_order] Timestamp: now=1763069447025, expired_at=1763070046025
[DEBUG create_order] Transaction JSON (before signing): {"AccountIndex":237600,"ApiKeyIndex":4,"BaseAmount":1000,"ClientOrderIndex":1763069203034,"Expi
redAt":1763070046025,"IsAsk":0,"MarketIndex":0,"Nonce":999,"OrderExpiry":0,"Price":500000000,"ReduceOnly":0,"Sig":"","TimeInForce":0,"TriggerPrice":0,"
Type":1}
[DEBUG sign_transaction_internal] Starting signature computation
[DEBUG sign_transaction_internal] tx_type: 14
[DEBUG sign_transaction_internal] Extracted fields:
  chain_id: 304
  nonce: 999
  expired_at: 1763070046025
  account_index: 237600
  api_key_index: 4
[DEBUG sign_transaction_internal] CREATE_ORDER fields:
  market_index: 0
  client_order_index: 1763069203034
  base_amount: 1000
  price: 500000000
  is_ask: 0
  order_type: 1
  time_in_force: 0
  reduce_only: 0
  trigger_price: 0
  order_expiry: 0
[DEBUG sign_transaction_internal] Hash input elements count: 16
[DEBUG sign_transaction_internal] Hash input elements:
  [0] Element 0: 304 (u64)
  [1] Element 1: 14 (u64)
  [2] Element 2: 999 (u64)
  [3] Element 3: 1763070046025 (u64)
  [4] Element 4: 237600 (u64)
  [5] Element 5: 4 (u64)
  [6] Element 6: 0 (u64)
  [7] Element 7: 1763069203034 (u64)
  [8] Element 8: 1000 (u64)
  [9] Element 9: 500000000 (u64)
  [10] Element 10: 0 (u64)
  [11] Element 11: 1 (u64)
  [12] Element 12: 0 (u64)
  [13] Element 13: 0 (u64)
  [14] Element 14: 0 (u64)
  [15] Element 15: 0 (u64)
[DEBUG sign_transaction_internal] Computing Poseidon2 hash with 16 elements
[DEBUG sign_transaction_internal] Transaction hash (40 bytes): 5558053e706d5545d75b4e9dc3ad9daf563119c5c9b9648ac9b3e26e8a9afea54f2630f0c9201bfe
[DEBUG sign_transaction_internal] Transaction hash (first 8 bytes as u64): 4996019690481735765
[DEBUG sign_transaction_internal] Calling key_manager.sign() with hash: 
5558053e706d5545d75b4e9dc3ad9daf563119c5c9b9648ac9b3e26e8a9afea54f2630f0c9201bfe
[DEBUG signer::sign] Starting signature generation
[DEBUG signer::sign] Message hash: 5558053e706d5545d75b4e9dc3ad9daf563119c5c9b9648ac9b3e26e8a9afea54f2630f0c9201bfe
[DEBUG signer::sign] Generated random nonce: e2babed8a8f06afe6bbe5823dd2232309b4d31c0ac0bf0e696075af0b80b248c88d2dbe50d742d10
[DEBUG signer::sign_with_fixed_nonce] Signing with fixed nonce
[DEBUG signer::sign_with_fixed_nonce] Private key (first 16 bytes): 79699d9819553fc6eee1b5e50af049d7...
[DEBUG signer::sign_with_fixed_nonce] Calling crypto::schnorr::sign_with_nonce
[DEBUG crypto::sign_with_nonce] ========================================
[DEBUG crypto::sign_with_nonce] Starting Schnorr signature
[DEBUG crypto::sign_with_nonce] Private key length: 40
[DEBUG crypto::sign_with_nonce] Message length: 40
[DEBUG crypto::sign_with_nonce] Nonce bytes length: 40
[DEBUG crypto::sign_with_nonce] Message hash: 5558053e706d5545d75b4e9dc3ad9daf563119c5c9b9648ac9b3e26e8a9afea54f2630f0c9201bfe
[DEBUG crypto::sign_with_nonce] Nonce bytes: e2babed8a8f06afe6bbe5823dd2232309b4d31c0ac0bf0e696075af0b80b248c88d2dbe50d742d10
[DEBUG crypto::sign_with_nonce] Private key converted to scalar
[DEBUG crypto::sign_with_nonce] Nonce converted to scalar
[DEBUG crypto::sign_with_nonce] Message converted to Fp5Element
[DEBUG crypto::sign_with_nonce] Step 1: Computing R = nonce * G
[DEBUG crypto::sign_with_nonce] R encoded (full 40 bytes): 0ec3f3e502a5a9cb74f2d04c6c900dbb9a96e6d7730b86e368d8b3e18d453ebfcf3b6d95a6c867b6
[DEBUG crypto::sign_with_nonce] R Fp5 elements:
  R[0] = 14675442292629947150 (u64)
  R[1] = 13478588054609392244 (u64)
  R[2] = 16394804085660227226 (u64)
  R[3] = 13780528385479661672 (u64)
  R[4] = 13143694655301172175 (u64)
[DEBUG crypto::sign_with_nonce] Step 2: Computing challenge e = H(R || message)
[DEBUG crypto::sign_with_nonce] Pre-image prepared (10 elements):
  PreImage[0] = 14675442292629947150 (u64)
  PreImage[1] = 13478588054609392244 (u64)
  PreImage[2] = 16394804085660227226 (u64)
  PreImage[3] = 13780528385479661672 (u64)
  PreImage[4] = 13143694655301172175 (u64)
  PreImage[5] = 4996019690481735765 (u64)
  PreImage[6] = 12654461583650347991 (u64)
  PreImage[7] = 9972299751151448406 (u64)
  PreImage[8] = 11961167579699131337 (u64)
  PreImage[9] = 18310264761695086159 (u64)
[DEBUG crypto::sign_with_nonce] Challenge e computed (40 bytes): 0ac59be176473e613c2485ff2b7cdc3e3929807397988057d59660271d53c39b3219b7a541d5bf3d
[DEBUG crypto::sign_with_nonce] Challenge e (first 8 bytes as u64): 7007116646151865610
[DEBUG crypto::sign_with_nonce] Step 3: Computing s = nonce - e * private_key
[DEBUG crypto::sign_with_nonce] Response s computed (40 bytes): 597186c0bb236838e2b90e42f129bbdcb59377031d1153979f75a4a71f10e422dd608f60f75a385e
[DEBUG crypto::sign_with_nonce] Response s (first 8 bytes as u64): 4064537952997765465
[DEBUG crypto::sign_with_nonce] Step 4: Assembling signature (s || e)
[DEBUG crypto::sign_with_nonce] Final signature: 597186c0bb236838e2b90e42f129bbdcb59377031d1153979f75a4a71f10e422dd608f60f75a385e0ac59be176473e613c2485
ff2b7cdc3e3929807397988057d59660271d53c39b3219b7a541d5bf3d
[DEBUG crypto::sign_with_nonce] ========================================
[DEBUG signer::sign_with_fixed_nonce] Signature from crypto: 597186c0bb236838e2b90e42f129bbdcb59377031d1153979f75a4a71f10e422dd608f60f75a385e0ac59be176
473e613c2485ff2b7cdc3e3929807397988057d59660271d53c39b3219b7a541d5bf3d (length: 80)
[DEBUG signer::sign_with_fixed_nonce] Final signature: 597186c0bb236838e2b90e42f129bbdcb59377031d1153979f75a4a71f10e422dd608f60f75a385e0ac59be176473e61
3c2485ff2b7cdc3e3929807397988057d59660271d53c39b3219b7a541d5bf3d
[DEBUG sign_transaction_internal] Signature returned (80 bytes): 597186c0bb236838e2b90e42f129bbdcb59377031d1153979f75a4a71f10e422dd608f60f75a385e0ac59b
e176473e613c2485ff2b7cdc3e3929807397988057d59660271d53c39b3219b7a541d5bf3d
[DEBUG sign_transaction_internal] Signature s (first 40 bytes): 597186c0bb236838e2b90e42f129bbdcb59377031d1153979f75a4a71f10e422dd608f60f75a385e
[DEBUG sign_transaction_internal] Signature e (last 40 bytes): 0ac59be176473e613c2485ff2b7cdc3e3929807397988057d59660271d53c39b3219b7a541d5bf3d
[DEBUG create_order] Signature generated: 597186c0bb236838e2b90e42f129bbdcb59377031d1153979f75a4a71f10e422dd608f60f75a385e0ac59be176473e613c2485ff2b7cd
c3e3929807397988057d59660271d53c39b3219b7a541d5bf3d (length: 80)
[DEBUG create_order] Signature (base64): WXGGwLsjaDjiuQ5C8Sm73LWTdwMdEVOXn3Wkpx8Q5CLdYI9g91o4XgrFm+F2Rz5hPCSF/yt83D45KYBzl5iAV9WWYCcdU8ObMhm3pUHVvz0=
[DEBUG create_order] Final transaction JSON: {"AccountIndex":237600,"ApiKeyIndex":4,"BaseAmount":1000,"ClientOrderIndex":1763069203034,"ExpiredAt":1763
070046025,"IsAsk":0,"MarketIndex":0,"Nonce":999,"OrderExpiry":0,"Price":500000000,"ReduceOnly":0,"Sig":"WXGGwLsjaDjiuQ5C8Sm73LWTdwMdEVOXn3Wkpx8Q5CLdYI9
g91o4XgrFm+F2Rz5hPCSF/yt83D45KYBzl5iAV9WWYCcdU8ObMhm3pUHVvz0=","TimeInForce":0,"TriggerPrice":0,"Type":1}
[DEBUG create_order] Sending to: https://mainnet.zklighter.elliot.ai/api/v1/sendTx
[DEBUG create_order] Response status: 200 OK, body: {"code":200,"message":"{\"ratelimit\": \"694 volume quota remained\"}","tx_hash":"5558053e706d5545d
75b4e9dc3ad9daf563119c5c9b9648ac9b3e26e8a9afea54f2630f0c9201bfe","predicted_execution_time_ms":1763069446241,"volume_quota_remaining":694}
[DEBUG create_order] ÔòÉÔòÉÔòÉÔòÉÔòÉÔòÉÔòÉÔòÉÔòÉÔòÉÔòÉÔòÉÔòÉÔòÉÔòÉÔòÉÔòÉÔòÉÔòÉÔòÉÔòÉÔòÉÔòÉÔòÉÔòÉÔòÉÔòÉÔòÉÔòÉÔòÉÔòÉÔòÉÔòÉÔòÉÔòÉÔòÉÔòÉÔòÉÔòÉÔòÉ
[DEBUG create_order] API RESPONSE RECEIVED
[DEBUG create_order] ÔòÉÔòÉÔòÉÔòÉÔòÉÔòÉÔòÉÔòÉÔòÉÔòÉÔòÉÔòÉÔòÉÔòÉÔòÉÔòÉÔòÉÔòÉÔòÉÔòÉÔòÉÔòÉÔòÉÔòÉÔòÉÔòÉÔòÉÔòÉÔòÉÔòÉÔòÉÔòÉÔòÉÔòÉÔòÉÔòÉÔòÉÔòÉÔòÉÔòÉ
[DEBUG create_order] Response code: 200
[DEBUG create_order] Response message: {"ratelimit": "694 volume quota remained"}
[DEBUG create_order] Nonce used: 999
[DEBUG create_order] Ô£àÔ£àÔ£à SUCCESS Ô£àÔ£àÔ£à - Transaction succeeded with nonce 999
[DEBUG create_order] ÔòÉÔòÉÔòÉÔòÉÔòÉÔòÉÔòÉÔòÉÔòÉÔòÉÔòÉÔòÉÔòÉÔòÉÔòÉÔòÉÔòÉÔòÉÔòÉÔòÉÔòÉÔòÉÔòÉÔòÉÔòÉÔòÉÔòÉÔòÉÔòÉÔòÉÔòÉÔòÉÔòÉÔòÉÔòÉÔòÉÔòÉÔòÉÔòÉÔòÉ
[DEBUG create_order] SUCCESSFUL SIGNATURE - SAVE THIS FOR COMPARISON
[DEBUG create_order] ÔòÉÔòÉÔòÉÔòÉÔòÉÔòÉÔòÉÔòÉÔòÉÔòÉÔòÉÔòÉÔòÉÔòÉÔòÉÔòÉÔòÉÔòÉÔòÉÔòÉÔòÉÔòÉÔòÉÔòÉÔòÉÔòÉÔòÉÔòÉÔòÉÔòÉÔòÉÔòÉÔòÉÔòÉÔòÉÔòÉÔòÉÔòÉÔòÉÔòÉ
[DEBUG create_order] ========================================

[DEBUG create_order] ========================================
[DEBUG create_order] Starting order creation for client_order_index: 1763069203035
[DEBUG get_next_nonce_from_cache] Fetching nonce from API
[DEBUG fetch_nonce_from_api] Requesting nonce from: https://mainnet.zklighter.elliot.ai/api/v1/nextNonce?account_index=237600&api_key_index=4

[DEBUG create_order] ========================================
[DEBUG create_order] Starting order creation for client_order_index: 1763069203036
[DEBUG get_next_nonce_from_cache] Fetching nonce from API
[DEBUG fetch_nonce_from_api] Requesting nonce from: https://mainnet.zklighter.elliot.ai/api/v1/nextNonce?account_index=237600&api_key_index=4

[DEBUG create_order] ========================================
[DEBUG create_order] Starting order creation for client_order_index: 1763069203037
[DEBUG get_next_nonce_from_cache] Fetching nonce from API
[DEBUG fetch_nonce_from_api] Requesting nonce from: https://mainnet.zklighter.elliot.ai/api/v1/nextNonce?account_index=237600&api_key_index=4

[DEBUG create_order] ========================================
[DEBUG create_order] Starting order creation for client_order_index: 1763069203038
[DEBUG get_next_nonce_from_cache] Fetching nonce from API
[DEBUG fetch_nonce_from_api] Requesting nonce from: https://mainnet.zklighter.elliot.ai/api/v1/nextNonce?account_index=237600&api_key_index=4

[DEBUG create_order] ========================================
[DEBUG create_order] Starting order creation for client_order_index: 1763069203039
[DEBUG get_next_nonce_from_cache] Fetching nonce from API
[DEBUG fetch_nonce_from_api] Requesting nonce from: https://mainnet.zklighter.elliot.ai/api/v1/nextNonce?account_index=237600&api_key_index=4

[80/100] Sending order (nonce managed internally)
[DEBUG create_order] ========================================
[DEBUG create_order] Starting order creation for client_order_index: 1763069203040
[DEBUG get_next_nonce_from_cache] Fetching nonce from API
[DEBUG fetch_nonce_from_api] Requesting nonce from: https://mainnet.zklighter.elliot.ai/api/v1/nextNonce?account_index=237600&api_key_index=4
  ÔØî [80] ERROR: JSON error: expected value at line 1 column 1

[DEBUG create_order] ========================================
[DEBUG create_order] Starting order creation for client_order_index: 1763069203041
[DEBUG get_next_nonce_from_cache] Fetching nonce from API
[DEBUG fetch_nonce_from_api] Requesting nonce from: https://mainnet.zklighter.elliot.ai/api/v1/nextNonce?account_index=237600&api_key_index=4

[DEBUG create_order] ========================================
[DEBUG create_order] Starting order creation for client_order_index: 1763069203042
[DEBUG get_next_nonce_from_cache] Fetching nonce from API
[DEBUG fetch_nonce_from_api] Requesting nonce from: https://mainnet.zklighter.elliot.ai/api/v1/nextNonce?account_index=237600&api_key_index=4

[DEBUG create_order] ========================================
[DEBUG create_order] Starting order creation for client_order_index: 1763069203043
[DEBUG get_next_nonce_from_cache] Fetching nonce from API
[DEBUG fetch_nonce_from_api] Requesting nonce from: https://mainnet.zklighter.elliot.ai/api/v1/nextNonce?account_index=237600&api_key_index=4

[DEBUG create_order] ========================================
[DEBUG create_order] Starting order creation for client_order_index: 1763069203044
[DEBUG get_next_nonce_from_cache] Fetching nonce from API
[DEBUG fetch_nonce_from_api] Requesting nonce from: https://mainnet.zklighter.elliot.ai/api/v1/nextNonce?account_index=237600&api_key_index=4

[DEBUG create_order] ========================================
[DEBUG create_order] Starting order creation for client_order_index: 1763069203045
[DEBUG get_next_nonce_from_cache] Fetching nonce from API
[DEBUG fetch_nonce_from_api] Requesting nonce from: https://mainnet.zklighter.elliot.ai/api/v1/nextNonce?account_index=237600&api_key_index=4

[DEBUG create_order] ========================================
[DEBUG create_order] Starting order creation for client_order_index: 1763069203046
[DEBUG get_next_nonce_from_cache] Fetching nonce from API
[DEBUG fetch_nonce_from_api] Requesting nonce from: https://mainnet.zklighter.elliot.ai/api/v1/nextNonce?account_index=237600&api_key_index=4

[DEBUG create_order] ========================================
[DEBUG create_order] Starting order creation for client_order_index: 1763069203047
[DEBUG get_next_nonce_from_cache] Fetching nonce from API
[DEBUG fetch_nonce_from_api] Requesting nonce from: https://mainnet.zklighter.elliot.ai/api/v1/nextNonce?account_index=237600&api_key_index=4

[DEBUG create_order] ========================================
[DEBUG create_order] Starting order creation for client_order_index: 1763069203048
[DEBUG get_next_nonce_from_cache] Fetching nonce from API
[DEBUG fetch_nonce_from_api] Requesting nonce from: https://mainnet.zklighter.elliot.ai/api/v1/nextNonce?account_index=237600&api_key_index=4

[DEBUG create_order] ========================================
[DEBUG create_order] Starting order creation for client_order_index: 1763069203049
[DEBUG get_next_nonce_from_cache] Fetching nonce from API
[DEBUG fetch_nonce_from_api] Requesting nonce from: https://mainnet.zklighter.elliot.ai/api/v1/nextNonce?account_index=237600&api_key_index=4

[90/100] Sending order (nonce managed internally)
[DEBUG create_order] ========================================
[DEBUG create_order] Starting order creation for client_order_index: 1763069203050
[DEBUG get_next_nonce_from_cache] Fetching nonce from API
[DEBUG fetch_nonce_from_api] Requesting nonce from: https://mainnet.zklighter.elliot.ai/api/v1/nextNonce?account_index=237600&api_key_index=4
  ÔØî [90] ERROR: JSON error: expected value at line 1 column 1

[DEBUG create_order] ========================================
[DEBUG create_order] Starting order creation for client_order_index: 1763069203051
[DEBUG get_next_nonce_from_cache] Fetching nonce from API
[DEBUG fetch_nonce_from_api] Requesting nonce from: https://mainnet.zklighter.elliot.ai/api/v1/nextNonce?account_index=237600&api_key_index=4

[DEBUG create_order] ========================================
[DEBUG create_order] Starting order creation for client_order_index: 1763069203052
[DEBUG get_next_nonce_from_cache] Fetching nonce from API
[DEBUG fetch_nonce_from_api] Requesting nonce from: https://mainnet.zklighter.elliot.ai/api/v1/nextNonce?account_index=237600&api_key_index=4

[DEBUG create_order] ========================================
[DEBUG create_order] Starting order creation for client_order_index: 1763069203053
[DEBUG get_next_nonce_from_cache] Fetching nonce from API
[DEBUG fetch_nonce_from_api] Requesting nonce from: https://mainnet.zklighter.elliot.ai/api/v1/nextNonce?account_index=237600&api_key_index=4

[DEBUG create_order] ========================================
[DEBUG create_order] Starting order creation for client_order_index: 1763069203054
[DEBUG get_next_nonce_from_cache] Fetching nonce from API
[DEBUG fetch_nonce_from_api] Requesting nonce from: https://mainnet.zklighter.elliot.ai/api/v1/nextNonce?account_index=237600&api_key_index=4

[DEBUG create_order] ========================================
[DEBUG create_order] Starting order creation for client_order_index: 1763069203055
[DEBUG get_next_nonce_from_cache] Fetching nonce from API
[DEBUG fetch_nonce_from_api] Requesting nonce from: https://mainnet.zklighter.elliot.ai/api/v1/nextNonce?account_index=237600&api_key_index=4

[DEBUG create_order] ========================================
[DEBUG create_order] Starting order creation for client_order_index: 1763069203056
[DEBUG get_next_nonce_from_cache] Fetching nonce from API
[DEBUG fetch_nonce_from_api] Requesting nonce from: https://mainnet.zklighter.elliot.ai/api/v1/nextNonce?account_index=237600&api_key_index=4

[DEBUG create_order] ========================================
[DEBUG create_order] Starting order creation for client_order_index: 1763069203057
[DEBUG get_next_nonce_from_cache] Fetching nonce from API
[DEBUG fetch_nonce_from_api] Requesting nonce from: https://mainnet.zklighter.elliot.ai/api/v1/nextNonce?account_index=237600&api_key_index=4

[DEBUG create_order] ========================================
[DEBUG create_order] Starting order creation for client_order_index: 1763069203058
[DEBUG get_next_nonce_from_cache] Fetching nonce from API
[DEBUG fetch_nonce_from_api] Requesting nonce from: https://mainnet.zklighter.elliot.ai/api/v1/nextNonce?account_index=237600&api_key_index=4

[DEBUG create_order] ========================================
[DEBUG create_order] Starting order creation for client_order_index: 1763069203059
[DEBUG get_next_nonce_from_cache] Fetching nonce from API
[DEBUG fetch_nonce_from_api] Requesting nonce from: https://mainnet.zklighter.elliot.ai/api/v1/nextNonce?account_index=237600&api_key_index=4

[100/100] Sending order (nonce managed internally)
[DEBUG create_order] ========================================
[DEBUG create_order] Starting order creation for client_order_index: 1763069203060
[DEBUG get_next_nonce_from_cache] Fetching nonce from API
[DEBUG fetch_nonce_from_api] Requesting nonce from: https://mainnet.zklighter.elliot.ai/api/v1/nextNonce?account_index=237600&api_key_index=4
  ÔØî [100] ERROR: JSON error: expected value at line 1 column 1

ÔòÉÔòÉÔòÉÔòÉÔòÉÔòÉÔòÉÔòÉÔòÉÔòÉÔòÉÔòÉÔòÉÔòÉÔòÉÔòÉÔòÉÔòÉÔòÉÔòÉÔòÉÔòÉÔòÉÔòÉÔòÉÔòÉÔòÉÔòÉÔòÉÔòÉÔòÉÔòÉÔòÉÔòÉÔòÉÔòÉÔòÉÔòÉÔòÉÔòÉÔòÉÔòÉÔòÉÔòÉÔòÉÔòÉÔòÉÔòÉÔòÉÔòÉÔòÉÔòÉÔòÉÔòÉÔòÉÔòÉÔòÉÔòÉÔòÉÔòÉÔòÉÔòÉÔòÉÔòÉÔòÉÔòÉÔòÉÔòÉÔòÉÔòÉÔòÉÔòÉÔòÉÔòÉÔòÉÔòÉÔòÉÔòÉÔòÉÔòÉ
­ƒôè RESULTS - 100 ORDERS WITH INTERNAL NONCE MANAGEMENT
ÔòÉÔòÉÔòÉÔòÉÔòÉÔòÉÔòÉÔòÉÔòÉÔòÉÔòÉÔòÉÔòÉÔòÉÔòÉÔòÉÔòÉÔòÉÔòÉÔòÉÔòÉÔòÉÔòÉÔòÉÔòÉÔòÉÔòÉÔòÉÔòÉÔòÉÔòÉÔòÉÔòÉÔòÉÔòÉÔòÉÔòÉÔòÉÔòÉÔòÉÔòÉÔòÉÔòÉÔòÉÔòÉÔòÉÔòÉÔòÉÔòÉÔòÉÔòÉÔòÉÔòÉÔòÉÔòÉÔòÉÔòÉÔòÉÔòÉÔòÉÔòÉÔòÉÔòÉÔòÉÔòÉÔòÉÔòÉÔòÉÔòÉÔòÉÔòÉÔòÉÔòÉÔòÉÔòÉÔòÉÔòÉÔòÉÔòÉÔòÉ
Ô£à Successful: 41/100
ÔØî Failed: 59/100

­ƒöì ERROR BREAKDOWN:
  Invalid Signature Errors (21120): 33
  Other Errors: 26

­ƒôê Success Rate: 41.00%

ÔÜá´©Å  Found 33 invalid signature errors. Nonce management may need adjustment.

Error: "33 invalid signature errors detected"
error: process didn't exit successfully: `target\debug\examples\test_100_orders_internal_nonce.exe` (exit code: 1)
